Archive member included to satisfy reference by file (symbol)

.\ARM_GCC_541\Debug\Mepsan.a(PWM_1.o)
                              .\ARM_GCC_541\Debug\main.o (PWM_1_Start)
.\ARM_GCC_541\Debug\Mepsan.a(CyLib.o)
                              .\ARM_GCC_541\Debug\Cm3Start.o (CyResetStatus)
.\ARM_GCC_541\Debug\Mepsan.a(cyPm.o)
                              .\ARM_GCC_541\Debug\Mepsan.a(CyLib.o) (CyPmReadStatus)
.\ARM_GCC_541\Debug\Mepsan.a(EnablePin.o)
                              .\ARM_GCC_541\Debug\PumpCom.o (EnablePin_Write)
.\ARM_GCC_541\Debug\Mepsan.a(screen.o)
                              .\ARM_GCC_541\Debug\main.o (screen_Start)
.\ARM_GCC_541\Debug\Mepsan.a(screen_INT.o)
                              .\ARM_GCC_541\Debug\Mepsan.a(screen.o) (screen_RXISR)
.\ARM_GCC_541\Debug\Mepsan.a(screen_IntClock.o)
                              .\ARM_GCC_541\Debug\Mepsan.a(screen.o) (screen_IntClock_Start)
.\ARM_GCC_541\Debug\Mepsan.a(EEPROM_1.o)
                              .\ARM_GCC_541\Debug\main.o (EEPROM_1_Start)
.\ARM_GCC_541\Debug\Mepsan.a(PRINTER_A.o)
                              .\ARM_GCC_541\Debug\main.o (PRINTER_A_Start)
.\ARM_GCC_541\Debug\Mepsan.a(PRINTER_A_INT.o)
                              .\ARM_GCC_541\Debug\Mepsan.a(PRINTER_A.o) (PRINTER_A_TXISR)
.\ARM_GCC_541\Debug\Mepsan.a(PRINTER_A_IntClock.o)
                              .\ARM_GCC_541\Debug\Mepsan.a(PRINTER_A.o) (PRINTER_A_IntClock_Start)
.\ARM_GCC_541\Debug\Mepsan.a(MEPSAN.o)
                              .\ARM_GCC_541\Debug\main.o (MEPSAN_Start)
.\ARM_GCC_541\Debug\Mepsan.a(MEPSAN_INT.o)
                              .\ARM_GCC_541\Debug\Mepsan.a(MEPSAN.o) (MEPSAN_RXISR)
.\ARM_GCC_541\Debug\Mepsan.a(GBCL.o)
                              .\ARM_GCC_541\Debug\main.o (GBCL_Start)
.\ARM_GCC_541\Debug\Mepsan.a(GBCL_INT.o)
                              .\ARM_GCC_541\Debug\Mepsan.a(GBCL.o) (GBCL_RXISR)
.\ARM_GCC_541\Debug\Mepsan.a(MEPSAN_IntClock.o)
                              .\ARM_GCC_541\Debug\Mepsan.a(MEPSAN.o) (MEPSAN_IntClock_Start)
.\ARM_GCC_541\Debug\Mepsan.a(CyBootAsmGnu.o)
                              .\ARM_GCC_541\Debug\cyfitter_cfg.o (CyDelayCycles)
.\ARM_GCC_541\Debug\Mepsan.a(CyFlash.o)
                              .\ARM_GCC_541\Debug\Mepsan.a(EEPROM_1.o) (dieTemperature)
.\ARM_GCC_541\Debug\Mepsan.a(CySpc.o)
                              .\ARM_GCC_541\Debug\Mepsan.a(EEPROM_1.o) (CySpcStart)
c:/program files (x86)/cypress/psoc creator/4.2/psoc creator/import/gnu/arm/5.4.1/bin/../lib/gcc/arm-none-eabi/5.4.1/../../../../arm-none-eabi/lib/armv7-m\libg_nano.a(lib_a-errno.o)
                              .\ARM_GCC_541\Debug\Cm3Start.o (__errno)
c:/program files (x86)/cypress/psoc creator/4.2/psoc creator/import/gnu/arm/5.4.1/bin/../lib/gcc/arm-none-eabi/5.4.1/../../../../arm-none-eabi/lib/armv7-m\libg_nano.a(lib_a-exit.o)
                              c:/program files (x86)/cypress/psoc creator/4.2/psoc creator/import/gnu/arm/5.4.1/bin/../lib/gcc/arm-none-eabi/5.4.1/../../../../arm-none-eabi/lib/armv7-m/crt0.o (exit)
c:/program files (x86)/cypress/psoc creator/4.2/psoc creator/import/gnu/arm/5.4.1/bin/../lib/gcc/arm-none-eabi/5.4.1/../../../../arm-none-eabi/lib/armv7-m\libg_nano.a(lib_a-impure.o)
                              c:/program files (x86)/cypress/psoc creator/4.2/psoc creator/import/gnu/arm/5.4.1/bin/../lib/gcc/arm-none-eabi/5.4.1/../../../../arm-none-eabi/lib/armv7-m\libg_nano.a(lib_a-exit.o) (_global_impure_ptr)
c:/program files (x86)/cypress/psoc creator/4.2/psoc creator/import/gnu/arm/5.4.1/bin/../lib/gcc/arm-none-eabi/5.4.1/../../../../arm-none-eabi/lib/armv7-m\libg_nano.a(lib_a-init.o)
                              c:/program files (x86)/cypress/psoc creator/4.2/psoc creator/import/gnu/arm/5.4.1/bin/../lib/gcc/arm-none-eabi/5.4.1/../../../../arm-none-eabi/lib/armv7-m/crt0.o (__libc_init_array)
c:/program files (x86)/cypress/psoc creator/4.2/psoc creator/import/gnu/arm/5.4.1/bin/../lib/gcc/arm-none-eabi/5.4.1/../../../../arm-none-eabi/lib/armv7-m\libg_nano.a(lib_a-memcpy-stub.o)
                              .\ARM_GCC_541\Debug\cyfitter_cfg.o (memcpy)
c:/program files (x86)/cypress/psoc creator/4.2/psoc creator/import/gnu/arm/5.4.1/bin/../lib/gcc/arm-none-eabi/5.4.1/../../../../arm-none-eabi/lib/armv7-m\libg_nano.a(lib_a-memset.o)
                              c:/program files (x86)/cypress/psoc creator/4.2/psoc creator/import/gnu/arm/5.4.1/bin/../lib/gcc/arm-none-eabi/5.4.1/../../../../arm-none-eabi/lib/armv7-m/crt0.o (memset)
c:/program files (x86)/cypress/psoc creator/4.2/psoc creator/import/gnu/arm/5.4.1/bin/../lib/gcc/arm-none-eabi/5.4.1/../../../../arm-none-eabi/lib/armv7-m\libg_nano.a(lib_a-sprintf.o)
                              .\ARM_GCC_541\Debug\printer.o (sprintf)
c:/program files (x86)/cypress/psoc creator/4.2/psoc creator/import/gnu/arm/5.4.1/bin/../lib/gcc/arm-none-eabi/5.4.1/../../../../arm-none-eabi/lib/armv7-m\libg_nano.a(lib_a-sscanf.o)
[...]
Memory Configuration

Name             Origin             Length             Attributes
rom              0x00000000         0x00040000         xr
ram              0x1fff8000         0x00010000         xrw
*default*        0x00000000         0xffffffff

Linker script and memory map

LOAD c:/program files (x86)/cypress/psoc creator/4.2/psoc creator/import/gnu/arm/5.4.1/bin/../lib/gcc/arm-none-eabi/5.4.1/armv7-m/crti.o
LOAD c:/program files (x86)/cypress/psoc creator/4.2/psoc creator/import/gnu/arm/5.4.1/bin/../lib/gcc/arm-none-eabi/5.4.1/armv7-m/crtbegin.o
LOAD c:/program files (x86)/cypress/psoc creator/4.2/psoc creator/import/gnu/arm/5.4.1/bin/../lib/gcc/arm-none-eabi/5.4.1/../../../../arm-none-eabi/lib/armv7-m/crt0.o
START GROUP
LOAD .\ARM_GCC_541\Debug\main.o
LOAD .\ARM_GCC_541\Debug\PumpCom.o
LOAD .\ARM_GCC_541\Debug\Gbr.o
LOAD .\ARM_GCC_541\Debug\printer.o
LOAD .\ARM_GCC_541\Debug\cyfitter_cfg.o
LOAD .\ARM_GCC_541\Debug\cymetadata.o
LOAD .\ARM_GCC_541\Debug\Cm3Start.o
LOAD .\ARM_GCC_541\Debug\Mepsan.a
LOAD C:\Program Files (x86)\Cypress\PSoC Creator\4.2\PSoC Creator\psoc\content\cycomponentlibrary\CyComponentLibrary.cylib\CortexM3\ARM_GCC_541\Debug\CyComponentLibrary.a
END GROUP
START GROUP
LOAD c:/program files (x86)/cypress/psoc creator/4.2/psoc creator/import/gnu/arm/5.4.1/bin/../lib/gcc/arm-none-eabi/5.4.1/armv7-m\libgcc.a
LOAD c:/program files (x86)/cypress/psoc creator/4.2/psoc creator/import/gnu/arm/5.4.1/bin/../lib/gcc/arm-none-eabi/5.4.1/../../../../arm-none-eabi/lib/armv7-m\libg_nano.a
LOAD c:/program files (x86)/cypress/psoc creator/4.2/psoc creator/import/gnu/arm/5.4.1/bin/../lib/gcc/arm-none-eabi/5.4.1/../../../../arm-none-eabi/lib/armv7-m\libc_nano.a
END GROUP
START GROUP
LOAD c:/program files (x86)/cypress/psoc creator/4.2/psoc creator/import/gnu/arm/5.4.1/bin/../lib/gcc/arm-none-eabi/5.4.1/armv7-m\libgcc.a
LOAD c:/program files (x86)/cypress/psoc creator/4.2/psoc creator/import/gnu/arm/5.4.1/bin/../lib/gcc/arm-none-eabi/5.4.1/../../../../arm-none-eabi/lib/armv7-m\libc_nano.a
END GROUP
LOAD c:/program files (x86)/cypress/psoc creator/4.2/psoc creator/import/gnu/arm/5.4.1/bin/../lib/gcc/arm-none-eabi/5.4.1/armv7-m/crtend.o
LOAD c:/program files (x86)/cypress/psoc creator/4.2/psoc creator/import/gnu/arm/5.4.1/bin/../lib/gcc/arm-none-eabi/5.4.1/armv7-m/crtn.o
START GROUP
LOAD c:/program files (x86)/cypress/psoc creator/4.2/psoc creator/import/gnu/arm/5.4.1/bin/../lib/gcc/arm-none-eabi/5.4.1/armv7-m\libgcc.a
LOAD c:/program files (x86)/cypress/psoc creator/4.2/psoc creator/import/gnu/arm/5.4.1/bin/../lib/gcc/arm-none-eabi/5.4.1/../../../../arm-none-eabi/lib/armv7-m\libc.a
LOAD c:/program files (x86)/cypress/psoc creator/4.2/psoc creator/import/gnu/arm/5.4.1/bin/../lib/gcc/arm-none-eabi/5.4.1/../../../../arm-none-eabi/lib/armv7-m\libnosys.a
END GROUP
                0x00000000                CY_APPL_ORIGIN = 0x0
                0x00000100                CY_FLASH_ROW_SIZE = 0x100
                0x00000020                CY_ECC_ROW_SIZE = 0x20
                0x00000000                CY_EE_IN_BTLDR = 0x0
                0x00000000                CY_APPL_LOADABLE = 0x0
                0x00000800                CY_EE_SIZE = 0x800
                0x00000001                CY_APPL_NUM = 0x1
                0x00000001                CY_APPL_MAX = 0x1
                0x00000040                CY_METADATA_SIZE = 0x40
                0x00000000                CY_APPL_LOADABLE = 0x0
                0x00000000                CY_CHECKSUM_EXCLUDE_SIZE = ALIGN (0x0, CY_FLASH_ROW_SIZE)
                [!provide]                PROVIDE (__cy_heap_start, _end)
                0x00000001                PROVIDE (__cy_region_num, ((__cy_regions_end - __cy_regions) / 0x10))
                0x20008000                PROVIDE (__cy_stack, (ORIGIN (ram) + LENGTH (ram)))
                [!provide]                PROVIDE (__cy_heap_end, (__cy_stack - 0x800))

.cybootloader   0x00000000        0x0
 *(.cybootloader)
                0x00000000                appl1_start = CY_APPL_ORIGIN?CY_APPL_ORIGIN:ALIGN (CY_FLASH_ROW_SIZE)
                0x0001ff00                appl2_start = (appl1_start + ALIGN ((((LENGTH (rom) - appl1_start) - (0x2 * CY_FLASH_ROW_SIZE)) / 0x2), CY_FLASH_ROW_SIZE))
                0x00000000                appl_start = (CY_APPL_NUM == 0x1)?appl1_start:appl2_start
                0x00000000                ecc_offset = ((appl_start / CY_FLASH_ROW_SIZE) * CY_ECC_ROW_SIZE)
                0x00000000                ee_offset = (CY_APPL_LOADABLE && ! (CY_EE_IN_BTLDR))?((CY_EE_SIZE / CY_APPL_MAX) * (CY_APPL_NUM - 0x1)):0x0
                0x00000800                ee_size = (CY_APPL_LOADABLE && ! (CY_EE_IN_BTLDR))?(CY_EE_SIZE / CY_APPL_MAX):CY_EE_SIZE
                [!provide]                PROVIDE (CY_ECC_OFFSET, ecc_offset)

.text           0x00000000     0x9994
 CREATE_OBJECT_SYMBOLS
                0x00000000                PROVIDE (__cy_interrupt_vector, RomVectors)
 *(.romvectors)
 .romvectors    0x00000000       0x10 .\ARM_GCC_541\Debug\Cm3Start.o
                0x00000000                RomVectors
                0x00000001                ASSERT ((. != __cy_interrupt_vector), No interrupt vector)
                0x00000001                ASSERT (CY_APPL_ORIGIN?(SIZEOF (.cybootloader) <= CY_APPL_ORIGIN):0x1, Wrong image location)
                0x00000010                PROVIDE (__cy_reset, Reset)
 *(.text.Reset)
 .text.Reset    0x00000010       0x18 .\ARM_GCC_541\Debug\Cm3Start.o
                0x00000010                Reset
                0x00000001                ASSERT ((. != __cy_reset), No reset code)
 *(.dma_init)
 .dma_init      0x00000028      0x308 .\ARM_GCC_541\Debug\cyfitter_cfg.o
                0x00000001                ASSERT ((((appl_start + .) <= 0x10000) || 0x0), DMA Init must be within the first 64k of flash)
 *(.text .text.* .gnu.linkonce.t.*)
 .text          0x00000330       0x5c c:/program files (x86)/cypress/psoc creator/4.2/psoc creator/import/gnu/arm/5.4.1/bin/../lib/gcc/arm-none-eabi/5.4.1/armv7-m/crtbegin.o
 .text.PollingPos
                0x0000038c       0xac .\ARM_GCC_541\Debug\main.o
                0x0000038c                PollingPos
 .text.main     0x00000438     0x14a8 .\ARM_GCC_541\Debug\main.o
                0x00000438                main
 .text.gen_crc16
                0x000018e0       0xfc .\ARM_GCC_541\Debug\PumpCom.o
                0x000018e0                gen_crc16
 .text.GetResponse
                0x000019dc     0x2364 .\ARM_GCC_541\Debug\PumpCom.o
                0x000019dc                GetResponse
 .text.GetAddress
                0x00003d40       0xb0 .\ARM_GCC_541\Debug\PumpCom.o
                0x00003d40                GetAddress
 .text.Authorize
                0x00003df0       0xdc .\ARM_GCC_541\Debug\PumpCom.o
                0x00003df0                Authorize
 .text.PumpState
                0x00003ecc      0x184 .\ARM_GCC_541\Debug\PumpCom.o
                0x00003ecc                PumpState
 .text.PriceUpdate
                0x00004050      0x114 .\ARM_GCC_541\Debug\PumpCom.o
                0x00004050                PriceUpdate
 .text.TotalRequest
                0x00004164      0x10c .\ARM_GCC_541\Debug\PumpCom.o
                0x00004164                TotalRequest
 .text.PrintShift
                0x00004270     0x1658 .\ARM_GCC_541\Debug\printer.o
                0x00004270                PrintShift
 .text.PrintPOS
                0x000058c8     0x12d0 .\ARM_GCC_541\Debug\printer.o
                0x000058c8                PrintPOS
 .text.CYCONFIGCPY
                0x00006b98       0x20 .\ARM_GCC_541\Debug\cyfitter_cfg.o
 .text.CyClockStartupError
                0x00006bb8        0xc .\ARM_GCC_541\Debug\cyfitter_cfg.o
 .text.cfg_dma_init
                0x00006bc4      0x174 .\ARM_GCC_541\Debug\cyfitter_cfg.o
 .text.ClockSetup
                0x00006d38      0x184 .\ARM_GCC_541\Debug\cyfitter_cfg.o
 .text.AnalogSetDefault
                0x00006ebc       0x44 .\ARM_GCC_541\Debug\cyfitter_cfg.o
 .text.cyfitter_cfg
                0x00006f00      0x124 .\ARM_GCC_541\Debug\cyfitter_cfg.o
                0x00006f00                cyfitter_cfg
 .text.IntDefaultHandler
                0x00007024       0x14 .\ARM_GCC_541\Debug\Cm3Start.o
                0x00007024                IntDefaultHandler
 .text._sbrk    0x00007038       0x50 .\ARM_GCC_541\Debug\Cm3Start.o
                0x00007038                _sbrk
 .text.Start_c  0x00007088       0x98 .\ARM_GCC_541\Debug\Cm3Start.o
                0x00007088                Start_c
 .text.initialize_psoc
                0x00007120       0x90 .\ARM_GCC_541\Debug\Cm3Start.o
                0x00007120                initialize_psoc
 .text.PWM_1_Start
                0x000071b0       0x24 .\ARM_GCC_541\Debug\Mepsan.a(PWM_1.o)
                0x000071b0                PWM_1_Start
 .text.PWM_1_Init
                0x000071d4       0xbc .\ARM_GCC_541\Debug\Mepsan.a(PWM_1.o)
                0x000071d4                PWM_1_Init
 .text.PWM_1_Enable
                0x00007290       0x48 .\ARM_GCC_541\Debug\Mepsan.a(PWM_1.o)
                0x00007290                PWM_1_Enable
 .text.PWM_1_WritePeriod
                0x000072d8       0x20 .\ARM_GCC_541\Debug\Mepsan.a(PWM_1.o)
                0x000072d8                PWM_1_WritePeriod
 .text.PWM_1_WriteCompare
                0x000072f8       0x20 .\ARM_GCC_541\Debug\Mepsan.a(PWM_1.o)
                0x000072f8                PWM_1_WriteCompare
 .text.PWM_1_SetInterruptMode
                0x00007318       0x20 .\ARM_GCC_541\Debug\Mepsan.a(PWM_1.o)
                0x00007318                PWM_1_SetInterruptMode
 .text.CyHalt   0x00007338       0x18 .\ARM_GCC_541\Debug\Mepsan.a(CyLib.o)
                0x00007338                CyHalt
 .text.CyDelay  0x00007350       0x44 .\ARM_GCC_541\Debug\Mepsan.a(CyLib.o)
                0x00007350                CyDelay
 .text.CyDelayUs
                0x00007394       0x28 .\ARM_GCC_541\Debug\Mepsan.a(CyLib.o)
                0x00007394                CyDelayUs
 .text.CyIntSetVector
                0x000073bc       0x50 .\ARM_GCC_541\Debug\Mepsan.a(CyLib.o)
                0x000073bc                CyIntSetVector
 .text.CyIntSetPriority
                0x0000740c       0x48 .\ARM_GCC_541\Debug\Mepsan.a(CyLib.o)
                0x0000740c                CyIntSetPriority
 .text.EnablePin_Write
                0x00007454       0x3c .\ARM_GCC_541\Debug\Mepsan.a(EnablePin.o)
                0x00007454                EnablePin_Write
 .text.screen_Start
                0x00007490       0x24 .\ARM_GCC_541\Debug\Mepsan.a(screen.o)
                0x00007490                screen_Start
 .text.screen_Init
                0x000074b4       0x6c .\ARM_GCC_541\Debug\Mepsan.a(screen.o)
                0x000074b4                screen_Init
 .text.screen_Enable
                0x00007520       0x78 .\ARM_GCC_541\Debug\Mepsan.a(screen.o)
                0x00007520                screen_Enable
 .text.screen_ReadRxData
                0x00007598       0x90 .\ARM_GCC_541\Debug\Mepsan.a(screen.o)
                0x00007598                screen_ReadRxData
 .text.screen_GetRxBufferSize
                0x00007628       0x90 .\ARM_GCC_541\Debug\Mepsan.a(screen.o)
                0x00007628                screen_GetRxBufferSize
 .text.screen_PutChar
                0x000076b8       0xb8 .\ARM_GCC_541\Debug\Mepsan.a(screen.o)
                0x000076b8                screen_PutChar
 .text.screen_RXISR
                0x00007770       0xd8 .\ARM_GCC_541\Debug\Mepsan.a(screen_INT.o)
                0x00007770                screen_RXISR
 .text.screen_TXISR
                0x00007848       0x70 .\ARM_GCC_541\Debug\Mepsan.a(screen_INT.o)
                0x00007848                screen_TXISR
 .text.screen_IntClock_Start
                0x000078b8       0x34 .\ARM_GCC_541\Debug\Mepsan.a(screen_IntClock.o)
                0x000078b8                screen_IntClock_Start
 .text.EEPROM_1_Enable
                0x000078ec       0x10 .\ARM_GCC_541\Debug\Mepsan.a(EEPROM_1.o)
                0x000078ec                EEPROM_1_Enable
 .text.EEPROM_1_Start
                0x000078fc        0xc .\ARM_GCC_541\Debug\Mepsan.a(EEPROM_1.o)
                0x000078fc                EEPROM_1_Start
 .text.EEPROM_1_WriteByte
                0x00007908      0x114 .\ARM_GCC_541\Debug\Mepsan.a(EEPROM_1.o)
                0x00007908                EEPROM_1_WriteByte
 .text.EEPROM_1_ReadByte
                0x00007a1c       0x3c .\ARM_GCC_541\Debug\Mepsan.a(EEPROM_1.o)
                0x00007a1c                EEPROM_1_ReadByte
 .text.PRINTER_A_Start
                0x00007a58       0x24 .\ARM_GCC_541\Debug\Mepsan.a(PRINTER_A.o)
                0x00007a58                PRINTER_A_Start
 .text.PRINTER_A_Init
                0x00007a7c       0x3c .\ARM_GCC_541\Debug\Mepsan.a(PRINTER_A.o)
                0x00007a7c                PRINTER_A_Init
 .text.PRINTER_A_Enable
                0x00007ab8       0x4c .\ARM_GCC_541\Debug\Mepsan.a(PRINTER_A.o)
                0x00007ab8                PRINTER_A_Enable
 .text.PRINTER_A_PutChar
                0x00007b04       0xb8 .\ARM_GCC_541\Debug\Mepsan.a(PRINTER_A.o)
                0x00007b04                PRINTER_A_PutChar
 .text.PRINTER_A_TXISR
                0x00007bbc       0x70 .\ARM_GCC_541\Debug\Mepsan.a(PRINTER_A_INT.o)
                0x00007bbc                PRINTER_A_TXISR
 .text.PRINTER_A_IntClock_Start
                0x00007c2c       0x34 .\ARM_GCC_541\Debug\Mepsan.a(PRINTER_A_IntClock.o)
                0x00007c2c                PRINTER_A_IntClock_Start
 .text.MEPSAN_Start
                0x00007c60       0x24 .\ARM_GCC_541\Debug\Mepsan.a(MEPSAN.o)
                0x00007c60                MEPSAN_Start
 .text.MEPSAN_Init
                0x00007c84       0x58 .\ARM_GCC_541\Debug\Mepsan.a(MEPSAN.o)
                0x00007c84                MEPSAN_Init
 .text.MEPSAN_Enable
                0x00007cdc       0x68 .\ARM_GCC_541\Debug\Mepsan.a(MEPSAN.o)
                0x00007cdc                MEPSAN_Enable
 .text.MEPSAN_ReadRxData
                0x00007d44       0x90 .\ARM_GCC_541\Debug\Mepsan.a(MEPSAN.o)
                0x00007d44                MEPSAN_ReadRxData
 .text.MEPSAN_GetRxBufferSize
                0x00007dd4       0x90 .\ARM_GCC_541\Debug\Mepsan.a(MEPSAN.o)
                0x00007dd4                MEPSAN_GetRxBufferSize
 .text.MEPSAN_ClearRxBuffer
                0x00007e64       0x80 .\ARM_GCC_541\Debug\Mepsan.a(MEPSAN.o)
                0x00007e64                MEPSAN_ClearRxBuffer
 .text.MEPSAN_PutChar
                0x00007ee4       0x34 .\ARM_GCC_541\Debug\Mepsan.a(MEPSAN.o)
                0x00007ee4                MEPSAN_PutChar
 .text.MEPSAN_RXISR
                0x00007f18       0xdc .\ARM_GCC_541\Debug\Mepsan.a(MEPSAN_INT.o)
                0x00007f18                MEPSAN_RXISR
 .text.GBCL_Start
                0x00007ff4       0x24 .\ARM_GCC_541\Debug\Mepsan.a(GBCL.o)
                0x00007ff4                GBCL_Start
 .text.GBCL_Init
                0x00008018       0x58 .\ARM_GCC_541\Debug\Mepsan.a(GBCL.o)
                0x00008018                GBCL_Init
 .text.GBCL_Enable
                0x00008070       0x64 .\ARM_GCC_541\Debug\Mepsan.a(GBCL.o)
                0x00008070                GBCL_Enable
 .text.GBCL_RXISR
                0x000080d4       0xdc .\ARM_GCC_541\Debug\Mepsan.a(GBCL_INT.o)
                0x000080d4                GBCL_RXISR
 .text.MEPSAN_IntClock_Start
                0x000081b0       0x34 .\ARM_GCC_541\Debug\Mepsan.a(MEPSAN_IntClock.o)
                0x000081b0                MEPSAN_IntClock_Start
 *fill*         0x000081e4        0x4 
 .text          0x000081e8       0x54 .\ARM_GCC_541\Debug\Mepsan.a(CyBootAsmGnu.o)
                0x000081e8                CyDelayCycles
                0x00008226                CyEnterCriticalSection
                0x0000822e                CyExitCriticalSection
 .text.CySetTempInt
                0x0000823c       0x7c .\ARM_GCC_541\Debug\Mepsan.a(CyFlash.o)
 .text.CyFlashGetSpcAlgorithm
                0x000082b8       0x70 .\ARM_GCC_541\Debug\Mepsan.a(CyFlash.o)
                0x000082b8                CyFlashGetSpcAlgorithm
 .text.CySetTemp
                0x00008328       0x24 .\ARM_GCC_541\Debug\Mepsan.a(CyFlash.o)
                0x00008328                CySetTemp
 .text.CyEEPROM_Start
                0x0000834c       0x8c .\ARM_GCC_541\Debug\Mepsan.a(CyFlash.o)
                0x0000834c                CyEEPROM_Start
 .text.CyEEPROM_ReadReserve
                0x000083d8       0x30 .\ARM_GCC_541\Debug\Mepsan.a(CyFlash.o)
                0x000083d8                CyEEPROM_ReadReserve
 .text.CyEEPROM_ReadRelease
                0x00008408       0x20 .\ARM_GCC_541\Debug\Mepsan.a(CyFlash.o)
                0x00008408                CyEEPROM_ReadRelease
 .text.CySpcStart
                0x00008428       0x48 .\ARM_GCC_541\Debug\Mepsan.a(CySpc.o)
                0x00008428                CySpcStart
 .text.CySpcReadData
                0x00008470       0x54 .\ARM_GCC_541\Debug\Mepsan.a(CySpc.o)
                0x00008470                CySpcReadData
 .text.CySpcLoadMultiByte
                0x000084c4       0xd0 .\ARM_GCC_541\Debug\Mepsan.a(CySpc.o)
                0x000084c4                CySpcLoadMultiByte
 .text.CySpcWriteRow
                0x00008594       0x98 .\ARM_GCC_541\Debug\Mepsan.a(CySpc.o)
                0x00008594                CySpcWriteRow
 .text.CySpcGetTemp
                0x0000862c       0x64 .\ARM_GCC_541\Debug\Mepsan.a(CySpc.o)
                0x0000862c                CySpcGetTemp
 .text.CySpcLock
                0x00008690       0x68 .\ARM_GCC_541\Debug\Mepsan.a(CySpc.o)
                0x00008690                CySpcLock
 .text.CySpcUnlock
                0x000086f8       0x50 .\ARM_GCC_541\Debug\Mepsan.a(CySpc.o)
                0x000086f8                CySpcUnlock
 .text.CySpcGetAlgorithm
                0x00008748       0x44 .\ARM_GCC_541\Debug\Mepsan.a(CySpc.o)
                0x00008748                CySpcGetAlgorithm
 .text.__errno  0x0000878c        0xc c:/program files (x86)/cypress/psoc creator/4.2/psoc creator/import/gnu/arm/5.4.1/bin/../lib/gcc/arm-none-eabi/5.4.1/../../../../arm-none-eabi/lib/armv7-m\libg_nano.a(lib_a-errno.o)
                0x0000878c                __errno
 .text.__libc_init_array
                0x00008798       0x4c c:/program files (x86)/cypress/psoc creator/4.2/psoc creator/import/gnu/arm/5.4.1/bin/../lib/gcc/arm-none-eabi/5.4.1/../../../../arm-none-eabi/lib/armv7-m\libg_nano.a(lib_a-init.o)
                0x00008798                __libc_init_array
 .text.memcpy   0x000087e4       0x16 c:/program files (x86)/cypress/psoc creator/4.2/psoc creator/import/gnu/arm/5.4.1/bin/../lib/gcc/arm-none-eabi/5.4.1/../../../../arm-none-eabi/lib/armv7-m\libg_nano.a(lib_a-memcpy-stub.o)
                0x000087e4                memcpy
 *fill*         0x000087fa        0x2 
 .text.sprintf  0x000087fc       0x48 c:/program files (x86)/cypress/psoc creator/4.2/psoc creator/import/gnu/arm/5.4.1/bin/../lib/gcc/arm-none-eabi/5.4.1/../../../../arm-none-eabi/lib/armv7-m\libg_nano.a(lib_a-sprintf.o)
                0x000087fc                siprintf
                0x000087fc                sprintf
 .text.sscanf   0x00008844       0x54 c:/program files (x86)/cypress/psoc creator/4.2/psoc creator/import/gnu/arm/5.4.1/bin/../lib/gcc/arm-none-eabi/5.4.1/../../../../arm-none-eabi/lib/armv7-m\libg_nano.a(lib_a-sscanf.o)
                0x00008844                siscanf
                0x00008844                sscanf
 .text.__seofread
                0x00008898        0x4 c:/program files (x86)/cypress/psoc creator/4.2/psoc creator/import/gnu/arm/5.4.1/bin/../lib/gcc/arm-none-eabi/5.4.1/../../../../arm-none-eabi/lib/armv7-m\libg_nano.a(lib_a-stdio.o)
                0x00008898                __seofread
 .text          0x0000889c       0x10 c:/program files (x86)/cypress/psoc creator/4.2/psoc creator/import/gnu/arm/5.4.1/bin/../lib/gcc/arm-none-eabi/5.4.1/../../../../arm-none-eabi/lib/armv7-m\libg_nano.a(lib_a-strlen.o)
                0x0000889c                strlen
 .text.__ssputs_r
                0x000088ac       0xb2 c:/program files (x86)/cypress/psoc creator/4.2/psoc creator/import/gnu/arm/5.4.1/bin/../lib/gcc/arm-none-eabi/5.4.1/../../../../arm-none-eabi/lib/armv7-m\libg_nano.a(lib_a-nano-svfprintf.o)
                0x000088ac                __ssputs_r
 *fill*         0x0000895e        0x2 
 .text._svfprintf_r
                0x00008960      0x1e8 c:/program files (x86)/cypress/psoc creator/4.2/psoc creator/import/gnu/arm/5.4.1/bin/../lib/gcc/arm-none-eabi/5.4.1/../../../../arm-none-eabi/lib/armv7-m\libg_nano.a(lib_a-nano-svfprintf.o)
                0x00008960                _svfiprintf_r
                0x00008960                _svfprintf_r
 .text._sungetc_r
                0x00008b48       0x7c c:/program files (x86)/cypress/psoc creator/4.2/psoc creator/import/gnu/arm/5.4.1/bin/../lib/gcc/arm-none-eabi/5.4.1/../../../../arm-none-eabi/lib/armv7-m\libg_nano.a(lib_a-nano-svfscanf.o)
                0x00008b48                _sungetc_r
 .text.__ssrefill_r
                0x00008bc4       0x3a c:/program files (x86)/cypress/psoc creator/4.2/psoc creator/import/gnu/arm/5.4.1/bin/../lib/gcc/arm-none-eabi/5.4.1/../../../../arm-none-eabi/lib/armv7-m\libg_nano.a(lib_a-nano-svfscanf.o)
                0x00008bc4                __ssrefill_r
 *fill*         0x00008bfe        0x2 
 .text.__ssvfscanf_r
                0x00008c00      0x2a8 c:/program files (x86)/cypress/psoc creator/4.2/psoc creator/import/gnu/arm/5.4.1/bin/../lib/gcc/arm-none-eabi/5.4.1/../../../../arm-none-eabi/lib/armv7-m\libg_nano.a(lib_a-nano-svfscanf.o)
                0x00008c00                __ssvfiscanf_r
                0x00008c00                __ssvfscanf_r
 .text._printf_common
                0x00008ea8       0xec c:/program files (x86)/cypress/psoc creator/4.2/psoc creator/import/gnu/arm/5.4.1/bin/../lib/gcc/arm-none-eabi/5.4.1/../../../../arm-none-eabi/lib/armv7-m\libg_nano.a(lib_a-nano-vfprintf_i.o)
                0x00008ea8                _printf_common
 .text._printf_i
                0x00008f94      0x24c c:/program files (x86)/cypress/psoc creator/4.2/psoc creator/import/gnu/arm/5.4.1/bin/../lib/gcc/arm-none-eabi/5.4.1/../../../../arm-none-eabi/lib/armv7-m\libg_nano.a(lib_a-nano-vfprintf_i.o)
                0x00008f94                _printf_i
 .text._scanf_chars
                0x000091e0       0xcc c:/program files (x86)/cypress/psoc creator/4.2/psoc creator/import/gnu/arm/5.4.1/bin/../lib/gcc/arm-none-eabi/5.4.1/../../../../arm-none-eabi/lib/armv7-m\libg_nano.a(lib_a-nano-vfscanf_i.o)
                0x000091e0                _scanf_chars
 .text._scanf_i
                0x000092ac      0x1e4 c:/program files (x86)/cypress/psoc creator/4.2/psoc creator/import/gnu/arm/5.4.1/bin/../lib/gcc/arm-none-eabi/5.4.1/../../../../arm-none-eabi/lib/armv7-m\libg_nano.a(lib_a-nano-vfscanf_i.o)
                0x000092ac                _scanf_i
 .text.__sccl   0x00009490       0x60 c:/program files (x86)/cypress/psoc creator/4.2/psoc creator/import/gnu/arm/5.4.1/bin/../lib/gcc/arm-none-eabi/5.4.1/../../../../arm-none-eabi/lib/armv7-m\libg_nano.a(lib_a-sccl.o)
                0x00009490                __sccl
 .text._strtol_r
                0x000094f0      0x10c c:/program files (x86)/cypress/psoc creator/4.2/psoc creator/import/gnu/arm/5.4.1/bin/../lib/gcc/arm-none-eabi/5.4.1/../../../../arm-none-eabi/lib/armv7-m\libg_nano.a(lib_a-strtol.o)
                0x000094f0                _strtol_r
 .text._strtoul_r
                0x000095fc       0xfc c:/program files (x86)/cypress/psoc creator/4.2/psoc creator/import/gnu/arm/5.4.1/bin/../lib/gcc/arm-none-eabi/5.4.1/../../../../arm-none-eabi/lib/armv7-m\libg_nano.a(lib_a-strtoul.o)
                0x000095fc                _strtoul_r
 .text.__submore
                0x000096f8       0x72 c:/program files (x86)/cypress/psoc creator/4.2/psoc creator/import/gnu/arm/5.4.1/bin/../lib/gcc/arm-none-eabi/5.4.1/../../../../arm-none-eabi/lib/armv7-m\libg_nano.a(lib_a-ungetc.o)
                0x000096f8                __submore
 .text.memchr   0x0000976a       0x1c c:/program files (x86)/cypress/psoc creator/4.2/psoc creator/import/gnu/arm/5.4.1/bin/../lib/gcc/arm-none-eabi/5.4.1/../../../../arm-none-eabi/lib/armv7-m\libg_nano.a(lib_a-memchr-stub.o)
                0x0000976a                memchr
 .text.memmove  0x00009786       0x36 c:/program files (x86)/cypress/psoc creator/4.2/psoc creator/import/gnu/arm/5.4.1/bin/../lib/gcc/arm-none-eabi/5.4.1/../../../../arm-none-eabi/lib/armv7-m\libg_nano.a(lib_a-memmove.o)
                0x00009786                memmove
 .text._free_r  0x000097bc       0x98 c:/program files (x86)/cypress/psoc creator/4.2/psoc creator/import/gnu/arm/5.4.1/bin/../lib/gcc/arm-none-eabi/5.4.1/../../../../arm-none-eabi/lib/armv7-m\libg_nano.a(lib_a-nano-freer.o)
                0x000097bc                _free_r
 .text._malloc_r
                0x00009854       0xbc c:/program files (x86)/cypress/psoc creator/4.2/psoc creator/import/gnu/arm/5.4.1/bin/../lib/gcc/arm-none-eabi/5.4.1/../../../../arm-none-eabi/lib/armv7-m\libg_nano.a(lib_a-nano-mallocr.o)
                0x00009854                _malloc_r
 .text._realloc_r
                0x00009910       0x4c c:/program files (x86)/cypress/psoc creator/4.2/psoc creator/import/gnu/arm/5.4.1/bin/../lib/gcc/arm-none-eabi/5.4.1/../../../../arm-none-eabi/lib/armv7-m\libg_nano.a(lib_a-nano-reallocr.o)
                0x00009910                _realloc_r
 .text._sbrk_r  0x0000995c       0x20 c:/program files (x86)/cypress/psoc creator/4.2/psoc creator/import/gnu/arm/5.4.1/bin/../lib/gcc/arm-none-eabi/5.4.1/../../../../arm-none-eabi/lib/armv7-m\libg_nano.a(lib_a-sbrkr.o)
                0x0000995c                _sbrk_r
 .text.__malloc_lock
                0x0000997c        0x2 c:/program files (x86)/cypress/psoc creator/4.2/psoc creator/import/gnu/arm/5.4.1/bin/../lib/gcc/arm-none-eabi/5.4.1/../../../../arm-none-eabi/lib/armv7-m\libg_nano.a(lib_a-mlock.o)
                0x0000997c                __malloc_lock
 .text.__malloc_unlock
                0x0000997e        0x2 c:/program files (x86)/cypress/psoc creator/4.2/psoc creator/import/gnu/arm/5.4.1/bin/../lib/gcc/arm-none-eabi/5.4.1/../../../../arm-none-eabi/lib/armv7-m\libg_nano.a(lib_a-mlock.o)
                0x0000997e                __malloc_unlock
 .text._malloc_usable_size_r
                0x00009980       0x14 c:/program files (x86)/cypress/psoc creator/4.2/psoc creator/import/gnu/arm/5.4.1/bin/../lib/gcc/arm-none-eabi/5.4.1/../../../../arm-none-eabi/lib/armv7-m\libg_nano.a(lib_a-nano-msizer.o)
                0x00009980                _malloc_usable_size_r
 *(.plt)
 *(.gnu.warning)
 *(.glue_7t)
 .glue_7t       0x00009994        0x0 linker stubs
 *(.glue_7)
 .glue_7        0x00009994        0x0 linker stubs
 *(.vfp11_veneer)
 .vfp11_veneer  0x00009994        0x0 linker stubs
 *(.bootloader)
 *(.ARM.extab* .gnu.linkonce.armextab.*)
 *(.gcc_except_table)

.v4_bx          0x00009994        0x0
 .v4_bx         0x00009994        0x0 linker stubs

.iplt           0x00009994        0x0
 .iplt          0x00009994        0x0 c:/program files (x86)/cypress/psoc creator/4.2/psoc creator/import/gnu/arm/5.4.1/bin/../lib/gcc/arm-none-eabi/5.4.1/armv7-m/crtbegin.o

.eh_frame_hdr
 *(.eh_frame_hdr)

.eh_frame       0x00009994        0x4
 *(.eh_frame)
 .eh_frame      0x00009994        0x0 c:/program files (x86)/cypress/psoc creator/4.2/psoc creator/import/gnu/arm/5.4.1/bin/../lib/gcc/arm-none-eabi/5.4.1/armv7-m/crtbegin.o
 .eh_frame      0x00009994        0x4 c:/program files (x86)/cypress/psoc creator/4.2/psoc creator/import/gnu/arm/5.4.1/bin/../lib/gcc/arm-none-eabi/5.4.1/armv7-m/crtend.o
                [!provide]                PROVIDE (__exidx_start, .)

.ARM.exidx
 *(.ARM.exidx* .gnu.linkonce.armexidx.*)
                0x00009998                __exidx_end = .

.rodata         0x00009998      0x380
 *(.rodata .rodata.* .gnu.linkonce.r.*)
 .rodata        0x00009998       0x13 .\ARM_GCC_541\Debug\main.o
 *fill*         0x000099ab        0x1 
 .rodata        0x000099ac        0x3 .\ARM_GCC_541\Debug\printer.o
 *fill*         0x000099af        0x1 
 .rodata        0x000099b0      0x170 .\ARM_GCC_541\Debug\cyfitter_cfg.o
 .rodata.str1.1
                0x00009b20        0x2 c:/program files (x86)/cypress/psoc creator/4.2/psoc creator/import/gnu/arm/5.4.1/bin/../lib/gcc/arm-none-eabi/5.4.1/../../../../arm-none-eabi/lib/armv7-m\libg_nano.a(lib_a-impure.o)
 .rodata.str1.1
                0x00009b22       0x11 c:/program files (x86)/cypress/psoc creator/4.2/psoc creator/import/gnu/arm/5.4.1/bin/../lib/gcc/arm-none-eabi/5.4.1/../../../../arm-none-eabi/lib/armv7-m\libg_nano.a(lib_a-nano-svfprintf.o)
 .rodata.str1.1
                0x00009b33        0x4 c:/program files (x86)/cypress/psoc creator/4.2/psoc creator/import/gnu/arm/5.4.1/bin/../lib/gcc/arm-none-eabi/5.4.1/../../../../arm-none-eabi/lib/armv7-m\libg_nano.a(lib_a-nano-svfscanf.o)
 .rodata.str1.1
                0x00009b33       0x22 c:/program files (x86)/cypress/psoc creator/4.2/psoc creator/import/gnu/arm/5.4.1/bin/../lib/gcc/arm-none-eabi/5.4.1/../../../../arm-none-eabi/lib/armv7-m\libg_nano.a(lib_a-nano-vfprintf_i.o)
 *fill*         0x00009b55        0x3 
 .rodata        0x00009b58        0xc c:/program files (x86)/cypress/psoc creator/4.2/psoc creator/import/gnu/arm/5.4.1/bin/../lib/gcc/arm-none-eabi/5.4.1/../../../../arm-none-eabi/lib/armv7-m\libg_nano.a(lib_a-nano-vfscanf_i.o)
 .rodata.str1.1
                0x00009b64       0x1b c:/program files (x86)/cypress/psoc creator/4.2/psoc creator/import/gnu/arm/5.4.1/bin/../lib/gcc/arm-none-eabi/5.4.1/../../../../arm-none-eabi/lib/armv7-m\libg_nano.a(lib_a-nano-vfscanf_i.o)
 .rodata._ctype_
                0x00009b7f      0x101 c:/program files (x86)/cypress/psoc creator/4.2/psoc creator/import/gnu/arm/5.4.1/bin/../lib/gcc/arm-none-eabi/5.4.1/../../../../arm-none-eabi/lib/armv7-m\libg_nano.a(lib_a-ctype_.o)
                0x00009b7f                _ctype_
 .rodata.__sf_fake_stdin
                0x00009c80       0x20 c:/program files (x86)/cypress/psoc creator/4.2/psoc creator/import/gnu/arm/5.4.1/bin/../lib/gcc/arm-none-eabi/5.4.1/../../../../arm-none-eabi/lib/armv7-m\libg_nano.a(lib_a-findfp.o)
                0x00009c80                __sf_fake_stdin
 .rodata.__sf_fake_stdout
                0x00009ca0       0x20 c:/program files (x86)/cypress/psoc creator/4.2/psoc creator/import/gnu/arm/5.4.1/bin/../lib/gcc/arm-none-eabi/5.4.1/../../../../arm-none-eabi/lib/armv7-m\libg_nano.a(lib_a-findfp.o)
                0x00009ca0                __sf_fake_stdout
 .rodata.__sf_fake_stderr
                0x00009cc0       0x20 c:/program files (x86)/cypress/psoc creator/4.2/psoc creator/import/gnu/arm/5.4.1/bin/../lib/gcc/arm-none-eabi/5.4.1/../../../../arm-none-eabi/lib/armv7-m\libg_nano.a(lib_a-findfp.o)
                0x00009cc0                __sf_fake_stderr
                0x00009ce0                . = ALIGN (0x4)
 *(.init)
 .init          0x00009ce0        0x4 c:/program files (x86)/cypress/psoc creator/4.2/psoc creator/import/gnu/arm/5.4.1/bin/../lib/gcc/arm-none-eabi/5.4.1/armv7-m/crti.o
                0x00009ce0                _init
 .init          0x00009ce4        0x8 c:/program files (x86)/cypress/psoc creator/4.2/psoc creator/import/gnu/arm/5.4.1/bin/../lib/gcc/arm-none-eabi/5.4.1/armv7-m/crtn.o
                0x00009cec                . = ALIGN (0x4)
                0x00009cec                __preinit_array_start = .
 *(.preinit_array)
                0x00009cec                __preinit_array_end = .
                0x00009cec                . = ALIGN (0x4)
                0x00009cec                __init_array_start = .
 *(SORT(.init_array.*))
 *(.init_array)
 .init_array    0x00009cec        0x4 c:/program files (x86)/cypress/psoc creator/4.2/psoc creator/import/gnu/arm/5.4.1/bin/../lib/gcc/arm-none-eabi/5.4.1/armv7-m/crtbegin.o
 .init_array    0x00009cf0        0x4 .\ARM_GCC_541\Debug\Cm3Start.o
                0x00009cf4                __init_array_end = .
                0x00009cf4                . = ALIGN (0x4)
 *(.fini)
 .fini          0x00009cf4        0x4 c:/program files (x86)/cypress/psoc creator/4.2/psoc creator/import/gnu/arm/5.4.1/bin/../lib/gcc/arm-none-eabi/5.4.1/armv7-m/crti.o
                0x00009cf4                _fini
 .fini          0x00009cf8        0x8 c:/program files (x86)/cypress/psoc creator/4.2/psoc creator/import/gnu/arm/5.4.1/bin/../lib/gcc/arm-none-eabi/5.4.1/armv7-m/crtn.o
                0x00009d00                . = ALIGN (0x4)
                0x00009d00                __fini_array_start = .
 *(.fini_array)
 .fini_array    0x00009d00        0x4 c:/program files (x86)/cypress/psoc creator/4.2/psoc creator/import/gnu/arm/5.4.1/bin/../lib/gcc/arm-none-eabi/5.4.1/armv7-m/crtbegin.o
 *(SORT(.fini_array.*))
                0x00009d04                __fini_array_end = .
                0x00009d04                . = ALIGN (0x4)
 *crtbegin.o(.ctors)
 *(EXCLUDE_FILE(*crtend.o) .ctors)
 *(SORT(.ctors.*))
 *crtend.o(.ctors)
                0x00009d04                . = ALIGN (0x4)
 *crtbegin.o(.dtors)
 *(EXCLUDE_FILE(*crtend.o) .dtors)
 *(SORT(.dtors.*))
 *crtend.o(.dtors)
                0x00009d04                . = ALIGN (0x4)
                0x00009d04                __cy_regions = .
                0x00009d04        0x4 LONG 0x9d18 __cy_region_init_ram
                0x00009d08        0x4 LONG 0x1fff80c8 __cy_region_start_data
                0x00009d0c        0x4 LONG 0x690 __cy_region_init_size_ram
                0x00009d10        0x4 LONG 0x718 __cy_region_zero_size_ram
                0x00009d14                __cy_regions_end = .
                0x00009d18                . = ALIGN (0x8)
 *fill*         0x00009d14        0x4 
                0x00009d18                _etext = .

.cy_checksum_exclude
                0x00009d18        0x0
 *(.cy_checksum_exclude)

.ramvectors     0x1fff8000       0xc0
                0x1fff8000                __cy_region_start_ram = .
 *(.ramvectors)
 .ramvectors    0x1fff8000       0xc0 .\ARM_GCC_541\Debug\Cm3Start.o
                0x1fff8000                CyRamVectors

.noinit         0x1fff80c0        0x5
 *(.noinit)
 .noinit        0x1fff80c0        0x4 .\ARM_GCC_541\Debug\Cm3Start.o
 .noinit        0x1fff80c4        0x1 .\ARM_GCC_541\Debug\Mepsan.a(CyLib.o)
                0x1fff80c4                CyResetStatus

.data           0x1fff80c8      0x690 load address 0x00009d18
                0x1fff80c8                __cy_region_start_data = .
 *(.jcr)
 .jcr           0x1fff80c8        0x0 c:/program files (x86)/cypress/psoc creator/4.2/psoc creator/import/gnu/arm/5.4.1/bin/../lib/gcc/arm-none-eabi/5.4.1/armv7-m/crtbegin.o
 .jcr           0x1fff80c8        0x4 c:/program files (x86)/cypress/psoc creator/4.2/psoc creator/import/gnu/arm/5.4.1/bin/../lib/gcc/arm-none-eabi/5.4.1/armv7-m/crtend.o
 *(.got.plt)
 *(.got)
 *(.shdata)
 *(.data .data.* .gnu.linkonce.d.*)
 .data          0x1fff80cc      0x60e .\ARM_GCC_541\Debug\printer.o
                0x1fff80cc                LINE_FEED
                0x1fff80d0                VolSimbol
                0x1fff80d4                msn_POS
                0x1fff80f4                msn_EDS
                0x1fff8114                msn_EDS2
                0x1fff8134                msn_EDS3
                0x1fff8154                msn_EDS4
                0x1fff8174                msn_EDS5
                0x1fff8194                msn_EDS6
                0x1fff81b4                msn_footer
                0x1fff81d4                msn_footer2
                0x1fff81f4                msn_footer3
                0x1fff8214                msn_footer4
                0x1fff8234                msn_copy
                0x1fff8254                msn_original
                0x1fff8274                msn_diesel
                0x1fff8280                msn_gasoline
                0x1fff828c                msn_extra
                0x1fff8298                msn_POS2
                0x1fff82a8                msn_POS3
                0x1fff82b8                msn_POS4
                0x1fff82d8                msn_POS5
                0x1fff82f8                msn_POS6
                0x1fff8318                msn_POS7
                0x1fff8338                msn_POS8
                0x1fff8358                msn_POS9
                0x1fff8368                msn_POS10
                0x1fff8378                msn_POS11
                0x1fff8388                msn_POS12
                0x1fff8398                msn_POS13
                0x1fff83b8                msn_POS14
                0x1fff83d8                msn_POS15
                0x1fff83f8                msn_POS16
                0x1fff8418                msn_POS17
                0x1fff8438                msn_POS18
                0x1fff8458                msn_POS19
                0x1fff8478                prefijo
                0x1fff847c                equipo
                0x1fff848c                msn_fecha
                0x1fff849c                msn_hora
                0x1fff84ac                msn_placa
                0x1fff84bc                PRN_MILLEAGE
                0x1fff84cc                PRN_TRANSTYPE
                0x1fff84dc                msn_pos
                0x1fff84ec                msn_product
                0x1fff84fc                msn_ppu
                0x1fff850c                msn_vol
                0x1fff851c                msn_voltot
                0x1fff852c                msn_din
                0x1fff853c                msn_cierre
                0x1fff854c                msn_venta
                0x1fff855c                msn_numero
                0x1fff856c                PRN_BALANCE
                0x1fff857c                PRN_COMPANY
                0x1fff858c                PRN_ACCOUNT
                0x1fff859c                PRN_SERIAL
                0x1fff85ac                PRN_ACCOUNTTYPE
                0x1fff85bc                PRN_VISITSDAY
                0x1fff85cc                PRN_VISITSWEEK
                0x1fff85dc                PRN_VISITSMONTH
                0x1fff85ec                PRN_VOLUMEDAY
                0x1fff85fc                PRN_VOLUMEWEEK
                0x1fff860c                PRN_VOLUMEMONTH
                0x1fff861c                PRN_MONEYDAY
                0x1fff862c                PRN_MONEYWEEK
                0x1fff863c                PRN_MONEYMONTH
                0x1fff864c                PRN_PRESET
                0x1fff865c                PRN_SIGNATURE
                0x1fff866c                PRN_ID
                0x1fff867c                PRN_CURRENCY
                0x1fff8680                msn_lecact
                0x1fff8690                msn_lecaan
                0x1fff86a0                msn_dif
                0x1fff86b4                SEPARATOR
                0x1fff86d4                ASK_TIME
 *fill*         0x1fff86da        0x2 
 .data          0x1fff86dc        0x4 .\ARM_GCC_541\Debug\Cm3Start.o
 .data          0x1fff86e0       0x10 .\ARM_GCC_541\Debug\Mepsan.a(CyLib.o)
                0x1fff86e0                cydelay_freq_hz
                0x1fff86e4                cydelay_freq_khz
                0x1fff86e8                cydelay_freq_mhz
                0x1fff86ec                cydelay_32k_ms
 .data.impure_data
                0x1fff86f0       0x60 c:/program files (x86)/cypress/psoc creator/4.2/psoc creator/import/gnu/arm/5.4.1/bin/../lib/gcc/arm-none-eabi/5.4.1/../../../../arm-none-eabi/lib/armv7-m\libg_nano.a(lib_a-impure.o)
 .data._impure_ptr
                0x1fff8750        0x4 c:/program files (x86)/cypress/psoc creator/4.2/psoc creator/import/gnu/arm/5.4.1/bin/../lib/gcc/arm-none-eabi/5.4.1/../../../../arm-none-eabi/lib/armv7-m\libg_nano.a(lib_a-impure.o)
                0x1fff8750                _impure_ptr
 .data.__ctype_ptr__
                0x1fff8754        0x4 c:/program files (x86)/cypress/psoc creator/4.2/psoc creator/import/gnu/arm/5.4.1/bin/../lib/gcc/arm-none-eabi/5.4.1/../../../../arm-none-eabi/lib/armv7-m\libg_nano.a(lib_a-ctype_.o)
                0x1fff8754                __ctype_ptr__
                0x1fff8758                . = ALIGN (0x8)
 *(.ram)
                0x1fff8758                _edata = .

.igot.plt       0x1fff8758        0x0 load address 0x0000a3a8
 .igot.plt      0x1fff8758        0x0 c:/program files (x86)/cypress/psoc creator/4.2/psoc creator/import/gnu/arm/5.4.1/bin/../lib/gcc/arm-none-eabi/5.4.1/armv7-m/crtbegin.o

.bss            0x1fff8758      0x718 load address 0x0000a3a8
                0x1fff8758                PROVIDE (__bss_start__, .)
 *(.shbss)
 *(.bss .bss.* .gnu.linkonce.b.*)
 .bss           0x1fff8758       0x1c c:/program files (x86)/cypress/psoc creator/4.2/psoc creator/import/gnu/arm/5.4.1/bin/../lib/gcc/arm-none-eabi/5.4.1/armv7-m/crtbegin.o
 *fill*         0x1fff8774        0x4 
 .bss           0x1fff8778        0x4 .\ARM_GCC_541\Debug\cyfitter_cfg.o
 .bss           0x1fff877c        0x1 .\ARM_GCC_541\Debug\Mepsan.a(PWM_1.o)
                0x1fff877c                PWM_1_initVar
 .bss           0x1fff877d        0x9 .\ARM_GCC_541\Debug\Mepsan.a(screen.o)
                0x1fff877d                screen_initVar
                0x1fff877e                screen_txBufferRead
                0x1fff877f                screen_txBufferWrite
                0x1fff8780                screen_errorStatus
                0x1fff8781                screen_rxBufferRead
                0x1fff8782                screen_rxBufferWrite
                0x1fff8783                screen_rxBufferLoopDetect
                0x1fff8784                screen_rxBufferOverflow
 .bss           0x1fff8786        0x4 .\ARM_GCC_541\Debug\Mepsan.a(PRINTER_A.o)
                0x1fff8786                PRINTER_A_initVar
                0x1fff8787                PRINTER_A_txBufferRead
                0x1fff8788                PRINTER_A_txBufferWrite
 .bss           0x1fff878a        0x7 .\ARM_GCC_541\Debug\Mepsan.a(MEPSAN.o)
                0x1fff878a                MEPSAN_initVar
                0x1fff878b                MEPSAN_errorStatus
                0x1fff878c                MEPSAN_rxBufferRead
                0x1fff878d                MEPSAN_rxBufferWrite
                0x1fff878e                MEPSAN_rxBufferLoopDetect
                0x1fff878f                MEPSAN_rxBufferOverflow
 .bss           0x1fff8791        0x7 .\ARM_GCC_541\Debug\Mepsan.a(GBCL.o)
                0x1fff8791                GBCL_initVar
                0x1fff8792                GBCL_errorStatus
                0x1fff8793                GBCL_rxBufferRead
                0x1fff8794                GBCL_rxBufferWrite
                0x1fff8795                GBCL_rxBufferLoopDetect
                0x1fff8796                GBCL_rxBufferOverflow
 .bss           0x1fff8798        0x8 .\ARM_GCC_541\Debug\Mepsan.a(CySpc.o)
                0x1fff8798                SpcLockState
 .bss.__malloc_sbrk_start
                0x1fff87a0        0x4 c:/program files (x86)/cypress/psoc creator/4.2/psoc creator/import/gnu/arm/5.4.1/bin/../lib/gcc/arm-none-eabi/5.4.1/../../../../arm-none-eabi/lib/armv7-m\libg_nano.a(lib_a-nano-mallocr.o)
                0x1fff87a0                __malloc_sbrk_start
 .bss.__malloc_free_list
                0x1fff87a4        0x4 c:/program files (x86)/cypress/psoc creator/4.2/psoc creator/import/gnu/arm/5.4.1/bin/../lib/gcc/arm-none-eabi/5.4.1/../../../../arm-none-eabi/lib/armv7-m\libg_nano.a(lib_a-nano-mallocr.o)
                0x1fff87a4                __malloc_free_list
 *(COMMON)
 COMMON         0x1fff87a8      0x596 .\ARM_GCC_541\Debug\main.o
                0x1fff87a8                sale_number
                0x1fff87b0                side
                0x1fff8c84                crc_hi
                0x1fff8c88                PumpAddress
                0x1fff8c98                MepsanResponse
                0x1fff8cca                DecVol
                0x1fff8ccb                dirGbr
                0x1fff8ccc                MepsanSendTo
                0x1fff8d00                sale_number_copy
                0x1fff8d08                shift_number
                0x1fff8d0e                int_shiftnumber
                0x1fff8d0f                TotalRequestType
                0x1fff8d10                LCDhose
                0x1fff8d11                Receipt
                0x1fff8d12                Positions
                0x1fff8d13                int_salenumber
                0x1fff8d14                CRC
                0x1fff8d16                crc_lo
                0x1fff8d17                CurrentState
                0x1fff8d18                date_copy
                0x1fff8d20                hour_copy
                0x1fff8d28                touch1
                0x1fff8d3c                PollCounter
 *fill*         0x1fff8d3e        0x2 
 COMMON         0x1fff8d40       0x1c .\ARM_GCC_541\Debug\Mepsan.a(screen.o)
                0x1fff8d40                screen_txBuffer
                0x1fff8d48                screen_rxBuffer
 COMMON         0x1fff8d5c        0x5 .\ARM_GCC_541\Debug\Mepsan.a(PRINTER_A.o)
                0x1fff8d5c                PRINTER_A_txBuffer
 *fill*         0x1fff8d61        0x3 
 COMMON         0x1fff8d64       0x80 .\ARM_GCC_541\Debug\Mepsan.a(MEPSAN.o)
                0x1fff8d64                MEPSAN_rxBuffer
 COMMON         0x1fff8de4       0x80 .\ARM_GCC_541\Debug\Mepsan.a(GBCL.o)
                0x1fff8de4                GBCL_rxBuffer
 COMMON         0x1fff8e64        0x2 .\ARM_GCC_541\Debug\Mepsan.a(CyFlash.o)
                0x1fff8e64                dieTemperature
 *fill*         0x1fff8e66        0x2 
 COMMON         0x1fff8e68        0x4 c:/program files (x86)/cypress/psoc creator/4.2/psoc creator/import/gnu/arm/5.4.1/bin/../lib/gcc/arm-none-eabi/5.4.1/../../../../arm-none-eabi/lib/armv7-m\libg_nano.a(lib_a-reent.o)
                0x1fff8e68                errno
                0x1fff8e70                . = ALIGN (0x8)
 *fill*         0x1fff8e6c        0x4 
 *(.ram.b)
                0x1fff8e70                _end = .
                0x1fff8e70                __end = .
                0x1fff8e70                PROVIDE (end, .)
                0x1fff8e70                PROVIDE (__bss_end__, .)
                0x00009d18                __cy_region_init_ram = LOADADDR (.data)
                0x00000690                __cy_region_init_size_ram = (_edata - ADDR (.data))
                0x00000718                __cy_region_zero_size_ram = (_end - _edata)

.heap           0x1fff8e70       0x80 load address 0x0000a3a8
                0x1fff8e70                . = _end
                0x1fff8ef0                . = (. + 0x80)
 *fill*         0x1fff8e70       0x80 
                0x1fff8ef0                __cy_heap_limit = .

.stack          0x20007800      0x800
                0x20007800                __cy_stack_limit = .
                0x20008000                . = (. + 0x800)
 *fill*         0x20007800      0x800 
                0x00000001                ASSERT ((__cy_stack_limit >= __cy_heap_limit), region RAM overflowed with stack)
                0x00000000                cy_checksum_exclude_size = (CY_APPL_LOADABLE == 0x1)?SIZEOF (.cy_checksum_exclude):0x0
                0x00000001                ASSERT ((cy_checksum_exclude_size <= CY_CHECKSUM_EXCLUDE_SIZE), CY_BOOT: Section .cy_checksum_exclude size exceedes specified limit.)

.cyloadermeta
 *(.cyloadermeta)

.cyloadablemeta
 *(.cyloadablemeta)

.cyconfigecc    0x80000000     0x21ec
 *(.cyconfigecc)
 .cyconfigecc   0x80000000     0x21ec .\ARM_GCC_541\Debug\cymetadata.o
                0x80000000                cy_meta_configecc

.cycustnvl      0x90000000        0x4
 *(.cycustnvl)
 .cycustnvl     0x90000000        0x4 .\ARM_GCC_541\Debug\cymetadata.o
                0x90000000                cy_meta_custnvl

.cywolatch      0x90100000        0x4
 *(.cywolatch)
 .cywolatch     0x90100000        0x4 .\ARM_GCC_541\Debug\cymetadata.o
                0x90100000                cy_meta_wonvl

.cyeeprom       0x90200000        0x0
 *(.cyeeprom)
                0x00000001                ASSERT ((. <= ((0x90200000 + ee_offset) + ee_size)), .cyeeprom data will not fit in EEPROM)

.cyflashprotect
                0x90400000      0x100
 *(.cyflashprotect)
 .cyflashprotect
                0x90400000      0x100 .\ARM_GCC_541\Debug\cymetadata.o
                0x90400000                cy_meta_flashprotect

.cymeta         0x90500000        0xc
 *(.cymeta)
 .cymeta        0x90500000        0xc .\ARM_GCC_541\Debug\cymetadata.o
                0x90500000                cy_metadata

.rel.dyn        0x0000a3a8        0x0 load address 0x9050000c
 .rel.iplt      0x0000a3a8        0x0 c:/program files (x86)/cypress/psoc creator/4.2/psoc creator/import/gnu/arm/5.4.1/bin/../lib/gcc/arm-none-eabi/5.4.1/armv7-m/crtbegin.o

.stab           0x00000000       0x6c
 *(.stab)
 .stab          0x00000000       0x24 c:/program files (x86)/cypress/psoc creator/4.2/psoc creator/import/gnu/arm/5.4.1/bin/../lib/gcc/arm-none-eabi/5.4.1/../../../../arm-none-eabi/lib/armv7-m\libnosys.a(close.o)
 .stab          0x00000024       0x18 c:/program files (x86)/cypress/psoc creator/4.2/psoc creator/import/gnu/arm/5.4.1/bin/../lib/gcc/arm-none-eabi/5.4.1/../../../../arm-none-eabi/lib/armv7-m\libnosys.a(lseek.o)
                                 0x24 (size before relaxing)
 .stab          0x0000003c       0x18 c:/program files (x86)/cypress/psoc creator/4.2/psoc creator/import/gnu/arm/5.4.1/bin/../lib/gcc/arm-none-eabi/5.4.1/../../../../arm-none-eabi/lib/armv7-m\libnosys.a(read.o)
                                 0x24 (size before relaxing)
 .stab          0x00000054       0x18 c:/program files (x86)/cypress/psoc creator/4.2/psoc creator/import/gnu/arm/5.4.1/bin/../lib/gcc/arm-none-eabi/5.4.1/../../../../arm-none-eabi/lib/armv7-m\libnosys.a(write.o)
                                 0x24 (size before relaxing)

.stabstr        0x00000000       0xdf
 *(.stabstr)
 .stabstr       0x00000000       0xdf c:/program files (x86)/cypress/psoc creator/4.2/psoc creator/import/gnu/arm/5.4.1/bin/../lib/gcc/arm-none-eabi/5.4.1/../../../../arm-none-eabi/lib/armv7-m\libnosys.a(close.o)

.debug
 *(.debug)

.line
 *(.line)

.debug_srcinfo
 *(.debug_srcinfo)

.debug_sfnames
 *(.debug_sfnames)

.debug_aranges  0x00000000      0xc78
 *(.debug_aranges)
 .debug_aranges
                0x00000000       0x28 .\ARM_GCC_541\Debug\main.o
 .debug_aranges
                0x00000028       0x68 .\ARM_GCC_541\Debug\PumpCom.o
 .debug_aranges
                0x00000090       0x28 .\ARM_GCC_541\Debug\Gbr.o
 .debug_aranges
                0x000000b8       0x30 .\ARM_GCC_541\Debug\printer.o
 .debug_aranges
                0x000000e8       0x60 .\ARM_GCC_541\Debug\cyfitter_cfg.o
 .debug_aranges
                0x00000148       0x18 .\ARM_GCC_541\Debug\cymetadata.o
 .debug_aranges
                0x00000160       0x48 .\ARM_GCC_541\Debug\Cm3Start.o
 .debug_aranges
                0x000001a8       0x78 .\ARM_GCC_541\Debug\Mepsan.a(PWM_1.o)
 .debug_aranges
                0x00000220      0x2a0 .\ARM_GCC_541\Debug\Mepsan.a(CyLib.o)
 .debug_aranges
                0x000004c0       0x98 .\ARM_GCC_541\Debug\Mepsan.a(cyPm.o)
 .debug_aranges
                0x00000558       0x38 .\ARM_GCC_541\Debug\Mepsan.a(EnablePin.o)
 .debug_aranges
                0x00000590       0xf0 .\ARM_GCC_541\Debug\Mepsan.a(screen.o)
 .debug_aranges
                0x00000680       0x28 .\ARM_GCC_541\Debug\Mepsan.a(screen_INT.o)
 .debug_aranges
                0x000006a8       0x70 .\ARM_GCC_541\Debug\Mepsan.a(screen_IntClock.o)
 .debug_aranges
                0x00000718       0x78 .\ARM_GCC_541\Debug\Mepsan.a(EEPROM_1.o)
 .debug_aranges
                0x00000790       0xa0 .\ARM_GCC_541\Debug\Mepsan.a(PRINTER_A.o)
 .debug_aranges
                0x00000830       0x20 .\ARM_GCC_541\Debug\Mepsan.a(PRINTER_A_INT.o)
 .debug_aranges
                0x00000850       0x70 .\ARM_GCC_541\Debug\Mepsan.a(PRINTER_A_IntClock.o)
 .debug_aranges
                0x000008c0       0xf0 .\ARM_GCC_541\Debug\Mepsan.a(MEPSAN.o)
 .debug_aranges
                0x000009b0       0x20 .\ARM_GCC_541\Debug\Mepsan.a(MEPSAN_INT.o)
 .debug_aranges
                0x000009d0       0xf0 .\ARM_GCC_541\Debug\Mepsan.a(GBCL.o)
 .debug_aranges
                0x00000ac0       0x20 .\ARM_GCC_541\Debug\Mepsan.a(GBCL_INT.o)
 .debug_aranges
                0x00000ae0       0x70 .\ARM_GCC_541\Debug\Mepsan.a(MEPSAN_IntClock.o)
 .debug_aranges
                0x00000b50       0x20 .\ARM_GCC_541\Debug\Mepsan.a(CyBootAsmGnu.o)
 .debug_aranges
                0x00000b70       0x88 .\ARM_GCC_541\Debug\Mepsan.a(CyFlash.o)
 .debug_aranges
                0x00000bf8       0x80 .\ARM_GCC_541\Debug\Mepsan.a(CySpc.o)

.debug_pubnames
 *(.debug_pubnames)

.debug_info     0x00000000     0x8ba5
 *(.debug_info .gnu.linkonce.wi.*)
 .debug_info    0x00000000      0xac9 .\ARM_GCC_541\Debug\main.o
 .debug_info    0x00000ac9      0xbc0 .\ARM_GCC_541\Debug\PumpCom.o
 .debug_info    0x00001689      0x50a .\ARM_GCC_541\Debug\Gbr.o
 .debug_info    0x00001b93     0x21fe .\ARM_GCC_541\Debug\printer.o
 .debug_info    0x00003d91      0x3ce .\ARM_GCC_541\Debug\cyfitter_cfg.o
 .debug_info    0x0000415f      0x139 .\ARM_GCC_541\Debug\cymetadata.o
 .debug_info    0x00004298      0x32b .\ARM_GCC_541\Debug\Cm3Start.o
 .debug_info    0x000045c3      0x235 .\ARM_GCC_541\Debug\Mepsan.a(PWM_1.o)
 .debug_info    0x000047f8      0xe51 .\ARM_GCC_541\Debug\Mepsan.a(CyLib.o)
 .debug_info    0x00005649      0x57a .\ARM_GCC_541\Debug\Mepsan.a(cyPm.o)
 .debug_info    0x00005bc3      0x11e .\ARM_GCC_541\Debug\Mepsan.a(EnablePin.o)
 .debug_info    0x00005ce1      0x658 .\ARM_GCC_541\Debug\Mepsan.a(screen.o)
 .debug_info    0x00006339      0x193 .\ARM_GCC_541\Debug\Mepsan.a(screen_INT.o)
 .debug_info    0x000064cc      0x25d .\ARM_GCC_541\Debug\Mepsan.a(screen_IntClock.o)
 .debug_info    0x00006729      0x359 .\ARM_GCC_541\Debug\Mepsan.a(EEPROM_1.o)
 .debug_info    0x00006a82      0x402 .\ARM_GCC_541\Debug\Mepsan.a(PRINTER_A.o)
 .debug_info    0x00006e84       0xf6 .\ARM_GCC_541\Debug\Mepsan.a(PRINTER_A_INT.o)
 .debug_info    0x00006f7a      0x25d .\ARM_GCC_541\Debug\Mepsan.a(PRINTER_A_IntClock.o)
 .debug_info    0x000071d7      0x5f2 .\ARM_GCC_541\Debug\Mepsan.a(MEPSAN.o)
 .debug_info    0x000077c9      0x149 .\ARM_GCC_541\Debug\Mepsan.a(MEPSAN_INT.o)
 .debug_info    0x00007912      0x5f2 .\ARM_GCC_541\Debug\Mepsan.a(GBCL.o)
 .debug_info    0x00007f04      0x149 .\ARM_GCC_541\Debug\Mepsan.a(GBCL_INT.o)
 .debug_info    0x0000804d      0x25d .\ARM_GCC_541\Debug\Mepsan.a(MEPSAN_IntClock.o)
 .debug_info    0x000082aa       0x82 .\ARM_GCC_541\Debug\Mepsan.a(CyBootAsmGnu.o)
 .debug_info    0x0000832c      0x3b9 .\ARM_GCC_541\Debug\Mepsan.a(CyFlash.o)
 .debug_info    0x000086e5      0x4c0 .\ARM_GCC_541\Debug\Mepsan.a(CySpc.o)

.debug_abbrev   0x00000000     0x1e21
 *(.debug_abbrev)
 .debug_abbrev  0x00000000      0x184 .\ARM_GCC_541\Debug\main.o
 .debug_abbrev  0x00000184      0x22b .\ARM_GCC_541\Debug\PumpCom.o
 .debug_abbrev  0x000003af      0x132 .\ARM_GCC_541\Debug\Gbr.o
 .debug_abbrev  0x000004e1      0x18a .\ARM_GCC_541\Debug\printer.o
 .debug_abbrev  0x0000066b      0x183 .\ARM_GCC_541\Debug\cyfitter_cfg.o
 .debug_abbrev  0x000007ee       0x77 .\ARM_GCC_541\Debug\cymetadata.o
 .debug_abbrev  0x00000865      0x1d6 .\ARM_GCC_541\Debug\Cm3Start.o
 .debug_abbrev  0x00000a3b      0x116 .\ARM_GCC_541\Debug\Mepsan.a(PWM_1.o)
 .debug_abbrev  0x00000b51      0x217 .\ARM_GCC_541\Debug\Mepsan.a(CyLib.o)
 .debug_abbrev  0x00000d68      0x161 .\ARM_GCC_541\Debug\Mepsan.a(cyPm.o)
 .debug_abbrev  0x00000ec9       0x90 .\ARM_GCC_541\Debug\Mepsan.a(EnablePin.o)
 .debug_abbrev  0x00000f59      0x15f .\ARM_GCC_541\Debug\Mepsan.a(screen.o)
 .debug_abbrev  0x000010b8       0xa2 .\ARM_GCC_541\Debug\Mepsan.a(screen_INT.o)
 .debug_abbrev  0x0000115a      0x11d .\ARM_GCC_541\Debug\Mepsan.a(screen_IntClock.o)
 .debug_abbrev  0x00001277      0x117 .\ARM_GCC_541\Debug\Mepsan.a(EEPROM_1.o)
 .debug_abbrev  0x0000138e      0x143 .\ARM_GCC_541\Debug\Mepsan.a(PRINTER_A.o)
 .debug_abbrev  0x000014d1       0x79 .\ARM_GCC_541\Debug\Mepsan.a(PRINTER_A_INT.o)
 .debug_abbrev  0x0000154a      0x11d .\ARM_GCC_541\Debug\Mepsan.a(PRINTER_A_IntClock.o)
 .debug_abbrev  0x00001667      0x15f .\ARM_GCC_541\Debug\Mepsan.a(MEPSAN.o)
 .debug_abbrev  0x000017c6       0x8a .\ARM_GCC_541\Debug\Mepsan.a(MEPSAN_INT.o)
 .debug_abbrev  0x00001850      0x15f .\ARM_GCC_541\Debug\Mepsan.a(GBCL.o)
 .debug_abbrev  0x000019af       0x8a .\ARM_GCC_541\Debug\Mepsan.a(GBCL_INT.o)
 .debug_abbrev  0x00001a39      0x11d .\ARM_GCC_541\Debug\Mepsan.a(MEPSAN_IntClock.o)
 .debug_abbrev  0x00001b56       0x14 .\ARM_GCC_541\Debug\Mepsan.a(CyBootAsmGnu.o)
 .debug_abbrev  0x00001b6a      0x14b .\ARM_GCC_541\Debug\Mepsan.a(CyFlash.o)
 .debug_abbrev  0x00001cb5      0x16c .\ARM_GCC_541\Debug\Mepsan.a(CySpc.o)

.debug_line     0x00000000     0x4fef
 *(.debug_line)
 .debug_line    0x00000000      0x75b .\ARM_GCC_541\Debug\main.o
 .debug_line    0x0000075b      0x713 .\ARM_GCC_541\Debug\PumpCom.o
 .debug_line    0x00000e6e      0x18d .\ARM_GCC_541\Debug\Gbr.o
 .debug_line    0x00000ffb     0x12d5 .\ARM_GCC_541\Debug\printer.o
 .debug_line    0x000022d0      0x226 .\ARM_GCC_541\Debug\cyfitter_cfg.o
 .debug_line    0x000024f6      0x141 .\ARM_GCC_541\Debug\cymetadata.o
 .debug_line    0x00002637      0x1dc .\ARM_GCC_541\Debug\Cm3Start.o
 .debug_line    0x00002813      0x140 .\ARM_GCC_541\Debug\Mepsan.a(PWM_1.o)
 .debug_line    0x00002953      0x883 .\ARM_GCC_541\Debug\Mepsan.a(CyLib.o)
 .debug_line    0x000031d6      0x38e .\ARM_GCC_541\Debug\Mepsan.a(cyPm.o)
 .debug_line    0x00003564       0x99 .\ARM_GCC_541\Debug\Mepsan.a(EnablePin.o)
 .debug_line    0x000035fd      0x349 .\ARM_GCC_541\Debug\Mepsan.a(screen.o)
 .debug_line    0x00003946       0xb1 .\ARM_GCC_541\Debug\Mepsan.a(screen_INT.o)
 .debug_line    0x000039f7      0x1ae .\ARM_GCC_541\Debug\Mepsan.a(screen_IntClock.o)
 .debug_line    0x00003ba5      0x228 .\ARM_GCC_541\Debug\Mepsan.a(EEPROM_1.o)
 .debug_line    0x00003dcd      0x238 .\ARM_GCC_541\Debug\Mepsan.a(PRINTER_A.o)
 .debug_line    0x00004005       0x8a .\ARM_GCC_541\Debug\Mepsan.a(PRINTER_A_INT.o)
 .debug_line    0x0000408f      0x1b1 .\ARM_GCC_541\Debug\Mepsan.a(PRINTER_A_IntClock.o)
 .debug_line    0x00004240      0x30b .\ARM_GCC_541\Debug\Mepsan.a(MEPSAN.o)
 .debug_line    0x0000454b       0x8a .\ARM_GCC_541\Debug\Mepsan.a(MEPSAN_INT.o)
 .debug_line    0x000045d5      0x309 .\ARM_GCC_541\Debug\Mepsan.a(GBCL.o)
 .debug_line    0x000048de       0x86 .\ARM_GCC_541\Debug\Mepsan.a(GBCL_INT.o)
 .debug_line    0x00004964      0x1ae .\ARM_GCC_541\Debug\Mepsan.a(MEPSAN_IntClock.o)
 .debug_line    0x00004b12       0x7d .\ARM_GCC_541\Debug\Mepsan.a(CyBootAsmGnu.o)
 .debug_line    0x00004b8f      0x22f .\ARM_GCC_541\Debug\Mepsan.a(CyFlash.o)
 .debug_line    0x00004dbe      0x231 .\ARM_GCC_541\Debug\Mepsan.a(CySpc.o)

.debug_frame    0x00000000     0x3b08
 *(.debug_frame)
 .debug_frame   0x00000000       0x50 .\ARM_GCC_541\Debug\main.o
 .debug_frame   0x00000050      0x1b8 .\ARM_GCC_541\Debug\PumpCom.o
 .debug_frame   0x00000208       0x54 .\ARM_GCC_541\Debug\Gbr.o
 .debug_frame   0x0000025c       0x94 .\ARM_GCC_541\Debug\printer.o
 .debug_frame   0x000002f0      0x160 .\ARM_GCC_541\Debug\cyfitter_cfg.o
 .debug_frame   0x00000450       0xd8 .\ARM_GCC_541\Debug\Cm3Start.o
 .debug_frame   0x00000528      0x1d0 .\ARM_GCC_541\Debug\Mepsan.a(PWM_1.o)
 .debug_frame   0x000006f8      0xc0c .\ARM_GCC_541\Debug\Mepsan.a(CyLib.o)
 .debug_frame   0x00001304      0x234 .\ARM_GCC_541\Debug\Mepsan.a(cyPm.o)
 .debug_frame   0x00001538       0xa8 .\ARM_GCC_541\Debug\Mepsan.a(EnablePin.o)
 .debug_frame   0x000015e0      0x428 .\ARM_GCC_541\Debug\Mepsan.a(screen.o)
 .debug_frame   0x00001a08       0x5c .\ARM_GCC_541\Debug\Mepsan.a(screen_INT.o)
 .debug_frame   0x00001a64      0x1b4 .\ARM_GCC_541\Debug\Mepsan.a(screen_IntClock.o)
 .debug_frame   0x00001c18      0x1c0 .\ARM_GCC_541\Debug\Mepsan.a(EEPROM_1.o)
 .debug_frame   0x00001dd8      0x298 .\ARM_GCC_541\Debug\Mepsan.a(PRINTER_A.o)
 .debug_frame   0x00002070       0x34 .\ARM_GCC_541\Debug\Mepsan.a(PRINTER_A_INT.o)
 .debug_frame   0x000020a4      0x1b4 .\ARM_GCC_541\Debug\Mepsan.a(PRINTER_A_IntClock.o)
 .debug_frame   0x00002258      0x428 .\ARM_GCC_541\Debug\Mepsan.a(MEPSAN.o)
 .debug_frame   0x00002680       0x38 .\ARM_GCC_541\Debug\Mepsan.a(MEPSAN_INT.o)
 .debug_frame   0x000026b8      0x428 .\ARM_GCC_541\Debug\Mepsan.a(GBCL.o)
 .debug_frame   0x00002ae0       0x38 .\ARM_GCC_541\Debug\Mepsan.a(GBCL_INT.o)
 .debug_frame   0x00002b18      0x1b4 .\ARM_GCC_541\Debug\Mepsan.a(MEPSAN_IntClock.o)
 .debug_frame   0x00002ccc      0x238 .\ARM_GCC_541\Debug\Mepsan.a(CyFlash.o)
 .debug_frame   0x00002f04      0x228 .\ARM_GCC_541\Debug\Mepsan.a(CySpc.o)
 .debug_frame   0x0000312c       0x20 c:/program files (x86)/cypress/psoc creator/4.2/psoc creator/import/gnu/arm/5.4.1/bin/../lib/gcc/arm-none-eabi/5.4.1/../../../../arm-none-eabi/lib/armv7-m\libg_nano.a(lib_a-errno.o)
 .debug_frame   0x0000314c       0x28 c:/program files (x86)/cypress/psoc creator/4.2/psoc creator/import/gnu/arm/5.4.1/bin/../lib/gcc/arm-none-eabi/5.4.1/../../../../arm-none-eabi/lib/armv7-m\libg_nano.a(lib_a-exit.o)
 .debug_frame   0x00003174       0x2c c:/program files (x86)/cypress/psoc creator/4.2/psoc creator/import/gnu/arm/5.4.1/bin/../lib/gcc/arm-none-eabi/5.4.1/../../../../arm-none-eabi/lib/armv7-m\libg_nano.a(lib_a-init.o)
 .debug_frame   0x000031a0       0x28 c:/program files (x86)/cypress/psoc creator/4.2/psoc creator/import/gnu/arm/5.4.1/bin/../lib/gcc/arm-none-eabi/5.4.1/../../../../arm-none-eabi/lib/armv7-m\libg_nano.a(lib_a-memcpy-stub.o)
 .debug_frame   0x000031c8       0x20 c:/program files (x86)/cypress/psoc creator/4.2/psoc creator/import/gnu/arm/5.4.1/bin/../lib/gcc/arm-none-eabi/5.4.1/../../../../arm-none-eabi/lib/armv7-m\libg_nano.a(lib_a-memset.o)
 .debug_frame   0x000031e8       0x70 c:/program files (x86)/cypress/psoc creator/4.2/psoc creator/import/gnu/arm/5.4.1/bin/../lib/gcc/arm-none-eabi/5.4.1/../../../../arm-none-eabi/lib/armv7-m\libg_nano.a(lib_a-sprintf.o)
 .debug_frame   0x00003258       0x80 c:/program files (x86)/cypress/psoc creator/4.2/psoc creator/import/gnu/arm/5.4.1/bin/../lib/gcc/arm-none-eabi/5.4.1/../../../../arm-none-eabi/lib/armv7-m\libg_nano.a(lib_a-sscanf.o)
 .debug_frame   0x000032d8       0x88 c:/program files (x86)/cypress/psoc creator/4.2/psoc creator/import/gnu/arm/5.4.1/bin/../lib/gcc/arm-none-eabi/5.4.1/../../../../arm-none-eabi/lib/armv7-m\libg_nano.a(lib_a-stdio.o)
 .debug_frame   0x00003360       0x2c c:/program files (x86)/cypress/psoc creator/4.2/psoc creator/import/gnu/arm/5.4.1/bin/../lib/gcc/arm-none-eabi/5.4.1/../../../../arm-none-eabi/lib/armv7-m\libg_nano.a(lib_a-writer.o)
 .debug_frame   0x0000338c       0x2c c:/program files (x86)/cypress/psoc creator/4.2/psoc creator/import/gnu/arm/5.4.1/bin/../lib/gcc/arm-none-eabi/5.4.1/../../../../arm-none-eabi/lib/armv7-m\libg_nano.a(lib_a-closer.o)
 .debug_frame   0x000033b8       0x2c c:/program files (x86)/cypress/psoc creator/4.2/psoc creator/import/gnu/arm/5.4.1/bin/../lib/gcc/arm-none-eabi/5.4.1/../../../../arm-none-eabi/lib/armv7-m\libg_nano.a(lib_a-lseekr.o)
 .debug_frame   0x000033e4       0x90 c:/program files (x86)/cypress/psoc creator/4.2/psoc creator/import/gnu/arm/5.4.1/bin/../lib/gcc/arm-none-eabi/5.4.1/../../../../arm-none-eabi/lib/armv7-m\libg_nano.a(lib_a-nano-svfprintf.o)
 .debug_frame   0x00003474       0x74 c:/program files (x86)/cypress/psoc creator/4.2/psoc creator/import/gnu/arm/5.4.1/bin/../lib/gcc/arm-none-eabi/5.4.1/../../../../arm-none-eabi/lib/armv7-m\libg_nano.a(lib_a-nano-svfscanf.o)
 .debug_frame   0x000034e8       0x60 c:/program files (x86)/cypress/psoc creator/4.2/psoc creator/import/gnu/arm/5.4.1/bin/../lib/gcc/arm-none-eabi/5.4.1/../../../../arm-none-eabi/lib/armv7-m\libg_nano.a(lib_a-nano-vfprintf_i.o)
 .debug_frame   0x00003548       0x60 c:/program files (x86)/cypress/psoc creator/4.2/psoc creator/import/gnu/arm/5.4.1/bin/../lib/gcc/arm-none-eabi/5.4.1/../../../../arm-none-eabi/lib/armv7-m\libg_nano.a(lib_a-nano-vfscanf_i.o)
 .debug_frame   0x000035a8       0x2c c:/program files (x86)/cypress/psoc creator/4.2/psoc creator/import/gnu/arm/5.4.1/bin/../lib/gcc/arm-none-eabi/5.4.1/../../../../arm-none-eabi/lib/armv7-m\libg_nano.a(lib_a-readr.o)
 .debug_frame   0x000035d4       0x5c c:/program files (x86)/cypress/psoc creator/4.2/psoc creator/import/gnu/arm/5.4.1/bin/../lib/gcc/arm-none-eabi/5.4.1/../../../../arm-none-eabi/lib/armv7-m\libg_nano.a(lib_a-reent.o)
 .debug_frame   0x00003630       0x2c c:/program files (x86)/cypress/psoc creator/4.2/psoc creator/import/gnu/arm/5.4.1/bin/../lib/gcc/arm-none-eabi/5.4.1/../../../../arm-none-eabi/lib/armv7-m\libg_nano.a(lib_a-sccl.o)
 .debug_frame   0x0000365c       0x44 c:/program files (x86)/cypress/psoc creator/4.2/psoc creator/import/gnu/arm/5.4.1/bin/../lib/gcc/arm-none-eabi/5.4.1/../../../../arm-none-eabi/lib/armv7-m\libg_nano.a(lib_a-strtol.o)
 .debug_frame   0x000036a0       0x44 c:/program files (x86)/cypress/psoc creator/4.2/psoc creator/import/gnu/arm/5.4.1/bin/../lib/gcc/arm-none-eabi/5.4.1/../../../../arm-none-eabi/lib/armv7-m\libg_nano.a(lib_a-strtoul.o)
 .debug_frame   0x000036e4       0x60 c:/program files (x86)/cypress/psoc creator/4.2/psoc creator/import/gnu/arm/5.4.1/bin/../lib/gcc/arm-none-eabi/5.4.1/../../../../arm-none-eabi/lib/armv7-m\libg_nano.a(lib_a-ungetc.o)
 .debug_frame   0x00003744       0x68 c:/program files (x86)/cypress/psoc creator/4.2/psoc creator/import/gnu/arm/5.4.1/bin/../lib/gcc/arm-none-eabi/5.4.1/../../../../arm-none-eabi/lib/armv7-m\libg_nano.a(lib_a-fflush.o)
 .debug_frame   0x000037ac      0x11c c:/program files (x86)/cypress/psoc creator/4.2/psoc creator/import/gnu/arm/5.4.1/bin/../lib/gcc/arm-none-eabi/5.4.1/../../../../arm-none-eabi/lib/armv7-m\libg_nano.a(lib_a-findfp.o)
 .debug_frame   0x000038c8       0x54 c:/program files (x86)/cypress/psoc creator/4.2/psoc creator/import/gnu/arm/5.4.1/bin/../lib/gcc/arm-none-eabi/5.4.1/../../../../arm-none-eabi/lib/armv7-m\libg_nano.a(lib_a-fwalk.o)
 .debug_frame   0x0000391c       0x28 c:/program files (x86)/cypress/psoc creator/4.2/psoc creator/import/gnu/arm/5.4.1/bin/../lib/gcc/arm-none-eabi/5.4.1/../../../../arm-none-eabi/lib/armv7-m\libg_nano.a(lib_a-memchr-stub.o)
 .debug_frame   0x00003944       0x28 c:/program files (x86)/cypress/psoc creator/4.2/psoc creator/import/gnu/arm/5.4.1/bin/../lib/gcc/arm-none-eabi/5.4.1/../../../../arm-none-eabi/lib/armv7-m\libg_nano.a(lib_a-memmove.o)
 .debug_frame   0x0000396c       0x38 c:/program files (x86)/cypress/psoc creator/4.2/psoc creator/import/gnu/arm/5.4.1/bin/../lib/gcc/arm-none-eabi/5.4.1/../../../../arm-none-eabi/lib/armv7-m\libg_nano.a(lib_a-nano-freer.o)
 .debug_frame   0x000039a4       0x2c c:/program files (x86)/cypress/psoc creator/4.2/psoc creator/import/gnu/arm/5.4.1/bin/../lib/gcc/arm-none-eabi/5.4.1/../../../../arm-none-eabi/lib/armv7-m\libg_nano.a(lib_a-nano-mallocr.o)
 .debug_frame   0x000039d0       0x3c c:/program files (x86)/cypress/psoc creator/4.2/psoc creator/import/gnu/arm/5.4.1/bin/../lib/gcc/arm-none-eabi/5.4.1/../../../../arm-none-eabi/lib/armv7-m\libg_nano.a(lib_a-nano-reallocr.o)
 .debug_frame   0x00003a0c       0x2c c:/program files (x86)/cypress/psoc creator/4.2/psoc creator/import/gnu/arm/5.4.1/bin/../lib/gcc/arm-none-eabi/5.4.1/../../../../arm-none-eabi/lib/armv7-m\libg_nano.a(lib_a-sbrkr.o)
 .debug_frame   0x00003a38       0x30 c:/program files (x86)/cypress/psoc creator/4.2/psoc creator/import/gnu/arm/5.4.1/bin/../lib/gcc/arm-none-eabi/5.4.1/../../../../arm-none-eabi/lib/armv7-m\libg_nano.a(lib_a-mlock.o)
 .debug_frame   0x00003a68       0x20 c:/program files (x86)/cypress/psoc creator/4.2/psoc creator/import/gnu/arm/5.4.1/bin/../lib/gcc/arm-none-eabi/5.4.1/../../../../arm-none-eabi/lib/armv7-m\libg_nano.a(lib_a-nano-msizer.o)
 .debug_frame   0x00003a88       0x20 c:/program files (x86)/cypress/psoc creator/4.2/psoc creator/import/gnu/arm/5.4.1/bin/../lib/gcc/arm-none-eabi/5.4.1/../../../../arm-none-eabi/lib/armv7-m\libnosys.a(close.o)
 .debug_frame   0x00003aa8       0x20 c:/program files (x86)/cypress/psoc creator/4.2/psoc creator/import/gnu/arm/5.4.1/bin/../lib/gcc/arm-none-eabi/5.4.1/../../../../arm-none-eabi/lib/armv7-m\libnosys.a(lseek.o)
 .debug_frame   0x00003ac8       0x20 c:/program files (x86)/cypress/psoc creator/4.2/psoc creator/import/gnu/arm/5.4.1/bin/../lib/gcc/arm-none-eabi/5.4.1/../../../../arm-none-eabi/lib/armv7-m\libnosys.a(read.o)
 .debug_frame   0x00003ae8       0x20 c:/program files (x86)/cypress/psoc creator/4.2/psoc creator/import/gnu/arm/5.4.1/bin/../lib/gcc/arm-none-eabi/5.4.1/../../../../arm-none-eabi/lib/armv7-m\libnosys.a(write.o)

.debug_str      0x00000000     0x2d11
 *(.debug_str)
 .debug_str     0x00000000      0x394 .\ARM_GCC_541\Debug\main.o
                                0x400 (size before relaxing)
 .debug_str     0x00000394       0xb8 .\ARM_GCC_541\Debug\PumpCom.o
                                0x480 (size before relaxing)
 .debug_str     0x0000044c       0xa9 .\ARM_GCC_541\Debug\Gbr.o
                                0x404 (size before relaxing)
 .debug_str     0x000004f5      0x387 .\ARM_GCC_541\Debug\printer.o
                                0x70c (size before relaxing)
 .debug_str     0x0000087c      0x192 .\ARM_GCC_541\Debug\cyfitter_cfg.o
                                0x311 (size before relaxing)
 .debug_str     0x00000a0e       0x75 .\ARM_GCC_541\Debug\cymetadata.o
                                0x1d6 (size before relaxing)
 .debug_str     0x00000a83      0x124 .\ARM_GCC_541\Debug\Cm3Start.o
                                0x2c9 (size before relaxing)
 .debug_str     0x00000ba7      0x13a .\ARM_GCC_541\Debug\Mepsan.a(PWM_1.o)
                                0x2bf (size before relaxing)
 .debug_str     0x00000ce1      0x80b .\ARM_GCC_541\Debug\Mepsan.a(CyLib.o)
                                0x9dc (size before relaxing)
 .debug_str     0x000014ec      0x371 .\ARM_GCC_541\Debug\Mepsan.a(cyPm.o)
                                0x535 (size before relaxing)
 .debug_str     0x0000185d       0x7a .\ARM_GCC_541\Debug\Mepsan.a(EnablePin.o)
                                0x1e8 (size before relaxing)
 .debug_str     0x000018d7      0x3b4 .\ARM_GCC_541\Debug\Mepsan.a(screen.o)
                                0x562 (size before relaxing)
 .debug_str     0x00001c8b       0x64 .\ARM_GCC_541\Debug\Mepsan.a(screen_INT.o)
                                0x293 (size before relaxing)
 .debug_str     0x00001cef      0x1c2 .\ARM_GCC_541\Debug\Mepsan.a(screen_IntClock.o)
                                0x340 (size before relaxing)
 .debug_str     0x00001eb1      0x14a .\ARM_GCC_541\Debug\Mepsan.a(EEPROM_1.o)
                                0x2f0 (size before relaxing)
 .debug_str     0x00001ffb      0x1e9 .\ARM_GCC_541\Debug\Mepsan.a(PRINTER_A.o)
                                0x40b (size before relaxing)
 .debug_str     0x000021e4       0x37 .\ARM_GCC_541\Debug\Mepsan.a(PRINTER_A_INT.o)
                                0x1f1 (size before relaxing)
 .debug_str     0x0000221b      0x19b .\ARM_GCC_541\Debug\Mepsan.a(PRINTER_A_IntClock.o)
                                0x364 (size before relaxing)
 .debug_str     0x000023b6      0x2b8 .\ARM_GCC_541\Debug\Mepsan.a(MEPSAN.o)
                                0x508 (size before relaxing)
 .debug_str     0x0000266e       0x31 .\ARM_GCC_541\Debug\Mepsan.a(MEPSAN_INT.o)
                                0x24d (size before relaxing)
 .debug_str     0x0000269f      0x272 .\ARM_GCC_541\Debug\Mepsan.a(GBCL.o)
                                0x4c2 (size before relaxing)
 .debug_str     0x00002911       0x2d .\ARM_GCC_541\Debug\Mepsan.a(GBCL_INT.o)
                                0x23d (size before relaxing)
 .debug_str     0x0000293e      0x177 .\ARM_GCC_541\Debug\Mepsan.a(MEPSAN_IntClock.o)
                                0x340 (size before relaxing)
 .debug_str     0x00002ab5      0x135 .\ARM_GCC_541\Debug\Mepsan.a(CyFlash.o)
                                0x2f9 (size before relaxing)
 .debug_str     0x00002bea      0x127 .\ARM_GCC_541\Debug\Mepsan.a(CySpc.o)
                                0x2f3 (size before relaxing)

.debug_loc
 *(.debug_loc)

.debug_macinfo
 *(.debug_macinfo)

.debug_ranges   0x00000000      0xac0
 *(.debug_ranges)
 .debug_ranges  0x00000000       0x18 .\ARM_GCC_541\Debug\main.o
 .debug_ranges  0x00000018       0x58 .\ARM_GCC_541\Debug\PumpCom.o
 .debug_ranges  0x00000070       0x18 .\ARM_GCC_541\Debug\Gbr.o
 .debug_ranges  0x00000088       0x20 .\ARM_GCC_541\Debug\printer.o
 .debug_ranges  0x000000a8       0x50 .\ARM_GCC_541\Debug\cyfitter_cfg.o
 .debug_ranges  0x000000f8       0x38 .\ARM_GCC_541\Debug\Cm3Start.o
 .debug_ranges  0x00000130       0x68 .\ARM_GCC_541\Debug\Mepsan.a(PWM_1.o)
 .debug_ranges  0x00000198      0x290 .\ARM_GCC_541\Debug\Mepsan.a(CyLib.o)
 .debug_ranges  0x00000428       0x88 .\ARM_GCC_541\Debug\Mepsan.a(cyPm.o)
 .debug_ranges  0x000004b0       0x28 .\ARM_GCC_541\Debug\Mepsan.a(EnablePin.o)
 .debug_ranges  0x000004d8       0xe0 .\ARM_GCC_541\Debug\Mepsan.a(screen.o)
 .debug_ranges  0x000005b8       0x18 .\ARM_GCC_541\Debug\Mepsan.a(screen_INT.o)
 .debug_ranges  0x000005d0       0x60 .\ARM_GCC_541\Debug\Mepsan.a(screen_IntClock.o)
 .debug_ranges  0x00000630       0x68 .\ARM_GCC_541\Debug\Mepsan.a(EEPROM_1.o)
 .debug_ranges  0x00000698       0x90 .\ARM_GCC_541\Debug\Mepsan.a(PRINTER_A.o)
 .debug_ranges  0x00000728       0x10 .\ARM_GCC_541\Debug\Mepsan.a(PRINTER_A_INT.o)
 .debug_ranges  0x00000738       0x60 .\ARM_GCC_541\Debug\Mepsan.a(PRINTER_A_IntClock.o)
 .debug_ranges  0x00000798       0xe0 .\ARM_GCC_541\Debug\Mepsan.a(MEPSAN.o)
 .debug_ranges  0x00000878       0x10 .\ARM_GCC_541\Debug\Mepsan.a(MEPSAN_INT.o)
 .debug_ranges  0x00000888       0xe0 .\ARM_GCC_541\Debug\Mepsan.a(GBCL.o)
 .debug_ranges  0x00000968       0x10 .\ARM_GCC_541\Debug\Mepsan.a(GBCL_INT.o)
 .debug_ranges  0x00000978       0x60 .\ARM_GCC_541\Debug\Mepsan.a(MEPSAN_IntClock.o)
 .debug_ranges  0x000009d8       0x78 .\ARM_GCC_541\Debug\Mepsan.a(CyFlash.o)
 .debug_ranges  0x00000a50       0x70 .\ARM_GCC_541\Debug\Mepsan.a(CySpc.o)

.comment        0x00000000       0x6e
 .comment       0x00000000       0x6e .\ARM_GCC_541\Debug\main.o
                                 0x6f (size before relaxing)
 .comment       0x0000006e       0x6f .\ARM_GCC_541\Debug\PumpCom.o
 .comment       0x0000006e       0x6f .\ARM_GCC_541\Debug\Gbr.o
 .comment       0x0000006e       0x6f .\ARM_GCC_541\Debug\printer.o
 .comment       0x0000006e       0x6f .\ARM_GCC_541\Debug\cyfitter_cfg.o
 .comment       0x0000006e       0x6f .\ARM_GCC_541\Debug\cymetadata.o
 .comment       0x0000006e       0x6f .\ARM_GCC_541\Debug\Cm3Start.o
 .comment       0x0000006e       0x6f .\ARM_GCC_541\Debug\Mepsan.a(PWM_1.o)
 .comment       0x0000006e       0x6f .\ARM_GCC_541\Debug\Mepsan.a(CyLib.o)
 .comment       0x0000006e       0x6f .\ARM_GCC_541\Debug\Mepsan.a(cyPm.o)
 .comment       0x0000006e       0x6f .\ARM_GCC_541\Debug\Mepsan.a(EnablePin.o)
 .comment       0x0000006e       0x6f .\ARM_GCC_541\Debug\Mepsan.a(screen.o)
 .comment       0x0000006e       0x6f .\ARM_GCC_541\Debug\Mepsan.a(screen_INT.o)
 .comment       0x0000006e       0x6f .\ARM_GCC_541\Debug\Mepsan.a(screen_IntClock.o)
 .comment       0x0000006e       0x6f .\ARM_GCC_541\Debug\Mepsan.a(EEPROM_1.o)
 .comment       0x0000006e       0x6f .\ARM_GCC_541\Debug\Mepsan.a(PRINTER_A.o)
 .comment       0x0000006e       0x6f .\ARM_GCC_541\Debug\Mepsan.a(PRINTER_A_INT.o)
 .comment       0x0000006e       0x6f .\ARM_GCC_541\Debug\Mepsan.a(PRINTER_A_IntClock.o)
 .comment       0x0000006e       0x6f .\ARM_GCC_541\Debug\Mepsan.a(MEPSAN.o)
 .comment       0x0000006e       0x6f .\ARM_GCC_541\Debug\Mepsan.a(MEPSAN_INT.o)
 .comment       0x0000006e       0x6f .\ARM_GCC_541\Debug\Mepsan.a(GBCL.o)
 .comment       0x0000006e       0x6f .\ARM_GCC_541\Debug\Mepsan.a(GBCL_INT.o)
 .comment       0x0000006e       0x6f .\ARM_GCC_541\Debug\Mepsan.a(MEPSAN_IntClock.o)
 .comment       0x0000006e       0x6f .\ARM_GCC_541\Debug\Mepsan.a(CyFlash.o)
 .comment       0x0000006e       0x6f .\ARM_GCC_541\Debug\Mepsan.a(CySpc.o)

.debug_weaknames
 *(.debug_weaknames)

.debug_funcnames
 *(.debug_funcnames)

.debug_typenames
 *(.debug_typenames)

.debug_varnames
 *(.debug_varnames)

.note.gnu.arm.ident
 *(.note.gnu.arm.ident)

.ARM.attributes
                0x00000000       0x29
 *(.ARM.attributes)
 .ARM.attributes
                0x00000000       0x1d c:/program files (x86)/cypress/psoc creator/4.2/psoc creator/import/gnu/arm/5.4.1/bin/../lib/gcc/arm-none-eabi/5.4.1/armv7-m/crti.o
 .ARM.attributes
                0x0000001d       0x2d c:/program files (x86)/cypress/psoc creator/4.2/psoc creator/import/gnu/arm/5.4.1/bin/../lib/gcc/arm-none-eabi/5.4.1/armv7-m/crtbegin.o
 .ARM.attributes
                0x0000004a       0x1b c:/program files (x86)/cypress/psoc creator/4.2/psoc creator/import/gnu/arm/5.4.1/bin/../lib/gcc/arm-none-eabi/5.4.1/../../../../arm-none-eabi/lib/armv7-m/crt0.o
 .ARM.attributes
                0x00000065       0x33 .\ARM_GCC_541\Debug\main.o
 .ARM.attributes
                0x00000098       0x33 .\ARM_GCC_541\Debug\PumpCom.o
 .ARM.attributes
                0x000000cb       0x33 .\ARM_GCC_541\Debug\Gbr.o
 .ARM.attributes
                0x000000fe       0x33 .\ARM_GCC_541\Debug\printer.o
 .ARM.attributes
                0x00000131       0x33 .\ARM_GCC_541\Debug\cyfitter_cfg.o
 .ARM.attributes
                0x00000164       0x33 .\ARM_GCC_541\Debug\cymetadata.o
 .ARM.attributes
                0x00000197       0x33 .\ARM_GCC_541\Debug\Cm3Start.o
 .ARM.attributes
                0x000001ca       0x33 .\ARM_GCC_541\Debug\Mepsan.a(PWM_1.o)
 .ARM.attributes
                0x000001fd       0x33 .\ARM_GCC_541\Debug\Mepsan.a(CyLib.o)
 .ARM.attributes
                0x00000230       0x33 .\ARM_GCC_541\Debug\Mepsan.a(cyPm.o)
 .ARM.attributes
                0x00000263       0x33 .\ARM_GCC_541\Debug\Mepsan.a(EnablePin.o)
 .ARM.attributes
                0x00000296       0x33 .\ARM_GCC_541\Debug\Mepsan.a(screen.o)
 .ARM.attributes
                0x000002c9       0x33 .\ARM_GCC_541\Debug\Mepsan.a(screen_INT.o)
 .ARM.attributes
                0x000002fc       0x33 .\ARM_GCC_541\Debug\Mepsan.a(screen_IntClock.o)
 .ARM.attributes
                0x0000032f       0x33 .\ARM_GCC_541\Debug\Mepsan.a(EEPROM_1.o)
 .ARM.attributes
                0x00000362       0x33 .\ARM_GCC_541\Debug\Mepsan.a(PRINTER_A.o)
 .ARM.attributes
                0x00000395       0x33 .\ARM_GCC_541\Debug\Mepsan.a(PRINTER_A_INT.o)
 .ARM.attributes
                0x000003c8       0x33 .\ARM_GCC_541\Debug\Mepsan.a(PRINTER_A_IntClock.o)
 .ARM.attributes
                0x000003fb       0x33 .\ARM_GCC_541\Debug\Mepsan.a(MEPSAN.o)
 .ARM.attributes
                0x0000042e       0x33 .\ARM_GCC_541\Debug\Mepsan.a(MEPSAN_INT.o)
 .ARM.attributes
                0x00000461       0x33 .\ARM_GCC_541\Debug\Mepsan.a(GBCL.o)
 .ARM.attributes
                0x00000494       0x33 .\ARM_GCC_541\Debug\Mepsan.a(GBCL_INT.o)
 .ARM.attributes
                0x000004c7       0x33 .\ARM_GCC_541\Debug\Mepsan.a(MEPSAN_IntClock.o)
 .ARM.attributes
                0x000004fa       0x21 .\ARM_GCC_541\Debug\Mepsan.a(CyBootAsmGnu.o)
 .ARM.attributes
                0x0000051b       0x33 .\ARM_GCC_541\Debug\Mepsan.a(CyFlash.o)
 .ARM.attributes
                0x0000054e       0x33 .\ARM_GCC_541\Debug\Mepsan.a(CySpc.o)
 .ARM.attributes
                0x00000581       0x2d c:/program files (x86)/cypress/psoc creator/4.2/psoc creator/import/gnu/arm/5.4.1/bin/../lib/gcc/arm-none-eabi/5.4.1/../../../../arm-none-eabi/lib/armv7-m\libg_nano.a(lib_a-errno.o)
 .ARM.attributes
                0x000005ae       0x2d c:/program files (x86)/cypress/psoc creator/4.2/psoc creator/import/gnu/arm/5.4.1/bin/../lib/gcc/arm-none-eabi/5.4.1/../../../../arm-none-eabi/lib/armv7-m\libg_nano.a(lib_a-exit.o)
 .ARM.attributes
                0x000005db       0x2d c:/program files (x86)/cypress/psoc creator/4.2/psoc creator/import/gnu/arm/5.4.1/bin/../lib/gcc/arm-none-eabi/5.4.1/../../../../arm-none-eabi/lib/armv7-m\libg_nano.a(lib_a-impure.o)
 .ARM.attributes
                0x00000608       0x2d c:/program files (x86)/cypress/psoc creator/4.2/psoc creator/import/gnu/arm/5.4.1/bin/../lib/gcc/arm-none-eabi/5.4.1/../../../../arm-none-eabi/lib/armv7-m\libg_nano.a(lib_a-init.o)
 .ARM.attributes
                0x00000635       0x2d c:/program files (x86)/cypress/psoc creator/4.2/psoc creator/import/gnu/arm/5.4.1/bin/../lib/gcc/arm-none-eabi/5.4.1/../../../../arm-none-eabi/lib/armv7-m\libg_nano.a(lib_a-memcpy-stub.o)
 .ARM.attributes
                0x00000662       0x2d c:/program files (x86)/cypress/psoc creator/4.2/psoc creator/import/gnu/arm/5.4.1/bin/../lib/gcc/arm-none-eabi/5.4.1/../../../../arm-none-eabi/lib/armv7-m\libg_nano.a(lib_a-memset.o)
 .ARM.attributes
                0x0000068f       0x2d c:/program files (x86)/cypress/psoc creator/4.2/psoc creator/import/gnu/arm/5.4.1/bin/../lib/gcc/arm-none-eabi/5.4.1/../../../../arm-none-eabi/lib/armv7-m\libg_nano.a(lib_a-sprintf.o)
 .ARM.attributes
                0x000006bc       0x2d c:/program files (x86)/cypress/psoc creator/4.2/psoc creator/import/gnu/arm/5.4.1/bin/../lib/gcc/arm-none-eabi/5.4.1/../../../../arm-none-eabi/lib/armv7-m\libg_nano.a(lib_a-sscanf.o)
 .ARM.attributes
                0x000006e9       0x2d c:/program files (x86)/cypress/psoc creator/4.2/psoc creator/import/gnu/arm/5.4.1/bin/../lib/gcc/arm-none-eabi/5.4.1/../../../../arm-none-eabi/lib/armv7-m\libg_nano.a(lib_a-stdio.o)
 .ARM.attributes
                0x00000716       0x17 c:/program files (x86)/cypress/psoc creator/4.2/psoc creator/import/gnu/arm/5.4.1/bin/../lib/gcc/arm-none-eabi/5.4.1/../../../../arm-none-eabi/lib/armv7-m\libg_nano.a(lib_a-strlen.o)
 .ARM.attributes
                0x0000072d       0x2d c:/program files (x86)/cypress/psoc creator/4.2/psoc creator/import/gnu/arm/5.4.1/bin/../lib/gcc/arm-none-eabi/5.4.1/../../../../arm-none-eabi/lib/armv7-m\libg_nano.a(lib_a-writer.o)
 .ARM.attributes
                0x0000075a       0x2d c:/program files (x86)/cypress/psoc creator/4.2/psoc creator/import/gnu/arm/5.4.1/bin/../lib/gcc/arm-none-eabi/5.4.1/../../../../arm-none-eabi/lib/armv7-m\libg_nano.a(lib_a-closer.o)
 .ARM.attributes
                0x00000787       0x2d c:/program files (x86)/cypress/psoc creator/4.2/psoc creator/import/gnu/arm/5.4.1/bin/../lib/gcc/arm-none-eabi/5.4.1/../../../../arm-none-eabi/lib/armv7-m\libg_nano.a(lib_a-lseekr.o)
 .ARM.attributes
                0x000007b4       0x2d c:/program files (x86)/cypress/psoc creator/4.2/psoc creator/import/gnu/arm/5.4.1/bin/../lib/gcc/arm-none-eabi/5.4.1/../../../../arm-none-eabi/lib/armv7-m\libg_nano.a(lib_a-nano-svfprintf.o)
 .ARM.attributes
                0x000007e1       0x2d c:/program files (x86)/cypress/psoc creator/4.2/psoc creator/import/gnu/arm/5.4.1/bin/../lib/gcc/arm-none-eabi/5.4.1/../../../../arm-none-eabi/lib/armv7-m\libg_nano.a(lib_a-nano-svfscanf.o)
 .ARM.attributes
                0x0000080e       0x2d c:/program files (x86)/cypress/psoc creator/4.2/psoc creator/import/gnu/arm/5.4.1/bin/../lib/gcc/arm-none-eabi/5.4.1/../../../../arm-none-eabi/lib/armv7-m\libg_nano.a(lib_a-nano-vfprintf_i.o)
 .ARM.attributes
                0x0000083b       0x2d c:/program files (x86)/cypress/psoc creator/4.2/psoc creator/import/gnu/arm/5.4.1/bin/../lib/gcc/arm-none-eabi/5.4.1/../../../../arm-none-eabi/lib/armv7-m\libg_nano.a(lib_a-nano-vfscanf_i.o)
 .ARM.attributes
                0x00000868       0x2d c:/program files (x86)/cypress/psoc creator/4.2/psoc creator/import/gnu/arm/5.4.1/bin/../lib/gcc/arm-none-eabi/5.4.1/../../../../arm-none-eabi/lib/armv7-m\libg_nano.a(lib_a-readr.o)
 .ARM.attributes
                0x00000895       0x2d c:/program files (x86)/cypress/psoc creator/4.2/psoc creator/import/gnu/arm/5.4.1/bin/../lib/gcc/arm-none-eabi/5.4.1/../../../../arm-none-eabi/lib/armv7-m\libg_nano.a(lib_a-reent.o)
 .ARM.attributes
                0x000008c2       0x2d c:/program files (x86)/cypress/psoc creator/4.2/psoc creator/import/gnu/arm/5.4.1/bin/../lib/gcc/arm-none-eabi/5.4.1/../../../../arm-none-eabi/lib/armv7-m\libg_nano.a(lib_a-sccl.o)
 .ARM.attributes
                0x000008ef       0x2d c:/program files (x86)/cypress/psoc creator/4.2/psoc creator/import/gnu/arm/5.4.1/bin/../lib/gcc/arm-none-eabi/5.4.1/../../../../arm-none-eabi/lib/armv7-m\libg_nano.a(lib_a-strtol.o)
 .ARM.attributes
                0x0000091c       0x2d c:/program files (x86)/cypress/psoc creator/4.2/psoc creator/import/gnu/arm/5.4.1/bin/../lib/gcc/arm-none-eabi/5.4.1/../../../../arm-none-eabi/lib/armv7-m\libg_nano.a(lib_a-strtoul.o)
 .ARM.attributes
                0x00000949       0x2d c:/program files (x86)/cypress/psoc creator/4.2/psoc creator/import/gnu/arm/5.4.1/bin/../lib/gcc/arm-none-eabi/5.4.1/../../../../arm-none-eabi/lib/armv7-m\libg_nano.a(lib_a-ungetc.o)
 .ARM.attributes
                0x00000976       0x2d c:/program files (x86)/cypress/psoc creator/4.2/psoc creator/import/gnu/arm/5.4.1/bin/../lib/gcc/arm-none-eabi/5.4.1/../../../../arm-none-eabi/lib/armv7-m\libg_nano.a(lib_a-ctype_.o)
 .ARM.attributes
                0x000009a3       0x2d c:/program files (x86)/cypress/psoc creator/4.2/psoc creator/import/gnu/arm/5.4.1/bin/../lib/gcc/arm-none-eabi/5.4.1/../../../../arm-none-eabi/lib/armv7-m\libg_nano.a(lib_a-fflush.o)
 .ARM.attributes
                0x000009d0       0x2d c:/program files (x86)/cypress/psoc creator/4.2/psoc creator/import/gnu/arm/5.4.1/bin/../lib/gcc/arm-none-eabi/5.4.1/../../../../arm-none-eabi/lib/armv7-m\libg_nano.a(lib_a-findfp.o)
 .ARM.attributes
                0x000009fd       0x2d c:/program files (x86)/cypress/psoc creator/4.2/psoc creator/import/gnu/arm/5.4.1/bin/../lib/gcc/arm-none-eabi/5.4.1/../../../../arm-none-eabi/lib/armv7-m\libg_nano.a(lib_a-fwalk.o)
 .ARM.attributes
                0x00000a2a       0x2d c:/program files (x86)/cypress/psoc creator/4.2/psoc creator/import/gnu/arm/5.4.1/bin/../lib/gcc/arm-none-eabi/5.4.1/../../../../arm-none-eabi/lib/armv7-m\libg_nano.a(lib_a-memchr-stub.o)
 .ARM.attributes
                0x00000a57       0x2d c:/program files (x86)/cypress/psoc creator/4.2/psoc creator/import/gnu/arm/5.4.1/bin/../lib/gcc/arm-none-eabi/5.4.1/../../../../arm-none-eabi/lib/armv7-m\libg_nano.a(lib_a-memmove.o)
 .ARM.attributes
                0x00000a84       0x2d c:/program files (x86)/cypress/psoc creator/4.2/psoc creator/import/gnu/arm/5.4.1/bin/../lib/gcc/arm-none-eabi/5.4.1/../../../../arm-none-eabi/lib/armv7-m\libg_nano.a(lib_a-nano-freer.o)
 .ARM.attributes
                0x00000ab1       0x2d c:/program files (x86)/cypress/psoc creator/4.2/psoc creator/import/gnu/arm/5.4.1/bin/../lib/gcc/arm-none-eabi/5.4.1/../../../../arm-none-eabi/lib/armv7-m\libg_nano.a(lib_a-nano-mallocr.o)
 .ARM.attributes
                0x00000ade       0x2d c:/program files (x86)/cypress/psoc creator/4.2/psoc creator/import/gnu/arm/5.4.1/bin/../lib/gcc/arm-none-eabi/5.4.1/../../../../arm-none-eabi/lib/armv7-m\libg_nano.a(lib_a-nano-reallocr.o)
 .ARM.attributes
                0x00000b0b       0x2d c:/program files (x86)/cypress/psoc creator/4.2/psoc creator/import/gnu/arm/5.4.1/bin/../lib/gcc/arm-none-eabi/5.4.1/../../../../arm-none-eabi/lib/armv7-m\libg_nano.a(lib_a-sbrkr.o)
 .ARM.attributes
                0x00000b38       0x2d c:/program files (x86)/cypress/psoc creator/4.2/psoc creator/import/gnu/arm/5.4.1/bin/../lib/gcc/arm-none-eabi/5.4.1/../../../../arm-none-eabi/lib/armv7-m\libg_nano.a(lib_a-mlock.o)
 .ARM.attributes
                0x00000b65       0x2d c:/program files (x86)/cypress/psoc creator/4.2/psoc creator/import/gnu/arm/5.4.1/bin/../lib/gcc/arm-none-eabi/5.4.1/../../../../arm-none-eabi/lib/armv7-m\libg_nano.a(lib_a-nano-msizer.o)
 .ARM.attributes
                0x00000b92       0x2d c:/program files (x86)/cypress/psoc creator/4.2/psoc creator/import/gnu/arm/5.4.1/bin/../lib/gcc/arm-none-eabi/5.4.1/armv7-m/crtend.o
 .ARM.attributes
                0x00000bbf       0x1d c:/program files (x86)/cypress/psoc creator/4.2/psoc creator/import/gnu/arm/5.4.1/bin/../lib/gcc/arm-none-eabi/5.4.1/armv7-m/crtn.o
 .ARM.attributes
                0x00000bdc       0x2d c:/program files (x86)/cypress/psoc creator/4.2/psoc creator/import/gnu/arm/5.4.1/bin/../lib/gcc/arm-none-eabi/5.4.1/../../../../arm-none-eabi/lib/armv7-m\libnosys.a(close.o)
 .ARM.attributes
                0x00000c09       0x2d c:/program files (x86)/cypress/psoc creator/4.2/psoc creator/import/gnu/arm/5.4.1/bin/../lib/gcc/arm-none-eabi/5.4.1/../../../../arm-none-eabi/lib/armv7-m\libnosys.a(lseek.o)
 .ARM.attributes
                0x00000c36       0x2d c:/program files (x86)/cypress/psoc creator/4.2/psoc creator/import/gnu/arm/5.4.1/bin/../lib/gcc/arm-none-eabi/5.4.1/../../../../arm-none-eabi/lib/armv7-m\libnosys.a(read.o)
 .ARM.attributes
                0x00000c63       0x2d c:/program files (x86)/cypress/psoc creator/4.2/psoc creator/import/gnu/arm/5.4.1/bin/../lib/gcc/arm-none-eabi/5.4.1/../../../../arm-none-eabi/lib/armv7-m\libnosys.a(write.o)

/DISCARD/
 *(.note.GNU-stack)
OUTPUT(F:\Users\Diego\Documents\GitHub\Mepsan\Mepsan.cydsn\ARM_GCC_541\Debug\Mepsan.elf elf32-littlearm)
