Archive member included to satisfy reference by file (symbol)

.\ARM_GCC_541\Debug\Mepsan.a(PWM_1.o)
                              .\ARM_GCC_541\Debug\main.o (PWM_1_Start)
.\ARM_GCC_541\Debug\Mepsan.a(CyLib.o)
                              .\ARM_GCC_541\Debug\Cm3Start.o (CyResetStatus)
.\ARM_GCC_541\Debug\Mepsan.a(cyPm.o)
                              .\ARM_GCC_541\Debug\Mepsan.a(CyLib.o) (CyPmReadStatus)
.\ARM_GCC_541\Debug\Mepsan.a(EnablePin.o)
                              .\ARM_GCC_541\Debug\PumpCom.o (EnablePin_Write)
.\ARM_GCC_541\Debug\Mepsan.a(screen.o)
                              .\ARM_GCC_541\Debug\main.o (screen_Start)
.\ARM_GCC_541\Debug\Mepsan.a(screen_INT.o)
                              .\ARM_GCC_541\Debug\Mepsan.a(screen.o) (screen_RXISR)
.\ARM_GCC_541\Debug\Mepsan.a(screen_IntClock.o)
                              .\ARM_GCC_541\Debug\Mepsan.a(screen.o) (screen_IntClock_Start)
.\ARM_GCC_541\Debug\Mepsan.a(EEPROM_1.o)
                              .\ARM_GCC_541\Debug\main.o (EEPROM_1_Start)
.\ARM_GCC_541\Debug\Mepsan.a(PRINTER_A.o)
                              .\ARM_GCC_541\Debug\main.o (PRINTER_A_Start)
.\ARM_GCC_541\Debug\Mepsan.a(PRINTER_A_INT.o)
                              .\ARM_GCC_541\Debug\Mepsan.a(PRINTER_A.o) (PRINTER_A_TXISR)
.\ARM_GCC_541\Debug\Mepsan.a(PRINTER_A_IntClock.o)
                              .\ARM_GCC_541\Debug\Mepsan.a(PRINTER_A.o) (PRINTER_A_IntClock_Start)
.\ARM_GCC_541\Debug\Mepsan.a(MEPSAN.o)
                              .\ARM_GCC_541\Debug\main.o (MEPSAN_Start)
.\ARM_GCC_541\Debug\Mepsan.a(MEPSAN_INT.o)
                              .\ARM_GCC_541\Debug\Mepsan.a(MEPSAN.o) (MEPSAN_RXISR)
.\ARM_GCC_541\Debug\Mepsan.a(GBCL.o)
                              .\ARM_GCC_541\Debug\main.o (GBCL_Start)
.\ARM_GCC_541\Debug\Mepsan.a(GBCL_INT.o)
                              .\ARM_GCC_541\Debug\Mepsan.a(GBCL.o) (GBCL_RXISR)
.\ARM_GCC_541\Debug\Mepsan.a(MEPSAN_IntClock.o)
                              .\ARM_GCC_541\Debug\Mepsan.a(MEPSAN.o) (MEPSAN_IntClock_Start)
.\ARM_GCC_541\Debug\Mepsan.a(CyBootAsmGnu.o)
                              .\ARM_GCC_541\Debug\cyfitter_cfg.o (CyDelayCycles)
.\ARM_GCC_541\Debug\Mepsan.a(CyFlash.o)
                              .\ARM_GCC_541\Debug\Mepsan.a(EEPROM_1.o) (dieTemperature)
.\ARM_GCC_541\Debug\Mepsan.a(CySpc.o)
                              .\ARM_GCC_541\Debug\Mepsan.a(EEPROM_1.o) (CySpcStart)
c:/program files (x86)/cypress/psoc creator/4.2/psoc creator/import/gnu/arm/5.4.1/bin/../lib/gcc/arm-none-eabi/5.4.1/../../../../arm-none-eabi/lib/armv7-m\libg_nano.a(lib_a-atoi.o)
                              .\ARM_GCC_541\Debug\printer.o (atoi)
c:/program files (x86)/cypress/psoc creator/4.2/psoc creator/import/gnu/arm/5.4.1/bin/../lib/gcc/arm-none-eabi/5.4.1/../../../../arm-none-eabi/lib/armv7-m\libg_nano.a(lib_a-errno.o)
                              .\ARM_GCC_541\Debug\Cm3Start.o (__errno)
c:/program files (x86)/cypress/psoc creator/4.2/psoc creator/import/gnu/arm/5.4.1/bin/../lib/gcc/arm-none-eabi/5.4.1/../../../../arm-none-eabi/lib/armv7-m\libg_nano.a(lib_a-exit.o)
                              c:/program files (x86)/cypress/psoc creator/4.2/psoc creator/import/gnu/arm/5.4.1/bin/../lib/gcc/arm-none-eabi/5.4.1/../../../../arm-none-eabi/lib/armv7-m/crt0.o (exit)
c:/program files (x86)/cypress/psoc creator/4.2/psoc creator/import/gnu/arm/5.4.1/bin/../lib/gcc/arm-none-eabi/5.4.1/../../../../arm-none-eabi/lib/armv7-m\libg_nano.a(lib_a-impure.o)
                              c:/program files (x86)/cypress/psoc creator/4.2/psoc creator/import/gnu/arm/5.4.1/bin/../lib/gcc/arm-none-eabi/5.4.1/../../../../arm-none-eabi/lib/armv7-m\libg_nano.a(lib_a-exit.o) (_global_impure_ptr)
c:/program files (x86)/cypress/psoc creator/4.2/psoc creator/import/gnu/arm/5.4.1/bin/../lib/gcc/arm-none-eabi/5.4.1/../../../../arm-none-eabi/lib/armv7-m\libg_nano.a(lib_a-init.o)
                              c:/program files (x86)/cypress/psoc creator/4.2/psoc creator/import/gnu/arm/5.4.1/bin/../lib/gcc/arm-none-eabi/5.4.1/../../../../arm-none-eabi/lib/armv7-m/crt0.o (__libc_init_array)
c:/program files (x86)/cypress/psoc creator/4.2/psoc creator/import/gnu/arm/5.4.1/bin/../lib/gcc/arm-none-eabi/5.4.1/../../../../arm-none-eabi/lib/armv7-m\libg_nano.a(lib_a-itoa.o)
                              .\ARM_GCC_541\Debug\printer.o (itoa)
c:/program files (x86)/cypress/psoc creator/4.2/psoc creator/import/gnu/arm/5.4.1/bin/../lib/gcc/arm-none-eabi/5.4.1/../../../../arm-none-eabi/lib/armv7-m\libg_nano.a(lib_a-memcpy-stub.o)
                              .\ARM_GCC_541\Debug\cyfitter_cfg.o (memcpy)
c:/program files (x86)/cypress/psoc creator/4.2/psoc creator/import/gnu/arm/5.4.1/bin/../lib/gcc/arm-none-eabi/5.4.1/../../../../arm-none-eabi/lib/armv7-m\libg_nano.a(lib_a-memset.o)
                              c:/program files (x86)/cypress/psoc creator/4.2/psoc creator/import/gnu/arm/5.4.1/bin/../lib/gcc/arm-none-eabi/5.4.1/../../../../arm-none-eabi/lib/armv7-m/crt0.o (memset)
[...]
Memory Configuration

Name             Origin             Length             Attributes
rom              0x00000000         0x00040000         xr
ram              0x1fff8000         0x00010000         xrw
*default*        0x00000000         0xffffffff

Linker script and memory map

LOAD c:/program files (x86)/cypress/psoc creator/4.2/psoc creator/import/gnu/arm/5.4.1/bin/../lib/gcc/arm-none-eabi/5.4.1/armv7-m/crti.o
LOAD c:/program files (x86)/cypress/psoc creator/4.2/psoc creator/import/gnu/arm/5.4.1/bin/../lib/gcc/arm-none-eabi/5.4.1/armv7-m/crtbegin.o
LOAD c:/program files (x86)/cypress/psoc creator/4.2/psoc creator/import/gnu/arm/5.4.1/bin/../lib/gcc/arm-none-eabi/5.4.1/../../../../arm-none-eabi/lib/armv7-m/crt0.o
START GROUP
LOAD .\ARM_GCC_541\Debug\main.o
LOAD .\ARM_GCC_541\Debug\PumpCom.o
LOAD .\ARM_GCC_541\Debug\Gbr.o
LOAD .\ARM_GCC_541\Debug\printer.o
LOAD .\ARM_GCC_541\Debug\cyfitter_cfg.o
LOAD .\ARM_GCC_541\Debug\cymetadata.o
LOAD .\ARM_GCC_541\Debug\Cm3Start.o
LOAD .\ARM_GCC_541\Debug\Mepsan.a
LOAD C:\Program Files (x86)\Cypress\PSoC Creator\4.2\PSoC Creator\psoc\content\cycomponentlibrary\CyComponentLibrary.cylib\CortexM3\ARM_GCC_541\Debug\CyComponentLibrary.a
END GROUP
START GROUP
LOAD c:/program files (x86)/cypress/psoc creator/4.2/psoc creator/import/gnu/arm/5.4.1/bin/../lib/gcc/arm-none-eabi/5.4.1/armv7-m\libgcc.a
LOAD c:/program files (x86)/cypress/psoc creator/4.2/psoc creator/import/gnu/arm/5.4.1/bin/../lib/gcc/arm-none-eabi/5.4.1/../../../../arm-none-eabi/lib/armv7-m\libg_nano.a
LOAD c:/program files (x86)/cypress/psoc creator/4.2/psoc creator/import/gnu/arm/5.4.1/bin/../lib/gcc/arm-none-eabi/5.4.1/../../../../arm-none-eabi/lib/armv7-m\libc_nano.a
END GROUP
START GROUP
LOAD c:/program files (x86)/cypress/psoc creator/4.2/psoc creator/import/gnu/arm/5.4.1/bin/../lib/gcc/arm-none-eabi/5.4.1/armv7-m\libgcc.a
LOAD c:/program files (x86)/cypress/psoc creator/4.2/psoc creator/import/gnu/arm/5.4.1/bin/../lib/gcc/arm-none-eabi/5.4.1/../../../../arm-none-eabi/lib/armv7-m\libc_nano.a
END GROUP
LOAD c:/program files (x86)/cypress/psoc creator/4.2/psoc creator/import/gnu/arm/5.4.1/bin/../lib/gcc/arm-none-eabi/5.4.1/armv7-m/crtend.o
LOAD c:/program files (x86)/cypress/psoc creator/4.2/psoc creator/import/gnu/arm/5.4.1/bin/../lib/gcc/arm-none-eabi/5.4.1/armv7-m/crtn.o
START GROUP
LOAD c:/program files (x86)/cypress/psoc creator/4.2/psoc creator/import/gnu/arm/5.4.1/bin/../lib/gcc/arm-none-eabi/5.4.1/armv7-m\libgcc.a
LOAD c:/program files (x86)/cypress/psoc creator/4.2/psoc creator/import/gnu/arm/5.4.1/bin/../lib/gcc/arm-none-eabi/5.4.1/../../../../arm-none-eabi/lib/armv7-m\libc.a
LOAD c:/program files (x86)/cypress/psoc creator/4.2/psoc creator/import/gnu/arm/5.4.1/bin/../lib/gcc/arm-none-eabi/5.4.1/../../../../arm-none-eabi/lib/armv7-m\libnosys.a
END GROUP
                0x00000000                CY_APPL_ORIGIN = 0x0
                0x00000100                CY_FLASH_ROW_SIZE = 0x100
                0x00000020                CY_ECC_ROW_SIZE = 0x20
                0x00000000                CY_EE_IN_BTLDR = 0x0
                0x00000000                CY_APPL_LOADABLE = 0x0
                0x00000800                CY_EE_SIZE = 0x800
                0x00000001                CY_APPL_NUM = 0x1
                0x00000001                CY_APPL_MAX = 0x1
                0x00000040                CY_METADATA_SIZE = 0x40
                0x00000000                CY_APPL_LOADABLE = 0x0
                0x00000000                CY_CHECKSUM_EXCLUDE_SIZE = ALIGN (0x0, CY_FLASH_ROW_SIZE)
                [!provide]                PROVIDE (__cy_heap_start, _end)
                0x00000001                PROVIDE (__cy_region_num, ((__cy_regions_end - __cy_regions) / 0x10))
                0x20008000                PROVIDE (__cy_stack, (ORIGIN (ram) + LENGTH (ram)))
                [!provide]                PROVIDE (__cy_heap_end, (__cy_stack - 0x800))

.cybootloader   0x00000000        0x0
 *(.cybootloader)
                0x00000000                appl1_start = CY_APPL_ORIGIN?CY_APPL_ORIGIN:ALIGN (CY_FLASH_ROW_SIZE)
                0x0001ff00                appl2_start = (appl1_start + ALIGN ((((LENGTH (rom) - appl1_start) - (0x2 * CY_FLASH_ROW_SIZE)) / 0x2), CY_FLASH_ROW_SIZE))
                0x00000000                appl_start = (CY_APPL_NUM == 0x1)?appl1_start:appl2_start
                0x00000000                ecc_offset = ((appl_start / CY_FLASH_ROW_SIZE) * CY_ECC_ROW_SIZE)
                0x00000000                ee_offset = (CY_APPL_LOADABLE && ! (CY_EE_IN_BTLDR))?((CY_EE_SIZE / CY_APPL_MAX) * (CY_APPL_NUM - 0x1)):0x0
                0x00000800                ee_size = (CY_APPL_LOADABLE && ! (CY_EE_IN_BTLDR))?(CY_EE_SIZE / CY_APPL_MAX):CY_EE_SIZE
                [!provide]                PROVIDE (CY_ECC_OFFSET, ecc_offset)

.text           0x00000000     0x701c
 CREATE_OBJECT_SYMBOLS
                0x00000000                PROVIDE (__cy_interrupt_vector, RomVectors)
 *(.romvectors)
 .romvectors    0x00000000       0x10 .\ARM_GCC_541\Debug\Cm3Start.o
                0x00000000                RomVectors
                0x00000001                ASSERT ((. != __cy_interrupt_vector), No interrupt vector)
                0x00000001                ASSERT (CY_APPL_ORIGIN?(SIZEOF (.cybootloader) <= CY_APPL_ORIGIN):0x1, Wrong image location)
                0x00000010                PROVIDE (__cy_reset, Reset)
 *(.text.Reset)
 .text.Reset    0x00000010       0x18 .\ARM_GCC_541\Debug\Cm3Start.o
                0x00000010                Reset
                0x00000001                ASSERT ((. != __cy_reset), No reset code)
 *(.dma_init)
 .dma_init      0x00000028      0x2f0 .\ARM_GCC_541\Debug\cyfitter_cfg.o
                0x00000001                ASSERT ((((appl_start + .) <= 0x10000) || 0x0), DMA Init must be within the first 64k of flash)
 *(.text .text.* .gnu.linkonce.t.*)
 .text          0x00000318       0x5c c:/program files (x86)/cypress/psoc creator/4.2/psoc creator/import/gnu/arm/5.4.1/bin/../lib/gcc/arm-none-eabi/5.4.1/armv7-m/crtbegin.o
 .text.PollingPos
                0x00000374      0x1d8 .\ARM_GCC_541\Debug\main.o
                0x00000374                PollingPos
 .text.main     0x0000054c      0xbb0 .\ARM_GCC_541\Debug\main.o
                0x0000054c                main
 .text.gen_crc16
                0x000010fc       0xfc .\ARM_GCC_541\Debug\PumpCom.o
                0x000010fc                gen_crc16
 .text.GetResponse
                0x000011f8     0x1cc0 .\ARM_GCC_541\Debug\PumpCom.o
                0x000011f8                GetResponse
 .text.GetAddress
                0x00002eb8       0xb0 .\ARM_GCC_541\Debug\PumpCom.o
                0x00002eb8                GetAddress
 .text.Authorize
                0x00002f68       0xdc .\ARM_GCC_541\Debug\PumpCom.o
                0x00002f68                Authorize
 .text.PumpState
                0x00003044      0x184 .\ARM_GCC_541\Debug\PumpCom.o
                0x00003044                PumpState
 .text.PriceUpdate
                0x000031c8      0x114 .\ARM_GCC_541\Debug\PumpCom.o
                0x000031c8                PriceUpdate
 .text.TotalRequest
                0x000032dc      0x10c .\ARM_GCC_541\Debug\PumpCom.o
                0x000032dc                TotalRequest
 .text.PrintReceipt
                0x000033e8      0xfc4 .\ARM_GCC_541\Debug\printer.o
                0x000033e8                PrintReceipt
 .text.PrintShift
                0x000043ac      0xeb0 .\ARM_GCC_541\Debug\printer.o
                0x000043ac                PrintShift
 .text.CYCONFIGCPY
                0x0000525c       0x20 .\ARM_GCC_541\Debug\cyfitter_cfg.o
 .text.CyClockStartupError
                0x0000527c        0xc .\ARM_GCC_541\Debug\cyfitter_cfg.o
 .text.cfg_dma_init
                0x00005288      0x174 .\ARM_GCC_541\Debug\cyfitter_cfg.o
 .text.ClockSetup
                0x000053fc      0x184 .\ARM_GCC_541\Debug\cyfitter_cfg.o
 .text.AnalogSetDefault
                0x00005580       0x44 .\ARM_GCC_541\Debug\cyfitter_cfg.o
 .text.cyfitter_cfg
                0x000055c4      0x100 .\ARM_GCC_541\Debug\cyfitter_cfg.o
                0x000055c4                cyfitter_cfg
 .text.IntDefaultHandler
                0x000056c4       0x14 .\ARM_GCC_541\Debug\Cm3Start.o
                0x000056c4                IntDefaultHandler
 .text.Start_c  0x000056d8       0x98 .\ARM_GCC_541\Debug\Cm3Start.o
                0x000056d8                Start_c
 .text.initialize_psoc
                0x00005770       0x90 .\ARM_GCC_541\Debug\Cm3Start.o
                0x00005770                initialize_psoc
 .text.PWM_1_Start
                0x00005800       0x24 .\ARM_GCC_541\Debug\Mepsan.a(PWM_1.o)
                0x00005800                PWM_1_Start
 .text.PWM_1_Init
                0x00005824       0xbc .\ARM_GCC_541\Debug\Mepsan.a(PWM_1.o)
                0x00005824                PWM_1_Init
 .text.PWM_1_Enable
                0x000058e0       0x48 .\ARM_GCC_541\Debug\Mepsan.a(PWM_1.o)
                0x000058e0                PWM_1_Enable
 .text.PWM_1_WritePeriod
                0x00005928       0x20 .\ARM_GCC_541\Debug\Mepsan.a(PWM_1.o)
                0x00005928                PWM_1_WritePeriod
 .text.PWM_1_WriteCompare
                0x00005948       0x20 .\ARM_GCC_541\Debug\Mepsan.a(PWM_1.o)
                0x00005948                PWM_1_WriteCompare
 .text.PWM_1_SetInterruptMode
                0x00005968       0x20 .\ARM_GCC_541\Debug\Mepsan.a(PWM_1.o)
                0x00005968                PWM_1_SetInterruptMode
 .text.CyHalt   0x00005988       0x18 .\ARM_GCC_541\Debug\Mepsan.a(CyLib.o)
                0x00005988                CyHalt
 .text.CyDelay  0x000059a0       0x44 .\ARM_GCC_541\Debug\Mepsan.a(CyLib.o)
                0x000059a0                CyDelay
 .text.CyDelayUs
                0x000059e4       0x28 .\ARM_GCC_541\Debug\Mepsan.a(CyLib.o)
                0x000059e4                CyDelayUs
 .text.CyIntSetVector
                0x00005a0c       0x50 .\ARM_GCC_541\Debug\Mepsan.a(CyLib.o)
                0x00005a0c                CyIntSetVector
 .text.CyIntSetPriority
                0x00005a5c       0x48 .\ARM_GCC_541\Debug\Mepsan.a(CyLib.o)
                0x00005a5c                CyIntSetPriority
 .text.EnablePin_Write
                0x00005aa4       0x3c .\ARM_GCC_541\Debug\Mepsan.a(EnablePin.o)
                0x00005aa4                EnablePin_Write
 .text.screen_Start
                0x00005ae0       0x24 .\ARM_GCC_541\Debug\Mepsan.a(screen.o)
                0x00005ae0                screen_Start
 .text.screen_Init
                0x00005b04       0x6c .\ARM_GCC_541\Debug\Mepsan.a(screen.o)
                0x00005b04                screen_Init
 .text.screen_Enable
                0x00005b70       0x78 .\ARM_GCC_541\Debug\Mepsan.a(screen.o)
                0x00005b70                screen_Enable
 .text.screen_ReadRxData
                0x00005be8       0x90 .\ARM_GCC_541\Debug\Mepsan.a(screen.o)
                0x00005be8                screen_ReadRxData
 .text.screen_GetRxBufferSize
                0x00005c78       0x90 .\ARM_GCC_541\Debug\Mepsan.a(screen.o)
                0x00005c78                screen_GetRxBufferSize
 .text.screen_PutChar
                0x00005d08       0xb8 .\ARM_GCC_541\Debug\Mepsan.a(screen.o)
                0x00005d08                screen_PutChar
 .text.screen_RXISR
                0x00005dc0       0xd8 .\ARM_GCC_541\Debug\Mepsan.a(screen_INT.o)
                0x00005dc0                screen_RXISR
 .text.screen_TXISR
                0x00005e98       0x70 .\ARM_GCC_541\Debug\Mepsan.a(screen_INT.o)
                0x00005e98                screen_TXISR
 .text.screen_IntClock_Start
                0x00005f08       0x34 .\ARM_GCC_541\Debug\Mepsan.a(screen_IntClock.o)
                0x00005f08                screen_IntClock_Start
 .text.EEPROM_1_Enable
                0x00005f3c       0x10 .\ARM_GCC_541\Debug\Mepsan.a(EEPROM_1.o)
                0x00005f3c                EEPROM_1_Enable
 .text.EEPROM_1_Start
                0x00005f4c        0xc .\ARM_GCC_541\Debug\Mepsan.a(EEPROM_1.o)
                0x00005f4c                EEPROM_1_Start
 .text.EEPROM_1_WriteByte
                0x00005f58      0x114 .\ARM_GCC_541\Debug\Mepsan.a(EEPROM_1.o)
                0x00005f58                EEPROM_1_WriteByte
 .text.EEPROM_1_ReadByte
                0x0000606c       0x3c .\ARM_GCC_541\Debug\Mepsan.a(EEPROM_1.o)
                0x0000606c                EEPROM_1_ReadByte
 .text.PRINTER_A_Start
                0x000060a8       0x24 .\ARM_GCC_541\Debug\Mepsan.a(PRINTER_A.o)
                0x000060a8                PRINTER_A_Start
 .text.PRINTER_A_Init
                0x000060cc       0x3c .\ARM_GCC_541\Debug\Mepsan.a(PRINTER_A.o)
                0x000060cc                PRINTER_A_Init
 .text.PRINTER_A_Enable
                0x00006108       0x4c .\ARM_GCC_541\Debug\Mepsan.a(PRINTER_A.o)
                0x00006108                PRINTER_A_Enable
 .text.PRINTER_A_PutChar
                0x00006154       0xb8 .\ARM_GCC_541\Debug\Mepsan.a(PRINTER_A.o)
                0x00006154                PRINTER_A_PutChar
 .text.PRINTER_A_TXISR
                0x0000620c       0x70 .\ARM_GCC_541\Debug\Mepsan.a(PRINTER_A_INT.o)
                0x0000620c                PRINTER_A_TXISR
 .text.PRINTER_A_IntClock_Start
                0x0000627c       0x34 .\ARM_GCC_541\Debug\Mepsan.a(PRINTER_A_IntClock.o)
                0x0000627c                PRINTER_A_IntClock_Start
 .text.MEPSAN_Start
                0x000062b0       0x24 .\ARM_GCC_541\Debug\Mepsan.a(MEPSAN.o)
                0x000062b0                MEPSAN_Start
 .text.MEPSAN_Init
                0x000062d4       0x58 .\ARM_GCC_541\Debug\Mepsan.a(MEPSAN.o)
                0x000062d4                MEPSAN_Init
 .text.MEPSAN_Enable
                0x0000632c       0x68 .\ARM_GCC_541\Debug\Mepsan.a(MEPSAN.o)
                0x0000632c                MEPSAN_Enable
 .text.MEPSAN_ReadRxData
                0x00006394       0x90 .\ARM_GCC_541\Debug\Mepsan.a(MEPSAN.o)
                0x00006394                MEPSAN_ReadRxData
 .text.MEPSAN_GetRxBufferSize
                0x00006424       0x90 .\ARM_GCC_541\Debug\Mepsan.a(MEPSAN.o)
                0x00006424                MEPSAN_GetRxBufferSize
 .text.MEPSAN_ClearRxBuffer
                0x000064b4       0x80 .\ARM_GCC_541\Debug\Mepsan.a(MEPSAN.o)
                0x000064b4                MEPSAN_ClearRxBuffer
 .text.MEPSAN_PutChar
                0x00006534       0x34 .\ARM_GCC_541\Debug\Mepsan.a(MEPSAN.o)
                0x00006534                MEPSAN_PutChar
 .text.MEPSAN_RXISR
                0x00006568       0xdc .\ARM_GCC_541\Debug\Mepsan.a(MEPSAN_INT.o)
                0x00006568                MEPSAN_RXISR
 .text.GBCL_Start
                0x00006644       0x24 .\ARM_GCC_541\Debug\Mepsan.a(GBCL.o)
                0x00006644                GBCL_Start
 .text.GBCL_Init
                0x00006668       0x58 .\ARM_GCC_541\Debug\Mepsan.a(GBCL.o)
                0x00006668                GBCL_Init
 .text.GBCL_Enable
                0x000066c0       0x64 .\ARM_GCC_541\Debug\Mepsan.a(GBCL.o)
                0x000066c0                GBCL_Enable
 .text.GBCL_RXISR
                0x00006724       0xdc .\ARM_GCC_541\Debug\Mepsan.a(GBCL_INT.o)
                0x00006724                GBCL_RXISR
 .text.MEPSAN_IntClock_Start
                0x00006800       0x34 .\ARM_GCC_541\Debug\Mepsan.a(MEPSAN_IntClock.o)
                0x00006800                MEPSAN_IntClock_Start
 *fill*         0x00006834        0x4 
 .text          0x00006838       0x54 .\ARM_GCC_541\Debug\Mepsan.a(CyBootAsmGnu.o)
                0x00006838                CyDelayCycles
                0x00006876                CyEnterCriticalSection
                0x0000687e                CyExitCriticalSection
 .text.CySetTempInt
                0x0000688c       0x7c .\ARM_GCC_541\Debug\Mepsan.a(CyFlash.o)
 .text.CyFlashGetSpcAlgorithm
                0x00006908       0x70 .\ARM_GCC_541\Debug\Mepsan.a(CyFlash.o)
                0x00006908                CyFlashGetSpcAlgorithm
 .text.CySetTemp
                0x00006978       0x24 .\ARM_GCC_541\Debug\Mepsan.a(CyFlash.o)
                0x00006978                CySetTemp
 .text.CyEEPROM_Start
                0x0000699c       0x8c .\ARM_GCC_541\Debug\Mepsan.a(CyFlash.o)
                0x0000699c                CyEEPROM_Start
 .text.CyEEPROM_ReadReserve
                0x00006a28       0x30 .\ARM_GCC_541\Debug\Mepsan.a(CyFlash.o)
                0x00006a28                CyEEPROM_ReadReserve
 .text.CyEEPROM_ReadRelease
                0x00006a58       0x20 .\ARM_GCC_541\Debug\Mepsan.a(CyFlash.o)
                0x00006a58                CyEEPROM_ReadRelease
 .text.CySpcStart
                0x00006a78       0x48 .\ARM_GCC_541\Debug\Mepsan.a(CySpc.o)
                0x00006a78                CySpcStart
 .text.CySpcReadData
                0x00006ac0       0x54 .\ARM_GCC_541\Debug\Mepsan.a(CySpc.o)
                0x00006ac0                CySpcReadData
 .text.CySpcLoadMultiByte
                0x00006b14       0xd0 .\ARM_GCC_541\Debug\Mepsan.a(CySpc.o)
                0x00006b14                CySpcLoadMultiByte
 .text.CySpcWriteRow
                0x00006be4       0x98 .\ARM_GCC_541\Debug\Mepsan.a(CySpc.o)
                0x00006be4                CySpcWriteRow
 .text.CySpcGetTemp
                0x00006c7c       0x64 .\ARM_GCC_541\Debug\Mepsan.a(CySpc.o)
                0x00006c7c                CySpcGetTemp
 .text.CySpcLock
                0x00006ce0       0x68 .\ARM_GCC_541\Debug\Mepsan.a(CySpc.o)
                0x00006ce0                CySpcLock
 .text.CySpcUnlock
                0x00006d48       0x50 .\ARM_GCC_541\Debug\Mepsan.a(CySpc.o)
                0x00006d48                CySpcUnlock
 .text.CySpcGetAlgorithm
                0x00006d98       0x44 .\ARM_GCC_541\Debug\Mepsan.a(CySpc.o)
                0x00006d98                CySpcGetAlgorithm
 .text.atoi     0x00006ddc        0x8 c:/program files (x86)/cypress/psoc creator/4.2/psoc creator/import/gnu/arm/5.4.1/bin/../lib/gcc/arm-none-eabi/5.4.1/../../../../arm-none-eabi/lib/armv7-m\libg_nano.a(lib_a-atoi.o)
                0x00006ddc                atoi
 .text.__errno  0x00006de4        0xc c:/program files (x86)/cypress/psoc creator/4.2/psoc creator/import/gnu/arm/5.4.1/bin/../lib/gcc/arm-none-eabi/5.4.1/../../../../arm-none-eabi/lib/armv7-m\libg_nano.a(lib_a-errno.o)
                0x00006de4                __errno
 .text.__libc_init_array
                0x00006df0       0x4c c:/program files (x86)/cypress/psoc creator/4.2/psoc creator/import/gnu/arm/5.4.1/bin/../lib/gcc/arm-none-eabi/5.4.1/../../../../arm-none-eabi/lib/armv7-m\libg_nano.a(lib_a-init.o)
                0x00006df0                __libc_init_array
 .text.__itoa   0x00006e3c       0x2e c:/program files (x86)/cypress/psoc creator/4.2/psoc creator/import/gnu/arm/5.4.1/bin/../lib/gcc/arm-none-eabi/5.4.1/../../../../arm-none-eabi/lib/armv7-m\libg_nano.a(lib_a-itoa.o)
                0x00006e3c                __itoa
 .text.itoa     0x00006e6a        0x4 c:/program files (x86)/cypress/psoc creator/4.2/psoc creator/import/gnu/arm/5.4.1/bin/../lib/gcc/arm-none-eabi/5.4.1/../../../../arm-none-eabi/lib/armv7-m\libg_nano.a(lib_a-itoa.o)
                0x00006e6a                itoa
 .text.memcpy   0x00006e6e       0x16 c:/program files (x86)/cypress/psoc creator/4.2/psoc creator/import/gnu/arm/5.4.1/bin/../lib/gcc/arm-none-eabi/5.4.1/../../../../arm-none-eabi/lib/armv7-m\libg_nano.a(lib_a-memcpy-stub.o)
                0x00006e6e                memcpy
 .text._strtol_r
                0x00006e84      0x10c c:/program files (x86)/cypress/psoc creator/4.2/psoc creator/import/gnu/arm/5.4.1/bin/../lib/gcc/arm-none-eabi/5.4.1/../../../../arm-none-eabi/lib/armv7-m\libg_nano.a(lib_a-strtol.o)
                0x00006e84                _strtol_r
 .text.strtol   0x00006f90       0x14 c:/program files (x86)/cypress/psoc creator/4.2/psoc creator/import/gnu/arm/5.4.1/bin/../lib/gcc/arm-none-eabi/5.4.1/../../../../arm-none-eabi/lib/armv7-m\libg_nano.a(lib_a-strtol.o)
                0x00006f90                strtol
 .text.__utoa   0x00006fa4       0x78 c:/program files (x86)/cypress/psoc creator/4.2/psoc creator/import/gnu/arm/5.4.1/bin/../lib/gcc/arm-none-eabi/5.4.1/../../../../arm-none-eabi/lib/armv7-m\libg_nano.a(lib_a-utoa.o)
                0x00006fa4                __utoa
 *(.plt)
 *(.gnu.warning)
 *(.glue_7t)
 .glue_7t       0x0000701c        0x0 linker stubs
 *(.glue_7)
 .glue_7        0x0000701c        0x0 linker stubs
 *(.vfp11_veneer)
 .vfp11_veneer  0x0000701c        0x0 linker stubs
 *(.bootloader)
 *(.ARM.extab* .gnu.linkonce.armextab.*)
 *(.gcc_except_table)

.v4_bx          0x0000701c        0x0
 .v4_bx         0x0000701c        0x0 linker stubs

.iplt           0x0000701c        0x0
 .iplt          0x0000701c        0x0 c:/program files (x86)/cypress/psoc creator/4.2/psoc creator/import/gnu/arm/5.4.1/bin/../lib/gcc/arm-none-eabi/5.4.1/armv7-m/crtbegin.o

.eh_frame_hdr
 *(.eh_frame_hdr)

.eh_frame       0x0000701c        0x4
 *(.eh_frame)
 .eh_frame      0x0000701c        0x0 c:/program files (x86)/cypress/psoc creator/4.2/psoc creator/import/gnu/arm/5.4.1/bin/../lib/gcc/arm-none-eabi/5.4.1/armv7-m/crtbegin.o
 .eh_frame      0x0000701c        0x4 c:/program files (x86)/cypress/psoc creator/4.2/psoc creator/import/gnu/arm/5.4.1/bin/../lib/gcc/arm-none-eabi/5.4.1/armv7-m/crtend.o
                [!provide]                PROVIDE (__exidx_start, .)

.ARM.exidx
 *(.ARM.exidx* .gnu.linkonce.armexidx.*)
                0x00007020                __exidx_end = .

.rodata         0x00007020      0x2d8
 *(.rodata .rodata.* .gnu.linkonce.r.*)
 .rodata        0x00007020       0x13 .\ARM_GCC_541\Debug\main.o
 *fill*         0x00007033        0x1 
 .rodata        0x00007034      0x164 .\ARM_GCC_541\Debug\cyfitter_cfg.o
 .rodata.str1.1
                0x00007198        0x2 c:/program files (x86)/cypress/psoc creator/4.2/psoc creator/import/gnu/arm/5.4.1/bin/../lib/gcc/arm-none-eabi/5.4.1/../../../../arm-none-eabi/lib/armv7-m\libg_nano.a(lib_a-impure.o)
 .rodata.str1.1
                0x0000719a       0x25 c:/program files (x86)/cypress/psoc creator/4.2/psoc creator/import/gnu/arm/5.4.1/bin/../lib/gcc/arm-none-eabi/5.4.1/../../../../arm-none-eabi/lib/armv7-m\libg_nano.a(lib_a-utoa.o)
 .rodata._ctype_
                0x000071bf      0x101 c:/program files (x86)/cypress/psoc creator/4.2/psoc creator/import/gnu/arm/5.4.1/bin/../lib/gcc/arm-none-eabi/5.4.1/../../../../arm-none-eabi/lib/armv7-m\libg_nano.a(lib_a-ctype_.o)
                0x000071bf                _ctype_
                0x000072c0                . = ALIGN (0x4)
 *(.init)
 .init          0x000072c0        0x4 c:/program files (x86)/cypress/psoc creator/4.2/psoc creator/import/gnu/arm/5.4.1/bin/../lib/gcc/arm-none-eabi/5.4.1/armv7-m/crti.o
                0x000072c0                _init
 .init          0x000072c4        0x8 c:/program files (x86)/cypress/psoc creator/4.2/psoc creator/import/gnu/arm/5.4.1/bin/../lib/gcc/arm-none-eabi/5.4.1/armv7-m/crtn.o
                0x000072cc                . = ALIGN (0x4)
                0x000072cc                __preinit_array_start = .
 *(.preinit_array)
                0x000072cc                __preinit_array_end = .
                0x000072cc                . = ALIGN (0x4)
                0x000072cc                __init_array_start = .
 *(SORT(.init_array.*))
 *(.init_array)
 .init_array    0x000072cc        0x4 c:/program files (x86)/cypress/psoc creator/4.2/psoc creator/import/gnu/arm/5.4.1/bin/../lib/gcc/arm-none-eabi/5.4.1/armv7-m/crtbegin.o
 .init_array    0x000072d0        0x4 .\ARM_GCC_541\Debug\Cm3Start.o
                0x000072d4                __init_array_end = .
                0x000072d4                . = ALIGN (0x4)
 *(.fini)
 .fini          0x000072d4        0x4 c:/program files (x86)/cypress/psoc creator/4.2/psoc creator/import/gnu/arm/5.4.1/bin/../lib/gcc/arm-none-eabi/5.4.1/armv7-m/crti.o
                0x000072d4                _fini
 .fini          0x000072d8        0x8 c:/program files (x86)/cypress/psoc creator/4.2/psoc creator/import/gnu/arm/5.4.1/bin/../lib/gcc/arm-none-eabi/5.4.1/armv7-m/crtn.o
                0x000072e0                . = ALIGN (0x4)
                0x000072e0                __fini_array_start = .
 *(.fini_array)
 .fini_array    0x000072e0        0x4 c:/program files (x86)/cypress/psoc creator/4.2/psoc creator/import/gnu/arm/5.4.1/bin/../lib/gcc/arm-none-eabi/5.4.1/armv7-m/crtbegin.o
 *(SORT(.fini_array.*))
                0x000072e4                __fini_array_end = .
                0x000072e4                . = ALIGN (0x4)
 *crtbegin.o(.ctors)
 *(EXCLUDE_FILE(*crtend.o) .ctors)
 *(SORT(.ctors.*))
 *crtend.o(.ctors)
                0x000072e4                . = ALIGN (0x4)
 *crtbegin.o(.dtors)
 *(EXCLUDE_FILE(*crtend.o) .dtors)
 *(SORT(.dtors.*))
 *crtend.o(.dtors)
                0x000072e4                . = ALIGN (0x4)
                0x000072e4                __cy_regions = .
                0x000072e4        0x4 LONG 0x72f8 __cy_region_init_ram
                0x000072e8        0x4 LONG 0x1fff80c8 __cy_region_start_data
                0x000072ec        0x4 LONG 0x3a0 __cy_region_init_size_ram
                0x000072f0        0x4 LONG 0x6d0 __cy_region_zero_size_ram
                0x000072f4                __cy_regions_end = .
                0x000072f8                . = ALIGN (0x8)
 *fill*         0x000072f4        0x4 
                0x000072f8                _etext = .

.cy_checksum_exclude
                0x000072f8        0x0
 *(.cy_checksum_exclude)

.ramvectors     0x1fff8000       0xc0
                0x1fff8000                __cy_region_start_ram = .
 *(.ramvectors)
 .ramvectors    0x1fff8000       0xc0 .\ARM_GCC_541\Debug\Cm3Start.o
                0x1fff8000                CyRamVectors

.noinit         0x1fff80c0        0x5
 *(.noinit)
 .noinit        0x1fff80c0        0x4 .\ARM_GCC_541\Debug\Cm3Start.o
 .noinit        0x1fff80c4        0x1 .\ARM_GCC_541\Debug\Mepsan.a(CyLib.o)
                0x1fff80c4                CyResetStatus

.data           0x1fff80c8      0x3a0 load address 0x000072f8
                0x1fff80c8                __cy_region_start_data = .
 *(.jcr)
 .jcr           0x1fff80c8        0x0 c:/program files (x86)/cypress/psoc creator/4.2/psoc creator/import/gnu/arm/5.4.1/bin/../lib/gcc/arm-none-eabi/5.4.1/armv7-m/crtbegin.o
 .jcr           0x1fff80c8        0x4 c:/program files (x86)/cypress/psoc creator/4.2/psoc creator/import/gnu/arm/5.4.1/bin/../lib/gcc/arm-none-eabi/5.4.1/armv7-m/crtend.o
 *(.got.plt)
 *(.got)
 *(.shdata)
 *(.data .data.* .gnu.linkonce.d.*)
 .data          0x1fff80cc      0x322 .\ARM_GCC_541\Debug\printer.o
                0x1fff80cc                LINE_FEED
                0x1fff80d0                VolSimbol
                0x1fff80d4                msn_EDS
                0x1fff80ec                msn_EDS2
                0x1fff8104                msn_EDS3
                0x1fff811c                msn_EDS4
                0x1fff8134                msn_EDS5
                0x1fff814c                msn_EDS6
                0x1fff8164                msn_footer
                0x1fff817c                msn_footer2
                0x1fff8194                msn_diesel
                0x1fff819c                msn_gasoline
                0x1fff81a8                msn_fecha
                0x1fff81b8                msn_hora
                0x1fff81c8                msn_placa
                0x1fff81d8                PRN_MILLEAGE
                0x1fff81e8                PRN_TRANSTYPE
                0x1fff81f8                msn_pos
                0x1fff8208                msn_product
                0x1fff8218                msn_ppu
                0x1fff8228                msn_vol
                0x1fff8238                msn_voltot
                0x1fff8248                msn_din
                0x1fff8258                msn_cierre
                0x1fff8268                msn_venta
                0x1fff8278                msn_numero
                0x1fff8288                PRN_BALANCE
                0x1fff8298                PRN_COMPANY
                0x1fff82a8                PRN_ACCOUNT
                0x1fff82b8                PRN_SERIAL
                0x1fff82c8                PRN_ACCOUNTTYPE
                0x1fff82d8                PRN_VISITSDAY
                0x1fff82e8                PRN_VISITSWEEK
                0x1fff82f8                PRN_VISITSMONTH
                0x1fff8308                PRN_VOLUMEDAY
                0x1fff8318                PRN_VOLUMEWEEK
                0x1fff8328                PRN_VOLUMEMONTH
                0x1fff8338                PRN_MONEYDAY
                0x1fff8348                PRN_MONEYWEEK
                0x1fff8358                PRN_MONEYMONTH
                0x1fff8368                PRN_PRESET
                0x1fff8378                PRN_SIGNATURE
                0x1fff8388                PRN_ID
                0x1fff8398                PRN_CURRENCY
                0x1fff839c                msn_lecact
                0x1fff83ac                msn_lecaan
                0x1fff83bc                msn_dif
                0x1fff83d0                SEPARATOR
                0x1fff83e8                ASK_TIME
 *fill*         0x1fff83ee        0x2 
 .data          0x1fff83f0       0x10 .\ARM_GCC_541\Debug\Mepsan.a(CyLib.o)
                0x1fff83f0                cydelay_freq_hz
                0x1fff83f4                cydelay_freq_khz
                0x1fff83f8                cydelay_freq_mhz
                0x1fff83fc                cydelay_32k_ms
 .data.impure_data
                0x1fff8400       0x60 c:/program files (x86)/cypress/psoc creator/4.2/psoc creator/import/gnu/arm/5.4.1/bin/../lib/gcc/arm-none-eabi/5.4.1/../../../../arm-none-eabi/lib/armv7-m\libg_nano.a(lib_a-impure.o)
 .data._impure_ptr
                0x1fff8460        0x4 c:/program files (x86)/cypress/psoc creator/4.2/psoc creator/import/gnu/arm/5.4.1/bin/../lib/gcc/arm-none-eabi/5.4.1/../../../../arm-none-eabi/lib/armv7-m\libg_nano.a(lib_a-impure.o)
                0x1fff8460                _impure_ptr
 .data.__ctype_ptr__
                0x1fff8464        0x4 c:/program files (x86)/cypress/psoc creator/4.2/psoc creator/import/gnu/arm/5.4.1/bin/../lib/gcc/arm-none-eabi/5.4.1/../../../../arm-none-eabi/lib/armv7-m\libg_nano.a(lib_a-ctype_.o)
                0x1fff8464                __ctype_ptr__
                0x1fff8468                . = ALIGN (0x8)
 *(.ram)
                0x1fff8468                _edata = .

.igot.plt       0x1fff8468        0x0 load address 0x00007698
 .igot.plt      0x1fff8468        0x0 c:/program files (x86)/cypress/psoc creator/4.2/psoc creator/import/gnu/arm/5.4.1/bin/../lib/gcc/arm-none-eabi/5.4.1/armv7-m/crtbegin.o

.bss            0x1fff8468      0x6d0 load address 0x00007698
                0x1fff8468                PROVIDE (__bss_start__, .)
 *(.shbss)
 *(.bss .bss.* .gnu.linkonce.b.*)
 .bss           0x1fff8468       0x1c c:/program files (x86)/cypress/psoc creator/4.2/psoc creator/import/gnu/arm/5.4.1/bin/../lib/gcc/arm-none-eabi/5.4.1/armv7-m/crtbegin.o
 *fill*         0x1fff8484        0x4 
 .bss           0x1fff8488        0x4 .\ARM_GCC_541\Debug\cyfitter_cfg.o
 .bss           0x1fff848c        0x1 .\ARM_GCC_541\Debug\Mepsan.a(PWM_1.o)
                0x1fff848c                PWM_1_initVar
 .bss           0x1fff848d        0x9 .\ARM_GCC_541\Debug\Mepsan.a(screen.o)
                0x1fff848d                screen_initVar
                0x1fff848e                screen_txBufferRead
                0x1fff848f                screen_txBufferWrite
                0x1fff8490                screen_errorStatus
                0x1fff8491                screen_rxBufferRead
                0x1fff8492                screen_rxBufferWrite
                0x1fff8493                screen_rxBufferLoopDetect
                0x1fff8494                screen_rxBufferOverflow
 .bss           0x1fff8496        0x4 .\ARM_GCC_541\Debug\Mepsan.a(PRINTER_A.o)
                0x1fff8496                PRINTER_A_initVar
                0x1fff8497                PRINTER_A_txBufferRead
                0x1fff8498                PRINTER_A_txBufferWrite
 .bss           0x1fff849a        0x7 .\ARM_GCC_541\Debug\Mepsan.a(MEPSAN.o)
                0x1fff849a                MEPSAN_initVar
                0x1fff849b                MEPSAN_errorStatus
                0x1fff849c                MEPSAN_rxBufferRead
                0x1fff849d                MEPSAN_rxBufferWrite
                0x1fff849e                MEPSAN_rxBufferLoopDetect
                0x1fff849f                MEPSAN_rxBufferOverflow
 .bss           0x1fff84a1        0x7 .\ARM_GCC_541\Debug\Mepsan.a(GBCL.o)
                0x1fff84a1                GBCL_initVar
                0x1fff84a2                GBCL_errorStatus
                0x1fff84a3                GBCL_rxBufferRead
                0x1fff84a4                GBCL_rxBufferWrite
                0x1fff84a5                GBCL_rxBufferLoopDetect
                0x1fff84a6                GBCL_rxBufferOverflow
 .bss           0x1fff84a8        0x8 .\ARM_GCC_541\Debug\Mepsan.a(CySpc.o)
                0x1fff84a8                SpcLockState
 *(COMMON)
 COMMON         0x1fff84b0      0x55e .\ARM_GCC_541\Debug\main.o
                0x1fff84b0                sale_number
                0x1fff84b8                side
                0x1fff896c                crc_hi
                0x1fff8970                PumpAddress
                0x1fff8980                MepsanResponse
                0x1fff89b2                DecVol
                0x1fff89b3                dirGbr
                0x1fff89b4                MepsanSendTo
                0x1fff89e8                shift_number
                0x1fff89ee                int_shiftnumber
                0x1fff89ef                TotalRequestType
                0x1fff89f0                LCDhose
                0x1fff89f1                Receipt
                0x1fff89f2                Positions
                0x1fff89f3                int_salenumber
                0x1fff89f4                CRC
                0x1fff89f6                crc_lo
                0x1fff89f7                CurrentState
                0x1fff89f8                touch1
                0x1fff8a0c                PollCounter
 *fill*         0x1fff8a0e        0x2 
 COMMON         0x1fff8a10       0x1c .\ARM_GCC_541\Debug\Mepsan.a(screen.o)
                0x1fff8a10                screen_txBuffer
                0x1fff8a18                screen_rxBuffer
 COMMON         0x1fff8a2c        0x5 .\ARM_GCC_541\Debug\Mepsan.a(PRINTER_A.o)
                0x1fff8a2c                PRINTER_A_txBuffer
 *fill*         0x1fff8a31        0x3 
 COMMON         0x1fff8a34       0x80 .\ARM_GCC_541\Debug\Mepsan.a(MEPSAN.o)
                0x1fff8a34                MEPSAN_rxBuffer
 COMMON         0x1fff8ab4       0x80 .\ARM_GCC_541\Debug\Mepsan.a(GBCL.o)
                0x1fff8ab4                GBCL_rxBuffer
 COMMON         0x1fff8b34        0x2 .\ARM_GCC_541\Debug\Mepsan.a(CyFlash.o)
                0x1fff8b34                dieTemperature
                0x1fff8b38                . = ALIGN (0x8)
 *fill*         0x1fff8b36        0x2 
 *(.ram.b)
                0x1fff8b38                _end = .
                0x1fff8b38                __end = .
                0x1fff8b38                PROVIDE (end, .)
                0x1fff8b38                PROVIDE (__bss_end__, .)
                0x000072f8                __cy_region_init_ram = LOADADDR (.data)
                0x000003a0                __cy_region_init_size_ram = (_edata - ADDR (.data))
                0x000006d0                __cy_region_zero_size_ram = (_end - _edata)

.heap           0x1fff8b38       0x80 load address 0x00007698
                0x1fff8b38                . = _end
                0x1fff8bb8                . = (. + 0x80)
 *fill*         0x1fff8b38       0x80 
                0x1fff8bb8                __cy_heap_limit = .

.stack          0x20007800      0x800
                0x20007800                __cy_stack_limit = .
                0x20008000                . = (. + 0x800)
 *fill*         0x20007800      0x800 
                0x00000001                ASSERT ((__cy_stack_limit >= __cy_heap_limit), region RAM overflowed with stack)
                0x00000000                cy_checksum_exclude_size = (CY_APPL_LOADABLE == 0x1)?SIZEOF (.cy_checksum_exclude):0x0
                0x00000001                ASSERT ((cy_checksum_exclude_size <= CY_CHECKSUM_EXCLUDE_SIZE), CY_BOOT: Section .cy_checksum_exclude size exceedes specified limit.)

.cyloadermeta
 *(.cyloadermeta)

.cyloadablemeta
 *(.cyloadablemeta)

.cyconfigecc    0x80000000     0x1fc4
 *(.cyconfigecc)
 .cyconfigecc   0x80000000     0x1fc4 .\ARM_GCC_541\Debug\cymetadata.o
                0x80000000                cy_meta_configecc

.cycustnvl      0x90000000        0x4
 *(.cycustnvl)
 .cycustnvl     0x90000000        0x4 .\ARM_GCC_541\Debug\cymetadata.o
                0x90000000                cy_meta_custnvl

.cywolatch      0x90100000        0x4
 *(.cywolatch)
 .cywolatch     0x90100000        0x4 .\ARM_GCC_541\Debug\cymetadata.o
                0x90100000                cy_meta_wonvl

.cyeeprom       0x90200000        0x0
 *(.cyeeprom)
                0x00000001                ASSERT ((. <= ((0x90200000 + ee_offset) + ee_size)), .cyeeprom data will not fit in EEPROM)

.cyflashprotect
                0x90400000      0x100
 *(.cyflashprotect)
 .cyflashprotect
                0x90400000      0x100 .\ARM_GCC_541\Debug\cymetadata.o
                0x90400000                cy_meta_flashprotect

.cymeta         0x90500000        0xc
 *(.cymeta)
 .cymeta        0x90500000        0xc .\ARM_GCC_541\Debug\cymetadata.o
                0x90500000                cy_metadata

.rel.dyn        0x00007698        0x0 load address 0x9050000c
 .rel.iplt      0x00007698        0x0 c:/program files (x86)/cypress/psoc creator/4.2/psoc creator/import/gnu/arm/5.4.1/bin/../lib/gcc/arm-none-eabi/5.4.1/armv7-m/crtbegin.o

.stab
 *(.stab)

.stabstr
 *(.stabstr)

.debug
 *(.debug)

.line
 *(.line)

.debug_srcinfo
 *(.debug_srcinfo)

.debug_sfnames
 *(.debug_sfnames)

.debug_aranges  0x00000000      0xc70
 *(.debug_aranges)
 .debug_aranges
                0x00000000       0x28 .\ARM_GCC_541\Debug\main.o
 .debug_aranges
                0x00000028       0x68 .\ARM_GCC_541\Debug\PumpCom.o
 .debug_aranges
                0x00000090       0x28 .\ARM_GCC_541\Debug\Gbr.o
 .debug_aranges
                0x000000b8       0x28 .\ARM_GCC_541\Debug\printer.o
 .debug_aranges
                0x000000e0       0x60 .\ARM_GCC_541\Debug\cyfitter_cfg.o
 .debug_aranges
                0x00000140       0x18 .\ARM_GCC_541\Debug\cymetadata.o
 .debug_aranges
                0x00000158       0x48 .\ARM_GCC_541\Debug\Cm3Start.o
 .debug_aranges
                0x000001a0       0x78 .\ARM_GCC_541\Debug\Mepsan.a(PWM_1.o)
 .debug_aranges
                0x00000218      0x2a0 .\ARM_GCC_541\Debug\Mepsan.a(CyLib.o)
 .debug_aranges
                0x000004b8       0x98 .\ARM_GCC_541\Debug\Mepsan.a(cyPm.o)
 .debug_aranges
                0x00000550       0x38 .\ARM_GCC_541\Debug\Mepsan.a(EnablePin.o)
 .debug_aranges
                0x00000588       0xf0 .\ARM_GCC_541\Debug\Mepsan.a(screen.o)
 .debug_aranges
                0x00000678       0x28 .\ARM_GCC_541\Debug\Mepsan.a(screen_INT.o)
 .debug_aranges
                0x000006a0       0x70 .\ARM_GCC_541\Debug\Mepsan.a(screen_IntClock.o)
 .debug_aranges
                0x00000710       0x78 .\ARM_GCC_541\Debug\Mepsan.a(EEPROM_1.o)
 .debug_aranges
                0x00000788       0xa0 .\ARM_GCC_541\Debug\Mepsan.a(PRINTER_A.o)
 .debug_aranges
                0x00000828       0x20 .\ARM_GCC_541\Debug\Mepsan.a(PRINTER_A_INT.o)
 .debug_aranges
                0x00000848       0x70 .\ARM_GCC_541\Debug\Mepsan.a(PRINTER_A_IntClock.o)
 .debug_aranges
                0x000008b8       0xf0 .\ARM_GCC_541\Debug\Mepsan.a(MEPSAN.o)
 .debug_aranges
                0x000009a8       0x20 .\ARM_GCC_541\Debug\Mepsan.a(MEPSAN_INT.o)
 .debug_aranges
                0x000009c8       0xf0 .\ARM_GCC_541\Debug\Mepsan.a(GBCL.o)
 .debug_aranges
                0x00000ab8       0x20 .\ARM_GCC_541\Debug\Mepsan.a(GBCL_INT.o)
 .debug_aranges
                0x00000ad8       0x70 .\ARM_GCC_541\Debug\Mepsan.a(MEPSAN_IntClock.o)
 .debug_aranges
                0x00000b48       0x20 .\ARM_GCC_541\Debug\Mepsan.a(CyBootAsmGnu.o)
 .debug_aranges
                0x00000b68       0x88 .\ARM_GCC_541\Debug\Mepsan.a(CyFlash.o)
 .debug_aranges
                0x00000bf0       0x80 .\ARM_GCC_541\Debug\Mepsan.a(CySpc.o)

.debug_pubnames
 *(.debug_pubnames)

.debug_info     0x00000000     0x78e0
 *(.debug_info .gnu.linkonce.wi.*)
 .debug_info    0x00000000      0x72b .\ARM_GCC_541\Debug\main.o
 .debug_info    0x0000072b      0xac2 .\ARM_GCC_541\Debug\PumpCom.o
 .debug_info    0x000011ed      0x4ae .\ARM_GCC_541\Debug\Gbr.o
 .debug_info    0x0000169b     0x1430 .\ARM_GCC_541\Debug\printer.o
 .debug_info    0x00002acb      0x3ce .\ARM_GCC_541\Debug\cyfitter_cfg.o
 .debug_info    0x00002e99      0x139 .\ARM_GCC_541\Debug\cymetadata.o
 .debug_info    0x00002fd2      0x32b .\ARM_GCC_541\Debug\Cm3Start.o
 .debug_info    0x000032fd      0x235 .\ARM_GCC_541\Debug\Mepsan.a(PWM_1.o)
 .debug_info    0x00003532      0xe51 .\ARM_GCC_541\Debug\Mepsan.a(CyLib.o)
 .debug_info    0x00004383      0x57a .\ARM_GCC_541\Debug\Mepsan.a(cyPm.o)
 .debug_info    0x000048fd      0x11e .\ARM_GCC_541\Debug\Mepsan.a(EnablePin.o)
 .debug_info    0x00004a1b      0x658 .\ARM_GCC_541\Debug\Mepsan.a(screen.o)
 .debug_info    0x00005073      0x193 .\ARM_GCC_541\Debug\Mepsan.a(screen_INT.o)
 .debug_info    0x00005206      0x25d .\ARM_GCC_541\Debug\Mepsan.a(screen_IntClock.o)
 .debug_info    0x00005463      0x359 .\ARM_GCC_541\Debug\Mepsan.a(EEPROM_1.o)
 .debug_info    0x000057bc      0x402 .\ARM_GCC_541\Debug\Mepsan.a(PRINTER_A.o)
 .debug_info    0x00005bbe       0xf6 .\ARM_GCC_541\Debug\Mepsan.a(PRINTER_A_INT.o)
 .debug_info    0x00005cb4      0x25d .\ARM_GCC_541\Debug\Mepsan.a(PRINTER_A_IntClock.o)
 .debug_info    0x00005f11      0x5f2 .\ARM_GCC_541\Debug\Mepsan.a(MEPSAN.o)
 .debug_info    0x00006503      0x149 .\ARM_GCC_541\Debug\Mepsan.a(MEPSAN_INT.o)
 .debug_info    0x0000664c      0x5f2 .\ARM_GCC_541\Debug\Mepsan.a(GBCL.o)
 .debug_info    0x00006c3e      0x149 .\ARM_GCC_541\Debug\Mepsan.a(GBCL_INT.o)
 .debug_info    0x00006d87      0x25d .\ARM_GCC_541\Debug\Mepsan.a(MEPSAN_IntClock.o)
 .debug_info    0x00006fe4       0x83 .\ARM_GCC_541\Debug\Mepsan.a(CyBootAsmGnu.o)
 .debug_info    0x00007067      0x3b9 .\ARM_GCC_541\Debug\Mepsan.a(CyFlash.o)
 .debug_info    0x00007420      0x4c0 .\ARM_GCC_541\Debug\Mepsan.a(CySpc.o)

.debug_abbrev   0x00000000     0x1df8
 *(.debug_abbrev)
 .debug_abbrev  0x00000000      0x177 .\ARM_GCC_541\Debug\main.o
 .debug_abbrev  0x00000177      0x22b .\ARM_GCC_541\Debug\PumpCom.o
 .debug_abbrev  0x000003a2      0x132 .\ARM_GCC_541\Debug\Gbr.o
 .debug_abbrev  0x000004d4      0x16e .\ARM_GCC_541\Debug\printer.o
 .debug_abbrev  0x00000642      0x183 .\ARM_GCC_541\Debug\cyfitter_cfg.o
 .debug_abbrev  0x000007c5       0x77 .\ARM_GCC_541\Debug\cymetadata.o
 .debug_abbrev  0x0000083c      0x1d6 .\ARM_GCC_541\Debug\Cm3Start.o
 .debug_abbrev  0x00000a12      0x116 .\ARM_GCC_541\Debug\Mepsan.a(PWM_1.o)
 .debug_abbrev  0x00000b28      0x217 .\ARM_GCC_541\Debug\Mepsan.a(CyLib.o)
 .debug_abbrev  0x00000d3f      0x161 .\ARM_GCC_541\Debug\Mepsan.a(cyPm.o)
 .debug_abbrev  0x00000ea0       0x90 .\ARM_GCC_541\Debug\Mepsan.a(EnablePin.o)
 .debug_abbrev  0x00000f30      0x15f .\ARM_GCC_541\Debug\Mepsan.a(screen.o)
 .debug_abbrev  0x0000108f       0xa2 .\ARM_GCC_541\Debug\Mepsan.a(screen_INT.o)
 .debug_abbrev  0x00001131      0x11d .\ARM_GCC_541\Debug\Mepsan.a(screen_IntClock.o)
 .debug_abbrev  0x0000124e      0x117 .\ARM_GCC_541\Debug\Mepsan.a(EEPROM_1.o)
 .debug_abbrev  0x00001365      0x143 .\ARM_GCC_541\Debug\Mepsan.a(PRINTER_A.o)
 .debug_abbrev  0x000014a8       0x79 .\ARM_GCC_541\Debug\Mepsan.a(PRINTER_A_INT.o)
 .debug_abbrev  0x00001521      0x11d .\ARM_GCC_541\Debug\Mepsan.a(PRINTER_A_IntClock.o)
 .debug_abbrev  0x0000163e      0x15f .\ARM_GCC_541\Debug\Mepsan.a(MEPSAN.o)
 .debug_abbrev  0x0000179d       0x8a .\ARM_GCC_541\Debug\Mepsan.a(MEPSAN_INT.o)
 .debug_abbrev  0x00001827      0x15f .\ARM_GCC_541\Debug\Mepsan.a(GBCL.o)
 .debug_abbrev  0x00001986       0x8a .\ARM_GCC_541\Debug\Mepsan.a(GBCL_INT.o)
 .debug_abbrev  0x00001a10      0x11d .\ARM_GCC_541\Debug\Mepsan.a(MEPSAN_IntClock.o)
 .debug_abbrev  0x00001b2d       0x14 .\ARM_GCC_541\Debug\Mepsan.a(CyBootAsmGnu.o)
 .debug_abbrev  0x00001b41      0x14b .\ARM_GCC_541\Debug\Mepsan.a(CyFlash.o)
 .debug_abbrev  0x00001c8c      0x16c .\ARM_GCC_541\Debug\Mepsan.a(CySpc.o)

.debug_line     0x00000000     0x43dc
 *(.debug_line)
 .debug_line    0x00000000      0x4c8 .\ARM_GCC_541\Debug\main.o
 .debug_line    0x000004c8      0x651 .\ARM_GCC_541\Debug\PumpCom.o
 .debug_line    0x00000b19      0x18d .\ARM_GCC_541\Debug\Gbr.o
 .debug_line    0x00000ca6      0xa19 .\ARM_GCC_541\Debug\printer.o
 .debug_line    0x000016bf      0x224 .\ARM_GCC_541\Debug\cyfitter_cfg.o
 .debug_line    0x000018e3      0x141 .\ARM_GCC_541\Debug\cymetadata.o
 .debug_line    0x00001a24      0x1dc .\ARM_GCC_541\Debug\Cm3Start.o
 .debug_line    0x00001c00      0x140 .\ARM_GCC_541\Debug\Mepsan.a(PWM_1.o)
 .debug_line    0x00001d40      0x883 .\ARM_GCC_541\Debug\Mepsan.a(CyLib.o)
 .debug_line    0x000025c3      0x38e .\ARM_GCC_541\Debug\Mepsan.a(cyPm.o)
 .debug_line    0x00002951       0x99 .\ARM_GCC_541\Debug\Mepsan.a(EnablePin.o)
 .debug_line    0x000029ea      0x349 .\ARM_GCC_541\Debug\Mepsan.a(screen.o)
 .debug_line    0x00002d33       0xb1 .\ARM_GCC_541\Debug\Mepsan.a(screen_INT.o)
 .debug_line    0x00002de4      0x1ae .\ARM_GCC_541\Debug\Mepsan.a(screen_IntClock.o)
 .debug_line    0x00002f92      0x228 .\ARM_GCC_541\Debug\Mepsan.a(EEPROM_1.o)
 .debug_line    0x000031ba      0x238 .\ARM_GCC_541\Debug\Mepsan.a(PRINTER_A.o)
 .debug_line    0x000033f2       0x8a .\ARM_GCC_541\Debug\Mepsan.a(PRINTER_A_INT.o)
 .debug_line    0x0000347c      0x1b1 .\ARM_GCC_541\Debug\Mepsan.a(PRINTER_A_IntClock.o)
 .debug_line    0x0000362d      0x30b .\ARM_GCC_541\Debug\Mepsan.a(MEPSAN.o)
 .debug_line    0x00003938       0x8a .\ARM_GCC_541\Debug\Mepsan.a(MEPSAN_INT.o)
 .debug_line    0x000039c2      0x309 .\ARM_GCC_541\Debug\Mepsan.a(GBCL.o)
 .debug_line    0x00003ccb       0x86 .\ARM_GCC_541\Debug\Mepsan.a(GBCL_INT.o)
 .debug_line    0x00003d51      0x1ae .\ARM_GCC_541\Debug\Mepsan.a(MEPSAN_IntClock.o)
 .debug_line    0x00003eff       0x7d .\ARM_GCC_541\Debug\Mepsan.a(CyBootAsmGnu.o)
 .debug_line    0x00003f7c      0x22f .\ARM_GCC_541\Debug\Mepsan.a(CyFlash.o)
 .debug_line    0x000041ab      0x231 .\ARM_GCC_541\Debug\Mepsan.a(CySpc.o)

.debug_frame    0x00000000     0x32bc
 *(.debug_frame)
 .debug_frame   0x00000000       0x60 .\ARM_GCC_541\Debug\main.o
 .debug_frame   0x00000060      0x1b8 .\ARM_GCC_541\Debug\PumpCom.o
 .debug_frame   0x00000218       0x54 .\ARM_GCC_541\Debug\Gbr.o
 .debug_frame   0x0000026c       0x68 .\ARM_GCC_541\Debug\printer.o
 .debug_frame   0x000002d4      0x160 .\ARM_GCC_541\Debug\cyfitter_cfg.o
 .debug_frame   0x00000434       0xd8 .\ARM_GCC_541\Debug\Cm3Start.o
 .debug_frame   0x0000050c      0x1d0 .\ARM_GCC_541\Debug\Mepsan.a(PWM_1.o)
 .debug_frame   0x000006dc      0xc0c .\ARM_GCC_541\Debug\Mepsan.a(CyLib.o)
 .debug_frame   0x000012e8      0x234 .\ARM_GCC_541\Debug\Mepsan.a(cyPm.o)
 .debug_frame   0x0000151c       0xa8 .\ARM_GCC_541\Debug\Mepsan.a(EnablePin.o)
 .debug_frame   0x000015c4      0x428 .\ARM_GCC_541\Debug\Mepsan.a(screen.o)
 .debug_frame   0x000019ec       0x5c .\ARM_GCC_541\Debug\Mepsan.a(screen_INT.o)
 .debug_frame   0x00001a48      0x1b4 .\ARM_GCC_541\Debug\Mepsan.a(screen_IntClock.o)
 .debug_frame   0x00001bfc      0x1c0 .\ARM_GCC_541\Debug\Mepsan.a(EEPROM_1.o)
 .debug_frame   0x00001dbc      0x298 .\ARM_GCC_541\Debug\Mepsan.a(PRINTER_A.o)
 .debug_frame   0x00002054       0x34 .\ARM_GCC_541\Debug\Mepsan.a(PRINTER_A_INT.o)
 .debug_frame   0x00002088      0x1b4 .\ARM_GCC_541\Debug\Mepsan.a(PRINTER_A_IntClock.o)
 .debug_frame   0x0000223c      0x428 .\ARM_GCC_541\Debug\Mepsan.a(MEPSAN.o)
 .debug_frame   0x00002664       0x38 .\ARM_GCC_541\Debug\Mepsan.a(MEPSAN_INT.o)
 .debug_frame   0x0000269c      0x428 .\ARM_GCC_541\Debug\Mepsan.a(GBCL.o)
 .debug_frame   0x00002ac4       0x38 .\ARM_GCC_541\Debug\Mepsan.a(GBCL_INT.o)
 .debug_frame   0x00002afc      0x1b4 .\ARM_GCC_541\Debug\Mepsan.a(MEPSAN_IntClock.o)
 .debug_frame   0x00002cb0      0x238 .\ARM_GCC_541\Debug\Mepsan.a(CyFlash.o)
 .debug_frame   0x00002ee8      0x228 .\ARM_GCC_541\Debug\Mepsan.a(CySpc.o)
 .debug_frame   0x00003110       0x30 c:/program files (x86)/cypress/psoc creator/4.2/psoc creator/import/gnu/arm/5.4.1/bin/../lib/gcc/arm-none-eabi/5.4.1/../../../../arm-none-eabi/lib/armv7-m\libg_nano.a(lib_a-atoi.o)
 .debug_frame   0x00003140       0x20 c:/program files (x86)/cypress/psoc creator/4.2/psoc creator/import/gnu/arm/5.4.1/bin/../lib/gcc/arm-none-eabi/5.4.1/../../../../arm-none-eabi/lib/armv7-m\libg_nano.a(lib_a-errno.o)
 .debug_frame   0x00003160       0x28 c:/program files (x86)/cypress/psoc creator/4.2/psoc creator/import/gnu/arm/5.4.1/bin/../lib/gcc/arm-none-eabi/5.4.1/../../../../arm-none-eabi/lib/armv7-m\libg_nano.a(lib_a-exit.o)
 .debug_frame   0x00003188       0x2c c:/program files (x86)/cypress/psoc creator/4.2/psoc creator/import/gnu/arm/5.4.1/bin/../lib/gcc/arm-none-eabi/5.4.1/../../../../arm-none-eabi/lib/armv7-m\libg_nano.a(lib_a-init.o)
 .debug_frame   0x000031b4       0x38 c:/program files (x86)/cypress/psoc creator/4.2/psoc creator/import/gnu/arm/5.4.1/bin/../lib/gcc/arm-none-eabi/5.4.1/../../../../arm-none-eabi/lib/armv7-m\libg_nano.a(lib_a-itoa.o)
 .debug_frame   0x000031ec       0x28 c:/program files (x86)/cypress/psoc creator/4.2/psoc creator/import/gnu/arm/5.4.1/bin/../lib/gcc/arm-none-eabi/5.4.1/../../../../arm-none-eabi/lib/armv7-m\libg_nano.a(lib_a-memcpy-stub.o)
 .debug_frame   0x00003214       0x20 c:/program files (x86)/cypress/psoc creator/4.2/psoc creator/import/gnu/arm/5.4.1/bin/../lib/gcc/arm-none-eabi/5.4.1/../../../../arm-none-eabi/lib/armv7-m\libg_nano.a(lib_a-memset.o)
 .debug_frame   0x00003234       0x44 c:/program files (x86)/cypress/psoc creator/4.2/psoc creator/import/gnu/arm/5.4.1/bin/../lib/gcc/arm-none-eabi/5.4.1/../../../../arm-none-eabi/lib/armv7-m\libg_nano.a(lib_a-strtol.o)
 .debug_frame   0x00003278       0x44 c:/program files (x86)/cypress/psoc creator/4.2/psoc creator/import/gnu/arm/5.4.1/bin/../lib/gcc/arm-none-eabi/5.4.1/../../../../arm-none-eabi/lib/armv7-m\libg_nano.a(lib_a-utoa.o)

.debug_str      0x00000000     0x2bdb
 *(.debug_str)
 .debug_str     0x00000000      0x36b .\ARM_GCC_541\Debug\main.o
                                0x3d7 (size before relaxing)
 .debug_str     0x0000036b       0xb8 .\ARM_GCC_541\Debug\PumpCom.o
                                0x457 (size before relaxing)
 .debug_str     0x00000423       0xa9 .\ARM_GCC_541\Debug\Gbr.o
                                0x3db (size before relaxing)
 .debug_str     0x000004cc      0x281 .\ARM_GCC_541\Debug\printer.o
                                0x5dd (size before relaxing)
 .debug_str     0x0000074d      0x18b .\ARM_GCC_541\Debug\cyfitter_cfg.o
                                0x312 (size before relaxing)
 .debug_str     0x000008d8       0x75 .\ARM_GCC_541\Debug\cymetadata.o
                                0x1d7 (size before relaxing)
 .debug_str     0x0000094d      0x124 .\ARM_GCC_541\Debug\Cm3Start.o
                                0x2ca (size before relaxing)
 .debug_str     0x00000a71      0x13a .\ARM_GCC_541\Debug\Mepsan.a(PWM_1.o)
                                0x2c0 (size before relaxing)
 .debug_str     0x00000bab      0x80b .\ARM_GCC_541\Debug\Mepsan.a(CyLib.o)
                                0x9dd (size before relaxing)
 .debug_str     0x000013b6      0x371 .\ARM_GCC_541\Debug\Mepsan.a(cyPm.o)
                                0x536 (size before relaxing)
 .debug_str     0x00001727       0x7a .\ARM_GCC_541\Debug\Mepsan.a(EnablePin.o)
                                0x1e9 (size before relaxing)
 .debug_str     0x000017a1      0x3b4 .\ARM_GCC_541\Debug\Mepsan.a(screen.o)
                                0x563 (size before relaxing)
 .debug_str     0x00001b55       0x64 .\ARM_GCC_541\Debug\Mepsan.a(screen_INT.o)
                                0x294 (size before relaxing)
 .debug_str     0x00001bb9      0x1c2 .\ARM_GCC_541\Debug\Mepsan.a(screen_IntClock.o)
                                0x341 (size before relaxing)
 .debug_str     0x00001d7b      0x14a .\ARM_GCC_541\Debug\Mepsan.a(EEPROM_1.o)
                                0x2f1 (size before relaxing)
 .debug_str     0x00001ec5      0x1e9 .\ARM_GCC_541\Debug\Mepsan.a(PRINTER_A.o)
                                0x40c (size before relaxing)
 .debug_str     0x000020ae       0x37 .\ARM_GCC_541\Debug\Mepsan.a(PRINTER_A_INT.o)
                                0x1f2 (size before relaxing)
 .debug_str     0x000020e5      0x19b .\ARM_GCC_541\Debug\Mepsan.a(PRINTER_A_IntClock.o)
                                0x365 (size before relaxing)
 .debug_str     0x00002280      0x2b8 .\ARM_GCC_541\Debug\Mepsan.a(MEPSAN.o)
                                0x509 (size before relaxing)
 .debug_str     0x00002538       0x31 .\ARM_GCC_541\Debug\Mepsan.a(MEPSAN_INT.o)
                                0x24e (size before relaxing)
 .debug_str     0x00002569      0x272 .\ARM_GCC_541\Debug\Mepsan.a(GBCL.o)
                                0x4c3 (size before relaxing)
 .debug_str     0x000027db       0x2d .\ARM_GCC_541\Debug\Mepsan.a(GBCL_INT.o)
                                0x23e (size before relaxing)
 .debug_str     0x00002808      0x177 .\ARM_GCC_541\Debug\Mepsan.a(MEPSAN_IntClock.o)
                                0x341 (size before relaxing)
 .debug_str     0x0000297f      0x135 .\ARM_GCC_541\Debug\Mepsan.a(CyFlash.o)
                                0x2fa (size before relaxing)
 .debug_str     0x00002ab4      0x127 .\ARM_GCC_541\Debug\Mepsan.a(CySpc.o)
                                0x2f4 (size before relaxing)

.debug_loc
 *(.debug_loc)

.debug_macinfo
 *(.debug_macinfo)

.debug_ranges   0x00000000      0xab8
 *(.debug_ranges)
 .debug_ranges  0x00000000       0x18 .\ARM_GCC_541\Debug\main.o
 .debug_ranges  0x00000018       0x58 .\ARM_GCC_541\Debug\PumpCom.o
 .debug_ranges  0x00000070       0x18 .\ARM_GCC_541\Debug\Gbr.o
 .debug_ranges  0x00000088       0x18 .\ARM_GCC_541\Debug\printer.o
 .debug_ranges  0x000000a0       0x50 .\ARM_GCC_541\Debug\cyfitter_cfg.o
 .debug_ranges  0x000000f0       0x38 .\ARM_GCC_541\Debug\Cm3Start.o
 .debug_ranges  0x00000128       0x68 .\ARM_GCC_541\Debug\Mepsan.a(PWM_1.o)
 .debug_ranges  0x00000190      0x290 .\ARM_GCC_541\Debug\Mepsan.a(CyLib.o)
 .debug_ranges  0x00000420       0x88 .\ARM_GCC_541\Debug\Mepsan.a(cyPm.o)
 .debug_ranges  0x000004a8       0x28 .\ARM_GCC_541\Debug\Mepsan.a(EnablePin.o)
 .debug_ranges  0x000004d0       0xe0 .\ARM_GCC_541\Debug\Mepsan.a(screen.o)
 .debug_ranges  0x000005b0       0x18 .\ARM_GCC_541\Debug\Mepsan.a(screen_INT.o)
 .debug_ranges  0x000005c8       0x60 .\ARM_GCC_541\Debug\Mepsan.a(screen_IntClock.o)
 .debug_ranges  0x00000628       0x68 .\ARM_GCC_541\Debug\Mepsan.a(EEPROM_1.o)
 .debug_ranges  0x00000690       0x90 .\ARM_GCC_541\Debug\Mepsan.a(PRINTER_A.o)
 .debug_ranges  0x00000720       0x10 .\ARM_GCC_541\Debug\Mepsan.a(PRINTER_A_INT.o)
 .debug_ranges  0x00000730       0x60 .\ARM_GCC_541\Debug\Mepsan.a(PRINTER_A_IntClock.o)
 .debug_ranges  0x00000790       0xe0 .\ARM_GCC_541\Debug\Mepsan.a(MEPSAN.o)
 .debug_ranges  0x00000870       0x10 .\ARM_GCC_541\Debug\Mepsan.a(MEPSAN_INT.o)
 .debug_ranges  0x00000880       0xe0 .\ARM_GCC_541\Debug\Mepsan.a(GBCL.o)
 .debug_ranges  0x00000960       0x10 .\ARM_GCC_541\Debug\Mepsan.a(GBCL_INT.o)
 .debug_ranges  0x00000970       0x60 .\ARM_GCC_541\Debug\Mepsan.a(MEPSAN_IntClock.o)
 .debug_ranges  0x000009d0       0x78 .\ARM_GCC_541\Debug\Mepsan.a(CyFlash.o)
 .debug_ranges  0x00000a48       0x70 .\ARM_GCC_541\Debug\Mepsan.a(CySpc.o)

.comment        0x00000000       0x6e
 .comment       0x00000000       0x6e .\ARM_GCC_541\Debug\main.o
                                 0x6f (size before relaxing)
 .comment       0x0000006e       0x6f .\ARM_GCC_541\Debug\PumpCom.o
 .comment       0x0000006e       0x6f .\ARM_GCC_541\Debug\Gbr.o
 .comment       0x0000006e       0x6f .\ARM_GCC_541\Debug\printer.o
 .comment       0x0000006e       0x6f .\ARM_GCC_541\Debug\cyfitter_cfg.o
 .comment       0x0000006e       0x6f .\ARM_GCC_541\Debug\cymetadata.o
 .comment       0x0000006e       0x6f .\ARM_GCC_541\Debug\Cm3Start.o
 .comment       0x0000006e       0x6f .\ARM_GCC_541\Debug\Mepsan.a(PWM_1.o)
 .comment       0x0000006e       0x6f .\ARM_GCC_541\Debug\Mepsan.a(CyLib.o)
 .comment       0x0000006e       0x6f .\ARM_GCC_541\Debug\Mepsan.a(cyPm.o)
 .comment       0x0000006e       0x6f .\ARM_GCC_541\Debug\Mepsan.a(EnablePin.o)
 .comment       0x0000006e       0x6f .\ARM_GCC_541\Debug\Mepsan.a(screen.o)
 .comment       0x0000006e       0x6f .\ARM_GCC_541\Debug\Mepsan.a(screen_INT.o)
 .comment       0x0000006e       0x6f .\ARM_GCC_541\Debug\Mepsan.a(screen_IntClock.o)
 .comment       0x0000006e       0x6f .\ARM_GCC_541\Debug\Mepsan.a(EEPROM_1.o)
 .comment       0x0000006e       0x6f .\ARM_GCC_541\Debug\Mepsan.a(PRINTER_A.o)
 .comment       0x0000006e       0x6f .\ARM_GCC_541\Debug\Mepsan.a(PRINTER_A_INT.o)
 .comment       0x0000006e       0x6f .\ARM_GCC_541\Debug\Mepsan.a(PRINTER_A_IntClock.o)
 .comment       0x0000006e       0x6f .\ARM_GCC_541\Debug\Mepsan.a(MEPSAN.o)
 .comment       0x0000006e       0x6f .\ARM_GCC_541\Debug\Mepsan.a(MEPSAN_INT.o)
 .comment       0x0000006e       0x6f .\ARM_GCC_541\Debug\Mepsan.a(GBCL.o)
 .comment       0x0000006e       0x6f .\ARM_GCC_541\Debug\Mepsan.a(GBCL_INT.o)
 .comment       0x0000006e       0x6f .\ARM_GCC_541\Debug\Mepsan.a(MEPSAN_IntClock.o)
 .comment       0x0000006e       0x6f .\ARM_GCC_541\Debug\Mepsan.a(CyFlash.o)
 .comment       0x0000006e       0x6f .\ARM_GCC_541\Debug\Mepsan.a(CySpc.o)

.debug_weaknames
 *(.debug_weaknames)

.debug_funcnames
 *(.debug_funcnames)

.debug_typenames
 *(.debug_typenames)

.debug_varnames
 *(.debug_varnames)

.note.gnu.arm.ident
 *(.note.gnu.arm.ident)

.ARM.attributes
                0x00000000       0x29
 *(.ARM.attributes)
 .ARM.attributes
                0x00000000       0x1d c:/program files (x86)/cypress/psoc creator/4.2/psoc creator/import/gnu/arm/5.4.1/bin/../lib/gcc/arm-none-eabi/5.4.1/armv7-m/crti.o
 .ARM.attributes
                0x0000001d       0x2d c:/program files (x86)/cypress/psoc creator/4.2/psoc creator/import/gnu/arm/5.4.1/bin/../lib/gcc/arm-none-eabi/5.4.1/armv7-m/crtbegin.o
 .ARM.attributes
                0x0000004a       0x1b c:/program files (x86)/cypress/psoc creator/4.2/psoc creator/import/gnu/arm/5.4.1/bin/../lib/gcc/arm-none-eabi/5.4.1/../../../../arm-none-eabi/lib/armv7-m/crt0.o
 .ARM.attributes
                0x00000065       0x33 .\ARM_GCC_541\Debug\main.o
 .ARM.attributes
                0x00000098       0x33 .\ARM_GCC_541\Debug\PumpCom.o
 .ARM.attributes
                0x000000cb       0x33 .\ARM_GCC_541\Debug\Gbr.o
 .ARM.attributes
                0x000000fe       0x33 .\ARM_GCC_541\Debug\printer.o
 .ARM.attributes
                0x00000131       0x33 .\ARM_GCC_541\Debug\cyfitter_cfg.o
 .ARM.attributes
                0x00000164       0x33 .\ARM_GCC_541\Debug\cymetadata.o
 .ARM.attributes
                0x00000197       0x33 .\ARM_GCC_541\Debug\Cm3Start.o
 .ARM.attributes
                0x000001ca       0x33 .\ARM_GCC_541\Debug\Mepsan.a(PWM_1.o)
 .ARM.attributes
                0x000001fd       0x33 .\ARM_GCC_541\Debug\Mepsan.a(CyLib.o)
 .ARM.attributes
                0x00000230       0x33 .\ARM_GCC_541\Debug\Mepsan.a(cyPm.o)
 .ARM.attributes
                0x00000263       0x33 .\ARM_GCC_541\Debug\Mepsan.a(EnablePin.o)
 .ARM.attributes
                0x00000296       0x33 .\ARM_GCC_541\Debug\Mepsan.a(screen.o)
 .ARM.attributes
                0x000002c9       0x33 .\ARM_GCC_541\Debug\Mepsan.a(screen_INT.o)
 .ARM.attributes
                0x000002fc       0x33 .\ARM_GCC_541\Debug\Mepsan.a(screen_IntClock.o)
 .ARM.attributes
                0x0000032f       0x33 .\ARM_GCC_541\Debug\Mepsan.a(EEPROM_1.o)
 .ARM.attributes
                0x00000362       0x33 .\ARM_GCC_541\Debug\Mepsan.a(PRINTER_A.o)
 .ARM.attributes
                0x00000395       0x33 .\ARM_GCC_541\Debug\Mepsan.a(PRINTER_A_INT.o)
 .ARM.attributes
                0x000003c8       0x33 .\ARM_GCC_541\Debug\Mepsan.a(PRINTER_A_IntClock.o)
 .ARM.attributes
                0x000003fb       0x33 .\ARM_GCC_541\Debug\Mepsan.a(MEPSAN.o)
 .ARM.attributes
                0x0000042e       0x33 .\ARM_GCC_541\Debug\Mepsan.a(MEPSAN_INT.o)
 .ARM.attributes
                0x00000461       0x33 .\ARM_GCC_541\Debug\Mepsan.a(GBCL.o)
 .ARM.attributes
                0x00000494       0x33 .\ARM_GCC_541\Debug\Mepsan.a(GBCL_INT.o)
 .ARM.attributes
                0x000004c7       0x33 .\ARM_GCC_541\Debug\Mepsan.a(MEPSAN_IntClock.o)
 .ARM.attributes
                0x000004fa       0x21 .\ARM_GCC_541\Debug\Mepsan.a(CyBootAsmGnu.o)
 .ARM.attributes
                0x0000051b       0x33 .\ARM_GCC_541\Debug\Mepsan.a(CyFlash.o)
 .ARM.attributes
                0x0000054e       0x33 .\ARM_GCC_541\Debug\Mepsan.a(CySpc.o)
 .ARM.attributes
                0x00000581       0x2d c:/program files (x86)/cypress/psoc creator/4.2/psoc creator/import/gnu/arm/5.4.1/bin/../lib/gcc/arm-none-eabi/5.4.1/../../../../arm-none-eabi/lib/armv7-m\libg_nano.a(lib_a-atoi.o)
 .ARM.attributes
                0x000005ae       0x2d c:/program files (x86)/cypress/psoc creator/4.2/psoc creator/import/gnu/arm/5.4.1/bin/../lib/gcc/arm-none-eabi/5.4.1/../../../../arm-none-eabi/lib/armv7-m\libg_nano.a(lib_a-errno.o)
 .ARM.attributes
                0x000005db       0x2d c:/program files (x86)/cypress/psoc creator/4.2/psoc creator/import/gnu/arm/5.4.1/bin/../lib/gcc/arm-none-eabi/5.4.1/../../../../arm-none-eabi/lib/armv7-m\libg_nano.a(lib_a-exit.o)
 .ARM.attributes
                0x00000608       0x2d c:/program files (x86)/cypress/psoc creator/4.2/psoc creator/import/gnu/arm/5.4.1/bin/../lib/gcc/arm-none-eabi/5.4.1/../../../../arm-none-eabi/lib/armv7-m\libg_nano.a(lib_a-impure.o)
 .ARM.attributes
                0x00000635       0x2d c:/program files (x86)/cypress/psoc creator/4.2/psoc creator/import/gnu/arm/5.4.1/bin/../lib/gcc/arm-none-eabi/5.4.1/../../../../arm-none-eabi/lib/armv7-m\libg_nano.a(lib_a-init.o)
 .ARM.attributes
                0x00000662       0x2d c:/program files (x86)/cypress/psoc creator/4.2/psoc creator/import/gnu/arm/5.4.1/bin/../lib/gcc/arm-none-eabi/5.4.1/../../../../arm-none-eabi/lib/armv7-m\libg_nano.a(lib_a-itoa.o)
 .ARM.attributes
                0x0000068f       0x2d c:/program files (x86)/cypress/psoc creator/4.2/psoc creator/import/gnu/arm/5.4.1/bin/../lib/gcc/arm-none-eabi/5.4.1/../../../../arm-none-eabi/lib/armv7-m\libg_nano.a(lib_a-memcpy-stub.o)
 .ARM.attributes
                0x000006bc       0x2d c:/program files (x86)/cypress/psoc creator/4.2/psoc creator/import/gnu/arm/5.4.1/bin/../lib/gcc/arm-none-eabi/5.4.1/../../../../arm-none-eabi/lib/armv7-m\libg_nano.a(lib_a-memset.o)
 .ARM.attributes
                0x000006e9       0x2d c:/program files (x86)/cypress/psoc creator/4.2/psoc creator/import/gnu/arm/5.4.1/bin/../lib/gcc/arm-none-eabi/5.4.1/../../../../arm-none-eabi/lib/armv7-m\libg_nano.a(lib_a-strtol.o)
 .ARM.attributes
                0x00000716       0x2d c:/program files (x86)/cypress/psoc creator/4.2/psoc creator/import/gnu/arm/5.4.1/bin/../lib/gcc/arm-none-eabi/5.4.1/../../../../arm-none-eabi/lib/armv7-m\libg_nano.a(lib_a-utoa.o)
 .ARM.attributes
                0x00000743       0x2d c:/program files (x86)/cypress/psoc creator/4.2/psoc creator/import/gnu/arm/5.4.1/bin/../lib/gcc/arm-none-eabi/5.4.1/../../../../arm-none-eabi/lib/armv7-m\libg_nano.a(lib_a-ctype_.o)
 .ARM.attributes
                0x00000770       0x2d c:/program files (x86)/cypress/psoc creator/4.2/psoc creator/import/gnu/arm/5.4.1/bin/../lib/gcc/arm-none-eabi/5.4.1/armv7-m/crtend.o
 .ARM.attributes
                0x0000079d       0x1d c:/program files (x86)/cypress/psoc creator/4.2/psoc creator/import/gnu/arm/5.4.1/bin/../lib/gcc/arm-none-eabi/5.4.1/armv7-m/crtn.o

/DISCARD/
 *(.note.GNU-stack)
OUTPUT(C:\Users\Lenovo\Documents\GitHub\Mepsan\Mepsan.cydsn\ARM_GCC_541\Debug\Mepsan.elf elf32-littlearm)
