Archive member included to satisfy reference by file (symbol)

.\ARM_GCC_541\Debug\Mepsan.a(PWM_1.o)
                              .\ARM_GCC_541\Debug\main.o (PWM_1_Start)
.\ARM_GCC_541\Debug\Mepsan.a(CyLib.o)
                              .\ARM_GCC_541\Debug\Cm3Start.o (CyResetStatus)
.\ARM_GCC_541\Debug\Mepsan.a(cyPm.o)
                              .\ARM_GCC_541\Debug\Mepsan.a(CyLib.o) (CyPmReadStatus)
.\ARM_GCC_541\Debug\Mepsan.a(EnablePin.o)
                              .\ARM_GCC_541\Debug\PumpCom.o (EnablePin_Write)
.\ARM_GCC_541\Debug\Mepsan.a(screen.o)
                              .\ARM_GCC_541\Debug\main.o (screen_Start)
.\ARM_GCC_541\Debug\Mepsan.a(screen_INT.o)
                              .\ARM_GCC_541\Debug\Mepsan.a(screen.o) (screen_RXISR)
.\ARM_GCC_541\Debug\Mepsan.a(screen_IntClock.o)
                              .\ARM_GCC_541\Debug\Mepsan.a(screen.o) (screen_IntClock_Start)
.\ARM_GCC_541\Debug\Mepsan.a(EEPROM_1.o)
                              .\ARM_GCC_541\Debug\main.o (EEPROM_1_Start)
.\ARM_GCC_541\Debug\Mepsan.a(PRINTER_A.o)
                              .\ARM_GCC_541\Debug\main.o (PRINTER_A_Start)
.\ARM_GCC_541\Debug\Mepsan.a(PRINTER_A_INT.o)
                              .\ARM_GCC_541\Debug\Mepsan.a(PRINTER_A.o) (PRINTER_A_TXISR)
.\ARM_GCC_541\Debug\Mepsan.a(PRINTER_A_IntClock.o)
                              .\ARM_GCC_541\Debug\Mepsan.a(PRINTER_A.o) (PRINTER_A_IntClock_Start)
.\ARM_GCC_541\Debug\Mepsan.a(MEPSAN.o)
                              .\ARM_GCC_541\Debug\main.o (MEPSAN_Start)
.\ARM_GCC_541\Debug\Mepsan.a(MEPSAN_INT.o)
                              .\ARM_GCC_541\Debug\Mepsan.a(MEPSAN.o) (MEPSAN_RXISR)
.\ARM_GCC_541\Debug\Mepsan.a(GBCL.o)
                              .\ARM_GCC_541\Debug\main.o (GBCL_Start)
.\ARM_GCC_541\Debug\Mepsan.a(GBCL_INT.o)
                              .\ARM_GCC_541\Debug\Mepsan.a(GBCL.o) (GBCL_RXISR)
.\ARM_GCC_541\Debug\Mepsan.a(MEPSAN_IntClock.o)
                              .\ARM_GCC_541\Debug\Mepsan.a(MEPSAN.o) (MEPSAN_IntClock_Start)
.\ARM_GCC_541\Debug\Mepsan.a(CyBootAsmGnu.o)
                              .\ARM_GCC_541\Debug\cyfitter_cfg.o (CyDelayCycles)
.\ARM_GCC_541\Debug\Mepsan.a(CyFlash.o)
                              .\ARM_GCC_541\Debug\Mepsan.a(EEPROM_1.o) (dieTemperature)
.\ARM_GCC_541\Debug\Mepsan.a(CySpc.o)
                              .\ARM_GCC_541\Debug\Mepsan.a(EEPROM_1.o) (CySpcStart)
c:/program files (x86)/cypress/psoc creator/4.3/psoc creator/import/gnu/arm/5.4.1/bin/../lib/gcc/arm-none-eabi/5.4.1/../../../../arm-none-eabi/lib/armv7-m\libg_nano.a(lib_a-atoi.o)
                              .\ARM_GCC_541\Debug\printer.o (atoi)
c:/program files (x86)/cypress/psoc creator/4.3/psoc creator/import/gnu/arm/5.4.1/bin/../lib/gcc/arm-none-eabi/5.4.1/../../../../arm-none-eabi/lib/armv7-m\libg_nano.a(lib_a-errno.o)
                              .\ARM_GCC_541\Debug\Cm3Start.o (__errno)
c:/program files (x86)/cypress/psoc creator/4.3/psoc creator/import/gnu/arm/5.4.1/bin/../lib/gcc/arm-none-eabi/5.4.1/../../../../arm-none-eabi/lib/armv7-m\libg_nano.a(lib_a-exit.o)
                              c:/program files (x86)/cypress/psoc creator/4.3/psoc creator/import/gnu/arm/5.4.1/bin/../lib/gcc/arm-none-eabi/5.4.1/../../../../arm-none-eabi/lib/armv7-m/crt0.o (exit)
c:/program files (x86)/cypress/psoc creator/4.3/psoc creator/import/gnu/arm/5.4.1/bin/../lib/gcc/arm-none-eabi/5.4.1/../../../../arm-none-eabi/lib/armv7-m\libg_nano.a(lib_a-impure.o)
                              c:/program files (x86)/cypress/psoc creator/4.3/psoc creator/import/gnu/arm/5.4.1/bin/../lib/gcc/arm-none-eabi/5.4.1/../../../../arm-none-eabi/lib/armv7-m\libg_nano.a(lib_a-exit.o) (_global_impure_ptr)
c:/program files (x86)/cypress/psoc creator/4.3/psoc creator/import/gnu/arm/5.4.1/bin/../lib/gcc/arm-none-eabi/5.4.1/../../../../arm-none-eabi/lib/armv7-m\libg_nano.a(lib_a-init.o)
                              c:/program files (x86)/cypress/psoc creator/4.3/psoc creator/import/gnu/arm/5.4.1/bin/../lib/gcc/arm-none-eabi/5.4.1/../../../../arm-none-eabi/lib/armv7-m/crt0.o (__libc_init_array)
c:/program files (x86)/cypress/psoc creator/4.3/psoc creator/import/gnu/arm/5.4.1/bin/../lib/gcc/arm-none-eabi/5.4.1/../../../../arm-none-eabi/lib/armv7-m\libg_nano.a(lib_a-itoa.o)
                              .\ARM_GCC_541\Debug\printer.o (itoa)
c:/program files (x86)/cypress/psoc creator/4.3/psoc creator/import/gnu/arm/5.4.1/bin/../lib/gcc/arm-none-eabi/5.4.1/../../../../arm-none-eabi/lib/armv7-m\libg_nano.a(lib_a-memcpy-stub.o)
                              .\ARM_GCC_541\Debug\cyfitter_cfg.o (memcpy)
c:/program files (x86)/cypress/psoc creator/4.3/psoc creator/import/gnu/arm/5.4.1/bin/../lib/gcc/arm-none-eabi/5.4.1/../../../../arm-none-eabi/lib/armv7-m\libg_nano.a(lib_a-memset.o)
                              c:/program files (x86)/cypress/psoc creator/4.3/psoc creator/import/gnu/arm/5.4.1/bin/../lib/gcc/arm-none-eabi/5.4.1/../../../../arm-none-eabi/lib/armv7-m/crt0.o (memset)
[...]
Memory Configuration

Name             Origin             Length             Attributes
rom              0x00000000         0x00040000         xr
ram              0x1fff8000         0x00010000         xrw
*default*        0x00000000         0xffffffff

Linker script and memory map

LOAD c:/program files (x86)/cypress/psoc creator/4.3/psoc creator/import/gnu/arm/5.4.1/bin/../lib/gcc/arm-none-eabi/5.4.1/armv7-m/crti.o
LOAD c:/program files (x86)/cypress/psoc creator/4.3/psoc creator/import/gnu/arm/5.4.1/bin/../lib/gcc/arm-none-eabi/5.4.1/armv7-m/crtbegin.o
LOAD c:/program files (x86)/cypress/psoc creator/4.3/psoc creator/import/gnu/arm/5.4.1/bin/../lib/gcc/arm-none-eabi/5.4.1/../../../../arm-none-eabi/lib/armv7-m/crt0.o
START GROUP
LOAD .\ARM_GCC_541\Debug\main.o
LOAD .\ARM_GCC_541\Debug\PumpCom.o
LOAD .\ARM_GCC_541\Debug\Gbr.o
LOAD .\ARM_GCC_541\Debug\printer.o
LOAD .\ARM_GCC_541\Debug\cyfitter_cfg.o
LOAD .\ARM_GCC_541\Debug\cymetadata.o
LOAD .\ARM_GCC_541\Debug\Cm3Start.o
LOAD .\ARM_GCC_541\Debug\Mepsan.a
LOAD C:\Program Files (x86)\Cypress\PSoC Creator\4.3\PSoC Creator\psoc\content\cycomponentlibrary\CyComponentLibrary.cylib\CortexM3\ARM_GCC_541\Debug\CyComponentLibrary.a
END GROUP
START GROUP
LOAD c:/program files (x86)/cypress/psoc creator/4.3/psoc creator/import/gnu/arm/5.4.1/bin/../lib/gcc/arm-none-eabi/5.4.1/armv7-m\libgcc.a
LOAD c:/program files (x86)/cypress/psoc creator/4.3/psoc creator/import/gnu/arm/5.4.1/bin/../lib/gcc/arm-none-eabi/5.4.1/../../../../arm-none-eabi/lib/armv7-m\libg_nano.a
LOAD c:/program files (x86)/cypress/psoc creator/4.3/psoc creator/import/gnu/arm/5.4.1/bin/../lib/gcc/arm-none-eabi/5.4.1/../../../../arm-none-eabi/lib/armv7-m\libc_nano.a
END GROUP
START GROUP
LOAD c:/program files (x86)/cypress/psoc creator/4.3/psoc creator/import/gnu/arm/5.4.1/bin/../lib/gcc/arm-none-eabi/5.4.1/armv7-m\libgcc.a
LOAD c:/program files (x86)/cypress/psoc creator/4.3/psoc creator/import/gnu/arm/5.4.1/bin/../lib/gcc/arm-none-eabi/5.4.1/../../../../arm-none-eabi/lib/armv7-m\libc_nano.a
END GROUP
LOAD c:/program files (x86)/cypress/psoc creator/4.3/psoc creator/import/gnu/arm/5.4.1/bin/../lib/gcc/arm-none-eabi/5.4.1/armv7-m/crtend.o
LOAD c:/program files (x86)/cypress/psoc creator/4.3/psoc creator/import/gnu/arm/5.4.1/bin/../lib/gcc/arm-none-eabi/5.4.1/armv7-m/crtn.o
START GROUP
LOAD c:/program files (x86)/cypress/psoc creator/4.3/psoc creator/import/gnu/arm/5.4.1/bin/../lib/gcc/arm-none-eabi/5.4.1/armv7-m\libgcc.a
LOAD c:/program files (x86)/cypress/psoc creator/4.3/psoc creator/import/gnu/arm/5.4.1/bin/../lib/gcc/arm-none-eabi/5.4.1/../../../../arm-none-eabi/lib/armv7-m\libc.a
LOAD c:/program files (x86)/cypress/psoc creator/4.3/psoc creator/import/gnu/arm/5.4.1/bin/../lib/gcc/arm-none-eabi/5.4.1/../../../../arm-none-eabi/lib/armv7-m\libnosys.a
END GROUP
                0x00000000                CY_APPL_ORIGIN = 0x0
                0x00000100                CY_FLASH_ROW_SIZE = 0x100
                0x00000020                CY_ECC_ROW_SIZE = 0x20
                0x00000000                CY_EE_IN_BTLDR = 0x0
                0x00000000                CY_APPL_LOADABLE = 0x0
                0x00000800                CY_EE_SIZE = 0x800
                0x00000001                CY_APPL_NUM = 0x1
                0x00000001                CY_APPL_MAX = 0x1
                0x00000040                CY_METADATA_SIZE = 0x40
                0x00000000                CY_APPL_LOADABLE = 0x0
                0x00000000                CY_CHECKSUM_EXCLUDE_SIZE = ALIGN (0x0, CY_FLASH_ROW_SIZE)
                [!provide]                PROVIDE (__cy_heap_start, _end)
                0x00000001                PROVIDE (__cy_region_num, ((__cy_regions_end - __cy_regions) / 0x10))
                0x20008000                PROVIDE (__cy_stack, (ORIGIN (ram) + LENGTH (ram)))
                [!provide]                PROVIDE (__cy_heap_end, (__cy_stack - 0x800))

.cybootloader   0x00000000        0x0
 *(.cybootloader)
                0x00000000                appl1_start = CY_APPL_ORIGIN?CY_APPL_ORIGIN:ALIGN (CY_FLASH_ROW_SIZE)
                0x0001ff00                appl2_start = (appl1_start + ALIGN ((((LENGTH (rom) - appl1_start) - (0x2 * CY_FLASH_ROW_SIZE)) / 0x2), CY_FLASH_ROW_SIZE))
                0x00000000                appl_start = (CY_APPL_NUM == 0x1)?appl1_start:appl2_start
                0x00000000                ecc_offset = ((appl_start / CY_FLASH_ROW_SIZE) * CY_ECC_ROW_SIZE)
                0x00000000                ee_offset = (CY_APPL_LOADABLE && ! (CY_EE_IN_BTLDR))?((CY_EE_SIZE / CY_APPL_MAX) * (CY_APPL_NUM - 0x1)):0x0
                0x00000800                ee_size = (CY_APPL_LOADABLE && ! (CY_EE_IN_BTLDR))?(CY_EE_SIZE / CY_APPL_MAX):CY_EE_SIZE
                [!provide]                PROVIDE (CY_ECC_OFFSET, ecc_offset)

.text           0x00000000     0x8804
 CREATE_OBJECT_SYMBOLS
                0x00000000                PROVIDE (__cy_interrupt_vector, RomVectors)
 *(.romvectors)
 .romvectors    0x00000000       0x10 .\ARM_GCC_541\Debug\Cm3Start.o
                0x00000000                RomVectors
                0x00000001                ASSERT ((. != __cy_interrupt_vector), No interrupt vector)
                0x00000001                ASSERT (CY_APPL_ORIGIN?(SIZEOF (.cybootloader) <= CY_APPL_ORIGIN):0x1, Wrong image location)
                0x00000010                PROVIDE (__cy_reset, Reset)
 *(.text.Reset)
 .text.Reset    0x00000010       0x18 .\ARM_GCC_541\Debug\Cm3Start.o
                0x00000010                Reset
                0x00000001                ASSERT ((. != __cy_reset), No reset code)
 *(.dma_init)
 .dma_init      0x00000028      0x308 .\ARM_GCC_541\Debug\cyfitter_cfg.o
                0x00000001                ASSERT ((((appl_start + .) <= 0x10000) || 0x0), DMA Init must be within the first 64k of flash)
 *(.text .text.* .gnu.linkonce.t.*)
 .text          0x00000330       0x5c c:/program files (x86)/cypress/psoc creator/4.3/psoc creator/import/gnu/arm/5.4.1/bin/../lib/gcc/arm-none-eabi/5.4.1/armv7-m/crtbegin.o
 .text.PollingPos
                0x0000038c       0xac .\ARM_GCC_541\Debug\main.o
                0x0000038c                PollingPos
 .text.main     0x00000438     0x14a8 .\ARM_GCC_541\Debug\main.o
                0x00000438                main
 .text.gen_crc16
                0x000018e0       0xfc .\ARM_GCC_541\Debug\PumpCom.o
                0x000018e0                gen_crc16
 .text.GetResponse
                0x000019dc     0x2364 .\ARM_GCC_541\Debug\PumpCom.o
                0x000019dc                GetResponse
 .text.GetAddress
                0x00003d40       0xb0 .\ARM_GCC_541\Debug\PumpCom.o
                0x00003d40                GetAddress
 .text.Authorize
                0x00003df0       0xdc .\ARM_GCC_541\Debug\PumpCom.o
                0x00003df0                Authorize
 .text.PumpState
                0x00003ecc      0x184 .\ARM_GCC_541\Debug\PumpCom.o
                0x00003ecc                PumpState
 .text.PriceUpdate
                0x00004050      0x114 .\ARM_GCC_541\Debug\PumpCom.o
                0x00004050                PriceUpdate
 .text.TotalRequest
                0x00004164      0x10c .\ARM_GCC_541\Debug\PumpCom.o
                0x00004164                TotalRequest
 .text.PrintReceipt
                0x00004270     0x1468 .\ARM_GCC_541\Debug\printer.o
                0x00004270                PrintReceipt
 .text.PrintShift
                0x000056d8     0x134c .\ARM_GCC_541\Debug\printer.o
                0x000056d8                PrintShift
 .text.CYCONFIGCPY
                0x00006a24       0x20 .\ARM_GCC_541\Debug\cyfitter_cfg.o
 .text.CyClockStartupError
                0x00006a44        0xc .\ARM_GCC_541\Debug\cyfitter_cfg.o
 .text.cfg_dma_init
                0x00006a50      0x174 .\ARM_GCC_541\Debug\cyfitter_cfg.o
 .text.ClockSetup
                0x00006bc4      0x184 .\ARM_GCC_541\Debug\cyfitter_cfg.o
 .text.AnalogSetDefault
                0x00006d48       0x44 .\ARM_GCC_541\Debug\cyfitter_cfg.o
 .text.cyfitter_cfg
                0x00006d8c      0x124 .\ARM_GCC_541\Debug\cyfitter_cfg.o
                0x00006d8c                cyfitter_cfg
 .text.IntDefaultHandler
                0x00006eb0       0x14 .\ARM_GCC_541\Debug\Cm3Start.o
                0x00006eb0                IntDefaultHandler
 .text.Start_c  0x00006ec4       0x98 .\ARM_GCC_541\Debug\Cm3Start.o
                0x00006ec4                Start_c
 .text.initialize_psoc
                0x00006f5c       0x90 .\ARM_GCC_541\Debug\Cm3Start.o
                0x00006f5c                initialize_psoc
 .text.PWM_1_Start
                0x00006fec       0x24 .\ARM_GCC_541\Debug\Mepsan.a(PWM_1.o)
                0x00006fec                PWM_1_Start
 .text.PWM_1_Init
                0x00007010       0xbc .\ARM_GCC_541\Debug\Mepsan.a(PWM_1.o)
                0x00007010                PWM_1_Init
 .text.PWM_1_Enable
                0x000070cc       0x48 .\ARM_GCC_541\Debug\Mepsan.a(PWM_1.o)
                0x000070cc                PWM_1_Enable
 .text.PWM_1_WritePeriod
                0x00007114       0x20 .\ARM_GCC_541\Debug\Mepsan.a(PWM_1.o)
                0x00007114                PWM_1_WritePeriod
 .text.PWM_1_WriteCompare
                0x00007134       0x20 .\ARM_GCC_541\Debug\Mepsan.a(PWM_1.o)
                0x00007134                PWM_1_WriteCompare
 .text.PWM_1_SetInterruptMode
                0x00007154       0x20 .\ARM_GCC_541\Debug\Mepsan.a(PWM_1.o)
                0x00007154                PWM_1_SetInterruptMode
 .text.CyHalt   0x00007174       0x18 .\ARM_GCC_541\Debug\Mepsan.a(CyLib.o)
                0x00007174                CyHalt
 .text.CyDelay  0x0000718c       0x44 .\ARM_GCC_541\Debug\Mepsan.a(CyLib.o)
                0x0000718c                CyDelay
 .text.CyDelayUs
                0x000071d0       0x28 .\ARM_GCC_541\Debug\Mepsan.a(CyLib.o)
                0x000071d0                CyDelayUs
 .text.CyIntSetVector
                0x000071f8       0x50 .\ARM_GCC_541\Debug\Mepsan.a(CyLib.o)
                0x000071f8                CyIntSetVector
 .text.CyIntSetPriority
                0x00007248       0x48 .\ARM_GCC_541\Debug\Mepsan.a(CyLib.o)
                0x00007248                CyIntSetPriority
 .text.EnablePin_Write
                0x00007290       0x3c .\ARM_GCC_541\Debug\Mepsan.a(EnablePin.o)
                0x00007290                EnablePin_Write
 .text.screen_Start
                0x000072cc       0x24 .\ARM_GCC_541\Debug\Mepsan.a(screen.o)
                0x000072cc                screen_Start
 .text.screen_Init
                0x000072f0       0x6c .\ARM_GCC_541\Debug\Mepsan.a(screen.o)
                0x000072f0                screen_Init
 .text.screen_Enable
                0x0000735c       0x78 .\ARM_GCC_541\Debug\Mepsan.a(screen.o)
                0x0000735c                screen_Enable
 .text.screen_ReadRxData
                0x000073d4       0x90 .\ARM_GCC_541\Debug\Mepsan.a(screen.o)
                0x000073d4                screen_ReadRxData
 .text.screen_GetRxBufferSize
                0x00007464       0x90 .\ARM_GCC_541\Debug\Mepsan.a(screen.o)
                0x00007464                screen_GetRxBufferSize
 .text.screen_PutChar
                0x000074f4       0xb8 .\ARM_GCC_541\Debug\Mepsan.a(screen.o)
                0x000074f4                screen_PutChar
 .text.screen_RXISR
                0x000075ac       0xd8 .\ARM_GCC_541\Debug\Mepsan.a(screen_INT.o)
                0x000075ac                screen_RXISR
 .text.screen_TXISR
                0x00007684       0x70 .\ARM_GCC_541\Debug\Mepsan.a(screen_INT.o)
                0x00007684                screen_TXISR
 .text.screen_IntClock_Start
                0x000076f4       0x34 .\ARM_GCC_541\Debug\Mepsan.a(screen_IntClock.o)
                0x000076f4                screen_IntClock_Start
 .text.EEPROM_1_Enable
                0x00007728       0x10 .\ARM_GCC_541\Debug\Mepsan.a(EEPROM_1.o)
                0x00007728                EEPROM_1_Enable
 .text.EEPROM_1_Start
                0x00007738        0xc .\ARM_GCC_541\Debug\Mepsan.a(EEPROM_1.o)
                0x00007738                EEPROM_1_Start
 .text.EEPROM_1_WriteByte
                0x00007744      0x114 .\ARM_GCC_541\Debug\Mepsan.a(EEPROM_1.o)
                0x00007744                EEPROM_1_WriteByte
 .text.EEPROM_1_ReadByte
                0x00007858       0x3c .\ARM_GCC_541\Debug\Mepsan.a(EEPROM_1.o)
                0x00007858                EEPROM_1_ReadByte
 .text.PRINTER_A_Start
                0x00007894       0x24 .\ARM_GCC_541\Debug\Mepsan.a(PRINTER_A.o)
                0x00007894                PRINTER_A_Start
 .text.PRINTER_A_Init
                0x000078b8       0x3c .\ARM_GCC_541\Debug\Mepsan.a(PRINTER_A.o)
                0x000078b8                PRINTER_A_Init
 .text.PRINTER_A_Enable
                0x000078f4       0x4c .\ARM_GCC_541\Debug\Mepsan.a(PRINTER_A.o)
                0x000078f4                PRINTER_A_Enable
 .text.PRINTER_A_PutChar
                0x00007940       0xb8 .\ARM_GCC_541\Debug\Mepsan.a(PRINTER_A.o)
                0x00007940                PRINTER_A_PutChar
 .text.PRINTER_A_TXISR
                0x000079f8       0x70 .\ARM_GCC_541\Debug\Mepsan.a(PRINTER_A_INT.o)
                0x000079f8                PRINTER_A_TXISR
 .text.PRINTER_A_IntClock_Start
                0x00007a68       0x34 .\ARM_GCC_541\Debug\Mepsan.a(PRINTER_A_IntClock.o)
                0x00007a68                PRINTER_A_IntClock_Start
 .text.MEPSAN_Start
                0x00007a9c       0x24 .\ARM_GCC_541\Debug\Mepsan.a(MEPSAN.o)
                0x00007a9c                MEPSAN_Start
 .text.MEPSAN_Init
                0x00007ac0       0x58 .\ARM_GCC_541\Debug\Mepsan.a(MEPSAN.o)
                0x00007ac0                MEPSAN_Init
 .text.MEPSAN_Enable
                0x00007b18       0x68 .\ARM_GCC_541\Debug\Mepsan.a(MEPSAN.o)
                0x00007b18                MEPSAN_Enable
 .text.MEPSAN_ReadRxData
                0x00007b80       0x90 .\ARM_GCC_541\Debug\Mepsan.a(MEPSAN.o)
                0x00007b80                MEPSAN_ReadRxData
 .text.MEPSAN_GetRxBufferSize
                0x00007c10       0x90 .\ARM_GCC_541\Debug\Mepsan.a(MEPSAN.o)
                0x00007c10                MEPSAN_GetRxBufferSize
 .text.MEPSAN_ClearRxBuffer
                0x00007ca0       0x80 .\ARM_GCC_541\Debug\Mepsan.a(MEPSAN.o)
                0x00007ca0                MEPSAN_ClearRxBuffer
 .text.MEPSAN_PutChar
                0x00007d20       0x34 .\ARM_GCC_541\Debug\Mepsan.a(MEPSAN.o)
                0x00007d20                MEPSAN_PutChar
 .text.MEPSAN_RXISR
                0x00007d54       0xdc .\ARM_GCC_541\Debug\Mepsan.a(MEPSAN_INT.o)
                0x00007d54                MEPSAN_RXISR
 .text.GBCL_Start
                0x00007e30       0x24 .\ARM_GCC_541\Debug\Mepsan.a(GBCL.o)
                0x00007e30                GBCL_Start
 .text.GBCL_Init
                0x00007e54       0x58 .\ARM_GCC_541\Debug\Mepsan.a(GBCL.o)
                0x00007e54                GBCL_Init
 .text.GBCL_Enable
                0x00007eac       0x64 .\ARM_GCC_541\Debug\Mepsan.a(GBCL.o)
                0x00007eac                GBCL_Enable
 .text.GBCL_RXISR
                0x00007f10       0xdc .\ARM_GCC_541\Debug\Mepsan.a(GBCL_INT.o)
                0x00007f10                GBCL_RXISR
 .text.MEPSAN_IntClock_Start
                0x00007fec       0x34 .\ARM_GCC_541\Debug\Mepsan.a(MEPSAN_IntClock.o)
                0x00007fec                MEPSAN_IntClock_Start
 .text          0x00008020       0x54 .\ARM_GCC_541\Debug\Mepsan.a(CyBootAsmGnu.o)
                0x00008020                CyDelayCycles
                0x0000805e                CyEnterCriticalSection
                0x00008066                CyExitCriticalSection
 .text.CySetTempInt
                0x00008074       0x7c .\ARM_GCC_541\Debug\Mepsan.a(CyFlash.o)
 .text.CyFlashGetSpcAlgorithm
                0x000080f0       0x70 .\ARM_GCC_541\Debug\Mepsan.a(CyFlash.o)
                0x000080f0                CyFlashGetSpcAlgorithm
 .text.CySetTemp
                0x00008160       0x24 .\ARM_GCC_541\Debug\Mepsan.a(CyFlash.o)
                0x00008160                CySetTemp
 .text.CyEEPROM_Start
                0x00008184       0x8c .\ARM_GCC_541\Debug\Mepsan.a(CyFlash.o)
                0x00008184                CyEEPROM_Start
 .text.CyEEPROM_ReadReserve
                0x00008210       0x30 .\ARM_GCC_541\Debug\Mepsan.a(CyFlash.o)
                0x00008210                CyEEPROM_ReadReserve
 .text.CyEEPROM_ReadRelease
                0x00008240       0x20 .\ARM_GCC_541\Debug\Mepsan.a(CyFlash.o)
                0x00008240                CyEEPROM_ReadRelease
 .text.CySpcStart
                0x00008260       0x48 .\ARM_GCC_541\Debug\Mepsan.a(CySpc.o)
                0x00008260                CySpcStart
 .text.CySpcReadData
                0x000082a8       0x54 .\ARM_GCC_541\Debug\Mepsan.a(CySpc.o)
                0x000082a8                CySpcReadData
 .text.CySpcLoadMultiByte
                0x000082fc       0xd0 .\ARM_GCC_541\Debug\Mepsan.a(CySpc.o)
                0x000082fc                CySpcLoadMultiByte
 .text.CySpcWriteRow
                0x000083cc       0x98 .\ARM_GCC_541\Debug\Mepsan.a(CySpc.o)
                0x000083cc                CySpcWriteRow
 .text.CySpcGetTemp
                0x00008464       0x64 .\ARM_GCC_541\Debug\Mepsan.a(CySpc.o)
                0x00008464                CySpcGetTemp
 .text.CySpcLock
                0x000084c8       0x68 .\ARM_GCC_541\Debug\Mepsan.a(CySpc.o)
                0x000084c8                CySpcLock
 .text.CySpcUnlock
                0x00008530       0x50 .\ARM_GCC_541\Debug\Mepsan.a(CySpc.o)
                0x00008530                CySpcUnlock
 .text.CySpcGetAlgorithm
                0x00008580       0x44 .\ARM_GCC_541\Debug\Mepsan.a(CySpc.o)
                0x00008580                CySpcGetAlgorithm
 .text.atoi     0x000085c4        0x8 c:/program files (x86)/cypress/psoc creator/4.3/psoc creator/import/gnu/arm/5.4.1/bin/../lib/gcc/arm-none-eabi/5.4.1/../../../../arm-none-eabi/lib/armv7-m\libg_nano.a(lib_a-atoi.o)
                0x000085c4                atoi
 .text.__errno  0x000085cc        0xc c:/program files (x86)/cypress/psoc creator/4.3/psoc creator/import/gnu/arm/5.4.1/bin/../lib/gcc/arm-none-eabi/5.4.1/../../../../arm-none-eabi/lib/armv7-m\libg_nano.a(lib_a-errno.o)
                0x000085cc                __errno
 .text.__libc_init_array
                0x000085d8       0x4c c:/program files (x86)/cypress/psoc creator/4.3/psoc creator/import/gnu/arm/5.4.1/bin/../lib/gcc/arm-none-eabi/5.4.1/../../../../arm-none-eabi/lib/armv7-m\libg_nano.a(lib_a-init.o)
                0x000085d8                __libc_init_array
 .text.__itoa   0x00008624       0x2e c:/program files (x86)/cypress/psoc creator/4.3/psoc creator/import/gnu/arm/5.4.1/bin/../lib/gcc/arm-none-eabi/5.4.1/../../../../arm-none-eabi/lib/armv7-m\libg_nano.a(lib_a-itoa.o)
                0x00008624                __itoa
 .text.itoa     0x00008652        0x4 c:/program files (x86)/cypress/psoc creator/4.3/psoc creator/import/gnu/arm/5.4.1/bin/../lib/gcc/arm-none-eabi/5.4.1/../../../../arm-none-eabi/lib/armv7-m\libg_nano.a(lib_a-itoa.o)
                0x00008652                itoa
 .text.memcpy   0x00008656       0x16 c:/program files (x86)/cypress/psoc creator/4.3/psoc creator/import/gnu/arm/5.4.1/bin/../lib/gcc/arm-none-eabi/5.4.1/../../../../arm-none-eabi/lib/armv7-m\libg_nano.a(lib_a-memcpy-stub.o)
                0x00008656                memcpy
 .text._strtol_r
                0x0000866c      0x10c c:/program files (x86)/cypress/psoc creator/4.3/psoc creator/import/gnu/arm/5.4.1/bin/../lib/gcc/arm-none-eabi/5.4.1/../../../../arm-none-eabi/lib/armv7-m\libg_nano.a(lib_a-strtol.o)
                0x0000866c                _strtol_r
 .text.strtol   0x00008778       0x14 c:/program files (x86)/cypress/psoc creator/4.3/psoc creator/import/gnu/arm/5.4.1/bin/../lib/gcc/arm-none-eabi/5.4.1/../../../../arm-none-eabi/lib/armv7-m\libg_nano.a(lib_a-strtol.o)
                0x00008778                strtol
 .text.__utoa   0x0000878c       0x78 c:/program files (x86)/cypress/psoc creator/4.3/psoc creator/import/gnu/arm/5.4.1/bin/../lib/gcc/arm-none-eabi/5.4.1/../../../../arm-none-eabi/lib/armv7-m\libg_nano.a(lib_a-utoa.o)
                0x0000878c                __utoa
 *(.plt)
 *(.gnu.warning)
 *(.glue_7t)
 .glue_7t       0x00008804        0x0 linker stubs
 *(.glue_7)
 .glue_7        0x00008804        0x0 linker stubs
 *(.vfp11_veneer)
 .vfp11_veneer  0x00008804        0x0 linker stubs
 *(.bootloader)
 *(.ARM.extab* .gnu.linkonce.armextab.*)
 *(.gcc_except_table)

.v4_bx          0x00008804        0x0
 .v4_bx         0x00008804        0x0 linker stubs

.iplt           0x00008804        0x0
 .iplt          0x00008804        0x0 c:/program files (x86)/cypress/psoc creator/4.3/psoc creator/import/gnu/arm/5.4.1/bin/../lib/gcc/arm-none-eabi/5.4.1/armv7-m/crtbegin.o

.eh_frame_hdr
 *(.eh_frame_hdr)

.eh_frame       0x00008804        0x4
 *(.eh_frame)
 .eh_frame      0x00008804        0x0 c:/program files (x86)/cypress/psoc creator/4.3/psoc creator/import/gnu/arm/5.4.1/bin/../lib/gcc/arm-none-eabi/5.4.1/armv7-m/crtbegin.o
 .eh_frame      0x00008804        0x4 c:/program files (x86)/cypress/psoc creator/4.3/psoc creator/import/gnu/arm/5.4.1/bin/../lib/gcc/arm-none-eabi/5.4.1/armv7-m/crtend.o
                [!provide]                PROVIDE (__exidx_start, .)

.ARM.exidx
 *(.ARM.exidx* .gnu.linkonce.armexidx.*)
                0x00008808                __exidx_end = .

.rodata         0x00008808      0x2e0
 *(.rodata .rodata.* .gnu.linkonce.r.*)
 .rodata        0x00008808       0x13 .\ARM_GCC_541\Debug\main.o
 *fill*         0x0000881b        0x1 
 .rodata        0x0000881c      0x170 .\ARM_GCC_541\Debug\cyfitter_cfg.o
 .rodata.str1.1
                0x0000898c        0x2 c:/program files (x86)/cypress/psoc creator/4.3/psoc creator/import/gnu/arm/5.4.1/bin/../lib/gcc/arm-none-eabi/5.4.1/../../../../arm-none-eabi/lib/armv7-m\libg_nano.a(lib_a-impure.o)
 .rodata.str1.1
                0x0000898e       0x25 c:/program files (x86)/cypress/psoc creator/4.3/psoc creator/import/gnu/arm/5.4.1/bin/../lib/gcc/arm-none-eabi/5.4.1/../../../../arm-none-eabi/lib/armv7-m\libg_nano.a(lib_a-utoa.o)
 .rodata._ctype_
                0x000089b3      0x101 c:/program files (x86)/cypress/psoc creator/4.3/psoc creator/import/gnu/arm/5.4.1/bin/../lib/gcc/arm-none-eabi/5.4.1/../../../../arm-none-eabi/lib/armv7-m\libg_nano.a(lib_a-ctype_.o)
                0x000089b3                _ctype_
                0x00008ab4                . = ALIGN (0x4)
 *(.init)
 .init          0x00008ab4        0x4 c:/program files (x86)/cypress/psoc creator/4.3/psoc creator/import/gnu/arm/5.4.1/bin/../lib/gcc/arm-none-eabi/5.4.1/armv7-m/crti.o
                0x00008ab4                _init
 .init          0x00008ab8        0x8 c:/program files (x86)/cypress/psoc creator/4.3/psoc creator/import/gnu/arm/5.4.1/bin/../lib/gcc/arm-none-eabi/5.4.1/armv7-m/crtn.o
                0x00008ac0                . = ALIGN (0x4)
                0x00008ac0                __preinit_array_start = .
 *(.preinit_array)
                0x00008ac0                __preinit_array_end = .
                0x00008ac0                . = ALIGN (0x4)
                0x00008ac0                __init_array_start = .
 *(SORT(.init_array.*))
 *(.init_array)
 .init_array    0x00008ac0        0x4 c:/program files (x86)/cypress/psoc creator/4.3/psoc creator/import/gnu/arm/5.4.1/bin/../lib/gcc/arm-none-eabi/5.4.1/armv7-m/crtbegin.o
 .init_array    0x00008ac4        0x4 .\ARM_GCC_541\Debug\Cm3Start.o
                0x00008ac8                __init_array_end = .
                0x00008ac8                . = ALIGN (0x4)
 *(.fini)
 .fini          0x00008ac8        0x4 c:/program files (x86)/cypress/psoc creator/4.3/psoc creator/import/gnu/arm/5.4.1/bin/../lib/gcc/arm-none-eabi/5.4.1/armv7-m/crti.o
                0x00008ac8                _fini
 .fini          0x00008acc        0x8 c:/program files (x86)/cypress/psoc creator/4.3/psoc creator/import/gnu/arm/5.4.1/bin/../lib/gcc/arm-none-eabi/5.4.1/armv7-m/crtn.o
                0x00008ad4                . = ALIGN (0x4)
                0x00008ad4                __fini_array_start = .
 *(.fini_array)
 .fini_array    0x00008ad4        0x4 c:/program files (x86)/cypress/psoc creator/4.3/psoc creator/import/gnu/arm/5.4.1/bin/../lib/gcc/arm-none-eabi/5.4.1/armv7-m/crtbegin.o
 *(SORT(.fini_array.*))
                0x00008ad8                __fini_array_end = .
                0x00008ad8                . = ALIGN (0x4)
 *crtbegin.o(.ctors)
 *(EXCLUDE_FILE(*crtend.o) .ctors)
 *(SORT(.ctors.*))
 *crtend.o(.ctors)
                0x00008ad8                . = ALIGN (0x4)
 *crtbegin.o(.dtors)
 *(EXCLUDE_FILE(*crtend.o) .dtors)
 *(SORT(.dtors.*))
 *crtend.o(.dtors)
                0x00008ad8                . = ALIGN (0x4)
                0x00008ad8                __cy_regions = .
                0x00008ad8        0x4 LONG 0x8ae8 __cy_region_init_ram
                0x00008adc        0x4 LONG 0x1fff80c8 __cy_region_start_data
                0x00008ae0        0x4 LONG 0x478 __cy_region_init_size_ram
                0x00008ae4        0x4 LONG 0x708 __cy_region_zero_size_ram
                0x00008ae8                __cy_regions_end = .
                0x00008ae8                . = ALIGN (0x8)
                0x00008ae8                _etext = .

.cy_checksum_exclude
                0x00008ae8        0x0
 *(.cy_checksum_exclude)

.ramvectors     0x1fff8000       0xc0
                0x1fff8000                __cy_region_start_ram = .
 *(.ramvectors)
 .ramvectors    0x1fff8000       0xc0 .\ARM_GCC_541\Debug\Cm3Start.o
                0x1fff8000                CyRamVectors

.noinit         0x1fff80c0        0x5
 *(.noinit)
 .noinit        0x1fff80c0        0x4 .\ARM_GCC_541\Debug\Cm3Start.o
 .noinit        0x1fff80c4        0x1 .\ARM_GCC_541\Debug\Mepsan.a(CyLib.o)
                0x1fff80c4                CyResetStatus

.data           0x1fff80c8      0x478 load address 0x00008ae8
                0x1fff80c8                __cy_region_start_data = .
 *(.jcr)
 .jcr           0x1fff80c8        0x0 c:/program files (x86)/cypress/psoc creator/4.3/psoc creator/import/gnu/arm/5.4.1/bin/../lib/gcc/arm-none-eabi/5.4.1/armv7-m/crtbegin.o
 .jcr           0x1fff80c8        0x4 c:/program files (x86)/cypress/psoc creator/4.3/psoc creator/import/gnu/arm/5.4.1/bin/../lib/gcc/arm-none-eabi/5.4.1/armv7-m/crtend.o
 *(.got.plt)
 *(.got)
 *(.shdata)
 *(.data .data.* .gnu.linkonce.d.*)
 .data          0x1fff80cc      0x3fa .\ARM_GCC_541\Debug\printer.o
                0x1fff80cc                LINE_FEED
                0x1fff80d0                VolSimbol
                0x1fff80d4                msn_EDS
                0x1fff80f4                msn_EDS2
                0x1fff8114                msn_EDS0
                0x1fff8134                msn_EDS3
                0x1fff8154                msn_EDS4
                0x1fff8174                msn_EDS5
                0x1fff8194                msn_EDS6
                0x1fff81b4                msn_footer
                0x1fff81d4                msn_footer2
                0x1fff81f4                msn_footer3
                0x1fff8214                msn_footer4
                0x1fff8234                msn_copy
                0x1fff8254                msn_diesel
                0x1fff8260                msn_gasoline
                0x1fff826c                msn_extra
                0x1fff8278                msn_fecha
                0x1fff8288                msn_hora
                0x1fff8298                msn_placa
                0x1fff82a8                PRN_MILLEAGE
                0x1fff82b8                PRN_TRANSTYPE
                0x1fff82c8                msn_pos
                0x1fff82d8                msn_product
                0x1fff82e8                msn_ppu
                0x1fff82f8                msn_vol
                0x1fff8308                msn_voltot
                0x1fff8318                msn_din
                0x1fff8328                msn_cierre
                0x1fff8338                msn_venta
                0x1fff8348                msn_numero
                0x1fff8358                PRN_BALANCE
                0x1fff8368                PRN_COMPANY
                0x1fff8378                PRN_ACCOUNT
                0x1fff8388                PRN_SERIAL
                0x1fff8398                PRN_ACCOUNTTYPE
                0x1fff83a8                PRN_VISITSDAY
                0x1fff83b8                PRN_VISITSWEEK
                0x1fff83c8                PRN_VISITSMONTH
                0x1fff83d8                PRN_VOLUMEDAY
                0x1fff83e8                PRN_VOLUMEWEEK
                0x1fff83f8                PRN_VOLUMEMONTH
                0x1fff8408                PRN_MONEYDAY
                0x1fff8418                PRN_MONEYWEEK
                0x1fff8428                PRN_MONEYMONTH
                0x1fff8438                PRN_PRESET
                0x1fff8448                PRN_SIGNATURE
                0x1fff8458                PRN_ID
                0x1fff8468                PRN_CURRENCY
                0x1fff846c                msn_lecact
                0x1fff847c                msn_lecaan
                0x1fff848c                msn_dif
                0x1fff84a0                SEPARATOR
                0x1fff84c0                ASK_TIME
 *fill*         0x1fff84c6        0x2 
 .data          0x1fff84c8       0x10 .\ARM_GCC_541\Debug\Mepsan.a(CyLib.o)
                0x1fff84c8                cydelay_freq_hz
                0x1fff84cc                cydelay_freq_khz
                0x1fff84d0                cydelay_freq_mhz
                0x1fff84d4                cydelay_32k_ms
 .data.impure_data
                0x1fff84d8       0x60 c:/program files (x86)/cypress/psoc creator/4.3/psoc creator/import/gnu/arm/5.4.1/bin/../lib/gcc/arm-none-eabi/5.4.1/../../../../arm-none-eabi/lib/armv7-m\libg_nano.a(lib_a-impure.o)
 .data._impure_ptr
                0x1fff8538        0x4 c:/program files (x86)/cypress/psoc creator/4.3/psoc creator/import/gnu/arm/5.4.1/bin/../lib/gcc/arm-none-eabi/5.4.1/../../../../arm-none-eabi/lib/armv7-m\libg_nano.a(lib_a-impure.o)
                0x1fff8538                _impure_ptr
 .data.__ctype_ptr__
                0x1fff853c        0x4 c:/program files (x86)/cypress/psoc creator/4.3/psoc creator/import/gnu/arm/5.4.1/bin/../lib/gcc/arm-none-eabi/5.4.1/../../../../arm-none-eabi/lib/armv7-m\libg_nano.a(lib_a-ctype_.o)
                0x1fff853c                __ctype_ptr__
                0x1fff8540                . = ALIGN (0x8)
 *(.ram)
                0x1fff8540                _edata = .

.igot.plt       0x1fff8540        0x0 load address 0x00008f60
 .igot.plt      0x1fff8540        0x0 c:/program files (x86)/cypress/psoc creator/4.3/psoc creator/import/gnu/arm/5.4.1/bin/../lib/gcc/arm-none-eabi/5.4.1/armv7-m/crtbegin.o

.bss            0x1fff8540      0x708 load address 0x00008f60
                0x1fff8540                PROVIDE (__bss_start__, .)
 *(.shbss)
 *(.bss .bss.* .gnu.linkonce.b.*)
 .bss           0x1fff8540       0x1c c:/program files (x86)/cypress/psoc creator/4.3/psoc creator/import/gnu/arm/5.4.1/bin/../lib/gcc/arm-none-eabi/5.4.1/armv7-m/crtbegin.o
 *fill*         0x1fff855c        0x4 
 .bss           0x1fff8560        0x4 .\ARM_GCC_541\Debug\cyfitter_cfg.o
 .bss           0x1fff8564        0x1 .\ARM_GCC_541\Debug\Mepsan.a(PWM_1.o)
                0x1fff8564                PWM_1_initVar
 .bss           0x1fff8565        0x9 .\ARM_GCC_541\Debug\Mepsan.a(screen.o)
                0x1fff8565                screen_initVar
                0x1fff8566                screen_txBufferRead
                0x1fff8567                screen_txBufferWrite
                0x1fff8568                screen_errorStatus
                0x1fff8569                screen_rxBufferRead
                0x1fff856a                screen_rxBufferWrite
                0x1fff856b                screen_rxBufferLoopDetect
                0x1fff856c                screen_rxBufferOverflow
 .bss           0x1fff856e        0x4 .\ARM_GCC_541\Debug\Mepsan.a(PRINTER_A.o)
                0x1fff856e                PRINTER_A_initVar
                0x1fff856f                PRINTER_A_txBufferRead
                0x1fff8570                PRINTER_A_txBufferWrite
 .bss           0x1fff8572        0x7 .\ARM_GCC_541\Debug\Mepsan.a(MEPSAN.o)
                0x1fff8572                MEPSAN_initVar
                0x1fff8573                MEPSAN_errorStatus
                0x1fff8574                MEPSAN_rxBufferRead
                0x1fff8575                MEPSAN_rxBufferWrite
                0x1fff8576                MEPSAN_rxBufferLoopDetect
                0x1fff8577                MEPSAN_rxBufferOverflow
 .bss           0x1fff8579        0x7 .\ARM_GCC_541\Debug\Mepsan.a(GBCL.o)
                0x1fff8579                GBCL_initVar
                0x1fff857a                GBCL_errorStatus
                0x1fff857b                GBCL_rxBufferRead
                0x1fff857c                GBCL_rxBufferWrite
                0x1fff857d                GBCL_rxBufferLoopDetect
                0x1fff857e                GBCL_rxBufferOverflow
 .bss           0x1fff8580        0x8 .\ARM_GCC_541\Debug\Mepsan.a(CySpc.o)
                0x1fff8580                SpcLockState
 *(COMMON)
 COMMON         0x1fff8588      0x596 .\ARM_GCC_541\Debug\main.o
                0x1fff8588                sale_number
                0x1fff8590                side
                0x1fff8a64                crc_hi
                0x1fff8a68                PumpAddress
                0x1fff8a78                MepsanResponse
                0x1fff8aaa                DecVol
                0x1fff8aab                dirGbr
                0x1fff8aac                MepsanSendTo
                0x1fff8ae0                sale_number_copy
                0x1fff8ae8                shift_number
                0x1fff8aee                int_shiftnumber
                0x1fff8aef                TotalRequestType
                0x1fff8af0                LCDhose
                0x1fff8af1                Receipt
                0x1fff8af2                Positions
                0x1fff8af3                int_salenumber
                0x1fff8af4                CRC
                0x1fff8af6                crc_lo
                0x1fff8af7                CurrentState
                0x1fff8af8                date_copy
                0x1fff8b00                hour_copy
                0x1fff8b08                touch1
                0x1fff8b1c                PollCounter
 *fill*         0x1fff8b1e        0x2 
 COMMON         0x1fff8b20       0x1c .\ARM_GCC_541\Debug\Mepsan.a(screen.o)
                0x1fff8b20                screen_txBuffer
                0x1fff8b28                screen_rxBuffer
 COMMON         0x1fff8b3c        0x5 .\ARM_GCC_541\Debug\Mepsan.a(PRINTER_A.o)
                0x1fff8b3c                PRINTER_A_txBuffer
 *fill*         0x1fff8b41        0x3 
 COMMON         0x1fff8b44       0x80 .\ARM_GCC_541\Debug\Mepsan.a(MEPSAN.o)
                0x1fff8b44                MEPSAN_rxBuffer
 COMMON         0x1fff8bc4       0x80 .\ARM_GCC_541\Debug\Mepsan.a(GBCL.o)
                0x1fff8bc4                GBCL_rxBuffer
 COMMON         0x1fff8c44        0x2 .\ARM_GCC_541\Debug\Mepsan.a(CyFlash.o)
                0x1fff8c44                dieTemperature
                0x1fff8c48                . = ALIGN (0x8)
 *fill*         0x1fff8c46        0x2 
 *(.ram.b)
                0x1fff8c48                _end = .
                0x1fff8c48                __end = .
                0x1fff8c48                PROVIDE (end, .)
                0x1fff8c48                PROVIDE (__bss_end__, .)
                0x00008ae8                __cy_region_init_ram = LOADADDR (.data)
                0x00000478                __cy_region_init_size_ram = (_edata - ADDR (.data))
                0x00000708                __cy_region_zero_size_ram = (_end - _edata)

.heap           0x1fff8c48       0x80 load address 0x00008f60
                0x1fff8c48                . = _end
                0x1fff8cc8                . = (. + 0x80)
 *fill*         0x1fff8c48       0x80 
                0x1fff8cc8                __cy_heap_limit = .

.stack          0x20007800      0x800
                0x20007800                __cy_stack_limit = .
                0x20008000                . = (. + 0x800)
 *fill*         0x20007800      0x800 
                0x00000001                ASSERT ((__cy_stack_limit >= __cy_heap_limit), region RAM overflowed with stack)
                0x00000000                cy_checksum_exclude_size = (CY_APPL_LOADABLE == 0x1)?SIZEOF (.cy_checksum_exclude):0x0
                0x00000001                ASSERT ((cy_checksum_exclude_size <= CY_CHECKSUM_EXCLUDE_SIZE), CY_BOOT: Section .cy_checksum_exclude size exceedes specified limit.)

.cyloadermeta
 *(.cyloadermeta)

.cyloadablemeta
 *(.cyloadablemeta)

.cyconfigecc    0x80000000     0x21ec
 *(.cyconfigecc)
 .cyconfigecc   0x80000000     0x21ec .\ARM_GCC_541\Debug\cymetadata.o
                0x80000000                cy_meta_configecc

.cycustnvl      0x90000000        0x4
 *(.cycustnvl)
 .cycustnvl     0x90000000        0x4 .\ARM_GCC_541\Debug\cymetadata.o
                0x90000000                cy_meta_custnvl

.cywolatch      0x90100000        0x4
 *(.cywolatch)
 .cywolatch     0x90100000        0x4 .\ARM_GCC_541\Debug\cymetadata.o
                0x90100000                cy_meta_wonvl

.cyeeprom       0x90200000        0x0
 *(.cyeeprom)
                0x00000001                ASSERT ((. <= ((0x90200000 + ee_offset) + ee_size)), .cyeeprom data will not fit in EEPROM)

.cyflashprotect
                0x90400000      0x100
 *(.cyflashprotect)
 .cyflashprotect
                0x90400000      0x100 .\ARM_GCC_541\Debug\cymetadata.o
                0x90400000                cy_meta_flashprotect

.cymeta         0x90500000        0xc
 *(.cymeta)
 .cymeta        0x90500000        0xc .\ARM_GCC_541\Debug\cymetadata.o
                0x90500000                cy_metadata

.rel.dyn        0x00008f60        0x0 load address 0x9050000c
 .rel.iplt      0x00008f60        0x0 c:/program files (x86)/cypress/psoc creator/4.3/psoc creator/import/gnu/arm/5.4.1/bin/../lib/gcc/arm-none-eabi/5.4.1/armv7-m/crtbegin.o

.stab
 *(.stab)

.stabstr
 *(.stabstr)

.debug
 *(.debug)

.line
 *(.line)

.debug_srcinfo
 *(.debug_srcinfo)

.debug_sfnames
 *(.debug_sfnames)

.debug_aranges  0x00000000      0xc70
 *(.debug_aranges)
 .debug_aranges
                0x00000000       0x28 .\ARM_GCC_541\Debug\main.o
 .debug_aranges
                0x00000028       0x68 .\ARM_GCC_541\Debug\PumpCom.o
 .debug_aranges
                0x00000090       0x28 .\ARM_GCC_541\Debug\Gbr.o
 .debug_aranges
                0x000000b8       0x28 .\ARM_GCC_541\Debug\printer.o
 .debug_aranges
                0x000000e0       0x60 .\ARM_GCC_541\Debug\cyfitter_cfg.o
 .debug_aranges
                0x00000140       0x18 .\ARM_GCC_541\Debug\cymetadata.o
 .debug_aranges
                0x00000158       0x48 .\ARM_GCC_541\Debug\Cm3Start.o
 .debug_aranges
                0x000001a0       0x78 .\ARM_GCC_541\Debug\Mepsan.a(PWM_1.o)
 .debug_aranges
                0x00000218      0x2a0 .\ARM_GCC_541\Debug\Mepsan.a(CyLib.o)
 .debug_aranges
                0x000004b8       0x98 .\ARM_GCC_541\Debug\Mepsan.a(cyPm.o)
 .debug_aranges
                0x00000550       0x38 .\ARM_GCC_541\Debug\Mepsan.a(EnablePin.o)
 .debug_aranges
                0x00000588       0xf0 .\ARM_GCC_541\Debug\Mepsan.a(screen.o)
 .debug_aranges
                0x00000678       0x28 .\ARM_GCC_541\Debug\Mepsan.a(screen_INT.o)
 .debug_aranges
                0x000006a0       0x70 .\ARM_GCC_541\Debug\Mepsan.a(screen_IntClock.o)
 .debug_aranges
                0x00000710       0x78 .\ARM_GCC_541\Debug\Mepsan.a(EEPROM_1.o)
 .debug_aranges
                0x00000788       0xa0 .\ARM_GCC_541\Debug\Mepsan.a(PRINTER_A.o)
 .debug_aranges
                0x00000828       0x20 .\ARM_GCC_541\Debug\Mepsan.a(PRINTER_A_INT.o)
 .debug_aranges
                0x00000848       0x70 .\ARM_GCC_541\Debug\Mepsan.a(PRINTER_A_IntClock.o)
 .debug_aranges
                0x000008b8       0xf0 .\ARM_GCC_541\Debug\Mepsan.a(MEPSAN.o)
 .debug_aranges
                0x000009a8       0x20 .\ARM_GCC_541\Debug\Mepsan.a(MEPSAN_INT.o)
 .debug_aranges
                0x000009c8       0xf0 .\ARM_GCC_541\Debug\Mepsan.a(GBCL.o)
 .debug_aranges
                0x00000ab8       0x20 .\ARM_GCC_541\Debug\Mepsan.a(GBCL_INT.o)
 .debug_aranges
                0x00000ad8       0x70 .\ARM_GCC_541\Debug\Mepsan.a(MEPSAN_IntClock.o)
 .debug_aranges
                0x00000b48       0x20 .\ARM_GCC_541\Debug\Mepsan.a(CyBootAsmGnu.o)
 .debug_aranges
                0x00000b68       0x88 .\ARM_GCC_541\Debug\Mepsan.a(CyFlash.o)
 .debug_aranges
                0x00000bf0       0x80 .\ARM_GCC_541\Debug\Mepsan.a(CySpc.o)

.debug_pubnames
 *(.debug_pubnames)

.debug_info     0x00000000     0x81b2
 *(.debug_info .gnu.linkonce.wi.*)
 .debug_info    0x00000000      0xac9 .\ARM_GCC_541\Debug\main.o
 .debug_info    0x00000ac9      0xbc0 .\ARM_GCC_541\Debug\PumpCom.o
 .debug_info    0x00001689      0x50a .\ARM_GCC_541\Debug\Gbr.o
 .debug_info    0x00001b93     0x1805 .\ARM_GCC_541\Debug\printer.o
 .debug_info    0x00003398      0x3ce .\ARM_GCC_541\Debug\cyfitter_cfg.o
 .debug_info    0x00003766      0x139 .\ARM_GCC_541\Debug\cymetadata.o
 .debug_info    0x0000389f      0x32b .\ARM_GCC_541\Debug\Cm3Start.o
 .debug_info    0x00003bca      0x235 .\ARM_GCC_541\Debug\Mepsan.a(PWM_1.o)
 .debug_info    0x00003dff      0xe51 .\ARM_GCC_541\Debug\Mepsan.a(CyLib.o)
 .debug_info    0x00004c50      0x57a .\ARM_GCC_541\Debug\Mepsan.a(cyPm.o)
 .debug_info    0x000051ca      0x11e .\ARM_GCC_541\Debug\Mepsan.a(EnablePin.o)
 .debug_info    0x000052e8      0x658 .\ARM_GCC_541\Debug\Mepsan.a(screen.o)
 .debug_info    0x00005940      0x193 .\ARM_GCC_541\Debug\Mepsan.a(screen_INT.o)
 .debug_info    0x00005ad3      0x25d .\ARM_GCC_541\Debug\Mepsan.a(screen_IntClock.o)
 .debug_info    0x00005d30      0x359 .\ARM_GCC_541\Debug\Mepsan.a(EEPROM_1.o)
 .debug_info    0x00006089      0x402 .\ARM_GCC_541\Debug\Mepsan.a(PRINTER_A.o)
 .debug_info    0x0000648b       0xf6 .\ARM_GCC_541\Debug\Mepsan.a(PRINTER_A_INT.o)
 .debug_info    0x00006581      0x25d .\ARM_GCC_541\Debug\Mepsan.a(PRINTER_A_IntClock.o)
 .debug_info    0x000067de      0x5f2 .\ARM_GCC_541\Debug\Mepsan.a(MEPSAN.o)
 .debug_info    0x00006dd0      0x149 .\ARM_GCC_541\Debug\Mepsan.a(MEPSAN_INT.o)
 .debug_info    0x00006f19      0x5f2 .\ARM_GCC_541\Debug\Mepsan.a(GBCL.o)
 .debug_info    0x0000750b      0x149 .\ARM_GCC_541\Debug\Mepsan.a(GBCL_INT.o)
 .debug_info    0x00007654      0x25d .\ARM_GCC_541\Debug\Mepsan.a(MEPSAN_IntClock.o)
 .debug_info    0x000078b1       0x88 .\ARM_GCC_541\Debug\Mepsan.a(CyBootAsmGnu.o)
 .debug_info    0x00007939      0x3b9 .\ARM_GCC_541\Debug\Mepsan.a(CyFlash.o)
 .debug_info    0x00007cf2      0x4c0 .\ARM_GCC_541\Debug\Mepsan.a(CySpc.o)

.debug_abbrev   0x00000000     0x1e05
 *(.debug_abbrev)
 .debug_abbrev  0x00000000      0x184 .\ARM_GCC_541\Debug\main.o
 .debug_abbrev  0x00000184      0x22b .\ARM_GCC_541\Debug\PumpCom.o
 .debug_abbrev  0x000003af      0x132 .\ARM_GCC_541\Debug\Gbr.o
 .debug_abbrev  0x000004e1      0x16e .\ARM_GCC_541\Debug\printer.o
 .debug_abbrev  0x0000064f      0x183 .\ARM_GCC_541\Debug\cyfitter_cfg.o
 .debug_abbrev  0x000007d2       0x77 .\ARM_GCC_541\Debug\cymetadata.o
 .debug_abbrev  0x00000849      0x1d6 .\ARM_GCC_541\Debug\Cm3Start.o
 .debug_abbrev  0x00000a1f      0x116 .\ARM_GCC_541\Debug\Mepsan.a(PWM_1.o)
 .debug_abbrev  0x00000b35      0x217 .\ARM_GCC_541\Debug\Mepsan.a(CyLib.o)
 .debug_abbrev  0x00000d4c      0x161 .\ARM_GCC_541\Debug\Mepsan.a(cyPm.o)
 .debug_abbrev  0x00000ead       0x90 .\ARM_GCC_541\Debug\Mepsan.a(EnablePin.o)
 .debug_abbrev  0x00000f3d      0x15f .\ARM_GCC_541\Debug\Mepsan.a(screen.o)
 .debug_abbrev  0x0000109c       0xa2 .\ARM_GCC_541\Debug\Mepsan.a(screen_INT.o)
 .debug_abbrev  0x0000113e      0x11d .\ARM_GCC_541\Debug\Mepsan.a(screen_IntClock.o)
 .debug_abbrev  0x0000125b      0x117 .\ARM_GCC_541\Debug\Mepsan.a(EEPROM_1.o)
 .debug_abbrev  0x00001372      0x143 .\ARM_GCC_541\Debug\Mepsan.a(PRINTER_A.o)
 .debug_abbrev  0x000014b5       0x79 .\ARM_GCC_541\Debug\Mepsan.a(PRINTER_A_INT.o)
 .debug_abbrev  0x0000152e      0x11d .\ARM_GCC_541\Debug\Mepsan.a(PRINTER_A_IntClock.o)
 .debug_abbrev  0x0000164b      0x15f .\ARM_GCC_541\Debug\Mepsan.a(MEPSAN.o)
 .debug_abbrev  0x000017aa       0x8a .\ARM_GCC_541\Debug\Mepsan.a(MEPSAN_INT.o)
 .debug_abbrev  0x00001834      0x15f .\ARM_GCC_541\Debug\Mepsan.a(GBCL.o)
 .debug_abbrev  0x00001993       0x8a .\ARM_GCC_541\Debug\Mepsan.a(GBCL_INT.o)
 .debug_abbrev  0x00001a1d      0x11d .\ARM_GCC_541\Debug\Mepsan.a(MEPSAN_IntClock.o)
 .debug_abbrev  0x00001b3a       0x14 .\ARM_GCC_541\Debug\Mepsan.a(CyBootAsmGnu.o)
 .debug_abbrev  0x00001b4e      0x14b .\ARM_GCC_541\Debug\Mepsan.a(CyFlash.o)
 .debug_abbrev  0x00001c99      0x16c .\ARM_GCC_541\Debug\Mepsan.a(CySpc.o)

.debug_line     0x00000000     0x499d
 *(.debug_line)
 .debug_line    0x00000000      0x75b .\ARM_GCC_541\Debug\main.o
 .debug_line    0x0000075b      0x713 .\ARM_GCC_541\Debug\PumpCom.o
 .debug_line    0x00000e6e      0x18d .\ARM_GCC_541\Debug\Gbr.o
 .debug_line    0x00000ffb      0xc83 .\ARM_GCC_541\Debug\printer.o
 .debug_line    0x00001c7e      0x226 .\ARM_GCC_541\Debug\cyfitter_cfg.o
 .debug_line    0x00001ea4      0x141 .\ARM_GCC_541\Debug\cymetadata.o
 .debug_line    0x00001fe5      0x1dc .\ARM_GCC_541\Debug\Cm3Start.o
 .debug_line    0x000021c1      0x140 .\ARM_GCC_541\Debug\Mepsan.a(PWM_1.o)
 .debug_line    0x00002301      0x883 .\ARM_GCC_541\Debug\Mepsan.a(CyLib.o)
 .debug_line    0x00002b84      0x38e .\ARM_GCC_541\Debug\Mepsan.a(cyPm.o)
 .debug_line    0x00002f12       0x99 .\ARM_GCC_541\Debug\Mepsan.a(EnablePin.o)
 .debug_line    0x00002fab      0x349 .\ARM_GCC_541\Debug\Mepsan.a(screen.o)
 .debug_line    0x000032f4       0xb1 .\ARM_GCC_541\Debug\Mepsan.a(screen_INT.o)
 .debug_line    0x000033a5      0x1ae .\ARM_GCC_541\Debug\Mepsan.a(screen_IntClock.o)
 .debug_line    0x00003553      0x228 .\ARM_GCC_541\Debug\Mepsan.a(EEPROM_1.o)
 .debug_line    0x0000377b      0x238 .\ARM_GCC_541\Debug\Mepsan.a(PRINTER_A.o)
 .debug_line    0x000039b3       0x8a .\ARM_GCC_541\Debug\Mepsan.a(PRINTER_A_INT.o)
 .debug_line    0x00003a3d      0x1b1 .\ARM_GCC_541\Debug\Mepsan.a(PRINTER_A_IntClock.o)
 .debug_line    0x00003bee      0x30b .\ARM_GCC_541\Debug\Mepsan.a(MEPSAN.o)
 .debug_line    0x00003ef9       0x8a .\ARM_GCC_541\Debug\Mepsan.a(MEPSAN_INT.o)
 .debug_line    0x00003f83      0x309 .\ARM_GCC_541\Debug\Mepsan.a(GBCL.o)
 .debug_line    0x0000428c       0x86 .\ARM_GCC_541\Debug\Mepsan.a(GBCL_INT.o)
 .debug_line    0x00004312      0x1ae .\ARM_GCC_541\Debug\Mepsan.a(MEPSAN_IntClock.o)
 .debug_line    0x000044c0       0x7d .\ARM_GCC_541\Debug\Mepsan.a(CyBootAsmGnu.o)
 .debug_line    0x0000453d      0x22f .\ARM_GCC_541\Debug\Mepsan.a(CyFlash.o)
 .debug_line    0x0000476c      0x231 .\ARM_GCC_541\Debug\Mepsan.a(CySpc.o)

.debug_frame    0x00000000     0x32ac
 *(.debug_frame)
 .debug_frame   0x00000000       0x50 .\ARM_GCC_541\Debug\main.o
 .debug_frame   0x00000050      0x1b8 .\ARM_GCC_541\Debug\PumpCom.o
 .debug_frame   0x00000208       0x54 .\ARM_GCC_541\Debug\Gbr.o
 .debug_frame   0x0000025c       0x68 .\ARM_GCC_541\Debug\printer.o
 .debug_frame   0x000002c4      0x160 .\ARM_GCC_541\Debug\cyfitter_cfg.o
 .debug_frame   0x00000424       0xd8 .\ARM_GCC_541\Debug\Cm3Start.o
 .debug_frame   0x000004fc      0x1d0 .\ARM_GCC_541\Debug\Mepsan.a(PWM_1.o)
 .debug_frame   0x000006cc      0xc0c .\ARM_GCC_541\Debug\Mepsan.a(CyLib.o)
 .debug_frame   0x000012d8      0x234 .\ARM_GCC_541\Debug\Mepsan.a(cyPm.o)
 .debug_frame   0x0000150c       0xa8 .\ARM_GCC_541\Debug\Mepsan.a(EnablePin.o)
 .debug_frame   0x000015b4      0x428 .\ARM_GCC_541\Debug\Mepsan.a(screen.o)
 .debug_frame   0x000019dc       0x5c .\ARM_GCC_541\Debug\Mepsan.a(screen_INT.o)
 .debug_frame   0x00001a38      0x1b4 .\ARM_GCC_541\Debug\Mepsan.a(screen_IntClock.o)
 .debug_frame   0x00001bec      0x1c0 .\ARM_GCC_541\Debug\Mepsan.a(EEPROM_1.o)
 .debug_frame   0x00001dac      0x298 .\ARM_GCC_541\Debug\Mepsan.a(PRINTER_A.o)
 .debug_frame   0x00002044       0x34 .\ARM_GCC_541\Debug\Mepsan.a(PRINTER_A_INT.o)
 .debug_frame   0x00002078      0x1b4 .\ARM_GCC_541\Debug\Mepsan.a(PRINTER_A_IntClock.o)
 .debug_frame   0x0000222c      0x428 .\ARM_GCC_541\Debug\Mepsan.a(MEPSAN.o)
 .debug_frame   0x00002654       0x38 .\ARM_GCC_541\Debug\Mepsan.a(MEPSAN_INT.o)
 .debug_frame   0x0000268c      0x428 .\ARM_GCC_541\Debug\Mepsan.a(GBCL.o)
 .debug_frame   0x00002ab4       0x38 .\ARM_GCC_541\Debug\Mepsan.a(GBCL_INT.o)
 .debug_frame   0x00002aec      0x1b4 .\ARM_GCC_541\Debug\Mepsan.a(MEPSAN_IntClock.o)
 .debug_frame   0x00002ca0      0x238 .\ARM_GCC_541\Debug\Mepsan.a(CyFlash.o)
 .debug_frame   0x00002ed8      0x228 .\ARM_GCC_541\Debug\Mepsan.a(CySpc.o)
 .debug_frame   0x00003100       0x30 c:/program files (x86)/cypress/psoc creator/4.3/psoc creator/import/gnu/arm/5.4.1/bin/../lib/gcc/arm-none-eabi/5.4.1/../../../../arm-none-eabi/lib/armv7-m\libg_nano.a(lib_a-atoi.o)
 .debug_frame   0x00003130       0x20 c:/program files (x86)/cypress/psoc creator/4.3/psoc creator/import/gnu/arm/5.4.1/bin/../lib/gcc/arm-none-eabi/5.4.1/../../../../arm-none-eabi/lib/armv7-m\libg_nano.a(lib_a-errno.o)
 .debug_frame   0x00003150       0x28 c:/program files (x86)/cypress/psoc creator/4.3/psoc creator/import/gnu/arm/5.4.1/bin/../lib/gcc/arm-none-eabi/5.4.1/../../../../arm-none-eabi/lib/armv7-m\libg_nano.a(lib_a-exit.o)
 .debug_frame   0x00003178       0x2c c:/program files (x86)/cypress/psoc creator/4.3/psoc creator/import/gnu/arm/5.4.1/bin/../lib/gcc/arm-none-eabi/5.4.1/../../../../arm-none-eabi/lib/armv7-m\libg_nano.a(lib_a-init.o)
 .debug_frame   0x000031a4       0x38 c:/program files (x86)/cypress/psoc creator/4.3/psoc creator/import/gnu/arm/5.4.1/bin/../lib/gcc/arm-none-eabi/5.4.1/../../../../arm-none-eabi/lib/armv7-m\libg_nano.a(lib_a-itoa.o)
 .debug_frame   0x000031dc       0x28 c:/program files (x86)/cypress/psoc creator/4.3/psoc creator/import/gnu/arm/5.4.1/bin/../lib/gcc/arm-none-eabi/5.4.1/../../../../arm-none-eabi/lib/armv7-m\libg_nano.a(lib_a-memcpy-stub.o)
 .debug_frame   0x00003204       0x20 c:/program files (x86)/cypress/psoc creator/4.3/psoc creator/import/gnu/arm/5.4.1/bin/../lib/gcc/arm-none-eabi/5.4.1/../../../../arm-none-eabi/lib/armv7-m\libg_nano.a(lib_a-memset.o)
 .debug_frame   0x00003224       0x44 c:/program files (x86)/cypress/psoc creator/4.3/psoc creator/import/gnu/arm/5.4.1/bin/../lib/gcc/arm-none-eabi/5.4.1/../../../../arm-none-eabi/lib/armv7-m\libg_nano.a(lib_a-strtol.o)
 .debug_frame   0x00003268       0x44 c:/program files (x86)/cypress/psoc creator/4.3/psoc creator/import/gnu/arm/5.4.1/bin/../lib/gcc/arm-none-eabi/5.4.1/../../../../arm-none-eabi/lib/armv7-m\libg_nano.a(lib_a-utoa.o)

.debug_str      0x00000000     0x2c47
 *(.debug_str)
 .debug_str     0x00000000      0x39a .\ARM_GCC_541\Debug\main.o
                                0x406 (size before relaxing)
 .debug_str     0x0000039a       0xb8 .\ARM_GCC_541\Debug\PumpCom.o
                                0x486 (size before relaxing)
 .debug_str     0x00000452       0xa9 .\ARM_GCC_541\Debug\Gbr.o
                                0x40a (size before relaxing)
 .debug_str     0x000004fb      0x2be .\ARM_GCC_541\Debug\printer.o
                                0x649 (size before relaxing)
 .debug_str     0x000007b9      0x18b .\ARM_GCC_541\Debug\cyfitter_cfg.o
                                0x317 (size before relaxing)
 .debug_str     0x00000944       0x75 .\ARM_GCC_541\Debug\cymetadata.o
                                0x1dc (size before relaxing)
 .debug_str     0x000009b9      0x124 .\ARM_GCC_541\Debug\Cm3Start.o
                                0x2cf (size before relaxing)
 .debug_str     0x00000add      0x13a .\ARM_GCC_541\Debug\Mepsan.a(PWM_1.o)
                                0x2c5 (size before relaxing)
 .debug_str     0x00000c17      0x80b .\ARM_GCC_541\Debug\Mepsan.a(CyLib.o)
                                0x9e2 (size before relaxing)
 .debug_str     0x00001422      0x371 .\ARM_GCC_541\Debug\Mepsan.a(cyPm.o)
                                0x53b (size before relaxing)
 .debug_str     0x00001793       0x7a .\ARM_GCC_541\Debug\Mepsan.a(EnablePin.o)
                                0x1ee (size before relaxing)
 .debug_str     0x0000180d      0x3b4 .\ARM_GCC_541\Debug\Mepsan.a(screen.o)
                                0x568 (size before relaxing)
 .debug_str     0x00001bc1       0x64 .\ARM_GCC_541\Debug\Mepsan.a(screen_INT.o)
                                0x299 (size before relaxing)
 .debug_str     0x00001c25      0x1c2 .\ARM_GCC_541\Debug\Mepsan.a(screen_IntClock.o)
                                0x346 (size before relaxing)
 .debug_str     0x00001de7      0x14a .\ARM_GCC_541\Debug\Mepsan.a(EEPROM_1.o)
                                0x2f6 (size before relaxing)
 .debug_str     0x00001f31      0x1e9 .\ARM_GCC_541\Debug\Mepsan.a(PRINTER_A.o)
                                0x411 (size before relaxing)
 .debug_str     0x0000211a       0x37 .\ARM_GCC_541\Debug\Mepsan.a(PRINTER_A_INT.o)
                                0x1f7 (size before relaxing)
 .debug_str     0x00002151      0x19b .\ARM_GCC_541\Debug\Mepsan.a(PRINTER_A_IntClock.o)
                                0x36a (size before relaxing)
 .debug_str     0x000022ec      0x2b8 .\ARM_GCC_541\Debug\Mepsan.a(MEPSAN.o)
                                0x50e (size before relaxing)
 .debug_str     0x000025a4       0x31 .\ARM_GCC_541\Debug\Mepsan.a(MEPSAN_INT.o)
                                0x253 (size before relaxing)
 .debug_str     0x000025d5      0x272 .\ARM_GCC_541\Debug\Mepsan.a(GBCL.o)
                                0x4c8 (size before relaxing)
 .debug_str     0x00002847       0x2d .\ARM_GCC_541\Debug\Mepsan.a(GBCL_INT.o)
                                0x243 (size before relaxing)
 .debug_str     0x00002874      0x177 .\ARM_GCC_541\Debug\Mepsan.a(MEPSAN_IntClock.o)
                                0x346 (size before relaxing)
 .debug_str     0x000029eb      0x135 .\ARM_GCC_541\Debug\Mepsan.a(CyFlash.o)
                                0x2ff (size before relaxing)
 .debug_str     0x00002b20      0x127 .\ARM_GCC_541\Debug\Mepsan.a(CySpc.o)
                                0x2f9 (size before relaxing)

.debug_loc
 *(.debug_loc)

.debug_macinfo
 *(.debug_macinfo)

.debug_ranges   0x00000000      0xab8
 *(.debug_ranges)
 .debug_ranges  0x00000000       0x18 .\ARM_GCC_541\Debug\main.o
 .debug_ranges  0x00000018       0x58 .\ARM_GCC_541\Debug\PumpCom.o
 .debug_ranges  0x00000070       0x18 .\ARM_GCC_541\Debug\Gbr.o
 .debug_ranges  0x00000088       0x18 .\ARM_GCC_541\Debug\printer.o
 .debug_ranges  0x000000a0       0x50 .\ARM_GCC_541\Debug\cyfitter_cfg.o
 .debug_ranges  0x000000f0       0x38 .\ARM_GCC_541\Debug\Cm3Start.o
 .debug_ranges  0x00000128       0x68 .\ARM_GCC_541\Debug\Mepsan.a(PWM_1.o)
 .debug_ranges  0x00000190      0x290 .\ARM_GCC_541\Debug\Mepsan.a(CyLib.o)
 .debug_ranges  0x00000420       0x88 .\ARM_GCC_541\Debug\Mepsan.a(cyPm.o)
 .debug_ranges  0x000004a8       0x28 .\ARM_GCC_541\Debug\Mepsan.a(EnablePin.o)
 .debug_ranges  0x000004d0       0xe0 .\ARM_GCC_541\Debug\Mepsan.a(screen.o)
 .debug_ranges  0x000005b0       0x18 .\ARM_GCC_541\Debug\Mepsan.a(screen_INT.o)
 .debug_ranges  0x000005c8       0x60 .\ARM_GCC_541\Debug\Mepsan.a(screen_IntClock.o)
 .debug_ranges  0x00000628       0x68 .\ARM_GCC_541\Debug\Mepsan.a(EEPROM_1.o)
 .debug_ranges  0x00000690       0x90 .\ARM_GCC_541\Debug\Mepsan.a(PRINTER_A.o)
 .debug_ranges  0x00000720       0x10 .\ARM_GCC_541\Debug\Mepsan.a(PRINTER_A_INT.o)
 .debug_ranges  0x00000730       0x60 .\ARM_GCC_541\Debug\Mepsan.a(PRINTER_A_IntClock.o)
 .debug_ranges  0x00000790       0xe0 .\ARM_GCC_541\Debug\Mepsan.a(MEPSAN.o)
 .debug_ranges  0x00000870       0x10 .\ARM_GCC_541\Debug\Mepsan.a(MEPSAN_INT.o)
 .debug_ranges  0x00000880       0xe0 .\ARM_GCC_541\Debug\Mepsan.a(GBCL.o)
 .debug_ranges  0x00000960       0x10 .\ARM_GCC_541\Debug\Mepsan.a(GBCL_INT.o)
 .debug_ranges  0x00000970       0x60 .\ARM_GCC_541\Debug\Mepsan.a(MEPSAN_IntClock.o)
 .debug_ranges  0x000009d0       0x78 .\ARM_GCC_541\Debug\Mepsan.a(CyFlash.o)
 .debug_ranges  0x00000a48       0x70 .\ARM_GCC_541\Debug\Mepsan.a(CySpc.o)

.comment        0x00000000       0x6e
 .comment       0x00000000       0x6e .\ARM_GCC_541\Debug\main.o
                                 0x6f (size before relaxing)
 .comment       0x0000006e       0x6f .\ARM_GCC_541\Debug\PumpCom.o
 .comment       0x0000006e       0x6f .\ARM_GCC_541\Debug\Gbr.o
 .comment       0x0000006e       0x6f .\ARM_GCC_541\Debug\printer.o
 .comment       0x0000006e       0x6f .\ARM_GCC_541\Debug\cyfitter_cfg.o
 .comment       0x0000006e       0x6f .\ARM_GCC_541\Debug\cymetadata.o
 .comment       0x0000006e       0x6f .\ARM_GCC_541\Debug\Cm3Start.o
 .comment       0x0000006e       0x6f .\ARM_GCC_541\Debug\Mepsan.a(PWM_1.o)
 .comment       0x0000006e       0x6f .\ARM_GCC_541\Debug\Mepsan.a(CyLib.o)
 .comment       0x0000006e       0x6f .\ARM_GCC_541\Debug\Mepsan.a(cyPm.o)
 .comment       0x0000006e       0x6f .\ARM_GCC_541\Debug\Mepsan.a(EnablePin.o)
 .comment       0x0000006e       0x6f .\ARM_GCC_541\Debug\Mepsan.a(screen.o)
 .comment       0x0000006e       0x6f .\ARM_GCC_541\Debug\Mepsan.a(screen_INT.o)
 .comment       0x0000006e       0x6f .\ARM_GCC_541\Debug\Mepsan.a(screen_IntClock.o)
 .comment       0x0000006e       0x6f .\ARM_GCC_541\Debug\Mepsan.a(EEPROM_1.o)
 .comment       0x0000006e       0x6f .\ARM_GCC_541\Debug\Mepsan.a(PRINTER_A.o)
 .comment       0x0000006e       0x6f .\ARM_GCC_541\Debug\Mepsan.a(PRINTER_A_INT.o)
 .comment       0x0000006e       0x6f .\ARM_GCC_541\Debug\Mepsan.a(PRINTER_A_IntClock.o)
 .comment       0x0000006e       0x6f .\ARM_GCC_541\Debug\Mepsan.a(MEPSAN.o)
 .comment       0x0000006e       0x6f .\ARM_GCC_541\Debug\Mepsan.a(MEPSAN_INT.o)
 .comment       0x0000006e       0x6f .\ARM_GCC_541\Debug\Mepsan.a(GBCL.o)
 .comment       0x0000006e       0x6f .\ARM_GCC_541\Debug\Mepsan.a(GBCL_INT.o)
 .comment       0x0000006e       0x6f .\ARM_GCC_541\Debug\Mepsan.a(MEPSAN_IntClock.o)
 .comment       0x0000006e       0x6f .\ARM_GCC_541\Debug\Mepsan.a(CyFlash.o)
 .comment       0x0000006e       0x6f .\ARM_GCC_541\Debug\Mepsan.a(CySpc.o)

.debug_weaknames
 *(.debug_weaknames)

.debug_funcnames
 *(.debug_funcnames)

.debug_typenames
 *(.debug_typenames)

.debug_varnames
 *(.debug_varnames)

.note.gnu.arm.ident
 *(.note.gnu.arm.ident)

.ARM.attributes
                0x00000000       0x29
 *(.ARM.attributes)
 .ARM.attributes
                0x00000000       0x1d c:/program files (x86)/cypress/psoc creator/4.3/psoc creator/import/gnu/arm/5.4.1/bin/../lib/gcc/arm-none-eabi/5.4.1/armv7-m/crti.o
 .ARM.attributes
                0x0000001d       0x2d c:/program files (x86)/cypress/psoc creator/4.3/psoc creator/import/gnu/arm/5.4.1/bin/../lib/gcc/arm-none-eabi/5.4.1/armv7-m/crtbegin.o
 .ARM.attributes
                0x0000004a       0x1b c:/program files (x86)/cypress/psoc creator/4.3/psoc creator/import/gnu/arm/5.4.1/bin/../lib/gcc/arm-none-eabi/5.4.1/../../../../arm-none-eabi/lib/armv7-m/crt0.o
 .ARM.attributes
                0x00000065       0x33 .\ARM_GCC_541\Debug\main.o
 .ARM.attributes
                0x00000098       0x33 .\ARM_GCC_541\Debug\PumpCom.o
 .ARM.attributes
                0x000000cb       0x33 .\ARM_GCC_541\Debug\Gbr.o
 .ARM.attributes
                0x000000fe       0x33 .\ARM_GCC_541\Debug\printer.o
 .ARM.attributes
                0x00000131       0x33 .\ARM_GCC_541\Debug\cyfitter_cfg.o
 .ARM.attributes
                0x00000164       0x33 .\ARM_GCC_541\Debug\cymetadata.o
 .ARM.attributes
                0x00000197       0x33 .\ARM_GCC_541\Debug\Cm3Start.o
 .ARM.attributes
                0x000001ca       0x33 .\ARM_GCC_541\Debug\Mepsan.a(PWM_1.o)
 .ARM.attributes
                0x000001fd       0x33 .\ARM_GCC_541\Debug\Mepsan.a(CyLib.o)
 .ARM.attributes
                0x00000230       0x33 .\ARM_GCC_541\Debug\Mepsan.a(cyPm.o)
 .ARM.attributes
                0x00000263       0x33 .\ARM_GCC_541\Debug\Mepsan.a(EnablePin.o)
 .ARM.attributes
                0x00000296       0x33 .\ARM_GCC_541\Debug\Mepsan.a(screen.o)
 .ARM.attributes
                0x000002c9       0x33 .\ARM_GCC_541\Debug\Mepsan.a(screen_INT.o)
 .ARM.attributes
                0x000002fc       0x33 .\ARM_GCC_541\Debug\Mepsan.a(screen_IntClock.o)
 .ARM.attributes
                0x0000032f       0x33 .\ARM_GCC_541\Debug\Mepsan.a(EEPROM_1.o)
 .ARM.attributes
                0x00000362       0x33 .\ARM_GCC_541\Debug\Mepsan.a(PRINTER_A.o)
 .ARM.attributes
                0x00000395       0x33 .\ARM_GCC_541\Debug\Mepsan.a(PRINTER_A_INT.o)
 .ARM.attributes
                0x000003c8       0x33 .\ARM_GCC_541\Debug\Mepsan.a(PRINTER_A_IntClock.o)
 .ARM.attributes
                0x000003fb       0x33 .\ARM_GCC_541\Debug\Mepsan.a(MEPSAN.o)
 .ARM.attributes
                0x0000042e       0x33 .\ARM_GCC_541\Debug\Mepsan.a(MEPSAN_INT.o)
 .ARM.attributes
                0x00000461       0x33 .\ARM_GCC_541\Debug\Mepsan.a(GBCL.o)
 .ARM.attributes
                0x00000494       0x33 .\ARM_GCC_541\Debug\Mepsan.a(GBCL_INT.o)
 .ARM.attributes
                0x000004c7       0x33 .\ARM_GCC_541\Debug\Mepsan.a(MEPSAN_IntClock.o)
 .ARM.attributes
                0x000004fa       0x21 .\ARM_GCC_541\Debug\Mepsan.a(CyBootAsmGnu.o)
 .ARM.attributes
                0x0000051b       0x33 .\ARM_GCC_541\Debug\Mepsan.a(CyFlash.o)
 .ARM.attributes
                0x0000054e       0x33 .\ARM_GCC_541\Debug\Mepsan.a(CySpc.o)
 .ARM.attributes
                0x00000581       0x2d c:/program files (x86)/cypress/psoc creator/4.3/psoc creator/import/gnu/arm/5.4.1/bin/../lib/gcc/arm-none-eabi/5.4.1/../../../../arm-none-eabi/lib/armv7-m\libg_nano.a(lib_a-atoi.o)
 .ARM.attributes
                0x000005ae       0x2d c:/program files (x86)/cypress/psoc creator/4.3/psoc creator/import/gnu/arm/5.4.1/bin/../lib/gcc/arm-none-eabi/5.4.1/../../../../arm-none-eabi/lib/armv7-m\libg_nano.a(lib_a-errno.o)
 .ARM.attributes
                0x000005db       0x2d c:/program files (x86)/cypress/psoc creator/4.3/psoc creator/import/gnu/arm/5.4.1/bin/../lib/gcc/arm-none-eabi/5.4.1/../../../../arm-none-eabi/lib/armv7-m\libg_nano.a(lib_a-exit.o)
 .ARM.attributes
                0x00000608       0x2d c:/program files (x86)/cypress/psoc creator/4.3/psoc creator/import/gnu/arm/5.4.1/bin/../lib/gcc/arm-none-eabi/5.4.1/../../../../arm-none-eabi/lib/armv7-m\libg_nano.a(lib_a-impure.o)
 .ARM.attributes
                0x00000635       0x2d c:/program files (x86)/cypress/psoc creator/4.3/psoc creator/import/gnu/arm/5.4.1/bin/../lib/gcc/arm-none-eabi/5.4.1/../../../../arm-none-eabi/lib/armv7-m\libg_nano.a(lib_a-init.o)
 .ARM.attributes
                0x00000662       0x2d c:/program files (x86)/cypress/psoc creator/4.3/psoc creator/import/gnu/arm/5.4.1/bin/../lib/gcc/arm-none-eabi/5.4.1/../../../../arm-none-eabi/lib/armv7-m\libg_nano.a(lib_a-itoa.o)
 .ARM.attributes
                0x0000068f       0x2d c:/program files (x86)/cypress/psoc creator/4.3/psoc creator/import/gnu/arm/5.4.1/bin/../lib/gcc/arm-none-eabi/5.4.1/../../../../arm-none-eabi/lib/armv7-m\libg_nano.a(lib_a-memcpy-stub.o)
 .ARM.attributes
                0x000006bc       0x2d c:/program files (x86)/cypress/psoc creator/4.3/psoc creator/import/gnu/arm/5.4.1/bin/../lib/gcc/arm-none-eabi/5.4.1/../../../../arm-none-eabi/lib/armv7-m\libg_nano.a(lib_a-memset.o)
 .ARM.attributes
                0x000006e9       0x2d c:/program files (x86)/cypress/psoc creator/4.3/psoc creator/import/gnu/arm/5.4.1/bin/../lib/gcc/arm-none-eabi/5.4.1/../../../../arm-none-eabi/lib/armv7-m\libg_nano.a(lib_a-strtol.o)
 .ARM.attributes
                0x00000716       0x2d c:/program files (x86)/cypress/psoc creator/4.3/psoc creator/import/gnu/arm/5.4.1/bin/../lib/gcc/arm-none-eabi/5.4.1/../../../../arm-none-eabi/lib/armv7-m\libg_nano.a(lib_a-utoa.o)
 .ARM.attributes
                0x00000743       0x2d c:/program files (x86)/cypress/psoc creator/4.3/psoc creator/import/gnu/arm/5.4.1/bin/../lib/gcc/arm-none-eabi/5.4.1/../../../../arm-none-eabi/lib/armv7-m\libg_nano.a(lib_a-ctype_.o)
 .ARM.attributes
                0x00000770       0x2d c:/program files (x86)/cypress/psoc creator/4.3/psoc creator/import/gnu/arm/5.4.1/bin/../lib/gcc/arm-none-eabi/5.4.1/armv7-m/crtend.o
 .ARM.attributes
                0x0000079d       0x1d c:/program files (x86)/cypress/psoc creator/4.3/psoc creator/import/gnu/arm/5.4.1/bin/../lib/gcc/arm-none-eabi/5.4.1/armv7-m/crtn.o

/DISCARD/
 *(.note.GNU-stack)
OUTPUT(C:\Users\Programador\Documents\GitHub\Mepsan\Mepsan.cydsn\ARM_GCC_541\Debug\Mepsan.elf elf32-littlearm)
