Archive member included to satisfy reference by file (symbol)

.\ARM_GCC_541\Debug\Mepsan.a(PWM_1.o)
                              .\ARM_GCC_541\Debug\main.o (PWM_1_Start)
.\ARM_GCC_541\Debug\Mepsan.a(Kill_Switch.o)
                              .\ARM_GCC_541\Debug\main.o (Kill_Switch_Read)
.\ARM_GCC_541\Debug\Mepsan.a(CyLib.o)
                              .\ARM_GCC_541\Debug\Cm3Start.o (CyResetStatus)
.\ARM_GCC_541\Debug\Mepsan.a(cyPm.o)
                              .\ARM_GCC_541\Debug\Mepsan.a(CyLib.o) (CyPmReadStatus)
.\ARM_GCC_541\Debug\Mepsan.a(UART_1.o)
                              .\ARM_GCC_541\Debug\main.o (UART_1_Start)
.\ARM_GCC_541\Debug\Mepsan.a(UART_1_INT.o)
                              .\ARM_GCC_541\Debug\Mepsan.a(UART_1.o) (UART_1_RXISR)
.\ARM_GCC_541\Debug\Mepsan.a(UART_1_IntClock.o)
                              .\ARM_GCC_541\Debug\Mepsan.a(UART_1.o) (UART_1_IntClock_Start)
.\ARM_GCC_541\Debug\Mepsan.a(Timer_1.o)
                              .\ARM_GCC_541\Debug\main.o (Timer_1_Start)
.\ARM_GCC_541\Debug\Mepsan.a(UART_2.o)
                              .\ARM_GCC_541\Debug\main.o (UART_2_Start)
.\ARM_GCC_541\Debug\Mepsan.a(UART_2_INT.o)
                              .\ARM_GCC_541\Debug\Mepsan.a(UART_2.o) (UART_2_RXISR)
.\ARM_GCC_541\Debug\Mepsan.a(EnablePin.o)
                              .\ARM_GCC_541\Debug\PumpCom.o (EnablePin_Write)
.\ARM_GCC_541\Debug\Mepsan.a(EnablePin_1.o)
                              .\ARM_GCC_541\Debug\main.o (EnablePin_1_Read)
.\ARM_GCC_541\Debug\Mepsan.a(UART_3.o)
                              .\ARM_GCC_541\Debug\main.o (UART_3_Start)
.\ARM_GCC_541\Debug\Mepsan.a(UART_3_INT.o)
                              .\ARM_GCC_541\Debug\Mepsan.a(UART_3.o) (UART_3_TXISR)
.\ARM_GCC_541\Debug\Mepsan.a(UART_3_IntClock.o)
                              .\ARM_GCC_541\Debug\Mepsan.a(UART_3.o) (UART_3_IntClock_Start)
.\ARM_GCC_541\Debug\Mepsan.a(CyBootAsmGnu.o)
                              .\ARM_GCC_541\Debug\cyfitter_cfg.o (CyDelayCycles)
.\ARM_GCC_541\Debug\Mepsan.a(CyFlash.o)
                              .\ARM_GCC_541\Debug\Mepsan.a(cyPm.o) (CyFlash_SetWaitCycles)
.\ARM_GCC_541\Debug\Mepsan.a(CySpc.o)
                              .\ARM_GCC_541\Debug\Mepsan.a(CyFlash.o) (CySpcStart)
c:/program files (x86)/cypress/psoc creator/4.2/psoc creator/import/gnu/arm/5.4.1/bin/../lib/gcc/arm-none-eabi/5.4.1/../../../../arm-none-eabi/lib/armv7-m\libg_nano.a(lib_a-errno.o)
                              .\ARM_GCC_541\Debug\Cm3Start.o (__errno)
c:/program files (x86)/cypress/psoc creator/4.2/psoc creator/import/gnu/arm/5.4.1/bin/../lib/gcc/arm-none-eabi/5.4.1/../../../../arm-none-eabi/lib/armv7-m\libg_nano.a(lib_a-exit.o)
                              c:/program files (x86)/cypress/psoc creator/4.2/psoc creator/import/gnu/arm/5.4.1/bin/../lib/gcc/arm-none-eabi/5.4.1/../../../../arm-none-eabi/lib/armv7-m/crt0.o (exit)
c:/program files (x86)/cypress/psoc creator/4.2/psoc creator/import/gnu/arm/5.4.1/bin/../lib/gcc/arm-none-eabi/5.4.1/../../../../arm-none-eabi/lib/armv7-m\libg_nano.a(lib_a-impure.o)
                              c:/program files (x86)/cypress/psoc creator/4.2/psoc creator/import/gnu/arm/5.4.1/bin/../lib/gcc/arm-none-eabi/5.4.1/../../../../arm-none-eabi/lib/armv7-m\libg_nano.a(lib_a-exit.o) (_global_impure_ptr)
c:/program files (x86)/cypress/psoc creator/4.2/psoc creator/import/gnu/arm/5.4.1/bin/../lib/gcc/arm-none-eabi/5.4.1/../../../../arm-none-eabi/lib/armv7-m\libg_nano.a(lib_a-init.o)
                              c:/program files (x86)/cypress/psoc creator/4.2/psoc creator/import/gnu/arm/5.4.1/bin/../lib/gcc/arm-none-eabi/5.4.1/../../../../arm-none-eabi/lib/armv7-m/crt0.o (__libc_init_array)
c:/program files (x86)/cypress/psoc creator/4.2/psoc creator/import/gnu/arm/5.4.1/bin/../lib/gcc/arm-none-eabi/5.4.1/../../../../arm-none-eabi/lib/armv7-m\libg_nano.a(lib_a-memcpy-stub.o)
                              .\ARM_GCC_541\Debug\cyfitter_cfg.o (memcpy)
c:/program files (x86)/cypress/psoc creator/4.2/psoc creator/import/gnu/arm/5.4.1/bin/../lib/gcc/arm-none-eabi/5.4.1/../../../../arm-none-eabi/lib/armv7-m\libg_nano.a(lib_a-memset.o)
                              c:/program files (x86)/cypress/psoc creator/4.2/psoc creator/import/gnu/arm/5.4.1/bin/../lib/gcc/arm-none-eabi/5.4.1/../../../../arm-none-eabi/lib/armv7-m/crt0.o (memset)

Allocating common symbols
Common symbol       size              file

UART_2_rxBuffer     0x80              .\ARM_GCC_541\Debug\Mepsan.a(UART_2.o)
side                0x414             .\ARM_GCC_541\Debug\main.o
crc_hi              0x1               .\ARM_GCC_541\Debug\main.o
PumpAddress         0xf               .\ARM_GCC_541\Debug\main.o
MepsanResponse      0x32              .\ARM_GCC_541\Debug\main.o
dirGbr              0x1               .\ARM_GCC_541\Debug\main.o
UART_3_txBuffer     0x5               .\ARM_GCC_541\Debug\Mepsan.a(UART_3.o)
MepsanSendTo        0x32              .\ARM_GCC_541\Debug\main.o
UART_1_rxBuffer     0x80              .\ARM_GCC_541\Debug\Mepsan.a(UART_1.o)
Positions           0x1               .\ARM_GCC_541\Debug\main.o
CRC                 0x2               .\ARM_GCC_541\Debug\main.o
crc_lo              0x1               .\ARM_GCC_541\Debug\main.o
CurrentState        0x1               .\ARM_GCC_541\Debug\main.o
dieTemperature      0x2               .\ARM_GCC_541\Debug\Mepsan.a(CyFlash.o)
PollCounter         0x2               .\ARM_GCC_541\Debug\main.o

Discarded input sections

 .text          0x00000000        0x0 c:/program files (x86)/cypress/psoc creator/4.2/psoc creator/import/gnu/arm/5.4.1/bin/../lib/gcc/arm-none-eabi/5.4.1/armv7-m/crti.o
 .data          0x00000000        0x0 c:/program files (x86)/cypress/psoc creator/4.2/psoc creator/import/gnu/arm/5.4.1/bin/../lib/gcc/arm-none-eabi/5.4.1/armv7-m/crti.o
 .bss           0x00000000        0x0 c:/program files (x86)/cypress/psoc creator/4.2/psoc creator/import/gnu/arm/5.4.1/bin/../lib/gcc/arm-none-eabi/5.4.1/armv7-m/crti.o
 .data          0x00000000        0x4 c:/program files (x86)/cypress/psoc creator/4.2/psoc creator/import/gnu/arm/5.4.1/bin/../lib/gcc/arm-none-eabi/5.4.1/armv7-m/crtbegin.o
 .text          0x00000000       0x74 c:/program files (x86)/cypress/psoc creator/4.2/psoc creator/import/gnu/arm/5.4.1/bin/../lib/gcc/arm-none-eabi/5.4.1/../../../../arm-none-eabi/lib/armv7-m/crt0.o
 .data          0x00000000        0x0 c:/program files (x86)/cypress/psoc creator/4.2/psoc creator/import/gnu/arm/5.4.1/bin/../lib/gcc/arm-none-eabi/5.4.1/../../../../arm-none-eabi/lib/armv7-m/crt0.o
 .bss           0x00000000        0x0 c:/program files (x86)/cypress/psoc creator/4.2/psoc creator/import/gnu/arm/5.4.1/bin/../lib/gcc/arm-none-eabi/5.4.1/../../../../arm-none-eabi/lib/armv7-m/crt0.o
 .ARM.extab     0x00000000        0x0 c:/program files (x86)/cypress/psoc creator/4.2/psoc creator/import/gnu/arm/5.4.1/bin/../lib/gcc/arm-none-eabi/5.4.1/../../../../arm-none-eabi/lib/armv7-m/crt0.o
 .ARM.exidx     0x00000000        0x8 c:/program files (x86)/cypress/psoc creator/4.2/psoc creator/import/gnu/arm/5.4.1/bin/../lib/gcc/arm-none-eabi/5.4.1/../../../../arm-none-eabi/lib/armv7-m/crt0.o
 .text          0x00000000        0x0 .\ARM_GCC_541\Debug\main.o
 .data          0x00000000        0x0 .\ARM_GCC_541\Debug\main.o
 .bss           0x00000000        0x0 .\ARM_GCC_541\Debug\main.o
 .text.polling  0x00000000       0x1c .\ARM_GCC_541\Debug\main.o
 .text          0x00000000        0x0 .\ARM_GCC_541\Debug\PumpCom.o
 .data          0x00000000        0x0 .\ARM_GCC_541\Debug\PumpCom.o
 .bss           0x00000000        0x0 .\ARM_GCC_541\Debug\PumpCom.o
 .text          0x00000000        0x0 .\ARM_GCC_541\Debug\Gbr.o
 .data          0x00000000        0x0 .\ARM_GCC_541\Debug\Gbr.o
 .bss           0x00000000        0x0 .\ARM_GCC_541\Debug\Gbr.o
 .text.StateTransform
                0x00000000       0x10 .\ARM_GCC_541\Debug\Gbr.o
 .text.SystemQ  0x00000000       0x68 .\ARM_GCC_541\Debug\Gbr.o
 .text          0x00000000        0x0 .\ARM_GCC_541\Debug\printer.o
 .bss           0x00000000        0x0 .\ARM_GCC_541\Debug\printer.o
 .text          0x00000000        0x0 .\ARM_GCC_541\Debug\cyfitter_cfg.o
 .data          0x00000000        0x0 .\ARM_GCC_541\Debug\cyfitter_cfg.o
 .text.CYMEMZERO
                0x00000000       0x1c .\ARM_GCC_541\Debug\cyfitter_cfg.o
 .text.CYCONFIGCPYCODE
                0x00000000       0x20 .\ARM_GCC_541\Debug\cyfitter_cfg.o
 .text.SetAnalogRoutingPumps
                0x00000000       0x28 .\ARM_GCC_541\Debug\cyfitter_cfg.o
 .text          0x00000000        0x0 .\ARM_GCC_541\Debug\cymetadata.o
 .data          0x00000000        0x0 .\ARM_GCC_541\Debug\cymetadata.o
 .bss           0x00000000        0x0 .\ARM_GCC_541\Debug\cymetadata.o
 .text          0x00000000        0x0 .\ARM_GCC_541\Debug\Cm3Start.o
 .data          0x00000000        0x4 .\ARM_GCC_541\Debug\Cm3Start.o
 .bss           0x00000000        0x0 .\ARM_GCC_541\Debug\Cm3Start.o
 .text._exit    0x00000000       0x14 .\ARM_GCC_541\Debug\Cm3Start.o
 .text._sbrk    0x00000000       0x50 .\ARM_GCC_541\Debug\Cm3Start.o
 .text          0x00000000        0x0 .\ARM_GCC_541\Debug\Mepsan.a(PWM_1.o)
 .data          0x00000000        0x0 .\ARM_GCC_541\Debug\Mepsan.a(PWM_1.o)
 .text.PWM_1_Stop
                0x00000000       0x48 .\ARM_GCC_541\Debug\Mepsan.a(PWM_1.o)
 .text.PWM_1_ReadStatusRegister
                0x00000000       0x18 .\ARM_GCC_541\Debug\Mepsan.a(PWM_1.o)
 .text.PWM_1_ReadControlRegister
                0x00000000       0x1c .\ARM_GCC_541\Debug\Mepsan.a(PWM_1.o)
 .text.PWM_1_WriteControlRegister
                0x00000000       0x20 .\ARM_GCC_541\Debug\Mepsan.a(PWM_1.o)
 .text.PWM_1_ReadCompare
                0x00000000       0x18 .\ARM_GCC_541\Debug\Mepsan.a(PWM_1.o)
 .text.PWM_1_ReadPeriod
                0x00000000       0x18 .\ARM_GCC_541\Debug\Mepsan.a(PWM_1.o)
 .text          0x00000000        0x0 .\ARM_GCC_541\Debug\Mepsan.a(Kill_Switch.o)
 .data          0x00000000        0x0 .\ARM_GCC_541\Debug\Mepsan.a(Kill_Switch.o)
 .bss           0x00000000        0x0 .\ARM_GCC_541\Debug\Mepsan.a(Kill_Switch.o)
 .text.Kill_Switch_Write
                0x00000000       0x3c .\ARM_GCC_541\Debug\Mepsan.a(Kill_Switch.o)
 .text.Kill_Switch_SetDriveMode
                0x00000000       0x3c .\ARM_GCC_541\Debug\Mepsan.a(Kill_Switch.o)
 .text.Kill_Switch_ReadDataReg
                0x00000000       0x20 .\ARM_GCC_541\Debug\Mepsan.a(Kill_Switch.o)
 .text          0x00000000        0x0 .\ARM_GCC_541\Debug\Mepsan.a(CyLib.o)
 .bss           0x00000000       0x19 .\ARM_GCC_541\Debug\Mepsan.a(CyLib.o)
 .text.CyPLL_OUT_Start
                0x00000000       0xb0 .\ARM_GCC_541\Debug\Mepsan.a(CyLib.o)
 .text.CyPLL_OUT_Stop
                0x00000000       0x20 .\ARM_GCC_541\Debug\Mepsan.a(CyLib.o)
 .text.CyPLL_OUT_SetPQ
                0x00000000       0x94 .\ARM_GCC_541\Debug\Mepsan.a(CyLib.o)
 .text.CyPLL_OUT_SetSource
                0x00000000       0x58 .\ARM_GCC_541\Debug\Mepsan.a(CyLib.o)
 .text.CyIMO_Start
                0x00000000       0x94 .\ARM_GCC_541\Debug\Mepsan.a(CyLib.o)
 .text.CyIMO_Stop
                0x00000000       0x34 .\ARM_GCC_541\Debug\Mepsan.a(CyLib.o)
 .text.CyUSB_PowerOnCheck
                0x00000000       0x60 .\ARM_GCC_541\Debug\Mepsan.a(CyLib.o)
 .text.CyIMO_SetTrimValue
                0x00000000      0x108 .\ARM_GCC_541\Debug\Mepsan.a(CyLib.o)
 .text.CyIMO_SetFreq
                0x00000000      0x1b0 .\ARM_GCC_541\Debug\Mepsan.a(CyLib.o)
 .text.CyIMO_SetSource
                0x00000000       0x8c .\ARM_GCC_541\Debug\Mepsan.a(CyLib.o)
 .text.CyIMO_EnableDoubler
                0x00000000       0x20 .\ARM_GCC_541\Debug\Mepsan.a(CyLib.o)
 .text.CyIMO_DisableDoubler
                0x00000000       0x20 .\ARM_GCC_541\Debug\Mepsan.a(CyLib.o)
 .text.CyMasterClk_SetSource
                0x00000000       0x34 .\ARM_GCC_541\Debug\Mepsan.a(CyLib.o)
 .text.CyMasterClk_SetDivider
                0x00000000       0x20 .\ARM_GCC_541\Debug\Mepsan.a(CyLib.o)
 .text.CyBusClk_Internal_SetDivider
                0x00000000       0x78 .\ARM_GCC_541\Debug\Mepsan.a(CyLib.o)
 .text.CyBusClk_SetDivider
                0x00000000       0xb4 .\ARM_GCC_541\Debug\Mepsan.a(CyLib.o)
 .text.CyUsbClk_SetSource
                0x00000000       0x34 .\ARM_GCC_541\Debug\Mepsan.a(CyLib.o)
 .text.CyILO_Start1K
                0x00000000       0x20 .\ARM_GCC_541\Debug\Mepsan.a(CyLib.o)
 .text.CyILO_Stop1K
                0x00000000       0x20 .\ARM_GCC_541\Debug\Mepsan.a(CyLib.o)
 .text.CyILO_Start100K
                0x00000000       0x20 .\ARM_GCC_541\Debug\Mepsan.a(CyLib.o)
 .text.CyILO_Stop100K
                0x00000000       0x20 .\ARM_GCC_541\Debug\Mepsan.a(CyLib.o)
 .text.CyILO_Enable33K
                0x00000000       0x20 .\ARM_GCC_541\Debug\Mepsan.a(CyLib.o)
 .text.CyILO_Disable33K
                0x00000000       0x20 .\ARM_GCC_541\Debug\Mepsan.a(CyLib.o)
 .text.CyILO_SetSource
                0x00000000       0x38 .\ARM_GCC_541\Debug\Mepsan.a(CyLib.o)
 .text.CyILO_SetPowerMode
                0x00000000       0x4c .\ARM_GCC_541\Debug\Mepsan.a(CyLib.o)
 .text.CyXTAL_32KHZ_Start
                0x00000000       0x88 .\ARM_GCC_541\Debug\Mepsan.a(CyLib.o)
 .text.CyXTAL_32KHZ_Stop
                0x00000000       0x50 .\ARM_GCC_541\Debug\Mepsan.a(CyLib.o)
 .text.CyXTAL_32KHZ_ReadStatus
                0x00000000       0x1c .\ARM_GCC_541\Debug\Mepsan.a(CyLib.o)
 .text.CyXTAL_32KHZ_SetPowerMode
                0x00000000       0xb4 .\ARM_GCC_541\Debug\Mepsan.a(CyLib.o)
 .text.CyXTAL_Start
                0x00000000       0xd0 .\ARM_GCC_541\Debug\Mepsan.a(CyLib.o)
 .text.CyXTAL_Stop
                0x00000000       0x20 .\ARM_GCC_541\Debug\Mepsan.a(CyLib.o)
 .text.CyXTAL_EnableErrStatus
                0x00000000       0x20 .\ARM_GCC_541\Debug\Mepsan.a(CyLib.o)
 .text.CyXTAL_DisableErrStatus
                0x00000000       0x20 .\ARM_GCC_541\Debug\Mepsan.a(CyLib.o)
 .text.CyXTAL_ReadStatus
                0x00000000       0x24 .\ARM_GCC_541\Debug\Mepsan.a(CyLib.o)
 .text.CyXTAL_EnableFaultRecovery
                0x00000000       0x20 .\ARM_GCC_541\Debug\Mepsan.a(CyLib.o)
 .text.CyXTAL_DisableFaultRecovery
                0x00000000       0x20 .\ARM_GCC_541\Debug\Mepsan.a(CyLib.o)
 .text.CyXTAL_SetStartup
                0x00000000       0x34 .\ARM_GCC_541\Debug\Mepsan.a(CyLib.o)
 .text.CyXTAL_SetFbVoltage
                0x00000000       0x34 .\ARM_GCC_541\Debug\Mepsan.a(CyLib.o)
 .text.CyXTAL_SetWdVoltage
                0x00000000       0x38 .\ARM_GCC_541\Debug\Mepsan.a(CyLib.o)
 .text.CySoftwareReset
                0x00000000       0x20 .\ARM_GCC_541\Debug\Mepsan.a(CyLib.o)
 .text.CyDelayUs
                0x00000000       0x28 .\ARM_GCC_541\Debug\Mepsan.a(CyLib.o)
 .text.CyDelayFreq
                0x00000000       0x7c .\ARM_GCC_541\Debug\Mepsan.a(CyLib.o)
 .text.CyWdtStart
                0x00000000       0x8c .\ARM_GCC_541\Debug\Mepsan.a(CyLib.o)
 .text.CyWdtClear
                0x00000000       0x18 .\ARM_GCC_541\Debug\Mepsan.a(CyLib.o)
 .text.CyVdLvDigitEnable
                0x00000000       0xcc .\ARM_GCC_541\Debug\Mepsan.a(CyLib.o)
 .text.CyVdLvAnalogEnable
                0x00000000       0xcc .\ARM_GCC_541\Debug\Mepsan.a(CyLib.o)
 .text.CyVdLvDigitDisable
                0x00000000       0x48 .\ARM_GCC_541\Debug\Mepsan.a(CyLib.o)
 .text.CyVdLvAnalogDisable
                0x00000000       0x44 .\ARM_GCC_541\Debug\Mepsan.a(CyLib.o)
 .text.CyVdHvAnalogEnable
                0x00000000       0x7c .\ARM_GCC_541\Debug\Mepsan.a(CyLib.o)
 .text.CyVdHvAnalogDisable
                0x00000000       0x30 .\ARM_GCC_541\Debug\Mepsan.a(CyLib.o)
 .text.CyVdStickyStatus
                0x00000000       0x5c .\ARM_GCC_541\Debug\Mepsan.a(CyLib.o)
 .text.CyVdRealTimeStatus
                0x00000000       0x30 .\ARM_GCC_541\Debug\Mepsan.a(CyLib.o)
 .text.CyDisableInts
                0x00000000       0x34 .\ARM_GCC_541\Debug\Mepsan.a(CyLib.o)
 .text.CyEnableInts
                0x00000000       0x2c .\ARM_GCC_541\Debug\Mepsan.a(CyLib.o)
 .text.CyFlushCache
                0x00000000       0x5c .\ARM_GCC_541\Debug\Mepsan.a(CyLib.o)
 .text.CyIntSetSysVector
                0x00000000       0x4c .\ARM_GCC_541\Debug\Mepsan.a(CyLib.o)
 .text.CyIntGetSysVector
                0x00000000       0x38 .\ARM_GCC_541\Debug\Mepsan.a(CyLib.o)
 .text.CyIntGetVector
                0x00000000       0x38 .\ARM_GCC_541\Debug\Mepsan.a(CyLib.o)
 .text.CyIntGetPriority
                0x00000000       0x38 .\ARM_GCC_541\Debug\Mepsan.a(CyLib.o)
 .text.CyIntGetState
                0x00000000       0x44 .\ARM_GCC_541\Debug\Mepsan.a(CyLib.o)
 .text.CySysTickStart
                0x00000000       0x24 .\ARM_GCC_541\Debug\Mepsan.a(CyLib.o)
 .text.CySysTickInit
                0x00000000       0x6c .\ARM_GCC_541\Debug\Mepsan.a(CyLib.o)
 .text.CySysTickEnable
                0x00000000       0x1c .\ARM_GCC_541\Debug\Mepsan.a(CyLib.o)
 .text.CySysTickStop
                0x00000000       0x1c .\ARM_GCC_541\Debug\Mepsan.a(CyLib.o)
 .text.CySysTickEnableInterrupt
                0x00000000       0x1c .\ARM_GCC_541\Debug\Mepsan.a(CyLib.o)
 .text.CySysTickDisableInterrupt
                0x00000000       0x1c .\ARM_GCC_541\Debug\Mepsan.a(CyLib.o)
 .text.CySysTickSetReload
                0x00000000       0x20 .\ARM_GCC_541\Debug\Mepsan.a(CyLib.o)
 .text.CySysTickGetReload
                0x00000000       0x18 .\ARM_GCC_541\Debug\Mepsan.a(CyLib.o)
 .text.CySysTickGetValue
                0x00000000       0x18 .\ARM_GCC_541\Debug\Mepsan.a(CyLib.o)
 .text.CySysTickSetClockSource
                0x00000000       0x38 .\ARM_GCC_541\Debug\Mepsan.a(CyLib.o)
 .text.CySysTickGetClockSource
                0x00000000       0x1c .\ARM_GCC_541\Debug\Mepsan.a(CyLib.o)
 .text.CySysTickGetCountFlag
                0x00000000       0x1c .\ARM_GCC_541\Debug\Mepsan.a(CyLib.o)
 .text.CySysTickClear
                0x00000000       0x18 .\ARM_GCC_541\Debug\Mepsan.a(CyLib.o)
 .text.CySysTickSetCallback
                0x00000000       0x30 .\ARM_GCC_541\Debug\Mepsan.a(CyLib.o)
 .text.CySysTickGetCallback
                0x00000000       0x20 .\ARM_GCC_541\Debug\Mepsan.a(CyLib.o)
 .text.CySysTickServiceCallbacks
                0x00000000       0x44 .\ARM_GCC_541\Debug\Mepsan.a(CyLib.o)
 .text.CyGetUniqueId
                0x00000000       0xc4 .\ARM_GCC_541\Debug\Mepsan.a(CyLib.o)
 .text          0x00000000        0x0 .\ARM_GCC_541\Debug\Mepsan.a(cyPm.o)
 .data          0x00000000        0x0 .\ARM_GCC_541\Debug\Mepsan.a(cyPm.o)
 .bss           0x00000000       0x43 .\ARM_GCC_541\Debug\Mepsan.a(cyPm.o)
 .rodata        0x00000000        0xf .\ARM_GCC_541\Debug\Mepsan.a(cyPm.o)
 .text.CyPmSaveClocks
                0x00000000      0x288 .\ARM_GCC_541\Debug\Mepsan.a(cyPm.o)
 .text.CyPmRestoreClocks
                0x00000000      0x2f0 .\ARM_GCC_541\Debug\Mepsan.a(cyPm.o)
 .text.CyPmAltAct
                0x00000000       0xbc .\ARM_GCC_541\Debug\Mepsan.a(cyPm.o)
 .text.CyPmSleep
                0x00000000      0x170 .\ARM_GCC_541\Debug\Mepsan.a(cyPm.o)
 .text.CyPmHibernate
                0x00000000       0x10 .\ARM_GCC_541\Debug\Mepsan.a(cyPm.o)
 .text.CyPmHibernateEx
                0x00000000      0x158 .\ARM_GCC_541\Debug\Mepsan.a(cyPm.o)
 .text.CyPmReadStatus
                0x00000000       0x5c .\ARM_GCC_541\Debug\Mepsan.a(cyPm.o)
 .text.CyPmHibSaveSet
                0x00000000       0xe8 .\ARM_GCC_541\Debug\Mepsan.a(cyPm.o)
 .text.CyPmHibRestore
                0x00000000       0x78 .\ARM_GCC_541\Debug\Mepsan.a(cyPm.o)
 .text.CyPmCtwSetInterval
                0x00000000       0x94 .\ARM_GCC_541\Debug\Mepsan.a(cyPm.o)
 .text.CyPmOppsSet
                0x00000000       0x44 .\ARM_GCC_541\Debug\Mepsan.a(cyPm.o)
 .text.CyPmFtwSetInterval
                0x00000000       0x94 .\ARM_GCC_541\Debug\Mepsan.a(cyPm.o)
 .text.CyPmHibSlpSaveSet
                0x00000000      0x280 .\ARM_GCC_541\Debug\Mepsan.a(cyPm.o)
 .text.CyPmHibSlpRestore
                0x00000000      0x18c .\ARM_GCC_541\Debug\Mepsan.a(cyPm.o)
 .text.CyPmHviLviSaveDisable
                0x00000000       0xd8 .\ARM_GCC_541\Debug\Mepsan.a(cyPm.o)
 .text.CyPmHviLviRestore
                0x00000000       0x58 .\ARM_GCC_541\Debug\Mepsan.a(cyPm.o)
 .text          0x00000000        0x0 .\ARM_GCC_541\Debug\Mepsan.a(UART_1.o)
 .data          0x00000000        0x0 .\ARM_GCC_541\Debug\Mepsan.a(UART_1.o)
 .text.UART_1_Stop
                0x00000000       0x68 .\ARM_GCC_541\Debug\Mepsan.a(UART_1.o)
 .text.UART_1_ReadControlRegister
                0x00000000       0x10 .\ARM_GCC_541\Debug\Mepsan.a(UART_1.o)
 .text.UART_1_WriteControlRegister
                0x00000000       0x14 .\ARM_GCC_541\Debug\Mepsan.a(UART_1.o)
 .text.UART_1_SetRxInterruptMode
                0x00000000       0x20 .\ARM_GCC_541\Debug\Mepsan.a(UART_1.o)
 .text.UART_1_ReadRxStatus
                0x00000000       0x40 .\ARM_GCC_541\Debug\Mepsan.a(UART_1.o)
 .text.UART_1_GetChar
                0x00000000       0xb8 .\ARM_GCC_541\Debug\Mepsan.a(UART_1.o)
 .text.UART_1_GetByte
                0x00000000       0x44 .\ARM_GCC_541\Debug\Mepsan.a(UART_1.o)
 .text.UART_1_SetRxAddressMode
                0x00000000       0x14 .\ARM_GCC_541\Debug\Mepsan.a(UART_1.o)
 .text.UART_1_SetRxAddress1
                0x00000000       0x20 .\ARM_GCC_541\Debug\Mepsan.a(UART_1.o)
 .text.UART_1_SetRxAddress2
                0x00000000       0x20 .\ARM_GCC_541\Debug\Mepsan.a(UART_1.o)
 .text.UART_1_SetTxInterruptMode
                0x00000000       0x20 .\ARM_GCC_541\Debug\Mepsan.a(UART_1.o)
 .text.UART_1_WriteTxData
                0x00000000       0x2c .\ARM_GCC_541\Debug\Mepsan.a(UART_1.o)
 .text.UART_1_ReadTxStatus
                0x00000000       0x18 .\ARM_GCC_541\Debug\Mepsan.a(UART_1.o)
 .text.UART_1_PutString
                0x00000000       0x44 .\ARM_GCC_541\Debug\Mepsan.a(UART_1.o)
 .text.UART_1_PutArray
                0x00000000       0x44 .\ARM_GCC_541\Debug\Mepsan.a(UART_1.o)
 .text.UART_1_PutCRLF
                0x00000000       0x34 .\ARM_GCC_541\Debug\Mepsan.a(UART_1.o)
 .text.UART_1_GetTxBufferSize
                0x00000000       0x40 .\ARM_GCC_541\Debug\Mepsan.a(UART_1.o)
 .text.UART_1_ClearTxBuffer
                0x00000000       0x44 .\ARM_GCC_541\Debug\Mepsan.a(UART_1.o)
 .text.UART_1_SendBreak
                0x00000000       0xc0 .\ARM_GCC_541\Debug\Mepsan.a(UART_1.o)
 .text.UART_1_SetTxAddressMode
                0x00000000       0x14 .\ARM_GCC_541\Debug\Mepsan.a(UART_1.o)
 .text          0x00000000        0x0 .\ARM_GCC_541\Debug\Mepsan.a(UART_1_INT.o)
 .data          0x00000000        0x0 .\ARM_GCC_541\Debug\Mepsan.a(UART_1_INT.o)
 .bss           0x00000000        0x0 .\ARM_GCC_541\Debug\Mepsan.a(UART_1_INT.o)
 .text          0x00000000        0x0 .\ARM_GCC_541\Debug\Mepsan.a(UART_1_IntClock.o)
 .data          0x00000000        0x0 .\ARM_GCC_541\Debug\Mepsan.a(UART_1_IntClock.o)
 .bss           0x00000000        0x0 .\ARM_GCC_541\Debug\Mepsan.a(UART_1_IntClock.o)
 .text.UART_1_IntClock_Stop
                0x00000000       0x34 .\ARM_GCC_541\Debug\Mepsan.a(UART_1_IntClock.o)
 .text.UART_1_IntClock_StopBlock
                0x00000000       0xb0 .\ARM_GCC_541\Debug\Mepsan.a(UART_1_IntClock.o)
 .text.UART_1_IntClock_StandbyPower
                0x00000000       0x40 .\ARM_GCC_541\Debug\Mepsan.a(UART_1_IntClock.o)
 .text.UART_1_IntClock_SetDividerRegister
                0x00000000      0x164 .\ARM_GCC_541\Debug\Mepsan.a(UART_1_IntClock.o)
 .text.UART_1_IntClock_GetDividerRegister
                0x00000000       0x18 .\ARM_GCC_541\Debug\Mepsan.a(UART_1_IntClock.o)
 .text.UART_1_IntClock_SetModeRegister
                0x00000000       0x34 .\ARM_GCC_541\Debug\Mepsan.a(UART_1_IntClock.o)
 .text.UART_1_IntClock_ClearModeRegister
                0x00000000       0x34 .\ARM_GCC_541\Debug\Mepsan.a(UART_1_IntClock.o)
 .text.UART_1_IntClock_GetModeRegister
                0x00000000       0x1c .\ARM_GCC_541\Debug\Mepsan.a(UART_1_IntClock.o)
 .text.UART_1_IntClock_SetSourceRegister
                0x00000000       0xc4 .\ARM_GCC_541\Debug\Mepsan.a(UART_1_IntClock.o)
 .text.UART_1_IntClock_GetSourceRegister
                0x00000000       0x1c .\ARM_GCC_541\Debug\Mepsan.a(UART_1_IntClock.o)
 .text          0x00000000        0x0 .\ARM_GCC_541\Debug\Mepsan.a(Timer_1.o)
 .data          0x00000000        0x0 .\ARM_GCC_541\Debug\Mepsan.a(Timer_1.o)
 .text.Timer_1_Stop
                0x00000000       0x48 .\ARM_GCC_541\Debug\Mepsan.a(Timer_1.o)
 .text.Timer_1_SoftwareCapture
                0x00000000       0x14 .\ARM_GCC_541\Debug\Mepsan.a(Timer_1.o)
 .text.Timer_1_ReadStatusRegister
                0x00000000       0x18 .\ARM_GCC_541\Debug\Mepsan.a(Timer_1.o)
 .text.Timer_1_ReadControlRegister
                0x00000000       0x18 .\ARM_GCC_541\Debug\Mepsan.a(Timer_1.o)
 .text.Timer_1_WriteControlRegister
                0x00000000       0x20 .\ARM_GCC_541\Debug\Mepsan.a(Timer_1.o)
 .text.Timer_1_ReadPeriod
                0x00000000       0x18 .\ARM_GCC_541\Debug\Mepsan.a(Timer_1.o)
 .text.Timer_1_ReadCapture
                0x00000000       0x18 .\ARM_GCC_541\Debug\Mepsan.a(Timer_1.o)
 .text.Timer_1_ReadCounter
                0x00000000       0x20 .\ARM_GCC_541\Debug\Mepsan.a(Timer_1.o)
 .text          0x00000000        0x0 .\ARM_GCC_541\Debug\Mepsan.a(UART_2.o)
 .data          0x00000000        0x0 .\ARM_GCC_541\Debug\Mepsan.a(UART_2.o)
 .text.UART_2_Stop
                0x00000000       0x64 .\ARM_GCC_541\Debug\Mepsan.a(UART_2.o)
 .text.UART_2_ReadControlRegister
                0x00000000       0x10 .\ARM_GCC_541\Debug\Mepsan.a(UART_2.o)
 .text.UART_2_WriteControlRegister
                0x00000000       0x14 .\ARM_GCC_541\Debug\Mepsan.a(UART_2.o)
 .text.UART_2_SetRxInterruptMode
                0x00000000       0x20 .\ARM_GCC_541\Debug\Mepsan.a(UART_2.o)
 .text.UART_2_ReadRxData
                0x00000000       0x90 .\ARM_GCC_541\Debug\Mepsan.a(UART_2.o)
 .text.UART_2_ReadRxStatus
                0x00000000       0x40 .\ARM_GCC_541\Debug\Mepsan.a(UART_2.o)
 .text.UART_2_GetChar
                0x00000000       0xb8 .\ARM_GCC_541\Debug\Mepsan.a(UART_2.o)
 .text.UART_2_GetByte
                0x00000000       0x44 .\ARM_GCC_541\Debug\Mepsan.a(UART_2.o)
 .text.UART_2_GetRxBufferSize
                0x00000000       0x90 .\ARM_GCC_541\Debug\Mepsan.a(UART_2.o)
 .text.UART_2_ClearRxBuffer
                0x00000000       0x80 .\ARM_GCC_541\Debug\Mepsan.a(UART_2.o)
 .text.UART_2_SetRxAddressMode
                0x00000000       0x14 .\ARM_GCC_541\Debug\Mepsan.a(UART_2.o)
 .text.UART_2_SetRxAddress1
                0x00000000       0x20 .\ARM_GCC_541\Debug\Mepsan.a(UART_2.o)
 .text.UART_2_SetRxAddress2
                0x00000000       0x20 .\ARM_GCC_541\Debug\Mepsan.a(UART_2.o)
 .text.UART_2_SetTxInterruptMode
                0x00000000       0x20 .\ARM_GCC_541\Debug\Mepsan.a(UART_2.o)
 .text.UART_2_WriteTxData
                0x00000000       0x2c .\ARM_GCC_541\Debug\Mepsan.a(UART_2.o)
 .text.UART_2_ReadTxStatus
                0x00000000       0x18 .\ARM_GCC_541\Debug\Mepsan.a(UART_2.o)
 .text.UART_2_PutChar
                0x00000000       0x34 .\ARM_GCC_541\Debug\Mepsan.a(UART_2.o)
 .text.UART_2_PutString
                0x00000000       0x44 .\ARM_GCC_541\Debug\Mepsan.a(UART_2.o)
 .text.UART_2_PutArray
                0x00000000       0x44 .\ARM_GCC_541\Debug\Mepsan.a(UART_2.o)
 .text.UART_2_PutCRLF
                0x00000000       0x34 .\ARM_GCC_541\Debug\Mepsan.a(UART_2.o)
 .text.UART_2_GetTxBufferSize
                0x00000000       0x40 .\ARM_GCC_541\Debug\Mepsan.a(UART_2.o)
 .text.UART_2_ClearTxBuffer
                0x00000000       0x44 .\ARM_GCC_541\Debug\Mepsan.a(UART_2.o)
 .text.UART_2_SendBreak
                0x00000000       0xc0 .\ARM_GCC_541\Debug\Mepsan.a(UART_2.o)
 .text.UART_2_SetTxAddressMode
                0x00000000       0x14 .\ARM_GCC_541\Debug\Mepsan.a(UART_2.o)
 .text          0x00000000        0x0 .\ARM_GCC_541\Debug\Mepsan.a(UART_2_INT.o)
 .data          0x00000000        0x0 .\ARM_GCC_541\Debug\Mepsan.a(UART_2_INT.o)
 .bss           0x00000000        0x0 .\ARM_GCC_541\Debug\Mepsan.a(UART_2_INT.o)
 .text          0x00000000        0x0 .\ARM_GCC_541\Debug\Mepsan.a(EnablePin.o)
 .data          0x00000000        0x0 .\ARM_GCC_541\Debug\Mepsan.a(EnablePin.o)
 .bss           0x00000000        0x0 .\ARM_GCC_541\Debug\Mepsan.a(EnablePin.o)
 .text.EnablePin_SetDriveMode
                0x00000000       0x3c .\ARM_GCC_541\Debug\Mepsan.a(EnablePin.o)
 .text.EnablePin_Read
                0x00000000       0x1c .\ARM_GCC_541\Debug\Mepsan.a(EnablePin.o)
 .text.EnablePin_ReadDataReg
                0x00000000       0x1c .\ARM_GCC_541\Debug\Mepsan.a(EnablePin.o)
 .text          0x00000000        0x0 .\ARM_GCC_541\Debug\Mepsan.a(EnablePin_1.o)
 .data          0x00000000        0x0 .\ARM_GCC_541\Debug\Mepsan.a(EnablePin_1.o)
 .bss           0x00000000        0x0 .\ARM_GCC_541\Debug\Mepsan.a(EnablePin_1.o)
 .text.EnablePin_1_Write
                0x00000000       0x3c .\ARM_GCC_541\Debug\Mepsan.a(EnablePin_1.o)
 .text.EnablePin_1_SetDriveMode
                0x00000000       0x3c .\ARM_GCC_541\Debug\Mepsan.a(EnablePin_1.o)
 .text.EnablePin_1_ReadDataReg
                0x00000000       0x20 .\ARM_GCC_541\Debug\Mepsan.a(EnablePin_1.o)
 .text          0x00000000        0x0 .\ARM_GCC_541\Debug\Mepsan.a(UART_3.o)
 .data          0x00000000        0x0 .\ARM_GCC_541\Debug\Mepsan.a(UART_3.o)
 .text.UART_3_Stop
                0x00000000       0x40 .\ARM_GCC_541\Debug\Mepsan.a(UART_3.o)
 .text.UART_3_ReadControlRegister
                0x00000000       0x10 .\ARM_GCC_541\Debug\Mepsan.a(UART_3.o)
 .text.UART_3_WriteControlRegister
                0x00000000       0x14 .\ARM_GCC_541\Debug\Mepsan.a(UART_3.o)
 .text.UART_3_SetTxInterruptMode
                0x00000000       0x20 .\ARM_GCC_541\Debug\Mepsan.a(UART_3.o)
 .text.UART_3_WriteTxData
                0x00000000       0x94 .\ARM_GCC_541\Debug\Mepsan.a(UART_3.o)
 .text.UART_3_ReadTxStatus
                0x00000000       0x18 .\ARM_GCC_541\Debug\Mepsan.a(UART_3.o)
 .text.UART_3_PutString
                0x00000000       0x44 .\ARM_GCC_541\Debug\Mepsan.a(UART_3.o)
 .text.UART_3_PutArray
                0x00000000       0x44 .\ARM_GCC_541\Debug\Mepsan.a(UART_3.o)
 .text.UART_3_PutCRLF
                0x00000000       0x34 .\ARM_GCC_541\Debug\Mepsan.a(UART_3.o)
 .text.UART_3_GetTxBufferSize
                0x00000000       0x74 .\ARM_GCC_541\Debug\Mepsan.a(UART_3.o)
 .text.UART_3_ClearTxBuffer
                0x00000000       0x6c .\ARM_GCC_541\Debug\Mepsan.a(UART_3.o)
 .text.UART_3_SendBreak
                0x00000000       0x9c .\ARM_GCC_541\Debug\Mepsan.a(UART_3.o)
 .text.UART_3_SetTxAddressMode
                0x00000000       0x14 .\ARM_GCC_541\Debug\Mepsan.a(UART_3.o)
 .text          0x00000000        0x0 .\ARM_GCC_541\Debug\Mepsan.a(UART_3_INT.o)
 .data          0x00000000        0x0 .\ARM_GCC_541\Debug\Mepsan.a(UART_3_INT.o)
 .bss           0x00000000        0x0 .\ARM_GCC_541\Debug\Mepsan.a(UART_3_INT.o)
 .text          0x00000000        0x0 .\ARM_GCC_541\Debug\Mepsan.a(UART_3_IntClock.o)
 .data          0x00000000        0x0 .\ARM_GCC_541\Debug\Mepsan.a(UART_3_IntClock.o)
 .bss           0x00000000        0x0 .\ARM_GCC_541\Debug\Mepsan.a(UART_3_IntClock.o)
 .text.UART_3_IntClock_Stop
                0x00000000       0x34 .\ARM_GCC_541\Debug\Mepsan.a(UART_3_IntClock.o)
 .text.UART_3_IntClock_StopBlock
                0x00000000       0xb0 .\ARM_GCC_541\Debug\Mepsan.a(UART_3_IntClock.o)
 .text.UART_3_IntClock_StandbyPower
                0x00000000       0x40 .\ARM_GCC_541\Debug\Mepsan.a(UART_3_IntClock.o)
 .text.UART_3_IntClock_SetDividerRegister
                0x00000000      0x164 .\ARM_GCC_541\Debug\Mepsan.a(UART_3_IntClock.o)
 .text.UART_3_IntClock_GetDividerRegister
                0x00000000       0x18 .\ARM_GCC_541\Debug\Mepsan.a(UART_3_IntClock.o)
 .text.UART_3_IntClock_SetModeRegister
                0x00000000       0x34 .\ARM_GCC_541\Debug\Mepsan.a(UART_3_IntClock.o)
 .text.UART_3_IntClock_ClearModeRegister
                0x00000000       0x34 .\ARM_GCC_541\Debug\Mepsan.a(UART_3_IntClock.o)
 .text.UART_3_IntClock_GetModeRegister
                0x00000000       0x1c .\ARM_GCC_541\Debug\Mepsan.a(UART_3_IntClock.o)
 .text.UART_3_IntClock_SetSourceRegister
                0x00000000       0xc4 .\ARM_GCC_541\Debug\Mepsan.a(UART_3_IntClock.o)
 .text.UART_3_IntClock_GetSourceRegister
                0x00000000       0x1c .\ARM_GCC_541\Debug\Mepsan.a(UART_3_IntClock.o)
 .data          0x00000000        0x0 .\ARM_GCC_541\Debug\Mepsan.a(CyBootAsmGnu.o)
 .bss           0x00000000        0x0 .\ARM_GCC_541\Debug\Mepsan.a(CyBootAsmGnu.o)
 .text          0x00000000        0x0 .\ARM_GCC_541\Debug\Mepsan.a(CyFlash.o)
 .data          0x00000000        0x0 .\ARM_GCC_541\Debug\Mepsan.a(CyFlash.o)
 .bss           0x00000000        0x4 .\ARM_GCC_541\Debug\Mepsan.a(CyFlash.o)
 .text.CyFlash_Start
                0x00000000       0x8c .\ARM_GCC_541\Debug\Mepsan.a(CyFlash.o)
 .text.CyFlash_Stop
                0x00000000       0x48 .\ARM_GCC_541\Debug\Mepsan.a(CyFlash.o)
 .text.CyFlash_EraseRow
                0x00000000       0xb0 .\ARM_GCC_541\Debug\Mepsan.a(CyFlash.o)
 .text.CySetTempInt
                0x00000000       0x7c .\ARM_GCC_541\Debug\Mepsan.a(CyFlash.o)
 .text.CyFlashGetSpcAlgorithm
                0x00000000       0x70 .\ARM_GCC_541\Debug\Mepsan.a(CyFlash.o)
 .text.CySetTemp
                0x00000000       0x24 .\ARM_GCC_541\Debug\Mepsan.a(CyFlash.o)
 .text.CySetFlashEEBuffer
                0x00000000       0x54 .\ARM_GCC_541\Debug\Mepsan.a(CyFlash.o)
 .text.CyWriteRowData
                0x00000000       0x38 .\ARM_GCC_541\Debug\Mepsan.a(CyFlash.o)
 .text.CyWriteRowFull
                0x00000000      0x154 .\ARM_GCC_541\Debug\Mepsan.a(CyFlash.o)
 .text.CyFlash_SetWaitCycles
                0x00000000       0xbc .\ARM_GCC_541\Debug\Mepsan.a(CyFlash.o)
 .text.CyEEPROM_Start
                0x00000000       0x8c .\ARM_GCC_541\Debug\Mepsan.a(CyFlash.o)
 .text.CyEEPROM_Stop
                0x00000000       0x48 .\ARM_GCC_541\Debug\Mepsan.a(CyFlash.o)
 .text.CyEEPROM_ReadReserve
                0x00000000       0x30 .\ARM_GCC_541\Debug\Mepsan.a(CyFlash.o)
 .text.CyEEPROM_ReadRelease
                0x00000000       0x20 .\ARM_GCC_541\Debug\Mepsan.a(CyFlash.o)
 COMMON         0x00000000        0x2 .\ARM_GCC_541\Debug\Mepsan.a(CyFlash.o)
 .text          0x00000000        0x0 .\ARM_GCC_541\Debug\Mepsan.a(CySpc.o)
 .data          0x00000000        0x0 .\ARM_GCC_541\Debug\Mepsan.a(CySpc.o)
 .bss           0x00000000        0x8 .\ARM_GCC_541\Debug\Mepsan.a(CySpc.o)
 .text.CySpcStart
                0x00000000       0x48 .\ARM_GCC_541\Debug\Mepsan.a(CySpc.o)
 .text.CySpcStop
                0x00000000       0x48 .\ARM_GCC_541\Debug\Mepsan.a(CySpc.o)
 .text.CySpcReadData
                0x00000000       0x54 .\ARM_GCC_541\Debug\Mepsan.a(CySpc.o)
 .text.CySpcLoadMultiByte
                0x00000000       0xd0 .\ARM_GCC_541\Debug\Mepsan.a(CySpc.o)
 .text.CySpcLoadRow
                0x00000000       0x88 .\ARM_GCC_541\Debug\Mepsan.a(CySpc.o)
 .text.CySpcLoadRowFull
                0x00000000       0xcc .\ARM_GCC_541\Debug\Mepsan.a(CySpc.o)
 .text.CySpcWriteRow
                0x00000000       0x98 .\ARM_GCC_541\Debug\Mepsan.a(CySpc.o)
 .text.CySpcEraseSector
                0x00000000       0x70 .\ARM_GCC_541\Debug\Mepsan.a(CySpc.o)
 .text.CySpcEraseRow
                0x00000000       0x98 .\ARM_GCC_541\Debug\Mepsan.a(CySpc.o)
 .text.CySpcGetTemp
                0x00000000       0x64 .\ARM_GCC_541\Debug\Mepsan.a(CySpc.o)
 .text.CySpcLock
                0x00000000       0x68 .\ARM_GCC_541\Debug\Mepsan.a(CySpc.o)
 .text.CySpcUnlock
                0x00000000       0x50 .\ARM_GCC_541\Debug\Mepsan.a(CySpc.o)
 .text.CySpcGetAlgorithm
                0x00000000       0x44 .\ARM_GCC_541\Debug\Mepsan.a(CySpc.o)
 .text          0x00000000        0x0 c:/program files (x86)/cypress/psoc creator/4.2/psoc creator/import/gnu/arm/5.4.1/bin/../lib/gcc/arm-none-eabi/5.4.1/../../../../arm-none-eabi/lib/armv7-m\libg_nano.a(lib_a-errno.o)
 .data          0x00000000        0x0 c:/program files (x86)/cypress/psoc creator/4.2/psoc creator/import/gnu/arm/5.4.1/bin/../lib/gcc/arm-none-eabi/5.4.1/../../../../arm-none-eabi/lib/armv7-m\libg_nano.a(lib_a-errno.o)
 .bss           0x00000000        0x0 c:/program files (x86)/cypress/psoc creator/4.2/psoc creator/import/gnu/arm/5.4.1/bin/../lib/gcc/arm-none-eabi/5.4.1/../../../../arm-none-eabi/lib/armv7-m\libg_nano.a(lib_a-errno.o)
 .text          0x00000000        0x0 c:/program files (x86)/cypress/psoc creator/4.2/psoc creator/import/gnu/arm/5.4.1/bin/../lib/gcc/arm-none-eabi/5.4.1/../../../../arm-none-eabi/lib/armv7-m\libg_nano.a(lib_a-exit.o)
 .data          0x00000000        0x0 c:/program files (x86)/cypress/psoc creator/4.2/psoc creator/import/gnu/arm/5.4.1/bin/../lib/gcc/arm-none-eabi/5.4.1/../../../../arm-none-eabi/lib/armv7-m\libg_nano.a(lib_a-exit.o)
 .bss           0x00000000        0x0 c:/program files (x86)/cypress/psoc creator/4.2/psoc creator/import/gnu/arm/5.4.1/bin/../lib/gcc/arm-none-eabi/5.4.1/../../../../arm-none-eabi/lib/armv7-m\libg_nano.a(lib_a-exit.o)
 .text.exit     0x00000000       0x28 c:/program files (x86)/cypress/psoc creator/4.2/psoc creator/import/gnu/arm/5.4.1/bin/../lib/gcc/arm-none-eabi/5.4.1/../../../../arm-none-eabi/lib/armv7-m\libg_nano.a(lib_a-exit.o)
 .text          0x00000000        0x0 c:/program files (x86)/cypress/psoc creator/4.2/psoc creator/import/gnu/arm/5.4.1/bin/../lib/gcc/arm-none-eabi/5.4.1/../../../../arm-none-eabi/lib/armv7-m\libg_nano.a(lib_a-impure.o)
 .data          0x00000000        0x0 c:/program files (x86)/cypress/psoc creator/4.2/psoc creator/import/gnu/arm/5.4.1/bin/../lib/gcc/arm-none-eabi/5.4.1/../../../../arm-none-eabi/lib/armv7-m\libg_nano.a(lib_a-impure.o)
 .bss           0x00000000        0x0 c:/program files (x86)/cypress/psoc creator/4.2/psoc creator/import/gnu/arm/5.4.1/bin/../lib/gcc/arm-none-eabi/5.4.1/../../../../arm-none-eabi/lib/armv7-m\libg_nano.a(lib_a-impure.o)
 .rodata._global_impure_ptr
                0x00000000        0x4 c:/program files (x86)/cypress/psoc creator/4.2/psoc creator/import/gnu/arm/5.4.1/bin/../lib/gcc/arm-none-eabi/5.4.1/../../../../arm-none-eabi/lib/armv7-m\libg_nano.a(lib_a-impure.o)
 .text          0x00000000        0x0 c:/program files (x86)/cypress/psoc creator/4.2/psoc creator/import/gnu/arm/5.4.1/bin/../lib/gcc/arm-none-eabi/5.4.1/../../../../arm-none-eabi/lib/armv7-m\libg_nano.a(lib_a-init.o)
 .data          0x00000000        0x0 c:/program files (x86)/cypress/psoc creator/4.2/psoc creator/import/gnu/arm/5.4.1/bin/../lib/gcc/arm-none-eabi/5.4.1/../../../../arm-none-eabi/lib/armv7-m\libg_nano.a(lib_a-init.o)
 .bss           0x00000000        0x0 c:/program files (x86)/cypress/psoc creator/4.2/psoc creator/import/gnu/arm/5.4.1/bin/../lib/gcc/arm-none-eabi/5.4.1/../../../../arm-none-eabi/lib/armv7-m\libg_nano.a(lib_a-init.o)
 .text          0x00000000        0x0 c:/program files (x86)/cypress/psoc creator/4.2/psoc creator/import/gnu/arm/5.4.1/bin/../lib/gcc/arm-none-eabi/5.4.1/../../../../arm-none-eabi/lib/armv7-m\libg_nano.a(lib_a-memcpy-stub.o)
 .data          0x00000000        0x0 c:/program files (x86)/cypress/psoc creator/4.2/psoc creator/import/gnu/arm/5.4.1/bin/../lib/gcc/arm-none-eabi/5.4.1/../../../../arm-none-eabi/lib/armv7-m\libg_nano.a(lib_a-memcpy-stub.o)
 .bss           0x00000000        0x0 c:/program files (x86)/cypress/psoc creator/4.2/psoc creator/import/gnu/arm/5.4.1/bin/../lib/gcc/arm-none-eabi/5.4.1/../../../../arm-none-eabi/lib/armv7-m\libg_nano.a(lib_a-memcpy-stub.o)
 .text          0x00000000        0x0 c:/program files (x86)/cypress/psoc creator/4.2/psoc creator/import/gnu/arm/5.4.1/bin/../lib/gcc/arm-none-eabi/5.4.1/../../../../arm-none-eabi/lib/armv7-m\libg_nano.a(lib_a-memset.o)
 .data          0x00000000        0x0 c:/program files (x86)/cypress/psoc creator/4.2/psoc creator/import/gnu/arm/5.4.1/bin/../lib/gcc/arm-none-eabi/5.4.1/../../../../arm-none-eabi/lib/armv7-m\libg_nano.a(lib_a-memset.o)
 .bss           0x00000000        0x0 c:/program files (x86)/cypress/psoc creator/4.2/psoc creator/import/gnu/arm/5.4.1/bin/../lib/gcc/arm-none-eabi/5.4.1/../../../../arm-none-eabi/lib/armv7-m\libg_nano.a(lib_a-memset.o)
 .text.memset   0x00000000       0x10 c:/program files (x86)/cypress/psoc creator/4.2/psoc creator/import/gnu/arm/5.4.1/bin/../lib/gcc/arm-none-eabi/5.4.1/../../../../arm-none-eabi/lib/armv7-m\libg_nano.a(lib_a-memset.o)
 .text          0x00000000        0x0 c:/program files (x86)/cypress/psoc creator/4.2/psoc creator/import/gnu/arm/5.4.1/bin/../lib/gcc/arm-none-eabi/5.4.1/armv7-m/crtend.o
 .data          0x00000000        0x0 c:/program files (x86)/cypress/psoc creator/4.2/psoc creator/import/gnu/arm/5.4.1/bin/../lib/gcc/arm-none-eabi/5.4.1/armv7-m/crtend.o
 .bss           0x00000000        0x0 c:/program files (x86)/cypress/psoc creator/4.2/psoc creator/import/gnu/arm/5.4.1/bin/../lib/gcc/arm-none-eabi/5.4.1/armv7-m/crtend.o
 .text          0x00000000        0x0 c:/program files (x86)/cypress/psoc creator/4.2/psoc creator/import/gnu/arm/5.4.1/bin/../lib/gcc/arm-none-eabi/5.4.1/armv7-m/crtn.o
 .data          0x00000000        0x0 c:/program files (x86)/cypress/psoc creator/4.2/psoc creator/import/gnu/arm/5.4.1/bin/../lib/gcc/arm-none-eabi/5.4.1/armv7-m/crtn.o
 .bss           0x00000000        0x0 c:/program files (x86)/cypress/psoc creator/4.2/psoc creator/import/gnu/arm/5.4.1/bin/../lib/gcc/arm-none-eabi/5.4.1/armv7-m/crtn.o

Memory Configuration

Name             Origin             Length             Attributes
rom              0x00000000         0x00040000         xr
ram              0x1fff8000         0x00010000         xrw
*default*        0x00000000         0xffffffff

Linker script and memory map

LOAD c:/program files (x86)/cypress/psoc creator/4.2/psoc creator/import/gnu/arm/5.4.1/bin/../lib/gcc/arm-none-eabi/5.4.1/armv7-m/crti.o
LOAD c:/program files (x86)/cypress/psoc creator/4.2/psoc creator/import/gnu/arm/5.4.1/bin/../lib/gcc/arm-none-eabi/5.4.1/armv7-m/crtbegin.o
LOAD c:/program files (x86)/cypress/psoc creator/4.2/psoc creator/import/gnu/arm/5.4.1/bin/../lib/gcc/arm-none-eabi/5.4.1/../../../../arm-none-eabi/lib/armv7-m/crt0.o
START GROUP
LOAD .\ARM_GCC_541\Debug\main.o
LOAD .\ARM_GCC_541\Debug\PumpCom.o
LOAD .\ARM_GCC_541\Debug\Gbr.o
LOAD .\ARM_GCC_541\Debug\printer.o
LOAD .\ARM_GCC_541\Debug\cyfitter_cfg.o
LOAD .\ARM_GCC_541\Debug\cymetadata.o
LOAD .\ARM_GCC_541\Debug\Cm3Start.o
LOAD .\ARM_GCC_541\Debug\Mepsan.a
LOAD C:\Program Files (x86)\Cypress\PSoC Creator\4.2\PSoC Creator\psoc\content\cycomponentlibrary\CyComponentLibrary.cylib\CortexM3\ARM_GCC_541\Debug\CyComponentLibrary.a
END GROUP
START GROUP
LOAD c:/program files (x86)/cypress/psoc creator/4.2/psoc creator/import/gnu/arm/5.4.1/bin/../lib/gcc/arm-none-eabi/5.4.1/armv7-m\libgcc.a
LOAD c:/program files (x86)/cypress/psoc creator/4.2/psoc creator/import/gnu/arm/5.4.1/bin/../lib/gcc/arm-none-eabi/5.4.1/../../../../arm-none-eabi/lib/armv7-m\libg_nano.a
LOAD c:/program files (x86)/cypress/psoc creator/4.2/psoc creator/import/gnu/arm/5.4.1/bin/../lib/gcc/arm-none-eabi/5.4.1/../../../../arm-none-eabi/lib/armv7-m\libc_nano.a
END GROUP
START GROUP
LOAD c:/program files (x86)/cypress/psoc creator/4.2/psoc creator/import/gnu/arm/5.4.1/bin/../lib/gcc/arm-none-eabi/5.4.1/armv7-m\libgcc.a
LOAD c:/program files (x86)/cypress/psoc creator/4.2/psoc creator/import/gnu/arm/5.4.1/bin/../lib/gcc/arm-none-eabi/5.4.1/../../../../arm-none-eabi/lib/armv7-m\libc_nano.a
END GROUP
LOAD c:/program files (x86)/cypress/psoc creator/4.2/psoc creator/import/gnu/arm/5.4.1/bin/../lib/gcc/arm-none-eabi/5.4.1/armv7-m/crtend.o
LOAD c:/program files (x86)/cypress/psoc creator/4.2/psoc creator/import/gnu/arm/5.4.1/bin/../lib/gcc/arm-none-eabi/5.4.1/armv7-m/crtn.o
START GROUP
LOAD c:/program files (x86)/cypress/psoc creator/4.2/psoc creator/import/gnu/arm/5.4.1/bin/../lib/gcc/arm-none-eabi/5.4.1/armv7-m\libgcc.a
LOAD c:/program files (x86)/cypress/psoc creator/4.2/psoc creator/import/gnu/arm/5.4.1/bin/../lib/gcc/arm-none-eabi/5.4.1/../../../../arm-none-eabi/lib/armv7-m\libc.a
LOAD c:/program files (x86)/cypress/psoc creator/4.2/psoc creator/import/gnu/arm/5.4.1/bin/../lib/gcc/arm-none-eabi/5.4.1/../../../../arm-none-eabi/lib/armv7-m\libnosys.a
END GROUP
                0x00000000                CY_APPL_ORIGIN = 0x0
                0x00000100                CY_FLASH_ROW_SIZE = 0x100
                0x00000020                CY_ECC_ROW_SIZE = 0x20
                0x00000000                CY_EE_IN_BTLDR = 0x0
                0x00000000                CY_APPL_LOADABLE = 0x0
                0x00000800                CY_EE_SIZE = 0x800
                0x00000001                CY_APPL_NUM = 0x1
                0x00000001                CY_APPL_MAX = 0x1
                0x00000040                CY_METADATA_SIZE = 0x40
                0x00000000                CY_APPL_LOADABLE = 0x0
                0x00000000                CY_CHECKSUM_EXCLUDE_SIZE = ALIGN (0x0, CY_FLASH_ROW_SIZE)
                [!provide]                PROVIDE (__cy_heap_start, _end)
                0x00000001                PROVIDE (__cy_region_num, ((__cy_regions_end - __cy_regions) / 0x10))
                0x20008000                PROVIDE (__cy_stack, (ORIGIN (ram) + LENGTH (ram)))
                [!provide]                PROVIDE (__cy_heap_end, (__cy_stack - 0x800))

.cybootloader   0x00000000        0x0
 *(.cybootloader)
                0x00000000                appl1_start = CY_APPL_ORIGIN?CY_APPL_ORIGIN:ALIGN (CY_FLASH_ROW_SIZE)
                0x0001ff00                appl2_start = (appl1_start + ALIGN ((((LENGTH (rom) - appl1_start) - (0x2 * CY_FLASH_ROW_SIZE)) / 0x2), CY_FLASH_ROW_SIZE))
                0x00000000                appl_start = (CY_APPL_NUM == 0x1)?appl1_start:appl2_start
                0x00000000                ecc_offset = ((appl_start / CY_FLASH_ROW_SIZE) * CY_ECC_ROW_SIZE)
                0x00000000                ee_offset = (CY_APPL_LOADABLE && ! (CY_EE_IN_BTLDR))?((CY_EE_SIZE / CY_APPL_MAX) * (CY_APPL_NUM - 0x1)):0x0
                0x00000800                ee_size = (CY_APPL_LOADABLE && ! (CY_EE_IN_BTLDR))?(CY_EE_SIZE / CY_APPL_MAX):CY_EE_SIZE
                [!provide]                PROVIDE (CY_ECC_OFFSET, ecc_offset)

.text           0x00000000     0x1fda
 CREATE_OBJECT_SYMBOLS
                0x00000000                PROVIDE (__cy_interrupt_vector, RomVectors)
 *(.romvectors)
 .romvectors    0x00000000       0x10 .\ARM_GCC_541\Debug\Cm3Start.o
                0x00000000                RomVectors
                0x00000001                ASSERT ((. != __cy_interrupt_vector), No interrupt vector)
                0x00000001                ASSERT (CY_APPL_ORIGIN?(SIZEOF (.cybootloader) <= CY_APPL_ORIGIN):0x1, Wrong image location)
                0x00000010                PROVIDE (__cy_reset, Reset)
 *(.text.Reset)
 .text.Reset    0x00000010       0x18 .\ARM_GCC_541\Debug\Cm3Start.o
                0x00000010                Reset
                0x00000001                ASSERT ((. != __cy_reset), No reset code)
 *(.dma_init)
 .dma_init      0x00000028      0x2a8 .\ARM_GCC_541\Debug\cyfitter_cfg.o
                0x00000001                ASSERT ((((appl_start + .) <= 0x10000) || 0x0), DMA Init must be within the first 64k of flash)
 *(.text .text.* .gnu.linkonce.t.*)
 .text          0x000002d0       0x5c c:/program files (x86)/cypress/psoc creator/4.2/psoc creator/import/gnu/arm/5.4.1/bin/../lib/gcc/arm-none-eabi/5.4.1/armv7-m/crtbegin.o
 .text.PollingPos
                0x0000032c      0x1e0 .\ARM_GCC_541\Debug\main.o
                0x0000032c                PollingPos
 .text.main     0x0000050c       0xd8 .\ARM_GCC_541\Debug\main.o
                0x0000050c                main
 .text.gen_crc16
                0x000005e4       0xfc .\ARM_GCC_541\Debug\PumpCom.o
                0x000005e4                gen_crc16
 .text.GetAddress
                0x000006e0       0xb0 .\ARM_GCC_541\Debug\PumpCom.o
                0x000006e0                GetAddress
 .text.Authorize
                0x00000790       0xdc .\ARM_GCC_541\Debug\PumpCom.o
                0x00000790                Authorize
 .text.PumpState
                0x0000086c       0x88 .\ARM_GCC_541\Debug\PumpCom.o
                0x0000086c                PumpState
 .text.PriceUpdate
                0x000008f4      0x118 .\ARM_GCC_541\Debug\PumpCom.o
                0x000008f4                PriceUpdate
 .text.TotalRequest
                0x00000a0c       0xd4 .\ARM_GCC_541\Debug\PumpCom.o
                0x00000a0c                TotalRequest
 .text.GetTotal
                0x00000ae0        0xc .\ARM_GCC_541\Debug\PumpCom.o
                0x00000ae0                GetTotal
 .text.GetACK   0x00000aec       0x40 .\ARM_GCC_541\Debug\PumpCom.o
                0x00000aec                GetACK
 .text.ProccessResponse
                0x00000b2c       0xa0 .\ARM_GCC_541\Debug\PumpCom.o
                0x00000b2c                ProccessResponse
 .text.PrintReceipt
                0x00000bcc      0x1f4 .\ARM_GCC_541\Debug\printer.o
                0x00000bcc                PrintReceipt
 .text.CYCONFIGCPY
                0x00000dc0       0x20 .\ARM_GCC_541\Debug\cyfitter_cfg.o
 .text.CyClockStartupError
                0x00000de0        0xc .\ARM_GCC_541\Debug\cyfitter_cfg.o
 .text.cfg_dma_init
                0x00000dec      0x174 .\ARM_GCC_541\Debug\cyfitter_cfg.o
 .text.ClockSetup
                0x00000f60      0x144 .\ARM_GCC_541\Debug\cyfitter_cfg.o
 .text.AnalogSetDefault
                0x000010a4       0x44 .\ARM_GCC_541\Debug\cyfitter_cfg.o
 .text.cyfitter_cfg
                0x000010e8      0x100 .\ARM_GCC_541\Debug\cyfitter_cfg.o
                0x000010e8                cyfitter_cfg
 .text.IntDefaultHandler
                0x000011e8       0x14 .\ARM_GCC_541\Debug\Cm3Start.o
                0x000011e8                IntDefaultHandler
 .text.Start_c  0x000011fc       0x98 .\ARM_GCC_541\Debug\Cm3Start.o
                0x000011fc                Start_c
 .text.initialize_psoc
                0x00001294       0x90 .\ARM_GCC_541\Debug\Cm3Start.o
                0x00001294                initialize_psoc
 .text.PWM_1_Start
                0x00001324       0x24 .\ARM_GCC_541\Debug\Mepsan.a(PWM_1.o)
                0x00001324                PWM_1_Start
 .text.PWM_1_Init
                0x00001348       0xbc .\ARM_GCC_541\Debug\Mepsan.a(PWM_1.o)
                0x00001348                PWM_1_Init
 .text.PWM_1_Enable
                0x00001404       0x48 .\ARM_GCC_541\Debug\Mepsan.a(PWM_1.o)
                0x00001404                PWM_1_Enable
 .text.PWM_1_WritePeriod
                0x0000144c       0x20 .\ARM_GCC_541\Debug\Mepsan.a(PWM_1.o)
                0x0000144c                PWM_1_WritePeriod
 .text.PWM_1_WriteCompare
                0x0000146c       0x20 .\ARM_GCC_541\Debug\Mepsan.a(PWM_1.o)
                0x0000146c                PWM_1_WriteCompare
 .text.PWM_1_SetInterruptMode
                0x0000148c       0x20 .\ARM_GCC_541\Debug\Mepsan.a(PWM_1.o)
                0x0000148c                PWM_1_SetInterruptMode
 .text.Kill_Switch_Read
                0x000014ac       0x20 .\ARM_GCC_541\Debug\Mepsan.a(Kill_Switch.o)
                0x000014ac                Kill_Switch_Read
 .text.CyHalt   0x000014cc       0x18 .\ARM_GCC_541\Debug\Mepsan.a(CyLib.o)
                0x000014cc                CyHalt
 .text.CyDelay  0x000014e4       0x44 .\ARM_GCC_541\Debug\Mepsan.a(CyLib.o)
                0x000014e4                CyDelay
 .text.CyIntSetVector
                0x00001528       0x50 .\ARM_GCC_541\Debug\Mepsan.a(CyLib.o)
                0x00001528                CyIntSetVector
 .text.CyIntSetPriority
                0x00001578       0x48 .\ARM_GCC_541\Debug\Mepsan.a(CyLib.o)
                0x00001578                CyIntSetPriority
 .text.UART_1_Start
                0x000015c0       0x24 .\ARM_GCC_541\Debug\Mepsan.a(UART_1.o)
                0x000015c0                UART_1_Start
 .text.UART_1_Init
                0x000015e4       0x58 .\ARM_GCC_541\Debug\Mepsan.a(UART_1.o)
                0x000015e4                UART_1_Init
 .text.UART_1_Enable
                0x0000163c       0x68 .\ARM_GCC_541\Debug\Mepsan.a(UART_1.o)
                0x0000163c                UART_1_Enable
 .text.UART_1_ReadRxData
                0x000016a4       0x90 .\ARM_GCC_541\Debug\Mepsan.a(UART_1.o)
                0x000016a4                UART_1_ReadRxData
 .text.UART_1_GetRxBufferSize
                0x00001734       0x90 .\ARM_GCC_541\Debug\Mepsan.a(UART_1.o)
                0x00001734                UART_1_GetRxBufferSize
 .text.UART_1_ClearRxBuffer
                0x000017c4       0x80 .\ARM_GCC_541\Debug\Mepsan.a(UART_1.o)
                0x000017c4                UART_1_ClearRxBuffer
 .text.UART_1_PutChar
                0x00001844       0x34 .\ARM_GCC_541\Debug\Mepsan.a(UART_1.o)
                0x00001844                UART_1_PutChar
 .text.UART_1_RXISR
                0x00001878       0xdc .\ARM_GCC_541\Debug\Mepsan.a(UART_1_INT.o)
                0x00001878                UART_1_RXISR
 .text.UART_1_IntClock_Start
                0x00001954       0x34 .\ARM_GCC_541\Debug\Mepsan.a(UART_1_IntClock.o)
                0x00001954                UART_1_IntClock_Start
 .text.Timer_1_Init
                0x00001988       0xa0 .\ARM_GCC_541\Debug\Mepsan.a(Timer_1.o)
                0x00001988                Timer_1_Init
 .text.Timer_1_Enable
                0x00001a28       0x48 .\ARM_GCC_541\Debug\Mepsan.a(Timer_1.o)
                0x00001a28                Timer_1_Enable
 .text.Timer_1_Start
                0x00001a70       0x24 .\ARM_GCC_541\Debug\Mepsan.a(Timer_1.o)
                0x00001a70                Timer_1_Start
 .text.Timer_1_SetInterruptMode
                0x00001a94       0x20 .\ARM_GCC_541\Debug\Mepsan.a(Timer_1.o)
                0x00001a94                Timer_1_SetInterruptMode
 .text.Timer_1_WritePeriod
                0x00001ab4       0x24 .\ARM_GCC_541\Debug\Mepsan.a(Timer_1.o)
                0x00001ab4                Timer_1_WritePeriod
 .text.Timer_1_WriteCounter
                0x00001ad8       0x20 .\ARM_GCC_541\Debug\Mepsan.a(Timer_1.o)
                0x00001ad8                Timer_1_WriteCounter
 .text.UART_2_Start
                0x00001af8       0x24 .\ARM_GCC_541\Debug\Mepsan.a(UART_2.o)
                0x00001af8                UART_2_Start
 .text.UART_2_Init
                0x00001b1c       0x58 .\ARM_GCC_541\Debug\Mepsan.a(UART_2.o)
                0x00001b1c                UART_2_Init
 .text.UART_2_Enable
                0x00001b74       0x64 .\ARM_GCC_541\Debug\Mepsan.a(UART_2.o)
                0x00001b74                UART_2_Enable
 .text.UART_2_RXISR
                0x00001bd8       0xdc .\ARM_GCC_541\Debug\Mepsan.a(UART_2_INT.o)
                0x00001bd8                UART_2_RXISR
 .text.EnablePin_Write
                0x00001cb4       0x38 .\ARM_GCC_541\Debug\Mepsan.a(EnablePin.o)
                0x00001cb4                EnablePin_Write
 .text.EnablePin_1_Read
                0x00001cec       0x20 .\ARM_GCC_541\Debug\Mepsan.a(EnablePin_1.o)
                0x00001cec                EnablePin_1_Read
 .text.UART_3_Start
                0x00001d0c       0x24 .\ARM_GCC_541\Debug\Mepsan.a(UART_3.o)
                0x00001d0c                UART_3_Start
 .text.UART_3_Init
                0x00001d30       0x3c .\ARM_GCC_541\Debug\Mepsan.a(UART_3.o)
                0x00001d30                UART_3_Init
 .text.UART_3_Enable
                0x00001d6c       0x4c .\ARM_GCC_541\Debug\Mepsan.a(UART_3.o)
                0x00001d6c                UART_3_Enable
 .text.UART_3_PutChar
                0x00001db8       0xb8 .\ARM_GCC_541\Debug\Mepsan.a(UART_3.o)
                0x00001db8                UART_3_PutChar
 .text.UART_3_TXISR
                0x00001e70       0x70 .\ARM_GCC_541\Debug\Mepsan.a(UART_3_INT.o)
                0x00001e70                UART_3_TXISR
 .text.UART_3_IntClock_Start
                0x00001ee0       0x34 .\ARM_GCC_541\Debug\Mepsan.a(UART_3_IntClock.o)
                0x00001ee0                UART_3_IntClock_Start
 *fill*         0x00001f14        0x4 
 .text          0x00001f18       0x54 .\ARM_GCC_541\Debug\Mepsan.a(CyBootAsmGnu.o)
                0x00001f18                CyDelayCycles
                0x00001f56                CyEnterCriticalSection
                0x00001f5e                CyExitCriticalSection
 .text.__errno  0x00001f6c        0xc c:/program files (x86)/cypress/psoc creator/4.2/psoc creator/import/gnu/arm/5.4.1/bin/../lib/gcc/arm-none-eabi/5.4.1/../../../../arm-none-eabi/lib/armv7-m\libg_nano.a(lib_a-errno.o)
                0x00001f6c                __errno
 .text.__libc_init_array
                0x00001f78       0x4c c:/program files (x86)/cypress/psoc creator/4.2/psoc creator/import/gnu/arm/5.4.1/bin/../lib/gcc/arm-none-eabi/5.4.1/../../../../arm-none-eabi/lib/armv7-m\libg_nano.a(lib_a-init.o)
                0x00001f78                __libc_init_array
 .text.memcpy   0x00001fc4       0x16 c:/program files (x86)/cypress/psoc creator/4.2/psoc creator/import/gnu/arm/5.4.1/bin/../lib/gcc/arm-none-eabi/5.4.1/../../../../arm-none-eabi/lib/armv7-m\libg_nano.a(lib_a-memcpy-stub.o)
                0x00001fc4                memcpy
 *(.plt)
 *(.gnu.warning)
 *(.glue_7t)
 .glue_7t       0x00001fda        0x0 linker stubs
 *(.glue_7)
 .glue_7        0x00001fda        0x0 linker stubs
 *(.vfp11_veneer)
 .vfp11_veneer  0x00001fda        0x0 linker stubs
 *(.bootloader)
 *(.ARM.extab* .gnu.linkonce.armextab.*)
 *(.gcc_except_table)

.v4_bx          0x00001fdc        0x0
 .v4_bx         0x00001fdc        0x0 linker stubs

.iplt           0x00001fdc        0x0
 .iplt          0x00001fdc        0x0 c:/program files (x86)/cypress/psoc creator/4.2/psoc creator/import/gnu/arm/5.4.1/bin/../lib/gcc/arm-none-eabi/5.4.1/armv7-m/crtbegin.o

.eh_frame_hdr
 *(.eh_frame_hdr)

.eh_frame       0x00001fdc        0x4
 *(.eh_frame)
 .eh_frame      0x00001fdc        0x0 c:/program files (x86)/cypress/psoc creator/4.2/psoc creator/import/gnu/arm/5.4.1/bin/../lib/gcc/arm-none-eabi/5.4.1/armv7-m/crtbegin.o
 .eh_frame      0x00001fdc        0x4 c:/program files (x86)/cypress/psoc creator/4.2/psoc creator/import/gnu/arm/5.4.1/bin/../lib/gcc/arm-none-eabi/5.4.1/armv7-m/crtend.o
                [!provide]                PROVIDE (__exidx_start, .)

.ARM.exidx
 *(.ARM.exidx* .gnu.linkonce.armexidx.*)
                0x00001fe0                __exidx_end = .

.rodata         0x00001fe0      0x178
 *(.rodata .rodata.* .gnu.linkonce.r.*)
 .rodata        0x00001fe0      0x140 .\ARM_GCC_541\Debug\cyfitter_cfg.o
 .rodata.str1.1
                0x00002120        0x2 c:/program files (x86)/cypress/psoc creator/4.2/psoc creator/import/gnu/arm/5.4.1/bin/../lib/gcc/arm-none-eabi/5.4.1/../../../../arm-none-eabi/lib/armv7-m\libg_nano.a(lib_a-impure.o)
                0x00002124                . = ALIGN (0x4)
 *fill*         0x00002122        0x2 
 *(.init)
 .init          0x00002124        0x4 c:/program files (x86)/cypress/psoc creator/4.2/psoc creator/import/gnu/arm/5.4.1/bin/../lib/gcc/arm-none-eabi/5.4.1/armv7-m/crti.o
                0x00002124                _init
 .init          0x00002128        0x8 c:/program files (x86)/cypress/psoc creator/4.2/psoc creator/import/gnu/arm/5.4.1/bin/../lib/gcc/arm-none-eabi/5.4.1/armv7-m/crtn.o
                0x00002130                . = ALIGN (0x4)
                0x00002130                __preinit_array_start = .
 *(.preinit_array)
                0x00002130                __preinit_array_end = .
                0x00002130                . = ALIGN (0x4)
                0x00002130                __init_array_start = .
 *(SORT(.init_array.*))
 *(.init_array)
 .init_array    0x00002130        0x4 c:/program files (x86)/cypress/psoc creator/4.2/psoc creator/import/gnu/arm/5.4.1/bin/../lib/gcc/arm-none-eabi/5.4.1/armv7-m/crtbegin.o
 .init_array    0x00002134        0x4 .\ARM_GCC_541\Debug\Cm3Start.o
                0x00002138                __init_array_end = .
                0x00002138                . = ALIGN (0x4)
 *(.fini)
 .fini          0x00002138        0x4 c:/program files (x86)/cypress/psoc creator/4.2/psoc creator/import/gnu/arm/5.4.1/bin/../lib/gcc/arm-none-eabi/5.4.1/armv7-m/crti.o
                0x00002138                _fini
 .fini          0x0000213c        0x8 c:/program files (x86)/cypress/psoc creator/4.2/psoc creator/import/gnu/arm/5.4.1/bin/../lib/gcc/arm-none-eabi/5.4.1/armv7-m/crtn.o
                0x00002144                . = ALIGN (0x4)
                0x00002144                __fini_array_start = .
 *(.fini_array)
 .fini_array    0x00002144        0x4 c:/program files (x86)/cypress/psoc creator/4.2/psoc creator/import/gnu/arm/5.4.1/bin/../lib/gcc/arm-none-eabi/5.4.1/armv7-m/crtbegin.o
 *(SORT(.fini_array.*))
                0x00002148                __fini_array_end = .
                0x00002148                . = ALIGN (0x4)
 *crtbegin.o(.ctors)
 *(EXCLUDE_FILE(*crtend.o) .ctors)
 *(SORT(.ctors.*))
 *crtend.o(.ctors)
                0x00002148                . = ALIGN (0x4)
 *crtbegin.o(.dtors)
 *(EXCLUDE_FILE(*crtend.o) .dtors)
 *(SORT(.dtors.*))
 *crtend.o(.dtors)
                0x00002148                . = ALIGN (0x4)
                0x00002148                __cy_regions = .
                0x00002148        0x4 LONG 0x2158 __cy_region_init_ram
                0x0000214c        0x4 LONG 0x1fff80c8 __cy_region_start_data
                0x00002150        0x4 LONG 0x2b8 __cy_region_init_size_ram
                0x00002154        0x4 LONG 0x5d8 __cy_region_zero_size_ram
                0x00002158                __cy_regions_end = .
                0x00002158                . = ALIGN (0x8)
                0x00002158                _etext = .

.cy_checksum_exclude
                0x00002158        0x0
 *(.cy_checksum_exclude)

.ramvectors     0x1fff8000       0xc0
                0x1fff8000                __cy_region_start_ram = .
 *(.ramvectors)
 .ramvectors    0x1fff8000       0xc0 .\ARM_GCC_541\Debug\Cm3Start.o
                0x1fff8000                CyRamVectors

.noinit         0x1fff80c0        0x5
 *(.noinit)
 .noinit        0x1fff80c0        0x4 .\ARM_GCC_541\Debug\Cm3Start.o
 .noinit        0x1fff80c4        0x1 .\ARM_GCC_541\Debug\Mepsan.a(CyLib.o)
                0x1fff80c4                CyResetStatus

.data           0x1fff80c8      0x2b8 load address 0x00002158
                0x1fff80c8                __cy_region_start_data = .
 *(.jcr)
 .jcr           0x1fff80c8        0x0 c:/program files (x86)/cypress/psoc creator/4.2/psoc creator/import/gnu/arm/5.4.1/bin/../lib/gcc/arm-none-eabi/5.4.1/armv7-m/crtbegin.o
 .jcr           0x1fff80c8        0x4 c:/program files (x86)/cypress/psoc creator/4.2/psoc creator/import/gnu/arm/5.4.1/bin/../lib/gcc/arm-none-eabi/5.4.1/armv7-m/crtend.o
 *(.got.plt)
 *(.got)
 *(.shdata)
 *(.data .data.* .gnu.linkonce.d.*)
 .data          0x1fff80cc      0x240 .\ARM_GCC_541\Debug\printer.o
                0x1fff80cc                LINE_FEED
                0x1fff80d0                msn_EDS
                0x1fff80e8                msn_EDS2
                0x1fff8100                msn_EDS3
                0x1fff8118                msn_EDS4
                0x1fff8130                msn_fecha
                0x1fff8140                msn_hora
                0x1fff8150                msn_placa
                0x1fff8160                PRN_MILLEAGE
                0x1fff8170                PRN_TRANSTYPE
                0x1fff8180                msn_pos
                0x1fff8190                msn_product
                0x1fff81a0                msn_ppu
                0x1fff81b0                msn_vol
                0x1fff81c0                msn_din
                0x1fff81d0                msn_numero
                0x1fff81e0                PRN_BALANCE
                0x1fff81f0                PRN_COMPANY
                0x1fff8200                PRN_ACCOUNT
                0x1fff8210                PRN_SERIAL
                0x1fff8220                PRN_ACCOUNTTYPE
                0x1fff8230                PRN_VISITSDAY
                0x1fff8240                PRN_VISITSWEEK
                0x1fff8250                PRN_VISITSMONTH
                0x1fff8260                PRN_VOLUMEDAY
                0x1fff8270                PRN_VOLUMEWEEK
                0x1fff8280                PRN_VOLUMEMONTH
                0x1fff8290                PRN_MONEYDAY
                0x1fff82a0                PRN_MONEYWEEK
                0x1fff82b0                PRN_MONEYMONTH
                0x1fff82c0                PRN_PRESET
                0x1fff82d0                PRN_SIGNATURE
                0x1fff82e0                PRN_ID
                0x1fff82f0                PRN_CURRENCY
                0x1fff82f4                SEPARATOR
 .data          0x1fff830c       0x10 .\ARM_GCC_541\Debug\Mepsan.a(CyLib.o)
                0x1fff830c                cydelay_freq_hz
                0x1fff8310                cydelay_freq_khz
                0x1fff8314                cydelay_freq_mhz
                0x1fff8318                cydelay_32k_ms
 .data.impure_data
                0x1fff831c       0x60 c:/program files (x86)/cypress/psoc creator/4.2/psoc creator/import/gnu/arm/5.4.1/bin/../lib/gcc/arm-none-eabi/5.4.1/../../../../arm-none-eabi/lib/armv7-m\libg_nano.a(lib_a-impure.o)
 .data._impure_ptr
                0x1fff837c        0x4 c:/program files (x86)/cypress/psoc creator/4.2/psoc creator/import/gnu/arm/5.4.1/bin/../lib/gcc/arm-none-eabi/5.4.1/../../../../arm-none-eabi/lib/armv7-m\libg_nano.a(lib_a-impure.o)
                0x1fff837c                _impure_ptr
                0x1fff8380                . = ALIGN (0x8)
 *(.ram)
                0x1fff8380                _edata = .

.igot.plt       0x1fff8380        0x0 load address 0x00002410
 .igot.plt      0x1fff8380        0x0 c:/program files (x86)/cypress/psoc creator/4.2/psoc creator/import/gnu/arm/5.4.1/bin/../lib/gcc/arm-none-eabi/5.4.1/armv7-m/crtbegin.o

.bss            0x1fff8380      0x5d8 load address 0x00002410
                0x1fff8380                PROVIDE (__bss_start__, .)
 *(.shbss)
 *(.bss .bss.* .gnu.linkonce.b.*)
 .bss           0x1fff8380       0x1c c:/program files (x86)/cypress/psoc creator/4.2/psoc creator/import/gnu/arm/5.4.1/bin/../lib/gcc/arm-none-eabi/5.4.1/armv7-m/crtbegin.o
 *fill*         0x1fff839c        0x4 
 .bss           0x1fff83a0        0x4 .\ARM_GCC_541\Debug\cyfitter_cfg.o
 .bss           0x1fff83a4        0x1 .\ARM_GCC_541\Debug\Mepsan.a(PWM_1.o)
                0x1fff83a4                PWM_1_initVar
 .bss           0x1fff83a5        0x7 .\ARM_GCC_541\Debug\Mepsan.a(UART_1.o)
                0x1fff83a5                UART_1_initVar
                0x1fff83a6                UART_1_errorStatus
                0x1fff83a7                UART_1_rxBufferRead
                0x1fff83a8                UART_1_rxBufferWrite
                0x1fff83a9                UART_1_rxBufferLoopDetect
                0x1fff83aa                UART_1_rxBufferOverflow
 .bss           0x1fff83ac        0x1 .\ARM_GCC_541\Debug\Mepsan.a(Timer_1.o)
                0x1fff83ac                Timer_1_initVar
 .bss           0x1fff83ad        0x7 .\ARM_GCC_541\Debug\Mepsan.a(UART_2.o)
                0x1fff83ad                UART_2_initVar
                0x1fff83ae                UART_2_errorStatus
                0x1fff83af                UART_2_rxBufferRead
                0x1fff83b0                UART_2_rxBufferWrite
                0x1fff83b1                UART_2_rxBufferLoopDetect
                0x1fff83b2                UART_2_rxBufferOverflow
 .bss           0x1fff83b4        0x4 .\ARM_GCC_541\Debug\Mepsan.a(UART_3.o)
                0x1fff83b4                UART_3_initVar
                0x1fff83b5                UART_3_txBufferRead
                0x1fff83b6                UART_3_txBufferWrite
 *(COMMON)
 COMMON         0x1fff83b8      0x496 .\ARM_GCC_541\Debug\main.o
                0x1fff83b8                side
                0x1fff87cc                crc_hi
                0x1fff87d0                PumpAddress
                0x1fff87e0                MepsanResponse
                0x1fff8812                dirGbr
                0x1fff8814                MepsanSendTo
                0x1fff8846                Positions
                0x1fff8848                CRC
                0x1fff884a                crc_lo
                0x1fff884b                CurrentState
                0x1fff884c                PollCounter
 *fill*         0x1fff884e        0x2 
 COMMON         0x1fff8850       0x80 .\ARM_GCC_541\Debug\Mepsan.a(UART_1.o)
                0x1fff8850                UART_1_rxBuffer
 COMMON         0x1fff88d0       0x80 .\ARM_GCC_541\Debug\Mepsan.a(UART_2.o)
                0x1fff88d0                UART_2_rxBuffer
 COMMON         0x1fff8950        0x5 .\ARM_GCC_541\Debug\Mepsan.a(UART_3.o)
                0x1fff8950                UART_3_txBuffer
                0x1fff8958                . = ALIGN (0x8)
 *fill*         0x1fff8955        0x3 
 *(.ram.b)
                0x1fff8958                _end = .
                0x1fff8958                __end = .
                0x1fff8958                PROVIDE (end, .)
                0x1fff8958                PROVIDE (__bss_end__, .)
                0x00002158                __cy_region_init_ram = LOADADDR (.data)
                0x000002b8                __cy_region_init_size_ram = (_edata - ADDR (.data))
                0x000005d8                __cy_region_zero_size_ram = (_end - _edata)

.heap           0x1fff8958       0x80 load address 0x00002410
                0x1fff8958                . = _end
                0x1fff89d8                . = (. + 0x80)
 *fill*         0x1fff8958       0x80 
                0x1fff89d8                __cy_heap_limit = .

.stack          0x20007800      0x800
                0x20007800                __cy_stack_limit = .
                0x20008000                . = (. + 0x800)
 *fill*         0x20007800      0x800 
                0x00000001                ASSERT ((__cy_stack_limit >= __cy_heap_limit), region RAM overflowed with stack)
                0x00000000                cy_checksum_exclude_size = (CY_APPL_LOADABLE == 0x1)?SIZEOF (.cy_checksum_exclude):0x0
                0x00000001                ASSERT ((cy_checksum_exclude_size <= CY_CHECKSUM_EXCLUDE_SIZE), CY_BOOT: Section .cy_checksum_exclude size exceedes specified limit.)

.cyloadermeta
 *(.cyloadermeta)

.cyloadablemeta
 *(.cyloadablemeta)

.cyconfigecc    0x80000000     0x175c
 *(.cyconfigecc)
 .cyconfigecc   0x80000000     0x175c .\ARM_GCC_541\Debug\cymetadata.o
                0x80000000                cy_meta_configecc

.cycustnvl      0x90000000        0x4
 *(.cycustnvl)
 .cycustnvl     0x90000000        0x4 .\ARM_GCC_541\Debug\cymetadata.o
                0x90000000                cy_meta_custnvl

.cywolatch      0x90100000        0x4
 *(.cywolatch)
 .cywolatch     0x90100000        0x4 .\ARM_GCC_541\Debug\cymetadata.o
                0x90100000                cy_meta_wonvl

.cyeeprom       0x90200000        0x0
 *(.cyeeprom)
                0x00000001                ASSERT ((. <= ((0x90200000 + ee_offset) + ee_size)), .cyeeprom data will not fit in EEPROM)

.cyflashprotect
                0x90400000      0x100
 *(.cyflashprotect)
 .cyflashprotect
                0x90400000      0x100 .\ARM_GCC_541\Debug\cymetadata.o
                0x90400000                cy_meta_flashprotect

.cymeta         0x90500000        0xc
 *(.cymeta)
 .cymeta        0x90500000        0xc .\ARM_GCC_541\Debug\cymetadata.o
                0x90500000                cy_metadata

.rel.dyn        0x00002410        0x0 load address 0x9050000c
 .rel.iplt      0x00002410        0x0 c:/program files (x86)/cypress/psoc creator/4.2/psoc creator/import/gnu/arm/5.4.1/bin/../lib/gcc/arm-none-eabi/5.4.1/armv7-m/crtbegin.o

.stab
 *(.stab)

.stabstr
 *(.stabstr)

.debug
 *(.debug)

.line
 *(.line)

.debug_srcinfo
 *(.debug_srcinfo)

.debug_sfnames
 *(.debug_sfnames)

.debug_aranges  0x00000000      0xb60
 *(.debug_aranges)
 .debug_aranges
                0x00000000       0x30 .\ARM_GCC_541\Debug\main.o
 .debug_aranges
                0x00000030       0x60 .\ARM_GCC_541\Debug\PumpCom.o
 .debug_aranges
                0x00000090       0x28 .\ARM_GCC_541\Debug\Gbr.o
 .debug_aranges
                0x000000b8       0x20 .\ARM_GCC_541\Debug\printer.o
 .debug_aranges
                0x000000d8       0x60 .\ARM_GCC_541\Debug\cyfitter_cfg.o
 .debug_aranges
                0x00000138       0x18 .\ARM_GCC_541\Debug\cymetadata.o
 .debug_aranges
                0x00000150       0x48 .\ARM_GCC_541\Debug\Cm3Start.o
 .debug_aranges
                0x00000198       0x78 .\ARM_GCC_541\Debug\Mepsan.a(PWM_1.o)
 .debug_aranges
                0x00000210       0x38 .\ARM_GCC_541\Debug\Mepsan.a(Kill_Switch.o)
 .debug_aranges
                0x00000248      0x2a0 .\ARM_GCC_541\Debug\Mepsan.a(CyLib.o)
 .debug_aranges
                0x000004e8       0x98 .\ARM_GCC_541\Debug\Mepsan.a(cyPm.o)
 .debug_aranges
                0x00000580       0xf0 .\ARM_GCC_541\Debug\Mepsan.a(UART_1.o)
 .debug_aranges
                0x00000670       0x20 .\ARM_GCC_541\Debug\Mepsan.a(UART_1_INT.o)
 .debug_aranges
                0x00000690       0x70 .\ARM_GCC_541\Debug\Mepsan.a(UART_1_IntClock.o)
 .debug_aranges
                0x00000700       0x88 .\ARM_GCC_541\Debug\Mepsan.a(Timer_1.o)
 .debug_aranges
                0x00000788       0xf0 .\ARM_GCC_541\Debug\Mepsan.a(UART_2.o)
 .debug_aranges
                0x00000878       0x20 .\ARM_GCC_541\Debug\Mepsan.a(UART_2_INT.o)
 .debug_aranges
                0x00000898       0x38 .\ARM_GCC_541\Debug\Mepsan.a(EnablePin.o)
 .debug_aranges
                0x000008d0       0x38 .\ARM_GCC_541\Debug\Mepsan.a(EnablePin_1.o)
 .debug_aranges
                0x00000908       0xa0 .\ARM_GCC_541\Debug\Mepsan.a(UART_3.o)
 .debug_aranges
                0x000009a8       0x20 .\ARM_GCC_541\Debug\Mepsan.a(UART_3_INT.o)
 .debug_aranges
                0x000009c8       0x70 .\ARM_GCC_541\Debug\Mepsan.a(UART_3_IntClock.o)
 .debug_aranges
                0x00000a38       0x20 .\ARM_GCC_541\Debug\Mepsan.a(CyBootAsmGnu.o)
 .debug_aranges
                0x00000a58       0x88 .\ARM_GCC_541\Debug\Mepsan.a(CyFlash.o)
 .debug_aranges
                0x00000ae0       0x80 .\ARM_GCC_541\Debug\Mepsan.a(CySpc.o)

.debug_pubnames
 *(.debug_pubnames)

.debug_info     0x00000000     0x560f
 *(.debug_info .gnu.linkonce.wi.*)
 .debug_info    0x00000000      0x30f .\ARM_GCC_541\Debug\main.o
 .debug_info    0x0000030f      0x643 .\ARM_GCC_541\Debug\PumpCom.o
 .debug_info    0x00000952      0x333 .\ARM_GCC_541\Debug\Gbr.o
 .debug_info    0x00000c85      0x495 .\ARM_GCC_541\Debug\printer.o
 .debug_info    0x0000111a      0x3ce .\ARM_GCC_541\Debug\cyfitter_cfg.o
 .debug_info    0x000014e8      0x139 .\ARM_GCC_541\Debug\cymetadata.o
 .debug_info    0x00001621      0x32b .\ARM_GCC_541\Debug\Cm3Start.o
 .debug_info    0x0000194c      0x235 .\ARM_GCC_541\Debug\Mepsan.a(PWM_1.o)
 .debug_info    0x00001b81      0x11e .\ARM_GCC_541\Debug\Mepsan.a(Kill_Switch.o)
 .debug_info    0x00001c9f      0xe51 .\ARM_GCC_541\Debug\Mepsan.a(CyLib.o)
 .debug_info    0x00002af0      0x57a .\ARM_GCC_541\Debug\Mepsan.a(cyPm.o)
 .debug_info    0x0000306a      0x5f2 .\ARM_GCC_541\Debug\Mepsan.a(UART_1.o)
 .debug_info    0x0000365c      0x149 .\ARM_GCC_541\Debug\Mepsan.a(UART_1_INT.o)
 .debug_info    0x000037a5      0x25d .\ARM_GCC_541\Debug\Mepsan.a(UART_1_IntClock.o)
 .debug_info    0x00003a02      0x245 .\ARM_GCC_541\Debug\Mepsan.a(Timer_1.o)
 .debug_info    0x00003c47      0x5f2 .\ARM_GCC_541\Debug\Mepsan.a(UART_2.o)
 .debug_info    0x00004239      0x149 .\ARM_GCC_541\Debug\Mepsan.a(UART_2_INT.o)
 .debug_info    0x00004382      0x11e .\ARM_GCC_541\Debug\Mepsan.a(EnablePin.o)
 .debug_info    0x000044a0      0x11e .\ARM_GCC_541\Debug\Mepsan.a(EnablePin_1.o)
 .debug_info    0x000045be      0x402 .\ARM_GCC_541\Debug\Mepsan.a(UART_3.o)
 .debug_info    0x000049c0       0xf6 .\ARM_GCC_541\Debug\Mepsan.a(UART_3_INT.o)
 .debug_info    0x00004ab6      0x25d .\ARM_GCC_541\Debug\Mepsan.a(UART_3_IntClock.o)
 .debug_info    0x00004d13       0x83 .\ARM_GCC_541\Debug\Mepsan.a(CyBootAsmGnu.o)
 .debug_info    0x00004d96      0x3b9 .\ARM_GCC_541\Debug\Mepsan.a(CyFlash.o)
 .debug_info    0x0000514f      0x4c0 .\ARM_GCC_541\Debug\Mepsan.a(CySpc.o)

.debug_abbrev   0x00000000     0x1ae0
 *(.debug_abbrev)
 .debug_abbrev  0x00000000      0x14c .\ARM_GCC_541\Debug\main.o
 .debug_abbrev  0x0000014c      0x21c .\ARM_GCC_541\Debug\PumpCom.o
 .debug_abbrev  0x00000368      0x132 .\ARM_GCC_541\Debug\Gbr.o
 .debug_abbrev  0x0000049a       0xbc .\ARM_GCC_541\Debug\printer.o
 .debug_abbrev  0x00000556      0x183 .\ARM_GCC_541\Debug\cyfitter_cfg.o
 .debug_abbrev  0x000006d9       0x77 .\ARM_GCC_541\Debug\cymetadata.o
 .debug_abbrev  0x00000750      0x1d6 .\ARM_GCC_541\Debug\Cm3Start.o
 .debug_abbrev  0x00000926      0x116 .\ARM_GCC_541\Debug\Mepsan.a(PWM_1.o)
 .debug_abbrev  0x00000a3c       0x90 .\ARM_GCC_541\Debug\Mepsan.a(Kill_Switch.o)
 .debug_abbrev  0x00000acc      0x217 .\ARM_GCC_541\Debug\Mepsan.a(CyLib.o)
 .debug_abbrev  0x00000ce3      0x161 .\ARM_GCC_541\Debug\Mepsan.a(cyPm.o)
 .debug_abbrev  0x00000e44      0x15f .\ARM_GCC_541\Debug\Mepsan.a(UART_1.o)
 .debug_abbrev  0x00000fa3       0x8a .\ARM_GCC_541\Debug\Mepsan.a(UART_1_INT.o)
 .debug_abbrev  0x0000102d      0x11d .\ARM_GCC_541\Debug\Mepsan.a(UART_1_IntClock.o)
 .debug_abbrev  0x0000114a       0xe9 .\ARM_GCC_541\Debug\Mepsan.a(Timer_1.o)
 .debug_abbrev  0x00001233      0x15f .\ARM_GCC_541\Debug\Mepsan.a(UART_2.o)
 .debug_abbrev  0x00001392       0x8a .\ARM_GCC_541\Debug\Mepsan.a(UART_2_INT.o)
 .debug_abbrev  0x0000141c       0x90 .\ARM_GCC_541\Debug\Mepsan.a(EnablePin.o)
 .debug_abbrev  0x000014ac       0x90 .\ARM_GCC_541\Debug\Mepsan.a(EnablePin_1.o)
 .debug_abbrev  0x0000153c      0x143 .\ARM_GCC_541\Debug\Mepsan.a(UART_3.o)
 .debug_abbrev  0x0000167f       0x79 .\ARM_GCC_541\Debug\Mepsan.a(UART_3_INT.o)
 .debug_abbrev  0x000016f8      0x11d .\ARM_GCC_541\Debug\Mepsan.a(UART_3_IntClock.o)
 .debug_abbrev  0x00001815       0x14 .\ARM_GCC_541\Debug\Mepsan.a(CyBootAsmGnu.o)
 .debug_abbrev  0x00001829      0x14b .\ARM_GCC_541\Debug\Mepsan.a(CyFlash.o)
 .debug_abbrev  0x00001974      0x16c .\ARM_GCC_541\Debug\Mepsan.a(CySpc.o)

.debug_line     0x00000000     0x3143
 *(.debug_line)
 .debug_line    0x00000000      0x24c .\ARM_GCC_541\Debug\main.o
 .debug_line    0x0000024c      0x35a .\ARM_GCC_541\Debug\PumpCom.o
 .debug_line    0x000005a6      0x18d .\ARM_GCC_541\Debug\Gbr.o
 .debug_line    0x00000733      0x23a .\ARM_GCC_541\Debug\printer.o
 .debug_line    0x0000096d      0x21e .\ARM_GCC_541\Debug\cyfitter_cfg.o
 .debug_line    0x00000b8b      0x141 .\ARM_GCC_541\Debug\cymetadata.o
 .debug_line    0x00000ccc      0x1dc .\ARM_GCC_541\Debug\Cm3Start.o
 .debug_line    0x00000ea8      0x140 .\ARM_GCC_541\Debug\Mepsan.a(PWM_1.o)
 .debug_line    0x00000fe8       0x9b .\ARM_GCC_541\Debug\Mepsan.a(Kill_Switch.o)
 .debug_line    0x00001083      0x883 .\ARM_GCC_541\Debug\Mepsan.a(CyLib.o)
 .debug_line    0x00001906      0x38e .\ARM_GCC_541\Debug\Mepsan.a(cyPm.o)
 .debug_line    0x00001c94      0x30b .\ARM_GCC_541\Debug\Mepsan.a(UART_1.o)
 .debug_line    0x00001f9f       0x8a .\ARM_GCC_541\Debug\Mepsan.a(UART_1_INT.o)
 .debug_line    0x00002029      0x1ae .\ARM_GCC_541\Debug\Mepsan.a(UART_1_IntClock.o)
 .debug_line    0x000021d7      0x15f .\ARM_GCC_541\Debug\Mepsan.a(Timer_1.o)
 .debug_line    0x00002336      0x30b .\ARM_GCC_541\Debug\Mepsan.a(UART_2.o)
 .debug_line    0x00002641       0x8a .\ARM_GCC_541\Debug\Mepsan.a(UART_2_INT.o)
 .debug_line    0x000026cb       0x99 .\ARM_GCC_541\Debug\Mepsan.a(EnablePin.o)
 .debug_line    0x00002764       0x9b .\ARM_GCC_541\Debug\Mepsan.a(EnablePin_1.o)
 .debug_line    0x000027ff      0x235 .\ARM_GCC_541\Debug\Mepsan.a(UART_3.o)
 .debug_line    0x00002a34       0x84 .\ARM_GCC_541\Debug\Mepsan.a(UART_3_INT.o)
 .debug_line    0x00002ab8      0x1ae .\ARM_GCC_541\Debug\Mepsan.a(UART_3_IntClock.o)
 .debug_line    0x00002c66       0x7d .\ARM_GCC_541\Debug\Mepsan.a(CyBootAsmGnu.o)
 .debug_line    0x00002ce3      0x22f .\ARM_GCC_541\Debug\Mepsan.a(CyFlash.o)
 .debug_line    0x00002f12      0x231 .\ARM_GCC_541\Debug\Mepsan.a(CySpc.o)

.debug_frame    0x00000000     0x2ce0
 *(.debug_frame)
 .debug_frame   0x00000000       0x7c .\ARM_GCC_541\Debug\main.o
 .debug_frame   0x0000007c      0x180 .\ARM_GCC_541\Debug\PumpCom.o
 .debug_frame   0x000001fc       0x54 .\ARM_GCC_541\Debug\Gbr.o
 .debug_frame   0x00000250       0x38 .\ARM_GCC_541\Debug\printer.o
 .debug_frame   0x00000288      0x160 .\ARM_GCC_541\Debug\cyfitter_cfg.o
 .debug_frame   0x000003e8       0xd8 .\ARM_GCC_541\Debug\Cm3Start.o
 .debug_frame   0x000004c0      0x1d0 .\ARM_GCC_541\Debug\Mepsan.a(PWM_1.o)
 .debug_frame   0x00000690       0xa8 .\ARM_GCC_541\Debug\Mepsan.a(Kill_Switch.o)
 .debug_frame   0x00000738      0xc0c .\ARM_GCC_541\Debug\Mepsan.a(CyLib.o)
 .debug_frame   0x00001344      0x234 .\ARM_GCC_541\Debug\Mepsan.a(cyPm.o)
 .debug_frame   0x00001578      0x428 .\ARM_GCC_541\Debug\Mepsan.a(UART_1.o)
 .debug_frame   0x000019a0       0x38 .\ARM_GCC_541\Debug\Mepsan.a(UART_1_INT.o)
 .debug_frame   0x000019d8      0x1b4 .\ARM_GCC_541\Debug\Mepsan.a(UART_1_IntClock.o)
 .debug_frame   0x00001b8c      0x208 .\ARM_GCC_541\Debug\Mepsan.a(Timer_1.o)
 .debug_frame   0x00001d94      0x428 .\ARM_GCC_541\Debug\Mepsan.a(UART_2.o)
 .debug_frame   0x000021bc       0x38 .\ARM_GCC_541\Debug\Mepsan.a(UART_2_INT.o)
 .debug_frame   0x000021f4       0xa8 .\ARM_GCC_541\Debug\Mepsan.a(EnablePin.o)
 .debug_frame   0x0000229c       0xa8 .\ARM_GCC_541\Debug\Mepsan.a(EnablePin_1.o)
 .debug_frame   0x00002344      0x298 .\ARM_GCC_541\Debug\Mepsan.a(UART_3.o)
 .debug_frame   0x000025dc       0x34 .\ARM_GCC_541\Debug\Mepsan.a(UART_3_INT.o)
 .debug_frame   0x00002610      0x1b4 .\ARM_GCC_541\Debug\Mepsan.a(UART_3_IntClock.o)
 .debug_frame   0x000027c4      0x238 .\ARM_GCC_541\Debug\Mepsan.a(CyFlash.o)
 .debug_frame   0x000029fc      0x228 .\ARM_GCC_541\Debug\Mepsan.a(CySpc.o)
 .debug_frame   0x00002c24       0x20 c:/program files (x86)/cypress/psoc creator/4.2/psoc creator/import/gnu/arm/5.4.1/bin/../lib/gcc/arm-none-eabi/5.4.1/../../../../arm-none-eabi/lib/armv7-m\libg_nano.a(lib_a-errno.o)
 .debug_frame   0x00002c44       0x28 c:/program files (x86)/cypress/psoc creator/4.2/psoc creator/import/gnu/arm/5.4.1/bin/../lib/gcc/arm-none-eabi/5.4.1/../../../../arm-none-eabi/lib/armv7-m\libg_nano.a(lib_a-exit.o)
 .debug_frame   0x00002c6c       0x2c c:/program files (x86)/cypress/psoc creator/4.2/psoc creator/import/gnu/arm/5.4.1/bin/../lib/gcc/arm-none-eabi/5.4.1/../../../../arm-none-eabi/lib/armv7-m\libg_nano.a(lib_a-init.o)
 .debug_frame   0x00002c98       0x28 c:/program files (x86)/cypress/psoc creator/4.2/psoc creator/import/gnu/arm/5.4.1/bin/../lib/gcc/arm-none-eabi/5.4.1/../../../../arm-none-eabi/lib/armv7-m\libg_nano.a(lib_a-memcpy-stub.o)
 .debug_frame   0x00002cc0       0x20 c:/program files (x86)/cypress/psoc creator/4.2/psoc creator/import/gnu/arm/5.4.1/bin/../lib/gcc/arm-none-eabi/5.4.1/../../../../arm-none-eabi/lib/armv7-m\libg_nano.a(lib_a-memset.o)

.debug_str      0x00000000     0x2698
 *(.debug_str)
 .debug_str     0x00000000      0x22b .\ARM_GCC_541\Debug\main.o
                                0x273 (size before relaxing)
 .debug_str     0x0000022b      0x102 .\ARM_GCC_541\Debug\PumpCom.o
                                0x385 (size before relaxing)
 .debug_str     0x0000032d       0xa9 .\ARM_GCC_541\Debug\Gbr.o
                                0x302 (size before relaxing)
 .debug_str     0x000003d6      0x1ad .\ARM_GCC_541\Debug\printer.o
                                0x340 (size before relaxing)
 .debug_str     0x00000583      0x192 .\ARM_GCC_541\Debug\cyfitter_cfg.o
                                0x312 (size before relaxing)
 .debug_str     0x00000715       0x75 .\ARM_GCC_541\Debug\cymetadata.o
                                0x1d7 (size before relaxing)
 .debug_str     0x0000078a      0x124 .\ARM_GCC_541\Debug\Cm3Start.o
                                0x2ca (size before relaxing)
 .debug_str     0x000008ae      0x13a .\ARM_GCC_541\Debug\Mepsan.a(PWM_1.o)
                                0x2c0 (size before relaxing)
 .debug_str     0x000009e8       0x8f .\ARM_GCC_541\Debug\Mepsan.a(Kill_Switch.o)
                                0x1f3 (size before relaxing)
 .debug_str     0x00000a77      0x807 .\ARM_GCC_541\Debug\Mepsan.a(CyLib.o)
                                0x9dd (size before relaxing)
 .debug_str     0x0000127e      0x371 .\ARM_GCC_541\Debug\Mepsan.a(cyPm.o)
                                0x536 (size before relaxing)
 .debug_str     0x000015ef      0x360 .\ARM_GCC_541\Debug\Mepsan.a(UART_1.o)
                                0x509 (size before relaxing)
 .debug_str     0x0000194f       0x57 .\ARM_GCC_541\Debug\Mepsan.a(UART_1_INT.o)
                                0x24e (size before relaxing)
 .debug_str     0x000019a6      0x1c2 .\ARM_GCC_541\Debug\Mepsan.a(UART_1_IntClock.o)
                                0x341 (size before relaxing)
 .debug_str     0x00001b68      0x165 .\ARM_GCC_541\Debug\Mepsan.a(Timer_1.o)
                                0x308 (size before relaxing)
 .debug_str     0x00001ccd      0x2b8 .\ARM_GCC_541\Debug\Mepsan.a(UART_2.o)
                                0x509 (size before relaxing)
 .debug_str     0x00001f85       0x31 .\ARM_GCC_541\Debug\Mepsan.a(UART_2_INT.o)
                                0x24e (size before relaxing)
 .debug_str     0x00001fb6       0x6f .\ARM_GCC_541\Debug\Mepsan.a(EnablePin.o)
                                0x1e9 (size before relaxing)
 .debug_str     0x00002025       0x79 .\ARM_GCC_541\Debug\Mepsan.a(EnablePin_1.o)
                                0x1f3 (size before relaxing)
 .debug_str     0x0000209e      0x1c8 .\ARM_GCC_541\Debug\Mepsan.a(UART_3.o)
                                0x3ca (size before relaxing)
 .debug_str     0x00002266       0x31 .\ARM_GCC_541\Debug\Mepsan.a(UART_3_INT.o)
                                0x1e3 (size before relaxing)
 .debug_str     0x00002297      0x177 .\ARM_GCC_541\Debug\Mepsan.a(UART_3_IntClock.o)
                                0x341 (size before relaxing)
 .debug_str     0x0000240e      0x156 .\ARM_GCC_541\Debug\Mepsan.a(CyFlash.o)
                                0x2fa (size before relaxing)
 .debug_str     0x00002564      0x134 .\ARM_GCC_541\Debug\Mepsan.a(CySpc.o)
                                0x2f4 (size before relaxing)

.debug_loc
 *(.debug_loc)

.debug_macinfo
 *(.debug_macinfo)

.debug_ranges   0x00000000      0x9b8
 *(.debug_ranges)
 .debug_ranges  0x00000000       0x20 .\ARM_GCC_541\Debug\main.o
 .debug_ranges  0x00000020       0x50 .\ARM_GCC_541\Debug\PumpCom.o
 .debug_ranges  0x00000070       0x18 .\ARM_GCC_541\Debug\Gbr.o
 .debug_ranges  0x00000088       0x10 .\ARM_GCC_541\Debug\printer.o
 .debug_ranges  0x00000098       0x50 .\ARM_GCC_541\Debug\cyfitter_cfg.o
 .debug_ranges  0x000000e8       0x38 .\ARM_GCC_541\Debug\Cm3Start.o
 .debug_ranges  0x00000120       0x68 .\ARM_GCC_541\Debug\Mepsan.a(PWM_1.o)
 .debug_ranges  0x00000188       0x28 .\ARM_GCC_541\Debug\Mepsan.a(Kill_Switch.o)
 .debug_ranges  0x000001b0      0x290 .\ARM_GCC_541\Debug\Mepsan.a(CyLib.o)
 .debug_ranges  0x00000440       0x88 .\ARM_GCC_541\Debug\Mepsan.a(cyPm.o)
 .debug_ranges  0x000004c8       0xe0 .\ARM_GCC_541\Debug\Mepsan.a(UART_1.o)
 .debug_ranges  0x000005a8       0x10 .\ARM_GCC_541\Debug\Mepsan.a(UART_1_INT.o)
 .debug_ranges  0x000005b8       0x60 .\ARM_GCC_541\Debug\Mepsan.a(UART_1_IntClock.o)
 .debug_ranges  0x00000618       0x78 .\ARM_GCC_541\Debug\Mepsan.a(Timer_1.o)
 .debug_ranges  0x00000690       0xe0 .\ARM_GCC_541\Debug\Mepsan.a(UART_2.o)
 .debug_ranges  0x00000770       0x10 .\ARM_GCC_541\Debug\Mepsan.a(UART_2_INT.o)
 .debug_ranges  0x00000780       0x28 .\ARM_GCC_541\Debug\Mepsan.a(EnablePin.o)
 .debug_ranges  0x000007a8       0x28 .\ARM_GCC_541\Debug\Mepsan.a(EnablePin_1.o)
 .debug_ranges  0x000007d0       0x90 .\ARM_GCC_541\Debug\Mepsan.a(UART_3.o)
 .debug_ranges  0x00000860       0x10 .\ARM_GCC_541\Debug\Mepsan.a(UART_3_INT.o)
 .debug_ranges  0x00000870       0x60 .\ARM_GCC_541\Debug\Mepsan.a(UART_3_IntClock.o)
 .debug_ranges  0x000008d0       0x78 .\ARM_GCC_541\Debug\Mepsan.a(CyFlash.o)
 .debug_ranges  0x00000948       0x70 .\ARM_GCC_541\Debug\Mepsan.a(CySpc.o)

.comment        0x00000000       0x6e
 .comment       0x00000000       0x6e .\ARM_GCC_541\Debug\main.o
                                 0x6f (size before relaxing)
 .comment       0x0000006e       0x6f .\ARM_GCC_541\Debug\PumpCom.o
 .comment       0x0000006e       0x6f .\ARM_GCC_541\Debug\Gbr.o
 .comment       0x0000006e       0x6f .\ARM_GCC_541\Debug\printer.o
 .comment       0x0000006e       0x6f .\ARM_GCC_541\Debug\cyfitter_cfg.o
 .comment       0x0000006e       0x6f .\ARM_GCC_541\Debug\cymetadata.o
 .comment       0x0000006e       0x6f .\ARM_GCC_541\Debug\Cm3Start.o
 .comment       0x0000006e       0x6f .\ARM_GCC_541\Debug\Mepsan.a(PWM_1.o)
 .comment       0x0000006e       0x6f .\ARM_GCC_541\Debug\Mepsan.a(Kill_Switch.o)
 .comment       0x0000006e       0x6f .\ARM_GCC_541\Debug\Mepsan.a(CyLib.o)
 .comment       0x0000006e       0x6f .\ARM_GCC_541\Debug\Mepsan.a(cyPm.o)
 .comment       0x0000006e       0x6f .\ARM_GCC_541\Debug\Mepsan.a(UART_1.o)
 .comment       0x0000006e       0x6f .\ARM_GCC_541\Debug\Mepsan.a(UART_1_INT.o)
 .comment       0x0000006e       0x6f .\ARM_GCC_541\Debug\Mepsan.a(UART_1_IntClock.o)
 .comment       0x0000006e       0x6f .\ARM_GCC_541\Debug\Mepsan.a(Timer_1.o)
 .comment       0x0000006e       0x6f .\ARM_GCC_541\Debug\Mepsan.a(UART_2.o)
 .comment       0x0000006e       0x6f .\ARM_GCC_541\Debug\Mepsan.a(UART_2_INT.o)
 .comment       0x0000006e       0x6f .\ARM_GCC_541\Debug\Mepsan.a(EnablePin.o)
 .comment       0x0000006e       0x6f .\ARM_GCC_541\Debug\Mepsan.a(EnablePin_1.o)
 .comment       0x0000006e       0x6f .\ARM_GCC_541\Debug\Mepsan.a(UART_3.o)
 .comment       0x0000006e       0x6f .\ARM_GCC_541\Debug\Mepsan.a(UART_3_INT.o)
 .comment       0x0000006e       0x6f .\ARM_GCC_541\Debug\Mepsan.a(UART_3_IntClock.o)
 .comment       0x0000006e       0x6f .\ARM_GCC_541\Debug\Mepsan.a(CyFlash.o)
 .comment       0x0000006e       0x6f .\ARM_GCC_541\Debug\Mepsan.a(CySpc.o)

.debug_weaknames
 *(.debug_weaknames)

.debug_funcnames
 *(.debug_funcnames)

.debug_typenames
 *(.debug_typenames)

.debug_varnames
 *(.debug_varnames)

.note.gnu.arm.ident
 *(.note.gnu.arm.ident)

.ARM.attributes
                0x00000000       0x29
 *(.ARM.attributes)
 .ARM.attributes
                0x00000000       0x1d c:/program files (x86)/cypress/psoc creator/4.2/psoc creator/import/gnu/arm/5.4.1/bin/../lib/gcc/arm-none-eabi/5.4.1/armv7-m/crti.o
 .ARM.attributes
                0x0000001d       0x2d c:/program files (x86)/cypress/psoc creator/4.2/psoc creator/import/gnu/arm/5.4.1/bin/../lib/gcc/arm-none-eabi/5.4.1/armv7-m/crtbegin.o
 .ARM.attributes
                0x0000004a       0x1b c:/program files (x86)/cypress/psoc creator/4.2/psoc creator/import/gnu/arm/5.4.1/bin/../lib/gcc/arm-none-eabi/5.4.1/../../../../arm-none-eabi/lib/armv7-m/crt0.o
 .ARM.attributes
                0x00000065       0x33 .\ARM_GCC_541\Debug\main.o
 .ARM.attributes
                0x00000098       0x33 .\ARM_GCC_541\Debug\PumpCom.o
 .ARM.attributes
                0x000000cb       0x33 .\ARM_GCC_541\Debug\Gbr.o
 .ARM.attributes
                0x000000fe       0x33 .\ARM_GCC_541\Debug\printer.o
 .ARM.attributes
                0x00000131       0x33 .\ARM_GCC_541\Debug\cyfitter_cfg.o
 .ARM.attributes
                0x00000164       0x33 .\ARM_GCC_541\Debug\cymetadata.o
 .ARM.attributes
                0x00000197       0x33 .\ARM_GCC_541\Debug\Cm3Start.o
 .ARM.attributes
                0x000001ca       0x33 .\ARM_GCC_541\Debug\Mepsan.a(PWM_1.o)
 .ARM.attributes
                0x000001fd       0x33 .\ARM_GCC_541\Debug\Mepsan.a(Kill_Switch.o)
 .ARM.attributes
                0x00000230       0x33 .\ARM_GCC_541\Debug\Mepsan.a(CyLib.o)
 .ARM.attributes
                0x00000263       0x33 .\ARM_GCC_541\Debug\Mepsan.a(cyPm.o)
 .ARM.attributes
                0x00000296       0x33 .\ARM_GCC_541\Debug\Mepsan.a(UART_1.o)
 .ARM.attributes
                0x000002c9       0x33 .\ARM_GCC_541\Debug\Mepsan.a(UART_1_INT.o)
 .ARM.attributes
                0x000002fc       0x33 .\ARM_GCC_541\Debug\Mepsan.a(UART_1_IntClock.o)
 .ARM.attributes
                0x0000032f       0x33 .\ARM_GCC_541\Debug\Mepsan.a(Timer_1.o)
 .ARM.attributes
                0x00000362       0x33 .\ARM_GCC_541\Debug\Mepsan.a(UART_2.o)
 .ARM.attributes
                0x00000395       0x33 .\ARM_GCC_541\Debug\Mepsan.a(UART_2_INT.o)
 .ARM.attributes
                0x000003c8       0x33 .\ARM_GCC_541\Debug\Mepsan.a(EnablePin.o)
 .ARM.attributes
                0x000003fb       0x33 .\ARM_GCC_541\Debug\Mepsan.a(EnablePin_1.o)
 .ARM.attributes
                0x0000042e       0x33 .\ARM_GCC_541\Debug\Mepsan.a(UART_3.o)
 .ARM.attributes
                0x00000461       0x33 .\ARM_GCC_541\Debug\Mepsan.a(UART_3_INT.o)
 .ARM.attributes
                0x00000494       0x33 .\ARM_GCC_541\Debug\Mepsan.a(UART_3_IntClock.o)
 .ARM.attributes
                0x000004c7       0x21 .\ARM_GCC_541\Debug\Mepsan.a(CyBootAsmGnu.o)
 .ARM.attributes
                0x000004e8       0x33 .\ARM_GCC_541\Debug\Mepsan.a(CyFlash.o)
 .ARM.attributes
                0x0000051b       0x33 .\ARM_GCC_541\Debug\Mepsan.a(CySpc.o)
 .ARM.attributes
                0x0000054e       0x2d c:/program files (x86)/cypress/psoc creator/4.2/psoc creator/import/gnu/arm/5.4.1/bin/../lib/gcc/arm-none-eabi/5.4.1/../../../../arm-none-eabi/lib/armv7-m\libg_nano.a(lib_a-errno.o)
 .ARM.attributes
                0x0000057b       0x2d c:/program files (x86)/cypress/psoc creator/4.2/psoc creator/import/gnu/arm/5.4.1/bin/../lib/gcc/arm-none-eabi/5.4.1/../../../../arm-none-eabi/lib/armv7-m\libg_nano.a(lib_a-exit.o)
 .ARM.attributes
                0x000005a8       0x2d c:/program files (x86)/cypress/psoc creator/4.2/psoc creator/import/gnu/arm/5.4.1/bin/../lib/gcc/arm-none-eabi/5.4.1/../../../../arm-none-eabi/lib/armv7-m\libg_nano.a(lib_a-impure.o)
 .ARM.attributes
                0x000005d5       0x2d c:/program files (x86)/cypress/psoc creator/4.2/psoc creator/import/gnu/arm/5.4.1/bin/../lib/gcc/arm-none-eabi/5.4.1/../../../../arm-none-eabi/lib/armv7-m\libg_nano.a(lib_a-init.o)
 .ARM.attributes
                0x00000602       0x2d c:/program files (x86)/cypress/psoc creator/4.2/psoc creator/import/gnu/arm/5.4.1/bin/../lib/gcc/arm-none-eabi/5.4.1/../../../../arm-none-eabi/lib/armv7-m\libg_nano.a(lib_a-memcpy-stub.o)
 .ARM.attributes
                0x0000062f       0x2d c:/program files (x86)/cypress/psoc creator/4.2/psoc creator/import/gnu/arm/5.4.1/bin/../lib/gcc/arm-none-eabi/5.4.1/../../../../arm-none-eabi/lib/armv7-m\libg_nano.a(lib_a-memset.o)
 .ARM.attributes
                0x0000065c       0x2d c:/program files (x86)/cypress/psoc creator/4.2/psoc creator/import/gnu/arm/5.4.1/bin/../lib/gcc/arm-none-eabi/5.4.1/armv7-m/crtend.o
 .ARM.attributes
                0x00000689       0x1d c:/program files (x86)/cypress/psoc creator/4.2/psoc creator/import/gnu/arm/5.4.1/bin/../lib/gcc/arm-none-eabi/5.4.1/armv7-m/crtn.o

/DISCARD/
 *(.note.GNU-stack)
OUTPUT(C:\Users\Lenovo\Documents\GitHub\Mepsan\Mepsan.cydsn\ARM_GCC_541\Debug\Mepsan.elf elf32-littlearm)
