Archive member included to satisfy reference by file (symbol)

.\ARM_GCC_541\Debug\Mepsan.a(PWM_1.o)
                              .\ARM_GCC_541\Debug\main.o (PWM_1_Start)
.\ARM_GCC_541\Debug\Mepsan.a(CyLib.o)
                              .\ARM_GCC_541\Debug\Cm3Start.o (CyResetStatus)
.\ARM_GCC_541\Debug\Mepsan.a(cyPm.o)
                              .\ARM_GCC_541\Debug\Mepsan.a(CyLib.o) (CyPmReadStatus)
.\ARM_GCC_541\Debug\Mepsan.a(UART_1.o)
                              .\ARM_GCC_541\Debug\main.o (UART_1_Start)
.\ARM_GCC_541\Debug\Mepsan.a(UART_1_INT.o)
                              .\ARM_GCC_541\Debug\Mepsan.a(UART_1.o) (UART_1_RXISR)
.\ARM_GCC_541\Debug\Mepsan.a(UART_1_IntClock.o)
                              .\ARM_GCC_541\Debug\Mepsan.a(UART_1.o) (UART_1_IntClock_Start)
.\ARM_GCC_541\Debug\Mepsan.a(Timer_1.o)
                              .\ARM_GCC_541\Debug\main.o (Timer_1_Start)
.\ARM_GCC_541\Debug\Mepsan.a(UART_2.o)
                              .\ARM_GCC_541\Debug\main.o (UART_2_Start)
.\ARM_GCC_541\Debug\Mepsan.a(UART_2_INT.o)
                              .\ARM_GCC_541\Debug\Mepsan.a(UART_2.o) (UART_2_RXISR)
.\ARM_GCC_541\Debug\Mepsan.a(EnablePin.o)
                              .\ARM_GCC_541\Debug\PumpCom.o (EnablePin_Write)
.\ARM_GCC_541\Debug\Mepsan.a(UART_3.o)
                              .\ARM_GCC_541\Debug\main.o (UART_3_Start)
.\ARM_GCC_541\Debug\Mepsan.a(UART_3_INT.o)
                              .\ARM_GCC_541\Debug\Mepsan.a(UART_3.o) (UART_3_TXISR)
.\ARM_GCC_541\Debug\Mepsan.a(UART_3_IntClock.o)
                              .\ARM_GCC_541\Debug\Mepsan.a(UART_3.o) (UART_3_IntClock_Start)
.\ARM_GCC_541\Debug\Mepsan.a(screen.o)
                              .\ARM_GCC_541\Debug\main.o (screen_Start)
.\ARM_GCC_541\Debug\Mepsan.a(screen_INT.o)
                              .\ARM_GCC_541\Debug\Mepsan.a(screen.o) (screen_RXISR)
.\ARM_GCC_541\Debug\Mepsan.a(screen_IntClock.o)
                              .\ARM_GCC_541\Debug\Mepsan.a(screen.o) (screen_IntClock_Start)
.\ARM_GCC_541\Debug\Mepsan.a(EEPROM_1.o)
                              .\ARM_GCC_541\Debug\main.o (EEPROM_1_Start)
.\ARM_GCC_541\Debug\Mepsan.a(CyBootAsmGnu.o)
                              .\ARM_GCC_541\Debug\cyfitter_cfg.o (CyDelayCycles)
.\ARM_GCC_541\Debug\Mepsan.a(CyFlash.o)
                              .\ARM_GCC_541\Debug\Mepsan.a(EEPROM_1.o) (dieTemperature)
.\ARM_GCC_541\Debug\Mepsan.a(CySpc.o)
                              .\ARM_GCC_541\Debug\Mepsan.a(EEPROM_1.o) (CySpcStart)
c:/program files (x86)/cypress/psoc creator/4.2/psoc creator/import/gnu/arm/5.4.1/bin/../lib/gcc/arm-none-eabi/5.4.1/../../../../arm-none-eabi/lib/armv7-m\libg_nano.a(lib_a-errno.o)
                              .\ARM_GCC_541\Debug\Cm3Start.o (__errno)
c:/program files (x86)/cypress/psoc creator/4.2/psoc creator/import/gnu/arm/5.4.1/bin/../lib/gcc/arm-none-eabi/5.4.1/../../../../arm-none-eabi/lib/armv7-m\libg_nano.a(lib_a-exit.o)
                              c:/program files (x86)/cypress/psoc creator/4.2/psoc creator/import/gnu/arm/5.4.1/bin/../lib/gcc/arm-none-eabi/5.4.1/../../../../arm-none-eabi/lib/armv7-m/crt0.o (exit)
c:/program files (x86)/cypress/psoc creator/4.2/psoc creator/import/gnu/arm/5.4.1/bin/../lib/gcc/arm-none-eabi/5.4.1/../../../../arm-none-eabi/lib/armv7-m\libg_nano.a(lib_a-impure.o)
                              c:/program files (x86)/cypress/psoc creator/4.2/psoc creator/import/gnu/arm/5.4.1/bin/../lib/gcc/arm-none-eabi/5.4.1/../../../../arm-none-eabi/lib/armv7-m\libg_nano.a(lib_a-exit.o) (_global_impure_ptr)
c:/program files (x86)/cypress/psoc creator/4.2/psoc creator/import/gnu/arm/5.4.1/bin/../lib/gcc/arm-none-eabi/5.4.1/../../../../arm-none-eabi/lib/armv7-m\libg_nano.a(lib_a-init.o)
                              c:/program files (x86)/cypress/psoc creator/4.2/psoc creator/import/gnu/arm/5.4.1/bin/../lib/gcc/arm-none-eabi/5.4.1/../../../../arm-none-eabi/lib/armv7-m/crt0.o (__libc_init_array)
c:/program files (x86)/cypress/psoc creator/4.2/psoc creator/import/gnu/arm/5.4.1/bin/../lib/gcc/arm-none-eabi/5.4.1/../../../../arm-none-eabi/lib/armv7-m\libg_nano.a(lib_a-memcpy-stub.o)
                              .\ARM_GCC_541\Debug\cyfitter_cfg.o (memcpy)
c:/program files (x86)/cypress/psoc creator/4.2/psoc creator/import/gnu/arm/5.4.1/bin/../lib/gcc/arm-none-eabi/5.4.1/../../../../arm-none-eabi/lib/armv7-m\libg_nano.a(lib_a-memset.o)
                              c:/program files (x86)/cypress/psoc creator/4.2/psoc creator/import/gnu/arm/5.4.1/bin/../lib/gcc/arm-none-eabi/5.4.1/../../../../arm-none-eabi/lib/armv7-m/crt0.o (memset)

Allocating common symbols
Common symbol       size              file

UART_2_rxBuffer     0x80              .\ARM_GCC_541\Debug\Mepsan.a(UART_2.o)
sale_number         0x6               .\ARM_GCC_541\Debug\main.o
side                0x4ac             .\ARM_GCC_541\Debug\main.o
crc_hi              0x1               .\ARM_GCC_541\Debug\main.o
[...]
Memory Configuration

Name             Origin             Length             Attributes
rom              0x00000000         0x00040000         xr
ram              0x1fff8000         0x00010000         xrw
*default*        0x00000000         0xffffffff

Linker script and memory map

LOAD c:/program files (x86)/cypress/psoc creator/4.2/psoc creator/import/gnu/arm/5.4.1/bin/../lib/gcc/arm-none-eabi/5.4.1/armv7-m/crti.o
LOAD c:/program files (x86)/cypress/psoc creator/4.2/psoc creator/import/gnu/arm/5.4.1/bin/../lib/gcc/arm-none-eabi/5.4.1/armv7-m/crtbegin.o
LOAD c:/program files (x86)/cypress/psoc creator/4.2/psoc creator/import/gnu/arm/5.4.1/bin/../lib/gcc/arm-none-eabi/5.4.1/../../../../arm-none-eabi/lib/armv7-m/crt0.o
START GROUP
LOAD .\ARM_GCC_541\Debug\main.o
LOAD .\ARM_GCC_541\Debug\PumpCom.o
LOAD .\ARM_GCC_541\Debug\Gbr.o
LOAD .\ARM_GCC_541\Debug\printer.o
LOAD .\ARM_GCC_541\Debug\cyfitter_cfg.o
LOAD .\ARM_GCC_541\Debug\cymetadata.o
LOAD .\ARM_GCC_541\Debug\Cm3Start.o
LOAD .\ARM_GCC_541\Debug\Mepsan.a
LOAD C:\Program Files (x86)\Cypress\PSoC Creator\4.2\PSoC Creator\psoc\content\cycomponentlibrary\CyComponentLibrary.cylib\CortexM3\ARM_GCC_541\Debug\CyComponentLibrary.a
END GROUP
START GROUP
LOAD c:/program files (x86)/cypress/psoc creator/4.2/psoc creator/import/gnu/arm/5.4.1/bin/../lib/gcc/arm-none-eabi/5.4.1/armv7-m\libgcc.a
LOAD c:/program files (x86)/cypress/psoc creator/4.2/psoc creator/import/gnu/arm/5.4.1/bin/../lib/gcc/arm-none-eabi/5.4.1/../../../../arm-none-eabi/lib/armv7-m\libg_nano.a
LOAD c:/program files (x86)/cypress/psoc creator/4.2/psoc creator/import/gnu/arm/5.4.1/bin/../lib/gcc/arm-none-eabi/5.4.1/../../../../arm-none-eabi/lib/armv7-m\libc_nano.a
END GROUP
START GROUP
LOAD c:/program files (x86)/cypress/psoc creator/4.2/psoc creator/import/gnu/arm/5.4.1/bin/../lib/gcc/arm-none-eabi/5.4.1/armv7-m\libgcc.a
LOAD c:/program files (x86)/cypress/psoc creator/4.2/psoc creator/import/gnu/arm/5.4.1/bin/../lib/gcc/arm-none-eabi/5.4.1/../../../../arm-none-eabi/lib/armv7-m\libc_nano.a
END GROUP
LOAD c:/program files (x86)/cypress/psoc creator/4.2/psoc creator/import/gnu/arm/5.4.1/bin/../lib/gcc/arm-none-eabi/5.4.1/armv7-m/crtend.o
LOAD c:/program files (x86)/cypress/psoc creator/4.2/psoc creator/import/gnu/arm/5.4.1/bin/../lib/gcc/arm-none-eabi/5.4.1/armv7-m/crtn.o
START GROUP
LOAD c:/program files (x86)/cypress/psoc creator/4.2/psoc creator/import/gnu/arm/5.4.1/bin/../lib/gcc/arm-none-eabi/5.4.1/armv7-m\libgcc.a
LOAD c:/program files (x86)/cypress/psoc creator/4.2/psoc creator/import/gnu/arm/5.4.1/bin/../lib/gcc/arm-none-eabi/5.4.1/../../../../arm-none-eabi/lib/armv7-m\libc.a
LOAD c:/program files (x86)/cypress/psoc creator/4.2/psoc creator/import/gnu/arm/5.4.1/bin/../lib/gcc/arm-none-eabi/5.4.1/../../../../arm-none-eabi/lib/armv7-m\libnosys.a
END GROUP
                0x00000000                CY_APPL_ORIGIN = 0x0
                0x00000100                CY_FLASH_ROW_SIZE = 0x100
                0x00000020                CY_ECC_ROW_SIZE = 0x20
                0x00000000                CY_EE_IN_BTLDR = 0x0
                0x00000000                CY_APPL_LOADABLE = 0x0
                0x00000800                CY_EE_SIZE = 0x800
                0x00000001                CY_APPL_NUM = 0x1
                0x00000001                CY_APPL_MAX = 0x1
                0x00000040                CY_METADATA_SIZE = 0x40
                0x00000000                CY_APPL_LOADABLE = 0x0
                0x00000000                CY_CHECKSUM_EXCLUDE_SIZE = ALIGN (0x0, CY_FLASH_ROW_SIZE)
                [!provide]                PROVIDE (__cy_heap_start, _end)
                0x00000001                PROVIDE (__cy_region_num, ((__cy_regions_end - __cy_regions) / 0x10))
                0x20008000                PROVIDE (__cy_stack, (ORIGIN (ram) + LENGTH (ram)))
                [!provide]                PROVIDE (__cy_heap_end, (__cy_stack - 0x800))

.cybootloader   0x00000000        0x0
 *(.cybootloader)
                0x00000000                appl1_start = CY_APPL_ORIGIN?CY_APPL_ORIGIN:ALIGN (CY_FLASH_ROW_SIZE)
                0x0001ff00                appl2_start = (appl1_start + ALIGN ((((LENGTH (rom) - appl1_start) - (0x2 * CY_FLASH_ROW_SIZE)) / 0x2), CY_FLASH_ROW_SIZE))
                0x00000000                appl_start = (CY_APPL_NUM == 0x1)?appl1_start:appl2_start
                0x00000000                ecc_offset = ((appl_start / CY_FLASH_ROW_SIZE) * CY_ECC_ROW_SIZE)
                0x00000000                ee_offset = (CY_APPL_LOADABLE && ! (CY_EE_IN_BTLDR))?((CY_EE_SIZE / CY_APPL_MAX) * (CY_APPL_NUM - 0x1)):0x0
                0x00000800                ee_size = (CY_APPL_LOADABLE && ! (CY_EE_IN_BTLDR))?(CY_EE_SIZE / CY_APPL_MAX):CY_EE_SIZE
                [!provide]                PROVIDE (CY_ECC_OFFSET, ecc_offset)

.text           0x00000000     0x69da
 CREATE_OBJECT_SYMBOLS
                0x00000000                PROVIDE (__cy_interrupt_vector, RomVectors)
 *(.romvectors)
 .romvectors    0x00000000       0x10 .\ARM_GCC_541\Debug\Cm3Start.o
                0x00000000                RomVectors
                0x00000001                ASSERT ((. != __cy_interrupt_vector), No interrupt vector)
                0x00000001                ASSERT (CY_APPL_ORIGIN?(SIZEOF (.cybootloader) <= CY_APPL_ORIGIN):0x1, Wrong image location)
                0x00000010                PROVIDE (__cy_reset, Reset)
 *(.text.Reset)
 .text.Reset    0x00000010       0x18 .\ARM_GCC_541\Debug\Cm3Start.o
                0x00000010                Reset
                0x00000001                ASSERT ((. != __cy_reset), No reset code)
 *(.dma_init)
 .dma_init      0x00000028      0x2d8 .\ARM_GCC_541\Debug\cyfitter_cfg.o
                0x00000001                ASSERT ((((appl_start + .) <= 0x10000) || 0x0), DMA Init must be within the first 64k of flash)
 *(.text .text.* .gnu.linkonce.t.*)
 .text          0x00000300       0x5c c:/program files (x86)/cypress/psoc creator/4.2/psoc creator/import/gnu/arm/5.4.1/bin/../lib/gcc/arm-none-eabi/5.4.1/armv7-m/crtbegin.o
 .text.PollingPos
                0x0000035c      0x1b0 .\ARM_GCC_541\Debug\main.o
                0x0000035c                PollingPos
 .text.main     0x0000050c      0xbac .\ARM_GCC_541\Debug\main.o
                0x0000050c                main
 .text.gen_crc16
                0x000010b8       0xfc .\ARM_GCC_541\Debug\PumpCom.o
                0x000010b8                gen_crc16
 .text.GetResponse
                0x000011b4     0x1c58 .\ARM_GCC_541\Debug\PumpCom.o
                0x000011b4                GetResponse
 .text.GetAddress
                0x00002e0c       0xb0 .\ARM_GCC_541\Debug\PumpCom.o
                0x00002e0c                GetAddress
 .text.Authorize
                0x00002ebc       0xdc .\ARM_GCC_541\Debug\PumpCom.o
                0x00002ebc                Authorize
 .text.PumpState
                0x00002f98      0x184 .\ARM_GCC_541\Debug\PumpCom.o
                0x00002f98                PumpState
 .text.PriceUpdate
                0x0000311c      0x114 .\ARM_GCC_541\Debug\PumpCom.o
                0x0000311c                PriceUpdate
 .text.TotalRequest
                0x00003230      0x10c .\ARM_GCC_541\Debug\PumpCom.o
                0x00003230                TotalRequest
 .text.PrintReceipt
                0x0000333c      0xf18 .\ARM_GCC_541\Debug\printer.o
                0x0000333c                PrintReceipt
 .text.PrintShift
                0x00004254      0xa58 .\ARM_GCC_541\Debug\printer.o
                0x00004254                PrintShift
 .text.CYCONFIGCPY
                0x00004cac       0x20 .\ARM_GCC_541\Debug\cyfitter_cfg.o
 .text.CyClockStartupError
                0x00004ccc        0xc .\ARM_GCC_541\Debug\cyfitter_cfg.o
 .text.cfg_dma_init
                0x00004cd8      0x174 .\ARM_GCC_541\Debug\cyfitter_cfg.o
 .text.ClockSetup
                0x00004e4c      0x158 .\ARM_GCC_541\Debug\cyfitter_cfg.o
 .text.AnalogSetDefault
                0x00004fa4       0x44 .\ARM_GCC_541\Debug\cyfitter_cfg.o
 .text.cyfitter_cfg
                0x00004fe8      0x100 .\ARM_GCC_541\Debug\cyfitter_cfg.o
                0x00004fe8                cyfitter_cfg
 .text.IntDefaultHandler
                0x000050e8       0x14 .\ARM_GCC_541\Debug\Cm3Start.o
                0x000050e8                IntDefaultHandler
 .text.Start_c  0x000050fc       0x98 .\ARM_GCC_541\Debug\Cm3Start.o
                0x000050fc                Start_c
 .text.initialize_psoc
                0x00005194       0x90 .\ARM_GCC_541\Debug\Cm3Start.o
                0x00005194                initialize_psoc
 .text.PWM_1_Start
                0x00005224       0x24 .\ARM_GCC_541\Debug\Mepsan.a(PWM_1.o)
                0x00005224                PWM_1_Start
 .text.PWM_1_Init
                0x00005248       0xbc .\ARM_GCC_541\Debug\Mepsan.a(PWM_1.o)
                0x00005248                PWM_1_Init
 .text.PWM_1_Enable
                0x00005304       0x48 .\ARM_GCC_541\Debug\Mepsan.a(PWM_1.o)
                0x00005304                PWM_1_Enable
 .text.PWM_1_WritePeriod
                0x0000534c       0x20 .\ARM_GCC_541\Debug\Mepsan.a(PWM_1.o)
                0x0000534c                PWM_1_WritePeriod
 .text.PWM_1_WriteCompare
                0x0000536c       0x20 .\ARM_GCC_541\Debug\Mepsan.a(PWM_1.o)
                0x0000536c                PWM_1_WriteCompare
 .text.PWM_1_SetInterruptMode
                0x0000538c       0x20 .\ARM_GCC_541\Debug\Mepsan.a(PWM_1.o)
                0x0000538c                PWM_1_SetInterruptMode
 .text.CyHalt   0x000053ac       0x18 .\ARM_GCC_541\Debug\Mepsan.a(CyLib.o)
                0x000053ac                CyHalt
 .text.CyDelay  0x000053c4       0x44 .\ARM_GCC_541\Debug\Mepsan.a(CyLib.o)
                0x000053c4                CyDelay
 .text.CyDelayUs
                0x00005408       0x28 .\ARM_GCC_541\Debug\Mepsan.a(CyLib.o)
                0x00005408                CyDelayUs
 .text.CyIntSetVector
                0x00005430       0x50 .\ARM_GCC_541\Debug\Mepsan.a(CyLib.o)
                0x00005430                CyIntSetVector
 .text.CyIntSetPriority
                0x00005480       0x48 .\ARM_GCC_541\Debug\Mepsan.a(CyLib.o)
                0x00005480                CyIntSetPriority
 .text.UART_1_Start
                0x000054c8       0x24 .\ARM_GCC_541\Debug\Mepsan.a(UART_1.o)
                0x000054c8                UART_1_Start
 .text.UART_1_Init
                0x000054ec       0x58 .\ARM_GCC_541\Debug\Mepsan.a(UART_1.o)
                0x000054ec                UART_1_Init
 .text.UART_1_Enable
                0x00005544       0x68 .\ARM_GCC_541\Debug\Mepsan.a(UART_1.o)
                0x00005544                UART_1_Enable
 .text.UART_1_ReadRxData
                0x000055ac       0x90 .\ARM_GCC_541\Debug\Mepsan.a(UART_1.o)
                0x000055ac                UART_1_ReadRxData
 .text.UART_1_GetRxBufferSize
                0x0000563c       0x90 .\ARM_GCC_541\Debug\Mepsan.a(UART_1.o)
                0x0000563c                UART_1_GetRxBufferSize
 .text.UART_1_ClearRxBuffer
                0x000056cc       0x80 .\ARM_GCC_541\Debug\Mepsan.a(UART_1.o)
                0x000056cc                UART_1_ClearRxBuffer
 .text.UART_1_PutChar
                0x0000574c       0x34 .\ARM_GCC_541\Debug\Mepsan.a(UART_1.o)
                0x0000574c                UART_1_PutChar
 .text.UART_1_RXISR
                0x00005780       0xdc .\ARM_GCC_541\Debug\Mepsan.a(UART_1_INT.o)
                0x00005780                UART_1_RXISR
 .text.UART_1_IntClock_Start
                0x0000585c       0x34 .\ARM_GCC_541\Debug\Mepsan.a(UART_1_IntClock.o)
                0x0000585c                UART_1_IntClock_Start
 .text.Timer_1_Init
                0x00005890       0xa0 .\ARM_GCC_541\Debug\Mepsan.a(Timer_1.o)
                0x00005890                Timer_1_Init
 .text.Timer_1_Enable
                0x00005930       0x48 .\ARM_GCC_541\Debug\Mepsan.a(Timer_1.o)
                0x00005930                Timer_1_Enable
 .text.Timer_1_Start
                0x00005978       0x24 .\ARM_GCC_541\Debug\Mepsan.a(Timer_1.o)
                0x00005978                Timer_1_Start
 .text.Timer_1_SetInterruptMode
                0x0000599c       0x20 .\ARM_GCC_541\Debug\Mepsan.a(Timer_1.o)
                0x0000599c                Timer_1_SetInterruptMode
 .text.Timer_1_WritePeriod
                0x000059bc       0x24 .\ARM_GCC_541\Debug\Mepsan.a(Timer_1.o)
                0x000059bc                Timer_1_WritePeriod
 .text.Timer_1_WriteCounter
                0x000059e0       0x20 .\ARM_GCC_541\Debug\Mepsan.a(Timer_1.o)
                0x000059e0                Timer_1_WriteCounter
 .text.UART_2_Start
                0x00005a00       0x24 .\ARM_GCC_541\Debug\Mepsan.a(UART_2.o)
                0x00005a00                UART_2_Start
 .text.UART_2_Init
                0x00005a24       0x58 .\ARM_GCC_541\Debug\Mepsan.a(UART_2.o)
                0x00005a24                UART_2_Init
 .text.UART_2_Enable
                0x00005a7c       0x64 .\ARM_GCC_541\Debug\Mepsan.a(UART_2.o)
                0x00005a7c                UART_2_Enable
 .text.UART_2_RXISR
                0x00005ae0       0xdc .\ARM_GCC_541\Debug\Mepsan.a(UART_2_INT.o)
                0x00005ae0                UART_2_RXISR
 .text.EnablePin_Write
                0x00005bbc       0x38 .\ARM_GCC_541\Debug\Mepsan.a(EnablePin.o)
                0x00005bbc                EnablePin_Write
 .text.UART_3_Start
                0x00005bf4       0x24 .\ARM_GCC_541\Debug\Mepsan.a(UART_3.o)
                0x00005bf4                UART_3_Start
 .text.UART_3_Init
                0x00005c18       0x3c .\ARM_GCC_541\Debug\Mepsan.a(UART_3.o)
                0x00005c18                UART_3_Init
 .text.UART_3_Enable
                0x00005c54       0x4c .\ARM_GCC_541\Debug\Mepsan.a(UART_3.o)
                0x00005c54                UART_3_Enable
 .text.UART_3_PutChar
                0x00005ca0       0xb8 .\ARM_GCC_541\Debug\Mepsan.a(UART_3.o)
                0x00005ca0                UART_3_PutChar
 .text.UART_3_TXISR
                0x00005d58       0x70 .\ARM_GCC_541\Debug\Mepsan.a(UART_3_INT.o)
                0x00005d58                UART_3_TXISR
 .text.UART_3_IntClock_Start
                0x00005dc8       0x34 .\ARM_GCC_541\Debug\Mepsan.a(UART_3_IntClock.o)
                0x00005dc8                UART_3_IntClock_Start
 .text.screen_Start
                0x00005dfc       0x24 .\ARM_GCC_541\Debug\Mepsan.a(screen.o)
                0x00005dfc                screen_Start
 .text.screen_Init
                0x00005e20       0x6c .\ARM_GCC_541\Debug\Mepsan.a(screen.o)
                0x00005e20                screen_Init
 .text.screen_Enable
                0x00005e8c       0x78 .\ARM_GCC_541\Debug\Mepsan.a(screen.o)
                0x00005e8c                screen_Enable
 .text.screen_ReadRxData
                0x00005f04       0x90 .\ARM_GCC_541\Debug\Mepsan.a(screen.o)
                0x00005f04                screen_ReadRxData
 .text.screen_GetRxBufferSize
                0x00005f94       0x90 .\ARM_GCC_541\Debug\Mepsan.a(screen.o)
                0x00005f94                screen_GetRxBufferSize
 .text.screen_PutChar
                0x00006024       0xb8 .\ARM_GCC_541\Debug\Mepsan.a(screen.o)
                0x00006024                screen_PutChar
 .text.screen_RXISR
                0x000060dc       0xd8 .\ARM_GCC_541\Debug\Mepsan.a(screen_INT.o)
                0x000060dc                screen_RXISR
 .text.screen_TXISR
                0x000061b4       0x70 .\ARM_GCC_541\Debug\Mepsan.a(screen_INT.o)
                0x000061b4                screen_TXISR
 .text.screen_IntClock_Start
                0x00006224       0x34 .\ARM_GCC_541\Debug\Mepsan.a(screen_IntClock.o)
                0x00006224                screen_IntClock_Start
 .text.EEPROM_1_Enable
                0x00006258       0x10 .\ARM_GCC_541\Debug\Mepsan.a(EEPROM_1.o)
                0x00006258                EEPROM_1_Enable
 .text.EEPROM_1_Start
                0x00006268        0xc .\ARM_GCC_541\Debug\Mepsan.a(EEPROM_1.o)
                0x00006268                EEPROM_1_Start
 .text.EEPROM_1_WriteByte
                0x00006274      0x114 .\ARM_GCC_541\Debug\Mepsan.a(EEPROM_1.o)
                0x00006274                EEPROM_1_WriteByte
 .text.EEPROM_1_ReadByte
                0x00006388       0x3c .\ARM_GCC_541\Debug\Mepsan.a(EEPROM_1.o)
                0x00006388                EEPROM_1_ReadByte
 *fill*         0x000063c4        0x4 
 .text          0x000063c8       0x54 .\ARM_GCC_541\Debug\Mepsan.a(CyBootAsmGnu.o)
                0x000063c8                CyDelayCycles
                0x00006406                CyEnterCriticalSection
                0x0000640e                CyExitCriticalSection
 .text.CySetTempInt
                0x0000641c       0x7c .\ARM_GCC_541\Debug\Mepsan.a(CyFlash.o)
 .text.CyFlashGetSpcAlgorithm
                0x00006498       0x70 .\ARM_GCC_541\Debug\Mepsan.a(CyFlash.o)
                0x00006498                CyFlashGetSpcAlgorithm
 .text.CySetTemp
                0x00006508       0x24 .\ARM_GCC_541\Debug\Mepsan.a(CyFlash.o)
                0x00006508                CySetTemp
 .text.CyEEPROM_Start
                0x0000652c       0x8c .\ARM_GCC_541\Debug\Mepsan.a(CyFlash.o)
                0x0000652c                CyEEPROM_Start
 .text.CyEEPROM_ReadReserve
                0x000065b8       0x30 .\ARM_GCC_541\Debug\Mepsan.a(CyFlash.o)
                0x000065b8                CyEEPROM_ReadReserve
 .text.CyEEPROM_ReadRelease
                0x000065e8       0x20 .\ARM_GCC_541\Debug\Mepsan.a(CyFlash.o)
                0x000065e8                CyEEPROM_ReadRelease
 .text.CySpcStart
                0x00006608       0x48 .\ARM_GCC_541\Debug\Mepsan.a(CySpc.o)
                0x00006608                CySpcStart
 .text.CySpcReadData
                0x00006650       0x54 .\ARM_GCC_541\Debug\Mepsan.a(CySpc.o)
                0x00006650                CySpcReadData
 .text.CySpcLoadMultiByte
                0x000066a4       0xd0 .\ARM_GCC_541\Debug\Mepsan.a(CySpc.o)
                0x000066a4                CySpcLoadMultiByte
 .text.CySpcWriteRow
                0x00006774       0x98 .\ARM_GCC_541\Debug\Mepsan.a(CySpc.o)
                0x00006774                CySpcWriteRow
 .text.CySpcGetTemp
                0x0000680c       0x64 .\ARM_GCC_541\Debug\Mepsan.a(CySpc.o)
                0x0000680c                CySpcGetTemp
 .text.CySpcLock
                0x00006870       0x68 .\ARM_GCC_541\Debug\Mepsan.a(CySpc.o)
                0x00006870                CySpcLock
 .text.CySpcUnlock
                0x000068d8       0x50 .\ARM_GCC_541\Debug\Mepsan.a(CySpc.o)
                0x000068d8                CySpcUnlock
 .text.CySpcGetAlgorithm
                0x00006928       0x44 .\ARM_GCC_541\Debug\Mepsan.a(CySpc.o)
                0x00006928                CySpcGetAlgorithm
 .text.__errno  0x0000696c        0xc c:/program files (x86)/cypress/psoc creator/4.2/psoc creator/import/gnu/arm/5.4.1/bin/../lib/gcc/arm-none-eabi/5.4.1/../../../../arm-none-eabi/lib/armv7-m\libg_nano.a(lib_a-errno.o)
                0x0000696c                __errno
 .text.__libc_init_array
                0x00006978       0x4c c:/program files (x86)/cypress/psoc creator/4.2/psoc creator/import/gnu/arm/5.4.1/bin/../lib/gcc/arm-none-eabi/5.4.1/../../../../arm-none-eabi/lib/armv7-m\libg_nano.a(lib_a-init.o)
                0x00006978                __libc_init_array
 .text.memcpy   0x000069c4       0x16 c:/program files (x86)/cypress/psoc creator/4.2/psoc creator/import/gnu/arm/5.4.1/bin/../lib/gcc/arm-none-eabi/5.4.1/../../../../arm-none-eabi/lib/armv7-m\libg_nano.a(lib_a-memcpy-stub.o)
                0x000069c4                memcpy
 *(.plt)
 *(.gnu.warning)
 *(.glue_7t)
 .glue_7t       0x000069da        0x0 linker stubs
 *(.glue_7)
 .glue_7        0x000069da        0x0 linker stubs
 *(.vfp11_veneer)
 .vfp11_veneer  0x000069da        0x0 linker stubs
 *(.bootloader)
 *(.ARM.extab* .gnu.linkonce.armextab.*)
 *(.gcc_except_table)

.v4_bx          0x000069dc        0x0
 .v4_bx         0x000069dc        0x0 linker stubs

.iplt           0x000069dc        0x0
 .iplt          0x000069dc        0x0 c:/program files (x86)/cypress/psoc creator/4.2/psoc creator/import/gnu/arm/5.4.1/bin/../lib/gcc/arm-none-eabi/5.4.1/armv7-m/crtbegin.o

.eh_frame_hdr
 *(.eh_frame_hdr)

.eh_frame       0x000069dc        0x4
 *(.eh_frame)
 .eh_frame      0x000069dc        0x0 c:/program files (x86)/cypress/psoc creator/4.2/psoc creator/import/gnu/arm/5.4.1/bin/../lib/gcc/arm-none-eabi/5.4.1/armv7-m/crtbegin.o
 .eh_frame      0x000069dc        0x4 c:/program files (x86)/cypress/psoc creator/4.2/psoc creator/import/gnu/arm/5.4.1/bin/../lib/gcc/arm-none-eabi/5.4.1/armv7-m/crtend.o
                [!provide]                PROVIDE (__exidx_start, .)

.ARM.exidx
 *(.ARM.exidx* .gnu.linkonce.armexidx.*)
                0x000069e0                __exidx_end = .

.rodata         0x000069e0      0x1a8
 *(.rodata .rodata.* .gnu.linkonce.r.*)
 .rodata        0x000069e0       0x13 .\ARM_GCC_541\Debug\main.o
 *fill*         0x000069f3        0x1 
 .rodata        0x000069f4      0x158 .\ARM_GCC_541\Debug\cyfitter_cfg.o
 .rodata.str1.1
                0x00006b4c        0x2 c:/program files (x86)/cypress/psoc creator/4.2/psoc creator/import/gnu/arm/5.4.1/bin/../lib/gcc/arm-none-eabi/5.4.1/../../../../arm-none-eabi/lib/armv7-m\libg_nano.a(lib_a-impure.o)
                0x00006b50                . = ALIGN (0x4)
 *fill*         0x00006b4e        0x2 
 *(.init)
 .init          0x00006b50        0x4 c:/program files (x86)/cypress/psoc creator/4.2/psoc creator/import/gnu/arm/5.4.1/bin/../lib/gcc/arm-none-eabi/5.4.1/armv7-m/crti.o
                0x00006b50                _init
 .init          0x00006b54        0x8 c:/program files (x86)/cypress/psoc creator/4.2/psoc creator/import/gnu/arm/5.4.1/bin/../lib/gcc/arm-none-eabi/5.4.1/armv7-m/crtn.o
                0x00006b5c                . = ALIGN (0x4)
                0x00006b5c                __preinit_array_start = .
 *(.preinit_array)
                0x00006b5c                __preinit_array_end = .
                0x00006b5c                . = ALIGN (0x4)
                0x00006b5c                __init_array_start = .
 *(SORT(.init_array.*))
 *(.init_array)
 .init_array    0x00006b5c        0x4 c:/program files (x86)/cypress/psoc creator/4.2/psoc creator/import/gnu/arm/5.4.1/bin/../lib/gcc/arm-none-eabi/5.4.1/armv7-m/crtbegin.o
 .init_array    0x00006b60        0x4 .\ARM_GCC_541\Debug\Cm3Start.o
                0x00006b64                __init_array_end = .
                0x00006b64                . = ALIGN (0x4)
 *(.fini)
 .fini          0x00006b64        0x4 c:/program files (x86)/cypress/psoc creator/4.2/psoc creator/import/gnu/arm/5.4.1/bin/../lib/gcc/arm-none-eabi/5.4.1/armv7-m/crti.o
                0x00006b64                _fini
 .fini          0x00006b68        0x8 c:/program files (x86)/cypress/psoc creator/4.2/psoc creator/import/gnu/arm/5.4.1/bin/../lib/gcc/arm-none-eabi/5.4.1/armv7-m/crtn.o
                0x00006b70                . = ALIGN (0x4)
                0x00006b70                __fini_array_start = .
 *(.fini_array)
 .fini_array    0x00006b70        0x4 c:/program files (x86)/cypress/psoc creator/4.2/psoc creator/import/gnu/arm/5.4.1/bin/../lib/gcc/arm-none-eabi/5.4.1/armv7-m/crtbegin.o
 *(SORT(.fini_array.*))
                0x00006b74                __fini_array_end = .
                0x00006b74                . = ALIGN (0x4)
 *crtbegin.o(.ctors)
 *(EXCLUDE_FILE(*crtend.o) .ctors)
 *(SORT(.ctors.*))
 *crtend.o(.ctors)
                0x00006b74                . = ALIGN (0x4)
 *crtbegin.o(.dtors)
 *(EXCLUDE_FILE(*crtend.o) .dtors)
 *(SORT(.dtors.*))
 *crtend.o(.dtors)
                0x00006b74                . = ALIGN (0x4)
                0x00006b74                __cy_regions = .
                0x00006b74        0x4 LONG 0x6b88 __cy_region_init_ram
                0x00006b78        0x4 LONG 0x1fff80c8 __cy_region_start_data
                0x00006b7c        0x4 LONG 0x358 __cy_region_init_size_ram
                0x00006b80        0x4 LONG 0x6d0 __cy_region_zero_size_ram
                0x00006b84                __cy_regions_end = .
                0x00006b88                . = ALIGN (0x8)
 *fill*         0x00006b84        0x4 
                0x00006b88                _etext = .

.cy_checksum_exclude
                0x00006b88        0x0
 *(.cy_checksum_exclude)

.ramvectors     0x1fff8000       0xc0
                0x1fff8000                __cy_region_start_ram = .
 *(.ramvectors)
 .ramvectors    0x1fff8000       0xc0 .\ARM_GCC_541\Debug\Cm3Start.o
                0x1fff8000                CyRamVectors

.noinit         0x1fff80c0        0x5
 *(.noinit)
 .noinit        0x1fff80c0        0x4 .\ARM_GCC_541\Debug\Cm3Start.o
 .noinit        0x1fff80c4        0x1 .\ARM_GCC_541\Debug\Mepsan.a(CyLib.o)
                0x1fff80c4                CyResetStatus

.data           0x1fff80c8      0x358 load address 0x00006b88
                0x1fff80c8                __cy_region_start_data = .
 *(.jcr)
 .jcr           0x1fff80c8        0x0 c:/program files (x86)/cypress/psoc creator/4.2/psoc creator/import/gnu/arm/5.4.1/bin/../lib/gcc/arm-none-eabi/5.4.1/armv7-m/crtbegin.o
 .jcr           0x1fff80c8        0x4 c:/program files (x86)/cypress/psoc creator/4.2/psoc creator/import/gnu/arm/5.4.1/bin/../lib/gcc/arm-none-eabi/5.4.1/armv7-m/crtend.o
 *(.got.plt)
 *(.got)
 *(.shdata)
 *(.data .data.* .gnu.linkonce.d.*)
 .data          0x1fff80cc      0x2de .\ARM_GCC_541\Debug\printer.o
                0x1fff80cc                LINE_FEED
                0x1fff80d0                VolSimbol
                0x1fff80d4                msn_EDS
                0x1fff80ec                msn_EDS2
                0x1fff8104                msn_EDS3
                0x1fff811c                msn_EDS4
                0x1fff8134                msn_footer
                0x1fff814c                msn_footer2
                0x1fff8164                msn_diesel
                0x1fff816c                msn_gasoline
                0x1fff8178                msn_fecha
                0x1fff8188                msn_hora
                0x1fff8198                msn_placa
                0x1fff81a8                PRN_MILLEAGE
                0x1fff81b8                PRN_TRANSTYPE
                0x1fff81c8                msn_pos
                0x1fff81d8                msn_product
                0x1fff81e8                msn_ppu
                0x1fff81f8                msn_vol
                0x1fff8208                msn_voltot
                0x1fff8218                msn_din
                0x1fff8228                msn_cierre
                0x1fff8238                msn_venta
                0x1fff8248                msn_numero
                0x1fff8258                PRN_BALANCE
                0x1fff8268                PRN_COMPANY
                0x1fff8278                PRN_ACCOUNT
                0x1fff8288                PRN_SERIAL
                0x1fff8298                PRN_ACCOUNTTYPE
                0x1fff82a8                PRN_VISITSDAY
                0x1fff82b8                PRN_VISITSWEEK
                0x1fff82c8                PRN_VISITSMONTH
                0x1fff82d8                PRN_VOLUMEDAY
                0x1fff82e8                PRN_VOLUMEWEEK
                0x1fff82f8                PRN_VOLUMEMONTH
                0x1fff8308                PRN_MONEYDAY
                0x1fff8318                PRN_MONEYWEEK
                0x1fff8328                PRN_MONEYMONTH
                0x1fff8338                PRN_PRESET
                0x1fff8348                PRN_SIGNATURE
                0x1fff8358                PRN_ID
                0x1fff8368                PRN_CURRENCY
                0x1fff836c                msn_lecact
                0x1fff837c                msn_lecaan
                0x1fff838c                SEPARATOR
                0x1fff83a4                ASK_TIME
 *fill*         0x1fff83aa        0x2 
 .data          0x1fff83ac       0x10 .\ARM_GCC_541\Debug\Mepsan.a(CyLib.o)
                0x1fff83ac                cydelay_freq_hz
                0x1fff83b0                cydelay_freq_khz
                0x1fff83b4                cydelay_freq_mhz
                0x1fff83b8                cydelay_32k_ms
 .data.impure_data
                0x1fff83bc       0x60 c:/program files (x86)/cypress/psoc creator/4.2/psoc creator/import/gnu/arm/5.4.1/bin/../lib/gcc/arm-none-eabi/5.4.1/../../../../arm-none-eabi/lib/armv7-m\libg_nano.a(lib_a-impure.o)
 .data._impure_ptr
                0x1fff841c        0x4 c:/program files (x86)/cypress/psoc creator/4.2/psoc creator/import/gnu/arm/5.4.1/bin/../lib/gcc/arm-none-eabi/5.4.1/../../../../arm-none-eabi/lib/armv7-m\libg_nano.a(lib_a-impure.o)
                0x1fff841c                _impure_ptr
                0x1fff8420                . = ALIGN (0x8)
 *(.ram)
                0x1fff8420                _edata = .

.igot.plt       0x1fff8420        0x0 load address 0x00006ee0
 .igot.plt      0x1fff8420        0x0 c:/program files (x86)/cypress/psoc creator/4.2/psoc creator/import/gnu/arm/5.4.1/bin/../lib/gcc/arm-none-eabi/5.4.1/armv7-m/crtbegin.o

.bss            0x1fff8420      0x6d0 load address 0x00006ee0
                0x1fff8420                PROVIDE (__bss_start__, .)
 *(.shbss)
 *(.bss .bss.* .gnu.linkonce.b.*)
 .bss           0x1fff8420       0x1c c:/program files (x86)/cypress/psoc creator/4.2/psoc creator/import/gnu/arm/5.4.1/bin/../lib/gcc/arm-none-eabi/5.4.1/armv7-m/crtbegin.o
 *fill*         0x1fff843c        0x4 
 .bss           0x1fff8440        0x4 .\ARM_GCC_541\Debug\cyfitter_cfg.o
 .bss           0x1fff8444        0x1 .\ARM_GCC_541\Debug\Mepsan.a(PWM_1.o)
                0x1fff8444                PWM_1_initVar
 .bss           0x1fff8445        0x7 .\ARM_GCC_541\Debug\Mepsan.a(UART_1.o)
                0x1fff8445                UART_1_initVar
                0x1fff8446                UART_1_errorStatus
                0x1fff8447                UART_1_rxBufferRead
                0x1fff8448                UART_1_rxBufferWrite
                0x1fff8449                UART_1_rxBufferLoopDetect
                0x1fff844a                UART_1_rxBufferOverflow
 .bss           0x1fff844c        0x1 .\ARM_GCC_541\Debug\Mepsan.a(Timer_1.o)
                0x1fff844c                Timer_1_initVar
 .bss           0x1fff844d        0x7 .\ARM_GCC_541\Debug\Mepsan.a(UART_2.o)
                0x1fff844d                UART_2_initVar
                0x1fff844e                UART_2_errorStatus
                0x1fff844f                UART_2_rxBufferRead
                0x1fff8450                UART_2_rxBufferWrite
                0x1fff8451                UART_2_rxBufferLoopDetect
                0x1fff8452                UART_2_rxBufferOverflow
 .bss           0x1fff8454        0x4 .\ARM_GCC_541\Debug\Mepsan.a(UART_3.o)
                0x1fff8454                UART_3_initVar
                0x1fff8455                UART_3_txBufferRead
                0x1fff8456                UART_3_txBufferWrite
 .bss           0x1fff8458        0x9 .\ARM_GCC_541\Debug\Mepsan.a(screen.o)
                0x1fff8458                screen_initVar
                0x1fff8459                screen_txBufferRead
                0x1fff845a                screen_txBufferWrite
                0x1fff845b                screen_errorStatus
                0x1fff845c                screen_rxBufferRead
                0x1fff845d                screen_rxBufferWrite
                0x1fff845e                screen_rxBufferLoopDetect
                0x1fff845f                screen_rxBufferOverflow
 *fill*         0x1fff8461        0x3 
 .bss           0x1fff8464        0x8 .\ARM_GCC_541\Debug\Mepsan.a(CySpc.o)
                0x1fff8464                SpcLockState
 *(COMMON)
 COMMON         0x1fff846c      0x556 .\ARM_GCC_541\Debug\main.o
                0x1fff846c                sale_number
                0x1fff8474                side
                0x1fff8920                crc_hi
                0x1fff8924                PumpAddress
                0x1fff8934                MepsanResponse
                0x1fff8966                DecVol
                0x1fff8967                dirGbr
                0x1fff8968                MepsanSendTo
                0x1fff899c                shift_number
                0x1fff89a2                int_shiftnumber
                0x1fff89a3                TotalRequestType
                0x1fff89a4                LCDhose
                0x1fff89a5                Receipt
                0x1fff89a6                Positions
                0x1fff89a7                int_salenumber
                0x1fff89a8                CRC
                0x1fff89aa                crc_lo
                0x1fff89ab                CurrentState
                0x1fff89ac                touch1
                0x1fff89c0                PollCounter
 *fill*         0x1fff89c2        0x2 
 COMMON         0x1fff89c4       0x80 .\ARM_GCC_541\Debug\Mepsan.a(UART_1.o)
                0x1fff89c4                UART_1_rxBuffer
 COMMON         0x1fff8a44       0x80 .\ARM_GCC_541\Debug\Mepsan.a(UART_2.o)
                0x1fff8a44                UART_2_rxBuffer
 COMMON         0x1fff8ac4        0x5 .\ARM_GCC_541\Debug\Mepsan.a(UART_3.o)
                0x1fff8ac4                UART_3_txBuffer
 *fill*         0x1fff8ac9        0x3 
 COMMON         0x1fff8acc       0x1c .\ARM_GCC_541\Debug\Mepsan.a(screen.o)
                0x1fff8acc                screen_txBuffer
                0x1fff8ad4                screen_rxBuffer
 COMMON         0x1fff8ae8        0x2 .\ARM_GCC_541\Debug\Mepsan.a(CyFlash.o)
                0x1fff8ae8                dieTemperature
                0x1fff8af0                . = ALIGN (0x8)
 *fill*         0x1fff8aea        0x6 
 *(.ram.b)
                0x1fff8af0                _end = .
                0x1fff8af0                __end = .
                0x1fff8af0                PROVIDE (end, .)
                0x1fff8af0                PROVIDE (__bss_end__, .)
                0x00006b88                __cy_region_init_ram = LOADADDR (.data)
                0x00000358                __cy_region_init_size_ram = (_edata - ADDR (.data))
                0x000006d0                __cy_region_zero_size_ram = (_end - _edata)

.heap           0x1fff8af0       0x80 load address 0x00006ee0
                0x1fff8af0                . = _end
                0x1fff8b70                . = (. + 0x80)
 *fill*         0x1fff8af0       0x80 
                0x1fff8b70                __cy_heap_limit = .

.stack          0x20007800      0x800
                0x20007800                __cy_stack_limit = .
                0x20008000                . = (. + 0x800)
 *fill*         0x20007800      0x800 
                0x00000001                ASSERT ((__cy_stack_limit >= __cy_heap_limit), region RAM overflowed with stack)
                0x00000000                cy_checksum_exclude_size = (CY_APPL_LOADABLE == 0x1)?SIZEOF (.cy_checksum_exclude):0x0
                0x00000001                ASSERT ((cy_checksum_exclude_size <= CY_CHECKSUM_EXCLUDE_SIZE), CY_BOOT: Section .cy_checksum_exclude size exceedes specified limit.)

.cyloadermeta
 *(.cyloadermeta)

.cyloadablemeta
 *(.cyloadablemeta)

.cyconfigecc    0x80000000     0x1c5c
 *(.cyconfigecc)
 .cyconfigecc   0x80000000     0x1c5c .\ARM_GCC_541\Debug\cymetadata.o
                0x80000000                cy_meta_configecc

.cycustnvl      0x90000000        0x4
 *(.cycustnvl)
 .cycustnvl     0x90000000        0x4 .\ARM_GCC_541\Debug\cymetadata.o
                0x90000000                cy_meta_custnvl

.cywolatch      0x90100000        0x4
 *(.cywolatch)
 .cywolatch     0x90100000        0x4 .\ARM_GCC_541\Debug\cymetadata.o
                0x90100000                cy_meta_wonvl

.cyeeprom       0x90200000        0x0
 *(.cyeeprom)
                0x00000001                ASSERT ((. <= ((0x90200000 + ee_offset) + ee_size)), .cyeeprom data will not fit in EEPROM)

.cyflashprotect
                0x90400000      0x100
 *(.cyflashprotect)
 .cyflashprotect
                0x90400000      0x100 .\ARM_GCC_541\Debug\cymetadata.o
                0x90400000                cy_meta_flashprotect

.cymeta         0x90500000        0xc
 *(.cymeta)
 .cymeta        0x90500000        0xc .\ARM_GCC_541\Debug\cymetadata.o
                0x90500000                cy_metadata

.rel.dyn        0x00006ee0        0x0 load address 0x9050000c
 .rel.iplt      0x00006ee0        0x0 c:/program files (x86)/cypress/psoc creator/4.2/psoc creator/import/gnu/arm/5.4.1/bin/../lib/gcc/arm-none-eabi/5.4.1/armv7-m/crtbegin.o

.stab
 *(.stab)

.stabstr
 *(.stabstr)

.debug
 *(.debug)

.line
 *(.line)

.debug_srcinfo
 *(.debug_srcinfo)

.debug_sfnames
 *(.debug_sfnames)

.debug_aranges  0x00000000      0xd00
 *(.debug_aranges)
 .debug_aranges
                0x00000000       0x30 .\ARM_GCC_541\Debug\main.o
 .debug_aranges
                0x00000030       0x68 .\ARM_GCC_541\Debug\PumpCom.o
 .debug_aranges
                0x00000098       0x28 .\ARM_GCC_541\Debug\Gbr.o
 .debug_aranges
                0x000000c0       0x28 .\ARM_GCC_541\Debug\printer.o
 .debug_aranges
                0x000000e8       0x60 .\ARM_GCC_541\Debug\cyfitter_cfg.o
 .debug_aranges
                0x00000148       0x18 .\ARM_GCC_541\Debug\cymetadata.o
 .debug_aranges
                0x00000160       0x48 .\ARM_GCC_541\Debug\Cm3Start.o
 .debug_aranges
                0x000001a8       0x78 .\ARM_GCC_541\Debug\Mepsan.a(PWM_1.o)
 .debug_aranges
                0x00000220      0x2a0 .\ARM_GCC_541\Debug\Mepsan.a(CyLib.o)
 .debug_aranges
                0x000004c0       0x98 .\ARM_GCC_541\Debug\Mepsan.a(cyPm.o)
 .debug_aranges
                0x00000558       0xf0 .\ARM_GCC_541\Debug\Mepsan.a(UART_1.o)
 .debug_aranges
                0x00000648       0x20 .\ARM_GCC_541\Debug\Mepsan.a(UART_1_INT.o)
 .debug_aranges
                0x00000668       0x70 .\ARM_GCC_541\Debug\Mepsan.a(UART_1_IntClock.o)
 .debug_aranges
                0x000006d8       0x88 .\ARM_GCC_541\Debug\Mepsan.a(Timer_1.o)
 .debug_aranges
                0x00000760       0xf0 .\ARM_GCC_541\Debug\Mepsan.a(UART_2.o)
 .debug_aranges
                0x00000850       0x20 .\ARM_GCC_541\Debug\Mepsan.a(UART_2_INT.o)
 .debug_aranges
                0x00000870       0x38 .\ARM_GCC_541\Debug\Mepsan.a(EnablePin.o)
 .debug_aranges
                0x000008a8       0xa0 .\ARM_GCC_541\Debug\Mepsan.a(UART_3.o)
 .debug_aranges
                0x00000948       0x20 .\ARM_GCC_541\Debug\Mepsan.a(UART_3_INT.o)
 .debug_aranges
                0x00000968       0x70 .\ARM_GCC_541\Debug\Mepsan.a(UART_3_IntClock.o)
 .debug_aranges
                0x000009d8       0xf0 .\ARM_GCC_541\Debug\Mepsan.a(screen.o)
 .debug_aranges
                0x00000ac8       0x28 .\ARM_GCC_541\Debug\Mepsan.a(screen_INT.o)
 .debug_aranges
                0x00000af0       0x70 .\ARM_GCC_541\Debug\Mepsan.a(screen_IntClock.o)
 .debug_aranges
                0x00000b60       0x78 .\ARM_GCC_541\Debug\Mepsan.a(EEPROM_1.o)
 .debug_aranges
                0x00000bd8       0x20 .\ARM_GCC_541\Debug\Mepsan.a(CyBootAsmGnu.o)
 .debug_aranges
                0x00000bf8       0x88 .\ARM_GCC_541\Debug\Mepsan.a(CyFlash.o)
 .debug_aranges
                0x00000c80       0x80 .\ARM_GCC_541\Debug\Mepsan.a(CySpc.o)

.debug_pubnames
 *(.debug_pubnames)

.debug_info     0x00000000     0x7837
 *(.debug_info .gnu.linkonce.wi.*)
 .debug_info    0x00000000      0x6f3 .\ARM_GCC_541\Debug\main.o
 .debug_info    0x000006f3      0xa9b .\ARM_GCC_541\Debug\PumpCom.o
 .debug_info    0x0000118e      0x488 .\ARM_GCC_541\Debug\Gbr.o
 .debug_info    0x00001616     0x11c7 .\ARM_GCC_541\Debug\printer.o
 .debug_info    0x000027dd      0x3ce .\ARM_GCC_541\Debug\cyfitter_cfg.o
 .debug_info    0x00002bab      0x139 .\ARM_GCC_541\Debug\cymetadata.o
 .debug_info    0x00002ce4      0x32b .\ARM_GCC_541\Debug\Cm3Start.o
 .debug_info    0x0000300f      0x235 .\ARM_GCC_541\Debug\Mepsan.a(PWM_1.o)
 .debug_info    0x00003244      0xe51 .\ARM_GCC_541\Debug\Mepsan.a(CyLib.o)
 .debug_info    0x00004095      0x57a .\ARM_GCC_541\Debug\Mepsan.a(cyPm.o)
 .debug_info    0x0000460f      0x5f2 .\ARM_GCC_541\Debug\Mepsan.a(UART_1.o)
 .debug_info    0x00004c01      0x149 .\ARM_GCC_541\Debug\Mepsan.a(UART_1_INT.o)
 .debug_info    0x00004d4a      0x25d .\ARM_GCC_541\Debug\Mepsan.a(UART_1_IntClock.o)
 .debug_info    0x00004fa7      0x245 .\ARM_GCC_541\Debug\Mepsan.a(Timer_1.o)
 .debug_info    0x000051ec      0x5f2 .\ARM_GCC_541\Debug\Mepsan.a(UART_2.o)
 .debug_info    0x000057de      0x149 .\ARM_GCC_541\Debug\Mepsan.a(UART_2_INT.o)
 .debug_info    0x00005927      0x11e .\ARM_GCC_541\Debug\Mepsan.a(EnablePin.o)
 .debug_info    0x00005a45      0x402 .\ARM_GCC_541\Debug\Mepsan.a(UART_3.o)
 .debug_info    0x00005e47       0xf6 .\ARM_GCC_541\Debug\Mepsan.a(UART_3_INT.o)
 .debug_info    0x00005f3d      0x25d .\ARM_GCC_541\Debug\Mepsan.a(UART_3_IntClock.o)
 .debug_info    0x0000619a      0x658 .\ARM_GCC_541\Debug\Mepsan.a(screen.o)
 .debug_info    0x000067f2      0x193 .\ARM_GCC_541\Debug\Mepsan.a(screen_INT.o)
 .debug_info    0x00006985      0x25d .\ARM_GCC_541\Debug\Mepsan.a(screen_IntClock.o)
 .debug_info    0x00006be2      0x359 .\ARM_GCC_541\Debug\Mepsan.a(EEPROM_1.o)
 .debug_info    0x00006f3b       0x83 .\ARM_GCC_541\Debug\Mepsan.a(CyBootAsmGnu.o)
 .debug_info    0x00006fbe      0x3b9 .\ARM_GCC_541\Debug\Mepsan.a(CyFlash.o)
 .debug_info    0x00007377      0x4c0 .\ARM_GCC_541\Debug\Mepsan.a(CySpc.o)

.debug_abbrev   0x00000000     0x1edf
 *(.debug_abbrev)
 .debug_abbrev  0x00000000      0x175 .\ARM_GCC_541\Debug\main.o
 .debug_abbrev  0x00000175      0x22b .\ARM_GCC_541\Debug\PumpCom.o
 .debug_abbrev  0x000003a0      0x132 .\ARM_GCC_541\Debug\Gbr.o
 .debug_abbrev  0x000004d2      0x16e .\ARM_GCC_541\Debug\printer.o
 .debug_abbrev  0x00000640      0x183 .\ARM_GCC_541\Debug\cyfitter_cfg.o
 .debug_abbrev  0x000007c3       0x77 .\ARM_GCC_541\Debug\cymetadata.o
 .debug_abbrev  0x0000083a      0x1d6 .\ARM_GCC_541\Debug\Cm3Start.o
 .debug_abbrev  0x00000a10      0x116 .\ARM_GCC_541\Debug\Mepsan.a(PWM_1.o)
 .debug_abbrev  0x00000b26      0x217 .\ARM_GCC_541\Debug\Mepsan.a(CyLib.o)
 .debug_abbrev  0x00000d3d      0x161 .\ARM_GCC_541\Debug\Mepsan.a(cyPm.o)
 .debug_abbrev  0x00000e9e      0x15f .\ARM_GCC_541\Debug\Mepsan.a(UART_1.o)
 .debug_abbrev  0x00000ffd       0x8a .\ARM_GCC_541\Debug\Mepsan.a(UART_1_INT.o)
 .debug_abbrev  0x00001087      0x11d .\ARM_GCC_541\Debug\Mepsan.a(UART_1_IntClock.o)
 .debug_abbrev  0x000011a4       0xe9 .\ARM_GCC_541\Debug\Mepsan.a(Timer_1.o)
 .debug_abbrev  0x0000128d      0x15f .\ARM_GCC_541\Debug\Mepsan.a(UART_2.o)
 .debug_abbrev  0x000013ec       0x8a .\ARM_GCC_541\Debug\Mepsan.a(UART_2_INT.o)
 .debug_abbrev  0x00001476       0x90 .\ARM_GCC_541\Debug\Mepsan.a(EnablePin.o)
 .debug_abbrev  0x00001506      0x143 .\ARM_GCC_541\Debug\Mepsan.a(UART_3.o)
 .debug_abbrev  0x00001649       0x79 .\ARM_GCC_541\Debug\Mepsan.a(UART_3_INT.o)
 .debug_abbrev  0x000016c2      0x11d .\ARM_GCC_541\Debug\Mepsan.a(UART_3_IntClock.o)
 .debug_abbrev  0x000017df      0x15f .\ARM_GCC_541\Debug\Mepsan.a(screen.o)
 .debug_abbrev  0x0000193e       0xa2 .\ARM_GCC_541\Debug\Mepsan.a(screen_INT.o)
 .debug_abbrev  0x000019e0      0x11d .\ARM_GCC_541\Debug\Mepsan.a(screen_IntClock.o)
 .debug_abbrev  0x00001afd      0x117 .\ARM_GCC_541\Debug\Mepsan.a(EEPROM_1.o)
 .debug_abbrev  0x00001c14       0x14 .\ARM_GCC_541\Debug\Mepsan.a(CyBootAsmGnu.o)
 .debug_abbrev  0x00001c28      0x14b .\ARM_GCC_541\Debug\Mepsan.a(CyFlash.o)
 .debug_abbrev  0x00001d73      0x16c .\ARM_GCC_541\Debug\Mepsan.a(CySpc.o)

.debug_line     0x00000000     0x4412
 *(.debug_line)
 .debug_line    0x00000000      0x4d7 .\ARM_GCC_541\Debug\main.o
 .debug_line    0x000004d7      0x63b .\ARM_GCC_541\Debug\PumpCom.o
 .debug_line    0x00000b12      0x18d .\ARM_GCC_541\Debug\Gbr.o
 .debug_line    0x00000c9f      0x901 .\ARM_GCC_541\Debug\printer.o
 .debug_line    0x000015a0      0x220 .\ARM_GCC_541\Debug\cyfitter_cfg.o
 .debug_line    0x000017c0      0x141 .\ARM_GCC_541\Debug\cymetadata.o
 .debug_line    0x00001901      0x1dc .\ARM_GCC_541\Debug\Cm3Start.o
 .debug_line    0x00001add      0x140 .\ARM_GCC_541\Debug\Mepsan.a(PWM_1.o)
 .debug_line    0x00001c1d      0x883 .\ARM_GCC_541\Debug\Mepsan.a(CyLib.o)
 .debug_line    0x000024a0      0x38e .\ARM_GCC_541\Debug\Mepsan.a(cyPm.o)
 .debug_line    0x0000282e      0x30b .\ARM_GCC_541\Debug\Mepsan.a(UART_1.o)
 .debug_line    0x00002b39       0x8a .\ARM_GCC_541\Debug\Mepsan.a(UART_1_INT.o)
 .debug_line    0x00002bc3      0x1ae .\ARM_GCC_541\Debug\Mepsan.a(UART_1_IntClock.o)
 .debug_line    0x00002d71      0x15f .\ARM_GCC_541\Debug\Mepsan.a(Timer_1.o)
 .debug_line    0x00002ed0      0x30b .\ARM_GCC_541\Debug\Mepsan.a(UART_2.o)
 .debug_line    0x000031db       0x8a .\ARM_GCC_541\Debug\Mepsan.a(UART_2_INT.o)
 .debug_line    0x00003265       0x99 .\ARM_GCC_541\Debug\Mepsan.a(EnablePin.o)
 .debug_line    0x000032fe      0x235 .\ARM_GCC_541\Debug\Mepsan.a(UART_3.o)
 .debug_line    0x00003533       0x84 .\ARM_GCC_541\Debug\Mepsan.a(UART_3_INT.o)
 .debug_line    0x000035b7      0x1ae .\ARM_GCC_541\Debug\Mepsan.a(UART_3_IntClock.o)
 .debug_line    0x00003765      0x349 .\ARM_GCC_541\Debug\Mepsan.a(screen.o)
 .debug_line    0x00003aae       0xb1 .\ARM_GCC_541\Debug\Mepsan.a(screen_INT.o)
 .debug_line    0x00003b5f      0x1ae .\ARM_GCC_541\Debug\Mepsan.a(screen_IntClock.o)
 .debug_line    0x00003d0d      0x228 .\ARM_GCC_541\Debug\Mepsan.a(EEPROM_1.o)
 .debug_line    0x00003f35       0x7d .\ARM_GCC_541\Debug\Mepsan.a(CyBootAsmGnu.o)
 .debug_line    0x00003fb2      0x22f .\ARM_GCC_541\Debug\Mepsan.a(CyFlash.o)
 .debug_line    0x000041e1      0x231 .\ARM_GCC_541\Debug\Mepsan.a(CySpc.o)

.debug_frame    0x00000000     0x33f0
 *(.debug_frame)
 .debug_frame   0x00000000       0x7c .\ARM_GCC_541\Debug\main.o
 .debug_frame   0x0000007c      0x1b8 .\ARM_GCC_541\Debug\PumpCom.o
 .debug_frame   0x00000234       0x54 .\ARM_GCC_541\Debug\Gbr.o
 .debug_frame   0x00000288       0x68 .\ARM_GCC_541\Debug\printer.o
 .debug_frame   0x000002f0      0x160 .\ARM_GCC_541\Debug\cyfitter_cfg.o
 .debug_frame   0x00000450       0xd8 .\ARM_GCC_541\Debug\Cm3Start.o
 .debug_frame   0x00000528      0x1d0 .\ARM_GCC_541\Debug\Mepsan.a(PWM_1.o)
 .debug_frame   0x000006f8      0xc0c .\ARM_GCC_541\Debug\Mepsan.a(CyLib.o)
 .debug_frame   0x00001304      0x234 .\ARM_GCC_541\Debug\Mepsan.a(cyPm.o)
 .debug_frame   0x00001538      0x428 .\ARM_GCC_541\Debug\Mepsan.a(UART_1.o)
 .debug_frame   0x00001960       0x38 .\ARM_GCC_541\Debug\Mepsan.a(UART_1_INT.o)
 .debug_frame   0x00001998      0x1b4 .\ARM_GCC_541\Debug\Mepsan.a(UART_1_IntClock.o)
 .debug_frame   0x00001b4c      0x208 .\ARM_GCC_541\Debug\Mepsan.a(Timer_1.o)
 .debug_frame   0x00001d54      0x428 .\ARM_GCC_541\Debug\Mepsan.a(UART_2.o)
 .debug_frame   0x0000217c       0x38 .\ARM_GCC_541\Debug\Mepsan.a(UART_2_INT.o)
 .debug_frame   0x000021b4       0xa8 .\ARM_GCC_541\Debug\Mepsan.a(EnablePin.o)
 .debug_frame   0x0000225c      0x298 .\ARM_GCC_541\Debug\Mepsan.a(UART_3.o)
 .debug_frame   0x000024f4       0x34 .\ARM_GCC_541\Debug\Mepsan.a(UART_3_INT.o)
 .debug_frame   0x00002528      0x1b4 .\ARM_GCC_541\Debug\Mepsan.a(UART_3_IntClock.o)
 .debug_frame   0x000026dc      0x428 .\ARM_GCC_541\Debug\Mepsan.a(screen.o)
 .debug_frame   0x00002b04       0x5c .\ARM_GCC_541\Debug\Mepsan.a(screen_INT.o)
 .debug_frame   0x00002b60      0x1b4 .\ARM_GCC_541\Debug\Mepsan.a(screen_IntClock.o)
 .debug_frame   0x00002d14      0x1c0 .\ARM_GCC_541\Debug\Mepsan.a(EEPROM_1.o)
 .debug_frame   0x00002ed4      0x238 .\ARM_GCC_541\Debug\Mepsan.a(CyFlash.o)
 .debug_frame   0x0000310c      0x228 .\ARM_GCC_541\Debug\Mepsan.a(CySpc.o)
 .debug_frame   0x00003334       0x20 c:/program files (x86)/cypress/psoc creator/4.2/psoc creator/import/gnu/arm/5.4.1/bin/../lib/gcc/arm-none-eabi/5.4.1/../../../../arm-none-eabi/lib/armv7-m\libg_nano.a(lib_a-errno.o)
 .debug_frame   0x00003354       0x28 c:/program files (x86)/cypress/psoc creator/4.2/psoc creator/import/gnu/arm/5.4.1/bin/../lib/gcc/arm-none-eabi/5.4.1/../../../../arm-none-eabi/lib/armv7-m\libg_nano.a(lib_a-exit.o)
 .debug_frame   0x0000337c       0x2c c:/program files (x86)/cypress/psoc creator/4.2/psoc creator/import/gnu/arm/5.4.1/bin/../lib/gcc/arm-none-eabi/5.4.1/../../../../arm-none-eabi/lib/armv7-m\libg_nano.a(lib_a-init.o)
 .debug_frame   0x000033a8       0x28 c:/program files (x86)/cypress/psoc creator/4.2/psoc creator/import/gnu/arm/5.4.1/bin/../lib/gcc/arm-none-eabi/5.4.1/../../../../arm-none-eabi/lib/armv7-m\libg_nano.a(lib_a-memcpy-stub.o)
 .debug_frame   0x000033d0       0x20 c:/program files (x86)/cypress/psoc creator/4.2/psoc creator/import/gnu/arm/5.4.1/bin/../lib/gcc/arm-none-eabi/5.4.1/../../../../arm-none-eabi/lib/armv7-m\libg_nano.a(lib_a-memset.o)

.debug_str      0x00000000     0x2ccc
 *(.debug_str)
 .debug_str     0x00000000      0x31f .\ARM_GCC_541\Debug\main.o
                                0x389 (size before relaxing)
 .debug_str     0x0000031f       0xf6 .\ARM_GCC_541\Debug\PumpCom.o
                                0x43f (size before relaxing)
 .debug_str     0x00000415       0xa9 .\ARM_GCC_541\Debug\Gbr.o
                                0x3c3 (size before relaxing)
 .debug_str     0x000004be      0x230 .\ARM_GCC_541\Debug\printer.o
                                0x564 (size before relaxing)
 .debug_str     0x000006ee      0x192 .\ARM_GCC_541\Debug\cyfitter_cfg.o
                                0x312 (size before relaxing)
 .debug_str     0x00000880       0x75 .\ARM_GCC_541\Debug\cymetadata.o
                                0x1d7 (size before relaxing)
 .debug_str     0x000008f5      0x124 .\ARM_GCC_541\Debug\Cm3Start.o
                                0x2ca (size before relaxing)
 .debug_str     0x00000a19      0x13a .\ARM_GCC_541\Debug\Mepsan.a(PWM_1.o)
                                0x2c0 (size before relaxing)
 .debug_str     0x00000b53      0x80b .\ARM_GCC_541\Debug\Mepsan.a(CyLib.o)
                                0x9dd (size before relaxing)
 .debug_str     0x0000135e      0x371 .\ARM_GCC_541\Debug\Mepsan.a(cyPm.o)
                                0x536 (size before relaxing)
 .debug_str     0x000016cf      0x360 .\ARM_GCC_541\Debug\Mepsan.a(UART_1.o)
                                0x509 (size before relaxing)
 .debug_str     0x00001a2f       0x57 .\ARM_GCC_541\Debug\Mepsan.a(UART_1_INT.o)
                                0x24e (size before relaxing)
 .debug_str     0x00001a86      0x1c2 .\ARM_GCC_541\Debug\Mepsan.a(UART_1_IntClock.o)
                                0x341 (size before relaxing)
 .debug_str     0x00001c48      0x165 .\ARM_GCC_541\Debug\Mepsan.a(Timer_1.o)
                                0x308 (size before relaxing)
 .debug_str     0x00001dad      0x2b8 .\ARM_GCC_541\Debug\Mepsan.a(UART_2.o)
                                0x509 (size before relaxing)
 .debug_str     0x00002065       0x31 .\ARM_GCC_541\Debug\Mepsan.a(UART_2_INT.o)
                                0x24e (size before relaxing)
 .debug_str     0x00002096       0x7a .\ARM_GCC_541\Debug\Mepsan.a(EnablePin.o)
                                0x1e9 (size before relaxing)
 .debug_str     0x00002110      0x1c8 .\ARM_GCC_541\Debug\Mepsan.a(UART_3.o)
                                0x3ca (size before relaxing)
 .debug_str     0x000022d8       0x31 .\ARM_GCC_541\Debug\Mepsan.a(UART_3_INT.o)
                                0x1e3 (size before relaxing)
 .debug_str     0x00002309      0x177 .\ARM_GCC_541\Debug\Mepsan.a(UART_3_IntClock.o)
                                0x341 (size before relaxing)
 .debug_str     0x00002480      0x2f1 .\ARM_GCC_541\Debug\Mepsan.a(screen.o)
                                0x563 (size before relaxing)
 .debug_str     0x00002771       0x3e .\ARM_GCC_541\Debug\Mepsan.a(screen_INT.o)
                                0x294 (size before relaxing)
 .debug_str     0x000027af      0x177 .\ARM_GCC_541\Debug\Mepsan.a(screen_IntClock.o)
                                0x341 (size before relaxing)
 .debug_str     0x00002926      0x14a .\ARM_GCC_541\Debug\Mepsan.a(EEPROM_1.o)
                                0x2f1 (size before relaxing)
 .debug_str     0x00002a70      0x135 .\ARM_GCC_541\Debug\Mepsan.a(CyFlash.o)
                                0x2fa (size before relaxing)
 .debug_str     0x00002ba5      0x127 .\ARM_GCC_541\Debug\Mepsan.a(CySpc.o)
                                0x2f4 (size before relaxing)

.debug_loc
 *(.debug_loc)

.debug_macinfo
 *(.debug_macinfo)

.debug_ranges   0x00000000      0xb38
 *(.debug_ranges)
 .debug_ranges  0x00000000       0x20 .\ARM_GCC_541\Debug\main.o
 .debug_ranges  0x00000020       0x58 .\ARM_GCC_541\Debug\PumpCom.o
 .debug_ranges  0x00000078       0x18 .\ARM_GCC_541\Debug\Gbr.o
 .debug_ranges  0x00000090       0x18 .\ARM_GCC_541\Debug\printer.o
 .debug_ranges  0x000000a8       0x50 .\ARM_GCC_541\Debug\cyfitter_cfg.o
 .debug_ranges  0x000000f8       0x38 .\ARM_GCC_541\Debug\Cm3Start.o
 .debug_ranges  0x00000130       0x68 .\ARM_GCC_541\Debug\Mepsan.a(PWM_1.o)
 .debug_ranges  0x00000198      0x290 .\ARM_GCC_541\Debug\Mepsan.a(CyLib.o)
 .debug_ranges  0x00000428       0x88 .\ARM_GCC_541\Debug\Mepsan.a(cyPm.o)
 .debug_ranges  0x000004b0       0xe0 .\ARM_GCC_541\Debug\Mepsan.a(UART_1.o)
 .debug_ranges  0x00000590       0x10 .\ARM_GCC_541\Debug\Mepsan.a(UART_1_INT.o)
 .debug_ranges  0x000005a0       0x60 .\ARM_GCC_541\Debug\Mepsan.a(UART_1_IntClock.o)
 .debug_ranges  0x00000600       0x78 .\ARM_GCC_541\Debug\Mepsan.a(Timer_1.o)
 .debug_ranges  0x00000678       0xe0 .\ARM_GCC_541\Debug\Mepsan.a(UART_2.o)
 .debug_ranges  0x00000758       0x10 .\ARM_GCC_541\Debug\Mepsan.a(UART_2_INT.o)
 .debug_ranges  0x00000768       0x28 .\ARM_GCC_541\Debug\Mepsan.a(EnablePin.o)
 .debug_ranges  0x00000790       0x90 .\ARM_GCC_541\Debug\Mepsan.a(UART_3.o)
 .debug_ranges  0x00000820       0x10 .\ARM_GCC_541\Debug\Mepsan.a(UART_3_INT.o)
 .debug_ranges  0x00000830       0x60 .\ARM_GCC_541\Debug\Mepsan.a(UART_3_IntClock.o)
 .debug_ranges  0x00000890       0xe0 .\ARM_GCC_541\Debug\Mepsan.a(screen.o)
 .debug_ranges  0x00000970       0x18 .\ARM_GCC_541\Debug\Mepsan.a(screen_INT.o)
 .debug_ranges  0x00000988       0x60 .\ARM_GCC_541\Debug\Mepsan.a(screen_IntClock.o)
 .debug_ranges  0x000009e8       0x68 .\ARM_GCC_541\Debug\Mepsan.a(EEPROM_1.o)
 .debug_ranges  0x00000a50       0x78 .\ARM_GCC_541\Debug\Mepsan.a(CyFlash.o)
 .debug_ranges  0x00000ac8       0x70 .\ARM_GCC_541\Debug\Mepsan.a(CySpc.o)

.comment        0x00000000       0x6e
 .comment       0x00000000       0x6e .\ARM_GCC_541\Debug\main.o
                                 0x6f (size before relaxing)
 .comment       0x0000006e       0x6f .\ARM_GCC_541\Debug\PumpCom.o
 .comment       0x0000006e       0x6f .\ARM_GCC_541\Debug\Gbr.o
 .comment       0x0000006e       0x6f .\ARM_GCC_541\Debug\printer.o
 .comment       0x0000006e       0x6f .\ARM_GCC_541\Debug\cyfitter_cfg.o
 .comment       0x0000006e       0x6f .\ARM_GCC_541\Debug\cymetadata.o
 .comment       0x0000006e       0x6f .\ARM_GCC_541\Debug\Cm3Start.o
 .comment       0x0000006e       0x6f .\ARM_GCC_541\Debug\Mepsan.a(PWM_1.o)
 .comment       0x0000006e       0x6f .\ARM_GCC_541\Debug\Mepsan.a(CyLib.o)
 .comment       0x0000006e       0x6f .\ARM_GCC_541\Debug\Mepsan.a(cyPm.o)
 .comment       0x0000006e       0x6f .\ARM_GCC_541\Debug\Mepsan.a(UART_1.o)
 .comment       0x0000006e       0x6f .\ARM_GCC_541\Debug\Mepsan.a(UART_1_INT.o)
 .comment       0x0000006e       0x6f .\ARM_GCC_541\Debug\Mepsan.a(UART_1_IntClock.o)
 .comment       0x0000006e       0x6f .\ARM_GCC_541\Debug\Mepsan.a(Timer_1.o)
 .comment       0x0000006e       0x6f .\ARM_GCC_541\Debug\Mepsan.a(UART_2.o)
 .comment       0x0000006e       0x6f .\ARM_GCC_541\Debug\Mepsan.a(UART_2_INT.o)
 .comment       0x0000006e       0x6f .\ARM_GCC_541\Debug\Mepsan.a(EnablePin.o)
 .comment       0x0000006e       0x6f .\ARM_GCC_541\Debug\Mepsan.a(UART_3.o)
 .comment       0x0000006e       0x6f .\ARM_GCC_541\Debug\Mepsan.a(UART_3_INT.o)
 .comment       0x0000006e       0x6f .\ARM_GCC_541\Debug\Mepsan.a(UART_3_IntClock.o)
 .comment       0x0000006e       0x6f .\ARM_GCC_541\Debug\Mepsan.a(screen.o)
 .comment       0x0000006e       0x6f .\ARM_GCC_541\Debug\Mepsan.a(screen_INT.o)
 .comment       0x0000006e       0x6f .\ARM_GCC_541\Debug\Mepsan.a(screen_IntClock.o)
 .comment       0x0000006e       0x6f .\ARM_GCC_541\Debug\Mepsan.a(EEPROM_1.o)
 .comment       0x0000006e       0x6f .\ARM_GCC_541\Debug\Mepsan.a(CyFlash.o)
 .comment       0x0000006e       0x6f .\ARM_GCC_541\Debug\Mepsan.a(CySpc.o)

.debug_weaknames
 *(.debug_weaknames)

.debug_funcnames
 *(.debug_funcnames)

.debug_typenames
 *(.debug_typenames)

.debug_varnames
 *(.debug_varnames)

.note.gnu.arm.ident
 *(.note.gnu.arm.ident)

.ARM.attributes
                0x00000000       0x29
 *(.ARM.attributes)
 .ARM.attributes
                0x00000000       0x1d c:/program files (x86)/cypress/psoc creator/4.2/psoc creator/import/gnu/arm/5.4.1/bin/../lib/gcc/arm-none-eabi/5.4.1/armv7-m/crti.o
 .ARM.attributes
                0x0000001d       0x2d c:/program files (x86)/cypress/psoc creator/4.2/psoc creator/import/gnu/arm/5.4.1/bin/../lib/gcc/arm-none-eabi/5.4.1/armv7-m/crtbegin.o
 .ARM.attributes
                0x0000004a       0x1b c:/program files (x86)/cypress/psoc creator/4.2/psoc creator/import/gnu/arm/5.4.1/bin/../lib/gcc/arm-none-eabi/5.4.1/../../../../arm-none-eabi/lib/armv7-m/crt0.o
 .ARM.attributes
                0x00000065       0x33 .\ARM_GCC_541\Debug\main.o
 .ARM.attributes
                0x00000098       0x33 .\ARM_GCC_541\Debug\PumpCom.o
 .ARM.attributes
                0x000000cb       0x33 .\ARM_GCC_541\Debug\Gbr.o
 .ARM.attributes
                0x000000fe       0x33 .\ARM_GCC_541\Debug\printer.o
 .ARM.attributes
                0x00000131       0x33 .\ARM_GCC_541\Debug\cyfitter_cfg.o
 .ARM.attributes
                0x00000164       0x33 .\ARM_GCC_541\Debug\cymetadata.o
 .ARM.attributes
                0x00000197       0x33 .\ARM_GCC_541\Debug\Cm3Start.o
 .ARM.attributes
                0x000001ca       0x33 .\ARM_GCC_541\Debug\Mepsan.a(PWM_1.o)
 .ARM.attributes
                0x000001fd       0x33 .\ARM_GCC_541\Debug\Mepsan.a(CyLib.o)
 .ARM.attributes
                0x00000230       0x33 .\ARM_GCC_541\Debug\Mepsan.a(cyPm.o)
 .ARM.attributes
                0x00000263       0x33 .\ARM_GCC_541\Debug\Mepsan.a(UART_1.o)
 .ARM.attributes
                0x00000296       0x33 .\ARM_GCC_541\Debug\Mepsan.a(UART_1_INT.o)
 .ARM.attributes
                0x000002c9       0x33 .\ARM_GCC_541\Debug\Mepsan.a(UART_1_IntClock.o)
 .ARM.attributes
                0x000002fc       0x33 .\ARM_GCC_541\Debug\Mepsan.a(Timer_1.o)
 .ARM.attributes
                0x0000032f       0x33 .\ARM_GCC_541\Debug\Mepsan.a(UART_2.o)
 .ARM.attributes
                0x00000362       0x33 .\ARM_GCC_541\Debug\Mepsan.a(UART_2_INT.o)
 .ARM.attributes
                0x00000395       0x33 .\ARM_GCC_541\Debug\Mepsan.a(EnablePin.o)
 .ARM.attributes
                0x000003c8       0x33 .\ARM_GCC_541\Debug\Mepsan.a(UART_3.o)
 .ARM.attributes
                0x000003fb       0x33 .\ARM_GCC_541\Debug\Mepsan.a(UART_3_INT.o)
 .ARM.attributes
                0x0000042e       0x33 .\ARM_GCC_541\Debug\Mepsan.a(UART_3_IntClock.o)
 .ARM.attributes
                0x00000461       0x33 .\ARM_GCC_541\Debug\Mepsan.a(screen.o)
 .ARM.attributes
                0x00000494       0x33 .\ARM_GCC_541\Debug\Mepsan.a(screen_INT.o)
 .ARM.attributes
                0x000004c7       0x33 .\ARM_GCC_541\Debug\Mepsan.a(screen_IntClock.o)
 .ARM.attributes
                0x000004fa       0x33 .\ARM_GCC_541\Debug\Mepsan.a(EEPROM_1.o)
 .ARM.attributes
                0x0000052d       0x21 .\ARM_GCC_541\Debug\Mepsan.a(CyBootAsmGnu.o)
 .ARM.attributes
                0x0000054e       0x33 .\ARM_GCC_541\Debug\Mepsan.a(CyFlash.o)
 .ARM.attributes
                0x00000581       0x33 .\ARM_GCC_541\Debug\Mepsan.a(CySpc.o)
 .ARM.attributes
                0x000005b4       0x2d c:/program files (x86)/cypress/psoc creator/4.2/psoc creator/import/gnu/arm/5.4.1/bin/../lib/gcc/arm-none-eabi/5.4.1/../../../../arm-none-eabi/lib/armv7-m\libg_nano.a(lib_a-errno.o)
 .ARM.attributes
                0x000005e1       0x2d c:/program files (x86)/cypress/psoc creator/4.2/psoc creator/import/gnu/arm/5.4.1/bin/../lib/gcc/arm-none-eabi/5.4.1/../../../../arm-none-eabi/lib/armv7-m\libg_nano.a(lib_a-exit.o)
 .ARM.attributes
                0x0000060e       0x2d c:/program files (x86)/cypress/psoc creator/4.2/psoc creator/import/gnu/arm/5.4.1/bin/../lib/gcc/arm-none-eabi/5.4.1/../../../../arm-none-eabi/lib/armv7-m\libg_nano.a(lib_a-impure.o)
 .ARM.attributes
                0x0000063b       0x2d c:/program files (x86)/cypress/psoc creator/4.2/psoc creator/import/gnu/arm/5.4.1/bin/../lib/gcc/arm-none-eabi/5.4.1/../../../../arm-none-eabi/lib/armv7-m\libg_nano.a(lib_a-init.o)
 .ARM.attributes
                0x00000668       0x2d c:/program files (x86)/cypress/psoc creator/4.2/psoc creator/import/gnu/arm/5.4.1/bin/../lib/gcc/arm-none-eabi/5.4.1/../../../../arm-none-eabi/lib/armv7-m\libg_nano.a(lib_a-memcpy-stub.o)
 .ARM.attributes
                0x00000695       0x2d c:/program files (x86)/cypress/psoc creator/4.2/psoc creator/import/gnu/arm/5.4.1/bin/../lib/gcc/arm-none-eabi/5.4.1/../../../../arm-none-eabi/lib/armv7-m\libg_nano.a(lib_a-memset.o)
 .ARM.attributes
                0x000006c2       0x2d c:/program files (x86)/cypress/psoc creator/4.2/psoc creator/import/gnu/arm/5.4.1/bin/../lib/gcc/arm-none-eabi/5.4.1/armv7-m/crtend.o
 .ARM.attributes
                0x000006ef       0x1d c:/program files (x86)/cypress/psoc creator/4.2/psoc creator/import/gnu/arm/5.4.1/bin/../lib/gcc/arm-none-eabi/5.4.1/armv7-m/crtn.o

/DISCARD/
 *(.note.GNU-stack)
OUTPUT(C:\Users\Lenovo\Documents\GitHub\Mepsan\Mepsan.cydsn\ARM_GCC_541\Debug\Mepsan.elf elf32-littlearm)
