Archive member included to satisfy reference by file (symbol)

.\ARM_GCC_541\Debug\Mepsan.a(PWM_1.o)
                              .\ARM_GCC_541\Debug\main.o (PWM_1_Start)
.\ARM_GCC_541\Debug\Mepsan.a(CyLib.o)
                              .\ARM_GCC_541\Debug\Cm3Start.o (CyResetStatus)
.\ARM_GCC_541\Debug\Mepsan.a(cyPm.o)
                              .\ARM_GCC_541\Debug\Mepsan.a(CyLib.o) (CyPmReadStatus)
.\ARM_GCC_541\Debug\Mepsan.a(UART_1.o)
                              .\ARM_GCC_541\Debug\main.o (UART_1_Start)
.\ARM_GCC_541\Debug\Mepsan.a(UART_1_INT.o)
                              .\ARM_GCC_541\Debug\Mepsan.a(UART_1.o) (UART_1_RXISR)
.\ARM_GCC_541\Debug\Mepsan.a(UART_1_IntClock.o)
                              .\ARM_GCC_541\Debug\Mepsan.a(UART_1.o) (UART_1_IntClock_Start)
.\ARM_GCC_541\Debug\Mepsan.a(Timer_1.o)
                              .\ARM_GCC_541\Debug\main.o (Timer_1_Start)
.\ARM_GCC_541\Debug\Mepsan.a(UART_2.o)
                              .\ARM_GCC_541\Debug\main.o (UART_2_Start)
.\ARM_GCC_541\Debug\Mepsan.a(UART_2_INT.o)
                              .\ARM_GCC_541\Debug\Mepsan.a(UART_2.o) (UART_2_RXISR)
.\ARM_GCC_541\Debug\Mepsan.a(EnablePin.o)
                              .\ARM_GCC_541\Debug\PumpCom.o (EnablePin_Write)
.\ARM_GCC_541\Debug\Mepsan.a(UART_3.o)
                              .\ARM_GCC_541\Debug\main.o (UART_3_Start)
.\ARM_GCC_541\Debug\Mepsan.a(UART_3_INT.o)
                              .\ARM_GCC_541\Debug\Mepsan.a(UART_3.o) (UART_3_TXISR)
.\ARM_GCC_541\Debug\Mepsan.a(UART_3_IntClock.o)
                              .\ARM_GCC_541\Debug\Mepsan.a(UART_3.o) (UART_3_IntClock_Start)
.\ARM_GCC_541\Debug\Mepsan.a(screen.o)
                              .\ARM_GCC_541\Debug\main.o (screen_Start)
.\ARM_GCC_541\Debug\Mepsan.a(screen_INT.o)
                              .\ARM_GCC_541\Debug\Mepsan.a(screen.o) (screen_RXISR)
.\ARM_GCC_541\Debug\Mepsan.a(screen_IntClock.o)
                              .\ARM_GCC_541\Debug\Mepsan.a(screen.o) (screen_IntClock_Start)
.\ARM_GCC_541\Debug\Mepsan.a(EEPROM_1.o)
                              .\ARM_GCC_541\Debug\main.o (EEPROM_1_Start)
.\ARM_GCC_541\Debug\Mepsan.a(CyBootAsmGnu.o)
                              .\ARM_GCC_541\Debug\cyfitter_cfg.o (CyDelayCycles)
.\ARM_GCC_541\Debug\Mepsan.a(CyFlash.o)
                              .\ARM_GCC_541\Debug\Mepsan.a(EEPROM_1.o) (dieTemperature)
.\ARM_GCC_541\Debug\Mepsan.a(CySpc.o)
                              .\ARM_GCC_541\Debug\Mepsan.a(EEPROM_1.o) (CySpcStart)
c:/program files (x86)/cypress/psoc creator/4.2/psoc creator/import/gnu/arm/5.4.1/bin/../lib/gcc/arm-none-eabi/5.4.1/../../../../arm-none-eabi/lib/armv7-m\libg_nano.a(lib_a-atoi.o)
                              .\ARM_GCC_541\Debug\printer.o (atoi)
c:/program files (x86)/cypress/psoc creator/4.2/psoc creator/import/gnu/arm/5.4.1/bin/../lib/gcc/arm-none-eabi/5.4.1/../../../../arm-none-eabi/lib/armv7-m\libg_nano.a(lib_a-errno.o)
                              .\ARM_GCC_541\Debug\Cm3Start.o (__errno)
c:/program files (x86)/cypress/psoc creator/4.2/psoc creator/import/gnu/arm/5.4.1/bin/../lib/gcc/arm-none-eabi/5.4.1/../../../../arm-none-eabi/lib/armv7-m\libg_nano.a(lib_a-exit.o)
                              c:/program files (x86)/cypress/psoc creator/4.2/psoc creator/import/gnu/arm/5.4.1/bin/../lib/gcc/arm-none-eabi/5.4.1/../../../../arm-none-eabi/lib/armv7-m/crt0.o (exit)
c:/program files (x86)/cypress/psoc creator/4.2/psoc creator/import/gnu/arm/5.4.1/bin/../lib/gcc/arm-none-eabi/5.4.1/../../../../arm-none-eabi/lib/armv7-m\libg_nano.a(lib_a-impure.o)
                              c:/program files (x86)/cypress/psoc creator/4.2/psoc creator/import/gnu/arm/5.4.1/bin/../lib/gcc/arm-none-eabi/5.4.1/../../../../arm-none-eabi/lib/armv7-m\libg_nano.a(lib_a-exit.o) (_global_impure_ptr)
c:/program files (x86)/cypress/psoc creator/4.2/psoc creator/import/gnu/arm/5.4.1/bin/../lib/gcc/arm-none-eabi/5.4.1/../../../../arm-none-eabi/lib/armv7-m\libg_nano.a(lib_a-init.o)
                              c:/program files (x86)/cypress/psoc creator/4.2/psoc creator/import/gnu/arm/5.4.1/bin/../lib/gcc/arm-none-eabi/5.4.1/../../../../arm-none-eabi/lib/armv7-m/crt0.o (__libc_init_array)
c:/program files (x86)/cypress/psoc creator/4.2/psoc creator/import/gnu/arm/5.4.1/bin/../lib/gcc/arm-none-eabi/5.4.1/../../../../arm-none-eabi/lib/armv7-m\libg_nano.a(lib_a-itoa.o)
                              .\ARM_GCC_541\Debug\printer.o (itoa)
c:/program files (x86)/cypress/psoc creator/4.2/psoc creator/import/gnu/arm/5.4.1/bin/../lib/gcc/arm-none-eabi/5.4.1/../../../../arm-none-eabi/lib/armv7-m\libg_nano.a(lib_a-memcpy-stub.o)
                              .\ARM_GCC_541\Debug\cyfitter_cfg.o (memcpy)
c:/program files (x86)/cypress/psoc creator/4.2/psoc creator/import/gnu/arm/5.4.1/bin/../lib/gcc/arm-none-eabi/5.4.1/../../../../arm-none-eabi/lib/armv7-m\libg_nano.a(lib_a-memset.o)
[...]
Memory Configuration

Name             Origin             Length             Attributes
rom              0x00000000         0x00040000         xr
ram              0x1fff8000         0x00010000         xrw
*default*        0x00000000         0xffffffff

Linker script and memory map

LOAD c:/program files (x86)/cypress/psoc creator/4.2/psoc creator/import/gnu/arm/5.4.1/bin/../lib/gcc/arm-none-eabi/5.4.1/armv7-m/crti.o
LOAD c:/program files (x86)/cypress/psoc creator/4.2/psoc creator/import/gnu/arm/5.4.1/bin/../lib/gcc/arm-none-eabi/5.4.1/armv7-m/crtbegin.o
LOAD c:/program files (x86)/cypress/psoc creator/4.2/psoc creator/import/gnu/arm/5.4.1/bin/../lib/gcc/arm-none-eabi/5.4.1/../../../../arm-none-eabi/lib/armv7-m/crt0.o
START GROUP
LOAD .\ARM_GCC_541\Debug\main.o
LOAD .\ARM_GCC_541\Debug\PumpCom.o
LOAD .\ARM_GCC_541\Debug\Gbr.o
LOAD .\ARM_GCC_541\Debug\printer.o
LOAD .\ARM_GCC_541\Debug\cyfitter_cfg.o
LOAD .\ARM_GCC_541\Debug\cymetadata.o
LOAD .\ARM_GCC_541\Debug\Cm3Start.o
LOAD .\ARM_GCC_541\Debug\Mepsan.a
LOAD C:\Program Files (x86)\Cypress\PSoC Creator\4.2\PSoC Creator\psoc\content\cycomponentlibrary\CyComponentLibrary.cylib\CortexM3\ARM_GCC_541\Debug\CyComponentLibrary.a
END GROUP
START GROUP
LOAD c:/program files (x86)/cypress/psoc creator/4.2/psoc creator/import/gnu/arm/5.4.1/bin/../lib/gcc/arm-none-eabi/5.4.1/armv7-m\libgcc.a
LOAD c:/program files (x86)/cypress/psoc creator/4.2/psoc creator/import/gnu/arm/5.4.1/bin/../lib/gcc/arm-none-eabi/5.4.1/../../../../arm-none-eabi/lib/armv7-m\libg_nano.a
LOAD c:/program files (x86)/cypress/psoc creator/4.2/psoc creator/import/gnu/arm/5.4.1/bin/../lib/gcc/arm-none-eabi/5.4.1/../../../../arm-none-eabi/lib/armv7-m\libc_nano.a
END GROUP
START GROUP
LOAD c:/program files (x86)/cypress/psoc creator/4.2/psoc creator/import/gnu/arm/5.4.1/bin/../lib/gcc/arm-none-eabi/5.4.1/armv7-m\libgcc.a
LOAD c:/program files (x86)/cypress/psoc creator/4.2/psoc creator/import/gnu/arm/5.4.1/bin/../lib/gcc/arm-none-eabi/5.4.1/../../../../arm-none-eabi/lib/armv7-m\libc_nano.a
END GROUP
LOAD c:/program files (x86)/cypress/psoc creator/4.2/psoc creator/import/gnu/arm/5.4.1/bin/../lib/gcc/arm-none-eabi/5.4.1/armv7-m/crtend.o
LOAD c:/program files (x86)/cypress/psoc creator/4.2/psoc creator/import/gnu/arm/5.4.1/bin/../lib/gcc/arm-none-eabi/5.4.1/armv7-m/crtn.o
START GROUP
LOAD c:/program files (x86)/cypress/psoc creator/4.2/psoc creator/import/gnu/arm/5.4.1/bin/../lib/gcc/arm-none-eabi/5.4.1/armv7-m\libgcc.a
LOAD c:/program files (x86)/cypress/psoc creator/4.2/psoc creator/import/gnu/arm/5.4.1/bin/../lib/gcc/arm-none-eabi/5.4.1/../../../../arm-none-eabi/lib/armv7-m\libc.a
LOAD c:/program files (x86)/cypress/psoc creator/4.2/psoc creator/import/gnu/arm/5.4.1/bin/../lib/gcc/arm-none-eabi/5.4.1/../../../../arm-none-eabi/lib/armv7-m\libnosys.a
END GROUP
                0x00000000                CY_APPL_ORIGIN = 0x0
                0x00000100                CY_FLASH_ROW_SIZE = 0x100
                0x00000020                CY_ECC_ROW_SIZE = 0x20
                0x00000000                CY_EE_IN_BTLDR = 0x0
                0x00000000                CY_APPL_LOADABLE = 0x0
                0x00000800                CY_EE_SIZE = 0x800
                0x00000001                CY_APPL_NUM = 0x1
                0x00000001                CY_APPL_MAX = 0x1
                0x00000040                CY_METADATA_SIZE = 0x40
                0x00000000                CY_APPL_LOADABLE = 0x0
                0x00000000                CY_CHECKSUM_EXCLUDE_SIZE = ALIGN (0x0, CY_FLASH_ROW_SIZE)
                [!provide]                PROVIDE (__cy_heap_start, _end)
                0x00000001                PROVIDE (__cy_region_num, ((__cy_regions_end - __cy_regions) / 0x10))
                0x20008000                PROVIDE (__cy_stack, (ORIGIN (ram) + LENGTH (ram)))
                [!provide]                PROVIDE (__cy_heap_end, (__cy_stack - 0x800))

.cybootloader   0x00000000        0x0
 *(.cybootloader)
                0x00000000                appl1_start = CY_APPL_ORIGIN?CY_APPL_ORIGIN:ALIGN (CY_FLASH_ROW_SIZE)
                0x0001ff00                appl2_start = (appl1_start + ALIGN ((((LENGTH (rom) - appl1_start) - (0x2 * CY_FLASH_ROW_SIZE)) / 0x2), CY_FLASH_ROW_SIZE))
                0x00000000                appl_start = (CY_APPL_NUM == 0x1)?appl1_start:appl2_start
                0x00000000                ecc_offset = ((appl_start / CY_FLASH_ROW_SIZE) * CY_ECC_ROW_SIZE)
                0x00000000                ee_offset = (CY_APPL_LOADABLE && ! (CY_EE_IN_BTLDR))?((CY_EE_SIZE / CY_APPL_MAX) * (CY_APPL_NUM - 0x1)):0x0
                0x00000800                ee_size = (CY_APPL_LOADABLE && ! (CY_EE_IN_BTLDR))?(CY_EE_SIZE / CY_APPL_MAX):CY_EE_SIZE
                [!provide]                PROVIDE (CY_ECC_OFFSET, ecc_offset)

.text           0x00000000     0x6fec
 CREATE_OBJECT_SYMBOLS
                0x00000000                PROVIDE (__cy_interrupt_vector, RomVectors)
 *(.romvectors)
 .romvectors    0x00000000       0x10 .\ARM_GCC_541\Debug\Cm3Start.o
                0x00000000                RomVectors
                0x00000001                ASSERT ((. != __cy_interrupt_vector), No interrupt vector)
                0x00000001                ASSERT (CY_APPL_ORIGIN?(SIZEOF (.cybootloader) <= CY_APPL_ORIGIN):0x1, Wrong image location)
                0x00000010                PROVIDE (__cy_reset, Reset)
 *(.text.Reset)
 .text.Reset    0x00000010       0x18 .\ARM_GCC_541\Debug\Cm3Start.o
                0x00000010                Reset
                0x00000001                ASSERT ((. != __cy_reset), No reset code)
 *(.dma_init)
 .dma_init      0x00000028      0x2d8 .\ARM_GCC_541\Debug\cyfitter_cfg.o
                0x00000001                ASSERT ((((appl_start + .) <= 0x10000) || 0x0), DMA Init must be within the first 64k of flash)
 *(.text .text.* .gnu.linkonce.t.*)
 .text          0x00000300       0x5c c:/program files (x86)/cypress/psoc creator/4.2/psoc creator/import/gnu/arm/5.4.1/bin/../lib/gcc/arm-none-eabi/5.4.1/armv7-m/crtbegin.o
 .text.PollingPos
                0x0000035c      0x1b0 .\ARM_GCC_541\Debug\main.o
                0x0000035c                PollingPos
 .text.main     0x0000050c      0xbac .\ARM_GCC_541\Debug\main.o
                0x0000050c                main
 .text.gen_crc16
                0x000010b8       0xfc .\ARM_GCC_541\Debug\PumpCom.o
                0x000010b8                gen_crc16
 .text.GetResponse
                0x000011b4     0x1c58 .\ARM_GCC_541\Debug\PumpCom.o
                0x000011b4                GetResponse
 .text.GetAddress
                0x00002e0c       0xb0 .\ARM_GCC_541\Debug\PumpCom.o
                0x00002e0c                GetAddress
 .text.Authorize
                0x00002ebc       0xdc .\ARM_GCC_541\Debug\PumpCom.o
                0x00002ebc                Authorize
 .text.PumpState
                0x00002f98      0x184 .\ARM_GCC_541\Debug\PumpCom.o
                0x00002f98                PumpState
 .text.PriceUpdate
                0x0000311c      0x114 .\ARM_GCC_541\Debug\PumpCom.o
                0x0000311c                PriceUpdate
 .text.TotalRequest
                0x00003230      0x10c .\ARM_GCC_541\Debug\PumpCom.o
                0x00003230                TotalRequest
 .text.PrintReceipt
                0x0000333c      0xf18 .\ARM_GCC_541\Debug\printer.o
                0x0000333c                PrintReceipt
 .text.PrintShift
                0x00004254      0xe98 .\ARM_GCC_541\Debug\printer.o
                0x00004254                PrintShift
 .text.CYCONFIGCPY
                0x000050ec       0x20 .\ARM_GCC_541\Debug\cyfitter_cfg.o
 .text.CyClockStartupError
                0x0000510c        0xc .\ARM_GCC_541\Debug\cyfitter_cfg.o
 .text.cfg_dma_init
                0x00005118      0x174 .\ARM_GCC_541\Debug\cyfitter_cfg.o
 .text.ClockSetup
                0x0000528c      0x158 .\ARM_GCC_541\Debug\cyfitter_cfg.o
 .text.AnalogSetDefault
                0x000053e4       0x44 .\ARM_GCC_541\Debug\cyfitter_cfg.o
 .text.cyfitter_cfg
                0x00005428      0x100 .\ARM_GCC_541\Debug\cyfitter_cfg.o
                0x00005428                cyfitter_cfg
 .text.IntDefaultHandler
                0x00005528       0x14 .\ARM_GCC_541\Debug\Cm3Start.o
                0x00005528                IntDefaultHandler
 .text.Start_c  0x0000553c       0x98 .\ARM_GCC_541\Debug\Cm3Start.o
                0x0000553c                Start_c
 .text.initialize_psoc
                0x000055d4       0x90 .\ARM_GCC_541\Debug\Cm3Start.o
                0x000055d4                initialize_psoc
 .text.PWM_1_Start
                0x00005664       0x24 .\ARM_GCC_541\Debug\Mepsan.a(PWM_1.o)
                0x00005664                PWM_1_Start
 .text.PWM_1_Init
                0x00005688       0xbc .\ARM_GCC_541\Debug\Mepsan.a(PWM_1.o)
                0x00005688                PWM_1_Init
 .text.PWM_1_Enable
                0x00005744       0x48 .\ARM_GCC_541\Debug\Mepsan.a(PWM_1.o)
                0x00005744                PWM_1_Enable
 .text.PWM_1_WritePeriod
                0x0000578c       0x20 .\ARM_GCC_541\Debug\Mepsan.a(PWM_1.o)
                0x0000578c                PWM_1_WritePeriod
 .text.PWM_1_WriteCompare
                0x000057ac       0x20 .\ARM_GCC_541\Debug\Mepsan.a(PWM_1.o)
                0x000057ac                PWM_1_WriteCompare
 .text.PWM_1_SetInterruptMode
                0x000057cc       0x20 .\ARM_GCC_541\Debug\Mepsan.a(PWM_1.o)
                0x000057cc                PWM_1_SetInterruptMode
 .text.CyHalt   0x000057ec       0x18 .\ARM_GCC_541\Debug\Mepsan.a(CyLib.o)
                0x000057ec                CyHalt
 .text.CyDelay  0x00005804       0x44 .\ARM_GCC_541\Debug\Mepsan.a(CyLib.o)
                0x00005804                CyDelay
 .text.CyDelayUs
                0x00005848       0x28 .\ARM_GCC_541\Debug\Mepsan.a(CyLib.o)
                0x00005848                CyDelayUs
 .text.CyIntSetVector
                0x00005870       0x50 .\ARM_GCC_541\Debug\Mepsan.a(CyLib.o)
                0x00005870                CyIntSetVector
 .text.CyIntSetPriority
                0x000058c0       0x48 .\ARM_GCC_541\Debug\Mepsan.a(CyLib.o)
                0x000058c0                CyIntSetPriority
 .text.UART_1_Start
                0x00005908       0x24 .\ARM_GCC_541\Debug\Mepsan.a(UART_1.o)
                0x00005908                UART_1_Start
 .text.UART_1_Init
                0x0000592c       0x58 .\ARM_GCC_541\Debug\Mepsan.a(UART_1.o)
                0x0000592c                UART_1_Init
 .text.UART_1_Enable
                0x00005984       0x68 .\ARM_GCC_541\Debug\Mepsan.a(UART_1.o)
                0x00005984                UART_1_Enable
 .text.UART_1_ReadRxData
                0x000059ec       0x90 .\ARM_GCC_541\Debug\Mepsan.a(UART_1.o)
                0x000059ec                UART_1_ReadRxData
 .text.UART_1_GetRxBufferSize
                0x00005a7c       0x90 .\ARM_GCC_541\Debug\Mepsan.a(UART_1.o)
                0x00005a7c                UART_1_GetRxBufferSize
 .text.UART_1_ClearRxBuffer
                0x00005b0c       0x80 .\ARM_GCC_541\Debug\Mepsan.a(UART_1.o)
                0x00005b0c                UART_1_ClearRxBuffer
 .text.UART_1_PutChar
                0x00005b8c       0x34 .\ARM_GCC_541\Debug\Mepsan.a(UART_1.o)
                0x00005b8c                UART_1_PutChar
 .text.UART_1_RXISR
                0x00005bc0       0xdc .\ARM_GCC_541\Debug\Mepsan.a(UART_1_INT.o)
                0x00005bc0                UART_1_RXISR
 .text.UART_1_IntClock_Start
                0x00005c9c       0x34 .\ARM_GCC_541\Debug\Mepsan.a(UART_1_IntClock.o)
                0x00005c9c                UART_1_IntClock_Start
 .text.Timer_1_Init
                0x00005cd0       0xa0 .\ARM_GCC_541\Debug\Mepsan.a(Timer_1.o)
                0x00005cd0                Timer_1_Init
 .text.Timer_1_Enable
                0x00005d70       0x48 .\ARM_GCC_541\Debug\Mepsan.a(Timer_1.o)
                0x00005d70                Timer_1_Enable
 .text.Timer_1_Start
                0x00005db8       0x24 .\ARM_GCC_541\Debug\Mepsan.a(Timer_1.o)
                0x00005db8                Timer_1_Start
 .text.Timer_1_SetInterruptMode
                0x00005ddc       0x20 .\ARM_GCC_541\Debug\Mepsan.a(Timer_1.o)
                0x00005ddc                Timer_1_SetInterruptMode
 .text.Timer_1_WritePeriod
                0x00005dfc       0x24 .\ARM_GCC_541\Debug\Mepsan.a(Timer_1.o)
                0x00005dfc                Timer_1_WritePeriod
 .text.Timer_1_WriteCounter
                0x00005e20       0x20 .\ARM_GCC_541\Debug\Mepsan.a(Timer_1.o)
                0x00005e20                Timer_1_WriteCounter
 .text.UART_2_Start
                0x00005e40       0x24 .\ARM_GCC_541\Debug\Mepsan.a(UART_2.o)
                0x00005e40                UART_2_Start
 .text.UART_2_Init
                0x00005e64       0x58 .\ARM_GCC_541\Debug\Mepsan.a(UART_2.o)
                0x00005e64                UART_2_Init
 .text.UART_2_Enable
                0x00005ebc       0x64 .\ARM_GCC_541\Debug\Mepsan.a(UART_2.o)
                0x00005ebc                UART_2_Enable
 .text.UART_2_RXISR
                0x00005f20       0xdc .\ARM_GCC_541\Debug\Mepsan.a(UART_2_INT.o)
                0x00005f20                UART_2_RXISR
 .text.EnablePin_Write
                0x00005ffc       0x38 .\ARM_GCC_541\Debug\Mepsan.a(EnablePin.o)
                0x00005ffc                EnablePin_Write
 .text.UART_3_Start
                0x00006034       0x24 .\ARM_GCC_541\Debug\Mepsan.a(UART_3.o)
                0x00006034                UART_3_Start
 .text.UART_3_Init
                0x00006058       0x3c .\ARM_GCC_541\Debug\Mepsan.a(UART_3.o)
                0x00006058                UART_3_Init
 .text.UART_3_Enable
                0x00006094       0x4c .\ARM_GCC_541\Debug\Mepsan.a(UART_3.o)
                0x00006094                UART_3_Enable
 .text.UART_3_PutChar
                0x000060e0       0xb8 .\ARM_GCC_541\Debug\Mepsan.a(UART_3.o)
                0x000060e0                UART_3_PutChar
 .text.UART_3_TXISR
                0x00006198       0x70 .\ARM_GCC_541\Debug\Mepsan.a(UART_3_INT.o)
                0x00006198                UART_3_TXISR
 .text.UART_3_IntClock_Start
                0x00006208       0x34 .\ARM_GCC_541\Debug\Mepsan.a(UART_3_IntClock.o)
                0x00006208                UART_3_IntClock_Start
 .text.screen_Start
                0x0000623c       0x24 .\ARM_GCC_541\Debug\Mepsan.a(screen.o)
                0x0000623c                screen_Start
 .text.screen_Init
                0x00006260       0x6c .\ARM_GCC_541\Debug\Mepsan.a(screen.o)
                0x00006260                screen_Init
 .text.screen_Enable
                0x000062cc       0x78 .\ARM_GCC_541\Debug\Mepsan.a(screen.o)
                0x000062cc                screen_Enable
 .text.screen_ReadRxData
                0x00006344       0x90 .\ARM_GCC_541\Debug\Mepsan.a(screen.o)
                0x00006344                screen_ReadRxData
 .text.screen_GetRxBufferSize
                0x000063d4       0x90 .\ARM_GCC_541\Debug\Mepsan.a(screen.o)
                0x000063d4                screen_GetRxBufferSize
 .text.screen_PutChar
                0x00006464       0xb8 .\ARM_GCC_541\Debug\Mepsan.a(screen.o)
                0x00006464                screen_PutChar
 .text.screen_RXISR
                0x0000651c       0xd8 .\ARM_GCC_541\Debug\Mepsan.a(screen_INT.o)
                0x0000651c                screen_RXISR
 .text.screen_TXISR
                0x000065f4       0x70 .\ARM_GCC_541\Debug\Mepsan.a(screen_INT.o)
                0x000065f4                screen_TXISR
 .text.screen_IntClock_Start
                0x00006664       0x34 .\ARM_GCC_541\Debug\Mepsan.a(screen_IntClock.o)
                0x00006664                screen_IntClock_Start
 .text.EEPROM_1_Enable
                0x00006698       0x10 .\ARM_GCC_541\Debug\Mepsan.a(EEPROM_1.o)
                0x00006698                EEPROM_1_Enable
 .text.EEPROM_1_Start
                0x000066a8        0xc .\ARM_GCC_541\Debug\Mepsan.a(EEPROM_1.o)
                0x000066a8                EEPROM_1_Start
 .text.EEPROM_1_WriteByte
                0x000066b4      0x114 .\ARM_GCC_541\Debug\Mepsan.a(EEPROM_1.o)
                0x000066b4                EEPROM_1_WriteByte
 .text.EEPROM_1_ReadByte
                0x000067c8       0x3c .\ARM_GCC_541\Debug\Mepsan.a(EEPROM_1.o)
                0x000067c8                EEPROM_1_ReadByte
 *fill*         0x00006804        0x4 
 .text          0x00006808       0x54 .\ARM_GCC_541\Debug\Mepsan.a(CyBootAsmGnu.o)
                0x00006808                CyDelayCycles
                0x00006846                CyEnterCriticalSection
                0x0000684e                CyExitCriticalSection
 .text.CySetTempInt
                0x0000685c       0x7c .\ARM_GCC_541\Debug\Mepsan.a(CyFlash.o)
 .text.CyFlashGetSpcAlgorithm
                0x000068d8       0x70 .\ARM_GCC_541\Debug\Mepsan.a(CyFlash.o)
                0x000068d8                CyFlashGetSpcAlgorithm
 .text.CySetTemp
                0x00006948       0x24 .\ARM_GCC_541\Debug\Mepsan.a(CyFlash.o)
                0x00006948                CySetTemp
 .text.CyEEPROM_Start
                0x0000696c       0x8c .\ARM_GCC_541\Debug\Mepsan.a(CyFlash.o)
                0x0000696c                CyEEPROM_Start
 .text.CyEEPROM_ReadReserve
                0x000069f8       0x30 .\ARM_GCC_541\Debug\Mepsan.a(CyFlash.o)
                0x000069f8                CyEEPROM_ReadReserve
 .text.CyEEPROM_ReadRelease
                0x00006a28       0x20 .\ARM_GCC_541\Debug\Mepsan.a(CyFlash.o)
                0x00006a28                CyEEPROM_ReadRelease
 .text.CySpcStart
                0x00006a48       0x48 .\ARM_GCC_541\Debug\Mepsan.a(CySpc.o)
                0x00006a48                CySpcStart
 .text.CySpcReadData
                0x00006a90       0x54 .\ARM_GCC_541\Debug\Mepsan.a(CySpc.o)
                0x00006a90                CySpcReadData
 .text.CySpcLoadMultiByte
                0x00006ae4       0xd0 .\ARM_GCC_541\Debug\Mepsan.a(CySpc.o)
                0x00006ae4                CySpcLoadMultiByte
 .text.CySpcWriteRow
                0x00006bb4       0x98 .\ARM_GCC_541\Debug\Mepsan.a(CySpc.o)
                0x00006bb4                CySpcWriteRow
 .text.CySpcGetTemp
                0x00006c4c       0x64 .\ARM_GCC_541\Debug\Mepsan.a(CySpc.o)
                0x00006c4c                CySpcGetTemp
 .text.CySpcLock
                0x00006cb0       0x68 .\ARM_GCC_541\Debug\Mepsan.a(CySpc.o)
                0x00006cb0                CySpcLock
 .text.CySpcUnlock
                0x00006d18       0x50 .\ARM_GCC_541\Debug\Mepsan.a(CySpc.o)
                0x00006d18                CySpcUnlock
 .text.CySpcGetAlgorithm
                0x00006d68       0x44 .\ARM_GCC_541\Debug\Mepsan.a(CySpc.o)
                0x00006d68                CySpcGetAlgorithm
 .text.atoi     0x00006dac        0x8 c:/program files (x86)/cypress/psoc creator/4.2/psoc creator/import/gnu/arm/5.4.1/bin/../lib/gcc/arm-none-eabi/5.4.1/../../../../arm-none-eabi/lib/armv7-m\libg_nano.a(lib_a-atoi.o)
                0x00006dac                atoi
 .text.__errno  0x00006db4        0xc c:/program files (x86)/cypress/psoc creator/4.2/psoc creator/import/gnu/arm/5.4.1/bin/../lib/gcc/arm-none-eabi/5.4.1/../../../../arm-none-eabi/lib/armv7-m\libg_nano.a(lib_a-errno.o)
                0x00006db4                __errno
 .text.__libc_init_array
                0x00006dc0       0x4c c:/program files (x86)/cypress/psoc creator/4.2/psoc creator/import/gnu/arm/5.4.1/bin/../lib/gcc/arm-none-eabi/5.4.1/../../../../arm-none-eabi/lib/armv7-m\libg_nano.a(lib_a-init.o)
                0x00006dc0                __libc_init_array
 .text.__itoa   0x00006e0c       0x2e c:/program files (x86)/cypress/psoc creator/4.2/psoc creator/import/gnu/arm/5.4.1/bin/../lib/gcc/arm-none-eabi/5.4.1/../../../../arm-none-eabi/lib/armv7-m\libg_nano.a(lib_a-itoa.o)
                0x00006e0c                __itoa
 .text.itoa     0x00006e3a        0x4 c:/program files (x86)/cypress/psoc creator/4.2/psoc creator/import/gnu/arm/5.4.1/bin/../lib/gcc/arm-none-eabi/5.4.1/../../../../arm-none-eabi/lib/armv7-m\libg_nano.a(lib_a-itoa.o)
                0x00006e3a                itoa
 .text.memcpy   0x00006e3e       0x16 c:/program files (x86)/cypress/psoc creator/4.2/psoc creator/import/gnu/arm/5.4.1/bin/../lib/gcc/arm-none-eabi/5.4.1/../../../../arm-none-eabi/lib/armv7-m\libg_nano.a(lib_a-memcpy-stub.o)
                0x00006e3e                memcpy
 .text._strtol_r
                0x00006e54      0x10c c:/program files (x86)/cypress/psoc creator/4.2/psoc creator/import/gnu/arm/5.4.1/bin/../lib/gcc/arm-none-eabi/5.4.1/../../../../arm-none-eabi/lib/armv7-m\libg_nano.a(lib_a-strtol.o)
                0x00006e54                _strtol_r
 .text.strtol   0x00006f60       0x14 c:/program files (x86)/cypress/psoc creator/4.2/psoc creator/import/gnu/arm/5.4.1/bin/../lib/gcc/arm-none-eabi/5.4.1/../../../../arm-none-eabi/lib/armv7-m\libg_nano.a(lib_a-strtol.o)
                0x00006f60                strtol
 .text.__utoa   0x00006f74       0x78 c:/program files (x86)/cypress/psoc creator/4.2/psoc creator/import/gnu/arm/5.4.1/bin/../lib/gcc/arm-none-eabi/5.4.1/../../../../arm-none-eabi/lib/armv7-m\libg_nano.a(lib_a-utoa.o)
                0x00006f74                __utoa
 *(.plt)
 *(.gnu.warning)
 *(.glue_7t)
 .glue_7t       0x00006fec        0x0 linker stubs
 *(.glue_7)
 .glue_7        0x00006fec        0x0 linker stubs
 *(.vfp11_veneer)
 .vfp11_veneer  0x00006fec        0x0 linker stubs
 *(.bootloader)
 *(.ARM.extab* .gnu.linkonce.armextab.*)
 *(.gcc_except_table)

.v4_bx          0x00006fec        0x0
 .v4_bx         0x00006fec        0x0 linker stubs

.iplt           0x00006fec        0x0
 .iplt          0x00006fec        0x0 c:/program files (x86)/cypress/psoc creator/4.2/psoc creator/import/gnu/arm/5.4.1/bin/../lib/gcc/arm-none-eabi/5.4.1/armv7-m/crtbegin.o

.eh_frame_hdr
 *(.eh_frame_hdr)

.eh_frame       0x00006fec        0x4
 *(.eh_frame)
 .eh_frame      0x00006fec        0x0 c:/program files (x86)/cypress/psoc creator/4.2/psoc creator/import/gnu/arm/5.4.1/bin/../lib/gcc/arm-none-eabi/5.4.1/armv7-m/crtbegin.o
 .eh_frame      0x00006fec        0x4 c:/program files (x86)/cypress/psoc creator/4.2/psoc creator/import/gnu/arm/5.4.1/bin/../lib/gcc/arm-none-eabi/5.4.1/armv7-m/crtend.o
                [!provide]                PROVIDE (__exidx_start, .)

.ARM.exidx
 *(.ARM.exidx* .gnu.linkonce.armexidx.*)
                0x00006ff0                __exidx_end = .

.rodata         0x00006ff0      0x2c8
 *(.rodata .rodata.* .gnu.linkonce.r.*)
 .rodata        0x00006ff0       0x13 .\ARM_GCC_541\Debug\main.o
 *fill*         0x00007003        0x1 
 .rodata        0x00007004      0x158 .\ARM_GCC_541\Debug\cyfitter_cfg.o
 .rodata.str1.1
                0x0000715c        0x2 c:/program files (x86)/cypress/psoc creator/4.2/psoc creator/import/gnu/arm/5.4.1/bin/../lib/gcc/arm-none-eabi/5.4.1/../../../../arm-none-eabi/lib/armv7-m\libg_nano.a(lib_a-impure.o)
 .rodata.str1.1
                0x0000715e       0x25 c:/program files (x86)/cypress/psoc creator/4.2/psoc creator/import/gnu/arm/5.4.1/bin/../lib/gcc/arm-none-eabi/5.4.1/../../../../arm-none-eabi/lib/armv7-m\libg_nano.a(lib_a-utoa.o)
 .rodata._ctype_
                0x00007183      0x101 c:/program files (x86)/cypress/psoc creator/4.2/psoc creator/import/gnu/arm/5.4.1/bin/../lib/gcc/arm-none-eabi/5.4.1/../../../../arm-none-eabi/lib/armv7-m\libg_nano.a(lib_a-ctype_.o)
                0x00007183                _ctype_
                0x00007284                . = ALIGN (0x4)
 *(.init)
 .init          0x00007284        0x4 c:/program files (x86)/cypress/psoc creator/4.2/psoc creator/import/gnu/arm/5.4.1/bin/../lib/gcc/arm-none-eabi/5.4.1/armv7-m/crti.o
                0x00007284                _init
 .init          0x00007288        0x8 c:/program files (x86)/cypress/psoc creator/4.2/psoc creator/import/gnu/arm/5.4.1/bin/../lib/gcc/arm-none-eabi/5.4.1/armv7-m/crtn.o
                0x00007290                . = ALIGN (0x4)
                0x00007290                __preinit_array_start = .
 *(.preinit_array)
                0x00007290                __preinit_array_end = .
                0x00007290                . = ALIGN (0x4)
                0x00007290                __init_array_start = .
 *(SORT(.init_array.*))
 *(.init_array)
 .init_array    0x00007290        0x4 c:/program files (x86)/cypress/psoc creator/4.2/psoc creator/import/gnu/arm/5.4.1/bin/../lib/gcc/arm-none-eabi/5.4.1/armv7-m/crtbegin.o
 .init_array    0x00007294        0x4 .\ARM_GCC_541\Debug\Cm3Start.o
                0x00007298                __init_array_end = .
                0x00007298                . = ALIGN (0x4)
 *(.fini)
 .fini          0x00007298        0x4 c:/program files (x86)/cypress/psoc creator/4.2/psoc creator/import/gnu/arm/5.4.1/bin/../lib/gcc/arm-none-eabi/5.4.1/armv7-m/crti.o
                0x00007298                _fini
 .fini          0x0000729c        0x8 c:/program files (x86)/cypress/psoc creator/4.2/psoc creator/import/gnu/arm/5.4.1/bin/../lib/gcc/arm-none-eabi/5.4.1/armv7-m/crtn.o
                0x000072a4                . = ALIGN (0x4)
                0x000072a4                __fini_array_start = .
 *(.fini_array)
 .fini_array    0x000072a4        0x4 c:/program files (x86)/cypress/psoc creator/4.2/psoc creator/import/gnu/arm/5.4.1/bin/../lib/gcc/arm-none-eabi/5.4.1/armv7-m/crtbegin.o
 *(SORT(.fini_array.*))
                0x000072a8                __fini_array_end = .
                0x000072a8                . = ALIGN (0x4)
 *crtbegin.o(.ctors)
 *(EXCLUDE_FILE(*crtend.o) .ctors)
 *(SORT(.ctors.*))
 *crtend.o(.ctors)
                0x000072a8                . = ALIGN (0x4)
 *crtbegin.o(.dtors)
 *(EXCLUDE_FILE(*crtend.o) .dtors)
 *(SORT(.dtors.*))
 *crtend.o(.dtors)
                0x000072a8                . = ALIGN (0x4)
                0x000072a8                __cy_regions = .
                0x000072a8        0x4 LONG 0x72b8 __cy_region_init_ram
                0x000072ac        0x4 LONG 0x1fff80c8 __cy_region_start_data
                0x000072b0        0x4 LONG 0x370 __cy_region_init_size_ram
                0x000072b4        0x4 LONG 0x6d0 __cy_region_zero_size_ram
                0x000072b8                __cy_regions_end = .
                0x000072b8                . = ALIGN (0x8)
                0x000072b8                _etext = .

.cy_checksum_exclude
                0x000072b8        0x0
 *(.cy_checksum_exclude)

.ramvectors     0x1fff8000       0xc0
                0x1fff8000                __cy_region_start_ram = .
 *(.ramvectors)
 .ramvectors    0x1fff8000       0xc0 .\ARM_GCC_541\Debug\Cm3Start.o
                0x1fff8000                CyRamVectors

.noinit         0x1fff80c0        0x5
 *(.noinit)
 .noinit        0x1fff80c0        0x4 .\ARM_GCC_541\Debug\Cm3Start.o
 .noinit        0x1fff80c4        0x1 .\ARM_GCC_541\Debug\Mepsan.a(CyLib.o)
                0x1fff80c4                CyResetStatus

.data           0x1fff80c8      0x370 load address 0x000072b8
                0x1fff80c8                __cy_region_start_data = .
 *(.jcr)
 .jcr           0x1fff80c8        0x0 c:/program files (x86)/cypress/psoc creator/4.2/psoc creator/import/gnu/arm/5.4.1/bin/../lib/gcc/arm-none-eabi/5.4.1/armv7-m/crtbegin.o
 .jcr           0x1fff80c8        0x4 c:/program files (x86)/cypress/psoc creator/4.2/psoc creator/import/gnu/arm/5.4.1/bin/../lib/gcc/arm-none-eabi/5.4.1/armv7-m/crtend.o
 *(.got.plt)
 *(.got)
 *(.shdata)
 *(.data .data.* .gnu.linkonce.d.*)
 .data          0x1fff80cc      0x2f2 .\ARM_GCC_541\Debug\printer.o
                0x1fff80cc                LINE_FEED
                0x1fff80d0                VolSimbol
                0x1fff80d4                msn_EDS
                0x1fff80ec                msn_EDS2
                0x1fff8104                msn_EDS3
                0x1fff811c                msn_EDS4
                0x1fff8134                msn_footer
                0x1fff814c                msn_footer2
                0x1fff8164                msn_diesel
                0x1fff816c                msn_gasoline
                0x1fff8178                msn_fecha
                0x1fff8188                msn_hora
                0x1fff8198                msn_placa
                0x1fff81a8                PRN_MILLEAGE
                0x1fff81b8                PRN_TRANSTYPE
                0x1fff81c8                msn_pos
                0x1fff81d8                msn_product
                0x1fff81e8                msn_ppu
                0x1fff81f8                msn_vol
                0x1fff8208                msn_voltot
                0x1fff8218                msn_din
                0x1fff8228                msn_cierre
                0x1fff8238                msn_venta
                0x1fff8248                msn_numero
                0x1fff8258                PRN_BALANCE
                0x1fff8268                PRN_COMPANY
                0x1fff8278                PRN_ACCOUNT
                0x1fff8288                PRN_SERIAL
                0x1fff8298                PRN_ACCOUNTTYPE
                0x1fff82a8                PRN_VISITSDAY
                0x1fff82b8                PRN_VISITSWEEK
                0x1fff82c8                PRN_VISITSMONTH
                0x1fff82d8                PRN_VOLUMEDAY
                0x1fff82e8                PRN_VOLUMEWEEK
                0x1fff82f8                PRN_VOLUMEMONTH
                0x1fff8308                PRN_MONEYDAY
                0x1fff8318                PRN_MONEYWEEK
                0x1fff8328                PRN_MONEYMONTH
                0x1fff8338                PRN_PRESET
                0x1fff8348                PRN_SIGNATURE
                0x1fff8358                PRN_ID
                0x1fff8368                PRN_CURRENCY
                0x1fff836c                msn_lecact
                0x1fff837c                msn_lecaan
                0x1fff838c                msn_dif
                0x1fff83a0                SEPARATOR
                0x1fff83b8                ASK_TIME
 *fill*         0x1fff83be        0x2 
 .data          0x1fff83c0       0x10 .\ARM_GCC_541\Debug\Mepsan.a(CyLib.o)
                0x1fff83c0                cydelay_freq_hz
                0x1fff83c4                cydelay_freq_khz
                0x1fff83c8                cydelay_freq_mhz
                0x1fff83cc                cydelay_32k_ms
 .data.impure_data
                0x1fff83d0       0x60 c:/program files (x86)/cypress/psoc creator/4.2/psoc creator/import/gnu/arm/5.4.1/bin/../lib/gcc/arm-none-eabi/5.4.1/../../../../arm-none-eabi/lib/armv7-m\libg_nano.a(lib_a-impure.o)
 .data._impure_ptr
                0x1fff8430        0x4 c:/program files (x86)/cypress/psoc creator/4.2/psoc creator/import/gnu/arm/5.4.1/bin/../lib/gcc/arm-none-eabi/5.4.1/../../../../arm-none-eabi/lib/armv7-m\libg_nano.a(lib_a-impure.o)
                0x1fff8430                _impure_ptr
 .data.__ctype_ptr__
                0x1fff8434        0x4 c:/program files (x86)/cypress/psoc creator/4.2/psoc creator/import/gnu/arm/5.4.1/bin/../lib/gcc/arm-none-eabi/5.4.1/../../../../arm-none-eabi/lib/armv7-m\libg_nano.a(lib_a-ctype_.o)
                0x1fff8434                __ctype_ptr__
                0x1fff8438                . = ALIGN (0x8)
 *(.ram)
                0x1fff8438                _edata = .

.igot.plt       0x1fff8438        0x0 load address 0x00007628
 .igot.plt      0x1fff8438        0x0 c:/program files (x86)/cypress/psoc creator/4.2/psoc creator/import/gnu/arm/5.4.1/bin/../lib/gcc/arm-none-eabi/5.4.1/armv7-m/crtbegin.o

.bss            0x1fff8438      0x6d0 load address 0x00007628
                0x1fff8438                PROVIDE (__bss_start__, .)
 *(.shbss)
 *(.bss .bss.* .gnu.linkonce.b.*)
 .bss           0x1fff8438       0x1c c:/program files (x86)/cypress/psoc creator/4.2/psoc creator/import/gnu/arm/5.4.1/bin/../lib/gcc/arm-none-eabi/5.4.1/armv7-m/crtbegin.o
 *fill*         0x1fff8454        0x4 
 .bss           0x1fff8458        0x4 .\ARM_GCC_541\Debug\cyfitter_cfg.o
 .bss           0x1fff845c        0x1 .\ARM_GCC_541\Debug\Mepsan.a(PWM_1.o)
                0x1fff845c                PWM_1_initVar
 .bss           0x1fff845d        0x7 .\ARM_GCC_541\Debug\Mepsan.a(UART_1.o)
                0x1fff845d                UART_1_initVar
                0x1fff845e                UART_1_errorStatus
                0x1fff845f                UART_1_rxBufferRead
                0x1fff8460                UART_1_rxBufferWrite
                0x1fff8461                UART_1_rxBufferLoopDetect
                0x1fff8462                UART_1_rxBufferOverflow
 .bss           0x1fff8464        0x1 .\ARM_GCC_541\Debug\Mepsan.a(Timer_1.o)
                0x1fff8464                Timer_1_initVar
 .bss           0x1fff8465        0x7 .\ARM_GCC_541\Debug\Mepsan.a(UART_2.o)
                0x1fff8465                UART_2_initVar
                0x1fff8466                UART_2_errorStatus
                0x1fff8467                UART_2_rxBufferRead
                0x1fff8468                UART_2_rxBufferWrite
                0x1fff8469                UART_2_rxBufferLoopDetect
                0x1fff846a                UART_2_rxBufferOverflow
 .bss           0x1fff846c        0x4 .\ARM_GCC_541\Debug\Mepsan.a(UART_3.o)
                0x1fff846c                UART_3_initVar
                0x1fff846d                UART_3_txBufferRead
                0x1fff846e                UART_3_txBufferWrite
 .bss           0x1fff8470        0x9 .\ARM_GCC_541\Debug\Mepsan.a(screen.o)
                0x1fff8470                screen_initVar
                0x1fff8471                screen_txBufferRead
                0x1fff8472                screen_txBufferWrite
                0x1fff8473                screen_errorStatus
                0x1fff8474                screen_rxBufferRead
                0x1fff8475                screen_rxBufferWrite
                0x1fff8476                screen_rxBufferLoopDetect
                0x1fff8477                screen_rxBufferOverflow
 *fill*         0x1fff8479        0x3 
 .bss           0x1fff847c        0x8 .\ARM_GCC_541\Debug\Mepsan.a(CySpc.o)
                0x1fff847c                SpcLockState
 *(COMMON)
 COMMON         0x1fff8484      0x556 .\ARM_GCC_541\Debug\main.o
                0x1fff8484                sale_number
                0x1fff848c                side
                0x1fff8938                crc_hi
                0x1fff893c                PumpAddress
                0x1fff894c                MepsanResponse
                0x1fff897e                DecVol
                0x1fff897f                dirGbr
                0x1fff8980                MepsanSendTo
                0x1fff89b4                shift_number
                0x1fff89ba                int_shiftnumber
                0x1fff89bb                TotalRequestType
                0x1fff89bc                LCDhose
                0x1fff89bd                Receipt
                0x1fff89be                Positions
                0x1fff89bf                int_salenumber
                0x1fff89c0                CRC
                0x1fff89c2                crc_lo
                0x1fff89c3                CurrentState
                0x1fff89c4                touch1
                0x1fff89d8                PollCounter
 *fill*         0x1fff89da        0x2 
 COMMON         0x1fff89dc       0x80 .\ARM_GCC_541\Debug\Mepsan.a(UART_1.o)
                0x1fff89dc                UART_1_rxBuffer
 COMMON         0x1fff8a5c       0x80 .\ARM_GCC_541\Debug\Mepsan.a(UART_2.o)
                0x1fff8a5c                UART_2_rxBuffer
 COMMON         0x1fff8adc        0x5 .\ARM_GCC_541\Debug\Mepsan.a(UART_3.o)
                0x1fff8adc                UART_3_txBuffer
 *fill*         0x1fff8ae1        0x3 
 COMMON         0x1fff8ae4       0x1c .\ARM_GCC_541\Debug\Mepsan.a(screen.o)
                0x1fff8ae4                screen_txBuffer
                0x1fff8aec                screen_rxBuffer
 COMMON         0x1fff8b00        0x2 .\ARM_GCC_541\Debug\Mepsan.a(CyFlash.o)
                0x1fff8b00                dieTemperature
                0x1fff8b08                . = ALIGN (0x8)
 *fill*         0x1fff8b02        0x6 
 *(.ram.b)
                0x1fff8b08                _end = .
                0x1fff8b08                __end = .
                0x1fff8b08                PROVIDE (end, .)
                0x1fff8b08                PROVIDE (__bss_end__, .)
                0x000072b8                __cy_region_init_ram = LOADADDR (.data)
                0x00000370                __cy_region_init_size_ram = (_edata - ADDR (.data))
                0x000006d0                __cy_region_zero_size_ram = (_end - _edata)

.heap           0x1fff8b08       0x80 load address 0x00007628
                0x1fff8b08                . = _end
                0x1fff8b88                . = (. + 0x80)
 *fill*         0x1fff8b08       0x80 
                0x1fff8b88                __cy_heap_limit = .

.stack          0x20007800      0x800
                0x20007800                __cy_stack_limit = .
                0x20008000                . = (. + 0x800)
 *fill*         0x20007800      0x800 
                0x00000001                ASSERT ((__cy_stack_limit >= __cy_heap_limit), region RAM overflowed with stack)
                0x00000000                cy_checksum_exclude_size = (CY_APPL_LOADABLE == 0x1)?SIZEOF (.cy_checksum_exclude):0x0
                0x00000001                ASSERT ((cy_checksum_exclude_size <= CY_CHECKSUM_EXCLUDE_SIZE), CY_BOOT: Section .cy_checksum_exclude size exceedes specified limit.)

.cyloadermeta
 *(.cyloadermeta)

.cyloadablemeta
 *(.cyloadablemeta)

.cyconfigecc    0x80000000     0x1c5c
 *(.cyconfigecc)
 .cyconfigecc   0x80000000     0x1c5c .\ARM_GCC_541\Debug\cymetadata.o
                0x80000000                cy_meta_configecc

.cycustnvl      0x90000000        0x4
 *(.cycustnvl)
 .cycustnvl     0x90000000        0x4 .\ARM_GCC_541\Debug\cymetadata.o
                0x90000000                cy_meta_custnvl

.cywolatch      0x90100000        0x4
 *(.cywolatch)
 .cywolatch     0x90100000        0x4 .\ARM_GCC_541\Debug\cymetadata.o
                0x90100000                cy_meta_wonvl

.cyeeprom       0x90200000        0x0
 *(.cyeeprom)
                0x00000001                ASSERT ((. <= ((0x90200000 + ee_offset) + ee_size)), .cyeeprom data will not fit in EEPROM)

.cyflashprotect
                0x90400000      0x100
 *(.cyflashprotect)
 .cyflashprotect
                0x90400000      0x100 .\ARM_GCC_541\Debug\cymetadata.o
                0x90400000                cy_meta_flashprotect

.cymeta         0x90500000        0xc
 *(.cymeta)
 .cymeta        0x90500000        0xc .\ARM_GCC_541\Debug\cymetadata.o
                0x90500000                cy_metadata

.rel.dyn        0x00007628        0x0 load address 0x9050000c
 .rel.iplt      0x00007628        0x0 c:/program files (x86)/cypress/psoc creator/4.2/psoc creator/import/gnu/arm/5.4.1/bin/../lib/gcc/arm-none-eabi/5.4.1/armv7-m/crtbegin.o

.stab
 *(.stab)

.stabstr
 *(.stabstr)

.debug
 *(.debug)

.line
 *(.line)

.debug_srcinfo
 *(.debug_srcinfo)

.debug_sfnames
 *(.debug_sfnames)

.debug_aranges  0x00000000      0xd00
 *(.debug_aranges)
 .debug_aranges
                0x00000000       0x30 .\ARM_GCC_541\Debug\main.o
 .debug_aranges
                0x00000030       0x68 .\ARM_GCC_541\Debug\PumpCom.o
 .debug_aranges
                0x00000098       0x28 .\ARM_GCC_541\Debug\Gbr.o
 .debug_aranges
                0x000000c0       0x28 .\ARM_GCC_541\Debug\printer.o
 .debug_aranges
                0x000000e8       0x60 .\ARM_GCC_541\Debug\cyfitter_cfg.o
 .debug_aranges
                0x00000148       0x18 .\ARM_GCC_541\Debug\cymetadata.o
 .debug_aranges
                0x00000160       0x48 .\ARM_GCC_541\Debug\Cm3Start.o
 .debug_aranges
                0x000001a8       0x78 .\ARM_GCC_541\Debug\Mepsan.a(PWM_1.o)
 .debug_aranges
                0x00000220      0x2a0 .\ARM_GCC_541\Debug\Mepsan.a(CyLib.o)
 .debug_aranges
                0x000004c0       0x98 .\ARM_GCC_541\Debug\Mepsan.a(cyPm.o)
 .debug_aranges
                0x00000558       0xf0 .\ARM_GCC_541\Debug\Mepsan.a(UART_1.o)
 .debug_aranges
                0x00000648       0x20 .\ARM_GCC_541\Debug\Mepsan.a(UART_1_INT.o)
 .debug_aranges
                0x00000668       0x70 .\ARM_GCC_541\Debug\Mepsan.a(UART_1_IntClock.o)
 .debug_aranges
                0x000006d8       0x88 .\ARM_GCC_541\Debug\Mepsan.a(Timer_1.o)
 .debug_aranges
                0x00000760       0xf0 .\ARM_GCC_541\Debug\Mepsan.a(UART_2.o)
 .debug_aranges
                0x00000850       0x20 .\ARM_GCC_541\Debug\Mepsan.a(UART_2_INT.o)
 .debug_aranges
                0x00000870       0x38 .\ARM_GCC_541\Debug\Mepsan.a(EnablePin.o)
 .debug_aranges
                0x000008a8       0xa0 .\ARM_GCC_541\Debug\Mepsan.a(UART_3.o)
 .debug_aranges
                0x00000948       0x20 .\ARM_GCC_541\Debug\Mepsan.a(UART_3_INT.o)
 .debug_aranges
                0x00000968       0x70 .\ARM_GCC_541\Debug\Mepsan.a(UART_3_IntClock.o)
 .debug_aranges
                0x000009d8       0xf0 .\ARM_GCC_541\Debug\Mepsan.a(screen.o)
 .debug_aranges
                0x00000ac8       0x28 .\ARM_GCC_541\Debug\Mepsan.a(screen_INT.o)
 .debug_aranges
                0x00000af0       0x70 .\ARM_GCC_541\Debug\Mepsan.a(screen_IntClock.o)
 .debug_aranges
                0x00000b60       0x78 .\ARM_GCC_541\Debug\Mepsan.a(EEPROM_1.o)
 .debug_aranges
                0x00000bd8       0x20 .\ARM_GCC_541\Debug\Mepsan.a(CyBootAsmGnu.o)
 .debug_aranges
                0x00000bf8       0x88 .\ARM_GCC_541\Debug\Mepsan.a(CyFlash.o)
 .debug_aranges
                0x00000c80       0x80 .\ARM_GCC_541\Debug\Mepsan.a(CySpc.o)

.debug_pubnames
 *(.debug_pubnames)

.debug_info     0x00000000     0x7a18
 *(.debug_info .gnu.linkonce.wi.*)
 .debug_info    0x00000000      0x6ff .\ARM_GCC_541\Debug\main.o
 .debug_info    0x000006ff      0xaa7 .\ARM_GCC_541\Debug\PumpCom.o
 .debug_info    0x000011a6      0x494 .\ARM_GCC_541\Debug\Gbr.o
 .debug_info    0x0000163a     0x1384 .\ARM_GCC_541\Debug\printer.o
 .debug_info    0x000029be      0x3ce .\ARM_GCC_541\Debug\cyfitter_cfg.o
 .debug_info    0x00002d8c      0x139 .\ARM_GCC_541\Debug\cymetadata.o
 .debug_info    0x00002ec5      0x32b .\ARM_GCC_541\Debug\Cm3Start.o
 .debug_info    0x000031f0      0x235 .\ARM_GCC_541\Debug\Mepsan.a(PWM_1.o)
 .debug_info    0x00003425      0xe51 .\ARM_GCC_541\Debug\Mepsan.a(CyLib.o)
 .debug_info    0x00004276      0x57a .\ARM_GCC_541\Debug\Mepsan.a(cyPm.o)
 .debug_info    0x000047f0      0x5f2 .\ARM_GCC_541\Debug\Mepsan.a(UART_1.o)
 .debug_info    0x00004de2      0x149 .\ARM_GCC_541\Debug\Mepsan.a(UART_1_INT.o)
 .debug_info    0x00004f2b      0x25d .\ARM_GCC_541\Debug\Mepsan.a(UART_1_IntClock.o)
 .debug_info    0x00005188      0x245 .\ARM_GCC_541\Debug\Mepsan.a(Timer_1.o)
 .debug_info    0x000053cd      0x5f2 .\ARM_GCC_541\Debug\Mepsan.a(UART_2.o)
 .debug_info    0x000059bf      0x149 .\ARM_GCC_541\Debug\Mepsan.a(UART_2_INT.o)
 .debug_info    0x00005b08      0x11e .\ARM_GCC_541\Debug\Mepsan.a(EnablePin.o)
 .debug_info    0x00005c26      0x402 .\ARM_GCC_541\Debug\Mepsan.a(UART_3.o)
 .debug_info    0x00006028       0xf6 .\ARM_GCC_541\Debug\Mepsan.a(UART_3_INT.o)
 .debug_info    0x0000611e      0x25d .\ARM_GCC_541\Debug\Mepsan.a(UART_3_IntClock.o)
 .debug_info    0x0000637b      0x658 .\ARM_GCC_541\Debug\Mepsan.a(screen.o)
 .debug_info    0x000069d3      0x193 .\ARM_GCC_541\Debug\Mepsan.a(screen_INT.o)
 .debug_info    0x00006b66      0x25d .\ARM_GCC_541\Debug\Mepsan.a(screen_IntClock.o)
 .debug_info    0x00006dc3      0x359 .\ARM_GCC_541\Debug\Mepsan.a(EEPROM_1.o)
 .debug_info    0x0000711c       0x83 .\ARM_GCC_541\Debug\Mepsan.a(CyBootAsmGnu.o)
 .debug_info    0x0000719f      0x3b9 .\ARM_GCC_541\Debug\Mepsan.a(CyFlash.o)
 .debug_info    0x00007558      0x4c0 .\ARM_GCC_541\Debug\Mepsan.a(CySpc.o)

.debug_abbrev   0x00000000     0x1edf
 *(.debug_abbrev)
 .debug_abbrev  0x00000000      0x175 .\ARM_GCC_541\Debug\main.o
 .debug_abbrev  0x00000175      0x22b .\ARM_GCC_541\Debug\PumpCom.o
 .debug_abbrev  0x000003a0      0x132 .\ARM_GCC_541\Debug\Gbr.o
 .debug_abbrev  0x000004d2      0x16e .\ARM_GCC_541\Debug\printer.o
 .debug_abbrev  0x00000640      0x183 .\ARM_GCC_541\Debug\cyfitter_cfg.o
 .debug_abbrev  0x000007c3       0x77 .\ARM_GCC_541\Debug\cymetadata.o
 .debug_abbrev  0x0000083a      0x1d6 .\ARM_GCC_541\Debug\Cm3Start.o
 .debug_abbrev  0x00000a10      0x116 .\ARM_GCC_541\Debug\Mepsan.a(PWM_1.o)
 .debug_abbrev  0x00000b26      0x217 .\ARM_GCC_541\Debug\Mepsan.a(CyLib.o)
 .debug_abbrev  0x00000d3d      0x161 .\ARM_GCC_541\Debug\Mepsan.a(cyPm.o)
 .debug_abbrev  0x00000e9e      0x15f .\ARM_GCC_541\Debug\Mepsan.a(UART_1.o)
 .debug_abbrev  0x00000ffd       0x8a .\ARM_GCC_541\Debug\Mepsan.a(UART_1_INT.o)
 .debug_abbrev  0x00001087      0x11d .\ARM_GCC_541\Debug\Mepsan.a(UART_1_IntClock.o)
 .debug_abbrev  0x000011a4       0xe9 .\ARM_GCC_541\Debug\Mepsan.a(Timer_1.o)
 .debug_abbrev  0x0000128d      0x15f .\ARM_GCC_541\Debug\Mepsan.a(UART_2.o)
 .debug_abbrev  0x000013ec       0x8a .\ARM_GCC_541\Debug\Mepsan.a(UART_2_INT.o)
 .debug_abbrev  0x00001476       0x90 .\ARM_GCC_541\Debug\Mepsan.a(EnablePin.o)
 .debug_abbrev  0x00001506      0x143 .\ARM_GCC_541\Debug\Mepsan.a(UART_3.o)
 .debug_abbrev  0x00001649       0x79 .\ARM_GCC_541\Debug\Mepsan.a(UART_3_INT.o)
 .debug_abbrev  0x000016c2      0x11d .\ARM_GCC_541\Debug\Mepsan.a(UART_3_IntClock.o)
 .debug_abbrev  0x000017df      0x15f .\ARM_GCC_541\Debug\Mepsan.a(screen.o)
 .debug_abbrev  0x0000193e       0xa2 .\ARM_GCC_541\Debug\Mepsan.a(screen_INT.o)
 .debug_abbrev  0x000019e0      0x11d .\ARM_GCC_541\Debug\Mepsan.a(screen_IntClock.o)
 .debug_abbrev  0x00001afd      0x117 .\ARM_GCC_541\Debug\Mepsan.a(EEPROM_1.o)
 .debug_abbrev  0x00001c14       0x14 .\ARM_GCC_541\Debug\Mepsan.a(CyBootAsmGnu.o)
 .debug_abbrev  0x00001c28      0x14b .\ARM_GCC_541\Debug\Mepsan.a(CyFlash.o)
 .debug_abbrev  0x00001d73      0x16c .\ARM_GCC_541\Debug\Mepsan.a(CySpc.o)

.debug_line     0x00000000     0x44d9
 *(.debug_line)
 .debug_line    0x00000000      0x4d7 .\ARM_GCC_541\Debug\main.o
 .debug_line    0x000004d7      0x63b .\ARM_GCC_541\Debug\PumpCom.o
 .debug_line    0x00000b12      0x18d .\ARM_GCC_541\Debug\Gbr.o
 .debug_line    0x00000c9f      0x9c8 .\ARM_GCC_541\Debug\printer.o
 .debug_line    0x00001667      0x220 .\ARM_GCC_541\Debug\cyfitter_cfg.o
 .debug_line    0x00001887      0x141 .\ARM_GCC_541\Debug\cymetadata.o
 .debug_line    0x000019c8      0x1dc .\ARM_GCC_541\Debug\Cm3Start.o
 .debug_line    0x00001ba4      0x140 .\ARM_GCC_541\Debug\Mepsan.a(PWM_1.o)
 .debug_line    0x00001ce4      0x883 .\ARM_GCC_541\Debug\Mepsan.a(CyLib.o)
 .debug_line    0x00002567      0x38e .\ARM_GCC_541\Debug\Mepsan.a(cyPm.o)
 .debug_line    0x000028f5      0x30b .\ARM_GCC_541\Debug\Mepsan.a(UART_1.o)
 .debug_line    0x00002c00       0x8a .\ARM_GCC_541\Debug\Mepsan.a(UART_1_INT.o)
 .debug_line    0x00002c8a      0x1ae .\ARM_GCC_541\Debug\Mepsan.a(UART_1_IntClock.o)
 .debug_line    0x00002e38      0x15f .\ARM_GCC_541\Debug\Mepsan.a(Timer_1.o)
 .debug_line    0x00002f97      0x30b .\ARM_GCC_541\Debug\Mepsan.a(UART_2.o)
 .debug_line    0x000032a2       0x8a .\ARM_GCC_541\Debug\Mepsan.a(UART_2_INT.o)
 .debug_line    0x0000332c       0x99 .\ARM_GCC_541\Debug\Mepsan.a(EnablePin.o)
 .debug_line    0x000033c5      0x235 .\ARM_GCC_541\Debug\Mepsan.a(UART_3.o)
 .debug_line    0x000035fa       0x84 .\ARM_GCC_541\Debug\Mepsan.a(UART_3_INT.o)
 .debug_line    0x0000367e      0x1ae .\ARM_GCC_541\Debug\Mepsan.a(UART_3_IntClock.o)
 .debug_line    0x0000382c      0x349 .\ARM_GCC_541\Debug\Mepsan.a(screen.o)
 .debug_line    0x00003b75       0xb1 .\ARM_GCC_541\Debug\Mepsan.a(screen_INT.o)
 .debug_line    0x00003c26      0x1ae .\ARM_GCC_541\Debug\Mepsan.a(screen_IntClock.o)
 .debug_line    0x00003dd4      0x228 .\ARM_GCC_541\Debug\Mepsan.a(EEPROM_1.o)
 .debug_line    0x00003ffc       0x7d .\ARM_GCC_541\Debug\Mepsan.a(CyBootAsmGnu.o)
 .debug_line    0x00004079      0x22f .\ARM_GCC_541\Debug\Mepsan.a(CyFlash.o)
 .debug_line    0x000042a8      0x231 .\ARM_GCC_541\Debug\Mepsan.a(CySpc.o)

.debug_frame    0x00000000     0x34e0
 *(.debug_frame)
 .debug_frame   0x00000000       0x7c .\ARM_GCC_541\Debug\main.o
 .debug_frame   0x0000007c      0x1b8 .\ARM_GCC_541\Debug\PumpCom.o
 .debug_frame   0x00000234       0x54 .\ARM_GCC_541\Debug\Gbr.o
 .debug_frame   0x00000288       0x68 .\ARM_GCC_541\Debug\printer.o
 .debug_frame   0x000002f0      0x160 .\ARM_GCC_541\Debug\cyfitter_cfg.o
 .debug_frame   0x00000450       0xd8 .\ARM_GCC_541\Debug\Cm3Start.o
 .debug_frame   0x00000528      0x1d0 .\ARM_GCC_541\Debug\Mepsan.a(PWM_1.o)
 .debug_frame   0x000006f8      0xc0c .\ARM_GCC_541\Debug\Mepsan.a(CyLib.o)
 .debug_frame   0x00001304      0x234 .\ARM_GCC_541\Debug\Mepsan.a(cyPm.o)
 .debug_frame   0x00001538      0x428 .\ARM_GCC_541\Debug\Mepsan.a(UART_1.o)
 .debug_frame   0x00001960       0x38 .\ARM_GCC_541\Debug\Mepsan.a(UART_1_INT.o)
 .debug_frame   0x00001998      0x1b4 .\ARM_GCC_541\Debug\Mepsan.a(UART_1_IntClock.o)
 .debug_frame   0x00001b4c      0x208 .\ARM_GCC_541\Debug\Mepsan.a(Timer_1.o)
 .debug_frame   0x00001d54      0x428 .\ARM_GCC_541\Debug\Mepsan.a(UART_2.o)
 .debug_frame   0x0000217c       0x38 .\ARM_GCC_541\Debug\Mepsan.a(UART_2_INT.o)
 .debug_frame   0x000021b4       0xa8 .\ARM_GCC_541\Debug\Mepsan.a(EnablePin.o)
 .debug_frame   0x0000225c      0x298 .\ARM_GCC_541\Debug\Mepsan.a(UART_3.o)
 .debug_frame   0x000024f4       0x34 .\ARM_GCC_541\Debug\Mepsan.a(UART_3_INT.o)
 .debug_frame   0x00002528      0x1b4 .\ARM_GCC_541\Debug\Mepsan.a(UART_3_IntClock.o)
 .debug_frame   0x000026dc      0x428 .\ARM_GCC_541\Debug\Mepsan.a(screen.o)
 .debug_frame   0x00002b04       0x5c .\ARM_GCC_541\Debug\Mepsan.a(screen_INT.o)
 .debug_frame   0x00002b60      0x1b4 .\ARM_GCC_541\Debug\Mepsan.a(screen_IntClock.o)
 .debug_frame   0x00002d14      0x1c0 .\ARM_GCC_541\Debug\Mepsan.a(EEPROM_1.o)
 .debug_frame   0x00002ed4      0x238 .\ARM_GCC_541\Debug\Mepsan.a(CyFlash.o)
 .debug_frame   0x0000310c      0x228 .\ARM_GCC_541\Debug\Mepsan.a(CySpc.o)
 .debug_frame   0x00003334       0x30 c:/program files (x86)/cypress/psoc creator/4.2/psoc creator/import/gnu/arm/5.4.1/bin/../lib/gcc/arm-none-eabi/5.4.1/../../../../arm-none-eabi/lib/armv7-m\libg_nano.a(lib_a-atoi.o)
 .debug_frame   0x00003364       0x20 c:/program files (x86)/cypress/psoc creator/4.2/psoc creator/import/gnu/arm/5.4.1/bin/../lib/gcc/arm-none-eabi/5.4.1/../../../../arm-none-eabi/lib/armv7-m\libg_nano.a(lib_a-errno.o)
 .debug_frame   0x00003384       0x28 c:/program files (x86)/cypress/psoc creator/4.2/psoc creator/import/gnu/arm/5.4.1/bin/../lib/gcc/arm-none-eabi/5.4.1/../../../../arm-none-eabi/lib/armv7-m\libg_nano.a(lib_a-exit.o)
 .debug_frame   0x000033ac       0x2c c:/program files (x86)/cypress/psoc creator/4.2/psoc creator/import/gnu/arm/5.4.1/bin/../lib/gcc/arm-none-eabi/5.4.1/../../../../arm-none-eabi/lib/armv7-m\libg_nano.a(lib_a-init.o)
 .debug_frame   0x000033d8       0x38 c:/program files (x86)/cypress/psoc creator/4.2/psoc creator/import/gnu/arm/5.4.1/bin/../lib/gcc/arm-none-eabi/5.4.1/../../../../arm-none-eabi/lib/armv7-m\libg_nano.a(lib_a-itoa.o)
 .debug_frame   0x00003410       0x28 c:/program files (x86)/cypress/psoc creator/4.2/psoc creator/import/gnu/arm/5.4.1/bin/../lib/gcc/arm-none-eabi/5.4.1/../../../../arm-none-eabi/lib/armv7-m\libg_nano.a(lib_a-memcpy-stub.o)
 .debug_frame   0x00003438       0x20 c:/program files (x86)/cypress/psoc creator/4.2/psoc creator/import/gnu/arm/5.4.1/bin/../lib/gcc/arm-none-eabi/5.4.1/../../../../arm-none-eabi/lib/armv7-m\libg_nano.a(lib_a-memset.o)
 .debug_frame   0x00003458       0x44 c:/program files (x86)/cypress/psoc creator/4.2/psoc creator/import/gnu/arm/5.4.1/bin/../lib/gcc/arm-none-eabi/5.4.1/../../../../arm-none-eabi/lib/armv7-m\libg_nano.a(lib_a-strtol.o)
 .debug_frame   0x0000349c       0x44 c:/program files (x86)/cypress/psoc creator/4.2/psoc creator/import/gnu/arm/5.4.1/bin/../lib/gcc/arm-none-eabi/5.4.1/../../../../arm-none-eabi/lib/armv7-m\libg_nano.a(lib_a-utoa.o)

.debug_str      0x00000000     0x2d04
 *(.debug_str)
 .debug_str     0x00000000      0x325 .\ARM_GCC_541\Debug\main.o
                                0x38f (size before relaxing)
 .debug_str     0x00000325       0xf6 .\ARM_GCC_541\Debug\PumpCom.o
                                0x445 (size before relaxing)
 .debug_str     0x0000041b       0xa9 .\ARM_GCC_541\Debug\Gbr.o
                                0x3c9 (size before relaxing)
 .debug_str     0x000004c4      0x26f .\ARM_GCC_541\Debug\printer.o
                                0x5b9 (size before relaxing)
 .debug_str     0x00000733      0x18b .\ARM_GCC_541\Debug\cyfitter_cfg.o
                                0x312 (size before relaxing)
 .debug_str     0x000008be       0x75 .\ARM_GCC_541\Debug\cymetadata.o
                                0x1d7 (size before relaxing)
 .debug_str     0x00000933      0x124 .\ARM_GCC_541\Debug\Cm3Start.o
                                0x2ca (size before relaxing)
 .debug_str     0x00000a57      0x13a .\ARM_GCC_541\Debug\Mepsan.a(PWM_1.o)
                                0x2c0 (size before relaxing)
 .debug_str     0x00000b91      0x80b .\ARM_GCC_541\Debug\Mepsan.a(CyLib.o)
                                0x9dd (size before relaxing)
 .debug_str     0x0000139c      0x371 .\ARM_GCC_541\Debug\Mepsan.a(cyPm.o)
                                0x536 (size before relaxing)
 .debug_str     0x0000170d      0x35a .\ARM_GCC_541\Debug\Mepsan.a(UART_1.o)
                                0x509 (size before relaxing)
 .debug_str     0x00001a67       0x57 .\ARM_GCC_541\Debug\Mepsan.a(UART_1_INT.o)
                                0x24e (size before relaxing)
 .debug_str     0x00001abe      0x1c2 .\ARM_GCC_541\Debug\Mepsan.a(UART_1_IntClock.o)
                                0x341 (size before relaxing)
 .debug_str     0x00001c80      0x165 .\ARM_GCC_541\Debug\Mepsan.a(Timer_1.o)
                                0x308 (size before relaxing)
 .debug_str     0x00001de5      0x2b8 .\ARM_GCC_541\Debug\Mepsan.a(UART_2.o)
                                0x509 (size before relaxing)
 .debug_str     0x0000209d       0x31 .\ARM_GCC_541\Debug\Mepsan.a(UART_2_INT.o)
                                0x24e (size before relaxing)
 .debug_str     0x000020ce       0x7a .\ARM_GCC_541\Debug\Mepsan.a(EnablePin.o)
                                0x1e9 (size before relaxing)
 .debug_str     0x00002148      0x1c8 .\ARM_GCC_541\Debug\Mepsan.a(UART_3.o)
                                0x3ca (size before relaxing)
 .debug_str     0x00002310       0x31 .\ARM_GCC_541\Debug\Mepsan.a(UART_3_INT.o)
                                0x1e3 (size before relaxing)
 .debug_str     0x00002341      0x177 .\ARM_GCC_541\Debug\Mepsan.a(UART_3_IntClock.o)
                                0x341 (size before relaxing)
 .debug_str     0x000024b8      0x2f1 .\ARM_GCC_541\Debug\Mepsan.a(screen.o)
                                0x563 (size before relaxing)
 .debug_str     0x000027a9       0x3e .\ARM_GCC_541\Debug\Mepsan.a(screen_INT.o)
                                0x294 (size before relaxing)
 .debug_str     0x000027e7      0x177 .\ARM_GCC_541\Debug\Mepsan.a(screen_IntClock.o)
                                0x341 (size before relaxing)
 .debug_str     0x0000295e      0x14a .\ARM_GCC_541\Debug\Mepsan.a(EEPROM_1.o)
                                0x2f1 (size before relaxing)
 .debug_str     0x00002aa8      0x135 .\ARM_GCC_541\Debug\Mepsan.a(CyFlash.o)
                                0x2fa (size before relaxing)
 .debug_str     0x00002bdd      0x127 .\ARM_GCC_541\Debug\Mepsan.a(CySpc.o)
                                0x2f4 (size before relaxing)

.debug_loc
 *(.debug_loc)

.debug_macinfo
 *(.debug_macinfo)

.debug_ranges   0x00000000      0xb38
 *(.debug_ranges)
 .debug_ranges  0x00000000       0x20 .\ARM_GCC_541\Debug\main.o
 .debug_ranges  0x00000020       0x58 .\ARM_GCC_541\Debug\PumpCom.o
 .debug_ranges  0x00000078       0x18 .\ARM_GCC_541\Debug\Gbr.o
 .debug_ranges  0x00000090       0x18 .\ARM_GCC_541\Debug\printer.o
 .debug_ranges  0x000000a8       0x50 .\ARM_GCC_541\Debug\cyfitter_cfg.o
 .debug_ranges  0x000000f8       0x38 .\ARM_GCC_541\Debug\Cm3Start.o
 .debug_ranges  0x00000130       0x68 .\ARM_GCC_541\Debug\Mepsan.a(PWM_1.o)
 .debug_ranges  0x00000198      0x290 .\ARM_GCC_541\Debug\Mepsan.a(CyLib.o)
 .debug_ranges  0x00000428       0x88 .\ARM_GCC_541\Debug\Mepsan.a(cyPm.o)
 .debug_ranges  0x000004b0       0xe0 .\ARM_GCC_541\Debug\Mepsan.a(UART_1.o)
 .debug_ranges  0x00000590       0x10 .\ARM_GCC_541\Debug\Mepsan.a(UART_1_INT.o)
 .debug_ranges  0x000005a0       0x60 .\ARM_GCC_541\Debug\Mepsan.a(UART_1_IntClock.o)
 .debug_ranges  0x00000600       0x78 .\ARM_GCC_541\Debug\Mepsan.a(Timer_1.o)
 .debug_ranges  0x00000678       0xe0 .\ARM_GCC_541\Debug\Mepsan.a(UART_2.o)
 .debug_ranges  0x00000758       0x10 .\ARM_GCC_541\Debug\Mepsan.a(UART_2_INT.o)
 .debug_ranges  0x00000768       0x28 .\ARM_GCC_541\Debug\Mepsan.a(EnablePin.o)
 .debug_ranges  0x00000790       0x90 .\ARM_GCC_541\Debug\Mepsan.a(UART_3.o)
 .debug_ranges  0x00000820       0x10 .\ARM_GCC_541\Debug\Mepsan.a(UART_3_INT.o)
 .debug_ranges  0x00000830       0x60 .\ARM_GCC_541\Debug\Mepsan.a(UART_3_IntClock.o)
 .debug_ranges  0x00000890       0xe0 .\ARM_GCC_541\Debug\Mepsan.a(screen.o)
 .debug_ranges  0x00000970       0x18 .\ARM_GCC_541\Debug\Mepsan.a(screen_INT.o)
 .debug_ranges  0x00000988       0x60 .\ARM_GCC_541\Debug\Mepsan.a(screen_IntClock.o)
 .debug_ranges  0x000009e8       0x68 .\ARM_GCC_541\Debug\Mepsan.a(EEPROM_1.o)
 .debug_ranges  0x00000a50       0x78 .\ARM_GCC_541\Debug\Mepsan.a(CyFlash.o)
 .debug_ranges  0x00000ac8       0x70 .\ARM_GCC_541\Debug\Mepsan.a(CySpc.o)

.comment        0x00000000       0x6e
 .comment       0x00000000       0x6e .\ARM_GCC_541\Debug\main.o
                                 0x6f (size before relaxing)
 .comment       0x0000006e       0x6f .\ARM_GCC_541\Debug\PumpCom.o
 .comment       0x0000006e       0x6f .\ARM_GCC_541\Debug\Gbr.o
 .comment       0x0000006e       0x6f .\ARM_GCC_541\Debug\printer.o
 .comment       0x0000006e       0x6f .\ARM_GCC_541\Debug\cyfitter_cfg.o
 .comment       0x0000006e       0x6f .\ARM_GCC_541\Debug\cymetadata.o
 .comment       0x0000006e       0x6f .\ARM_GCC_541\Debug\Cm3Start.o
 .comment       0x0000006e       0x6f .\ARM_GCC_541\Debug\Mepsan.a(PWM_1.o)
 .comment       0x0000006e       0x6f .\ARM_GCC_541\Debug\Mepsan.a(CyLib.o)
 .comment       0x0000006e       0x6f .\ARM_GCC_541\Debug\Mepsan.a(cyPm.o)
 .comment       0x0000006e       0x6f .\ARM_GCC_541\Debug\Mepsan.a(UART_1.o)
 .comment       0x0000006e       0x6f .\ARM_GCC_541\Debug\Mepsan.a(UART_1_INT.o)
 .comment       0x0000006e       0x6f .\ARM_GCC_541\Debug\Mepsan.a(UART_1_IntClock.o)
 .comment       0x0000006e       0x6f .\ARM_GCC_541\Debug\Mepsan.a(Timer_1.o)
 .comment       0x0000006e       0x6f .\ARM_GCC_541\Debug\Mepsan.a(UART_2.o)
 .comment       0x0000006e       0x6f .\ARM_GCC_541\Debug\Mepsan.a(UART_2_INT.o)
 .comment       0x0000006e       0x6f .\ARM_GCC_541\Debug\Mepsan.a(EnablePin.o)
 .comment       0x0000006e       0x6f .\ARM_GCC_541\Debug\Mepsan.a(UART_3.o)
 .comment       0x0000006e       0x6f .\ARM_GCC_541\Debug\Mepsan.a(UART_3_INT.o)
 .comment       0x0000006e       0x6f .\ARM_GCC_541\Debug\Mepsan.a(UART_3_IntClock.o)
 .comment       0x0000006e       0x6f .\ARM_GCC_541\Debug\Mepsan.a(screen.o)
 .comment       0x0000006e       0x6f .\ARM_GCC_541\Debug\Mepsan.a(screen_INT.o)
 .comment       0x0000006e       0x6f .\ARM_GCC_541\Debug\Mepsan.a(screen_IntClock.o)
 .comment       0x0000006e       0x6f .\ARM_GCC_541\Debug\Mepsan.a(EEPROM_1.o)
 .comment       0x0000006e       0x6f .\ARM_GCC_541\Debug\Mepsan.a(CyFlash.o)
 .comment       0x0000006e       0x6f .\ARM_GCC_541\Debug\Mepsan.a(CySpc.o)

.debug_weaknames
 *(.debug_weaknames)

.debug_funcnames
 *(.debug_funcnames)

.debug_typenames
 *(.debug_typenames)

.debug_varnames
 *(.debug_varnames)

.note.gnu.arm.ident
 *(.note.gnu.arm.ident)

.ARM.attributes
                0x00000000       0x29
 *(.ARM.attributes)
 .ARM.attributes
                0x00000000       0x1d c:/program files (x86)/cypress/psoc creator/4.2/psoc creator/import/gnu/arm/5.4.1/bin/../lib/gcc/arm-none-eabi/5.4.1/armv7-m/crti.o
 .ARM.attributes
                0x0000001d       0x2d c:/program files (x86)/cypress/psoc creator/4.2/psoc creator/import/gnu/arm/5.4.1/bin/../lib/gcc/arm-none-eabi/5.4.1/armv7-m/crtbegin.o
 .ARM.attributes
                0x0000004a       0x1b c:/program files (x86)/cypress/psoc creator/4.2/psoc creator/import/gnu/arm/5.4.1/bin/../lib/gcc/arm-none-eabi/5.4.1/../../../../arm-none-eabi/lib/armv7-m/crt0.o
 .ARM.attributes
                0x00000065       0x33 .\ARM_GCC_541\Debug\main.o
 .ARM.attributes
                0x00000098       0x33 .\ARM_GCC_541\Debug\PumpCom.o
 .ARM.attributes
                0x000000cb       0x33 .\ARM_GCC_541\Debug\Gbr.o
 .ARM.attributes
                0x000000fe       0x33 .\ARM_GCC_541\Debug\printer.o
 .ARM.attributes
                0x00000131       0x33 .\ARM_GCC_541\Debug\cyfitter_cfg.o
 .ARM.attributes
                0x00000164       0x33 .\ARM_GCC_541\Debug\cymetadata.o
 .ARM.attributes
                0x00000197       0x33 .\ARM_GCC_541\Debug\Cm3Start.o
 .ARM.attributes
                0x000001ca       0x33 .\ARM_GCC_541\Debug\Mepsan.a(PWM_1.o)
 .ARM.attributes
                0x000001fd       0x33 .\ARM_GCC_541\Debug\Mepsan.a(CyLib.o)
 .ARM.attributes
                0x00000230       0x33 .\ARM_GCC_541\Debug\Mepsan.a(cyPm.o)
 .ARM.attributes
                0x00000263       0x33 .\ARM_GCC_541\Debug\Mepsan.a(UART_1.o)
 .ARM.attributes
                0x00000296       0x33 .\ARM_GCC_541\Debug\Mepsan.a(UART_1_INT.o)
 .ARM.attributes
                0x000002c9       0x33 .\ARM_GCC_541\Debug\Mepsan.a(UART_1_IntClock.o)
 .ARM.attributes
                0x000002fc       0x33 .\ARM_GCC_541\Debug\Mepsan.a(Timer_1.o)
 .ARM.attributes
                0x0000032f       0x33 .\ARM_GCC_541\Debug\Mepsan.a(UART_2.o)
 .ARM.attributes
                0x00000362       0x33 .\ARM_GCC_541\Debug\Mepsan.a(UART_2_INT.o)
 .ARM.attributes
                0x00000395       0x33 .\ARM_GCC_541\Debug\Mepsan.a(EnablePin.o)
 .ARM.attributes
                0x000003c8       0x33 .\ARM_GCC_541\Debug\Mepsan.a(UART_3.o)
 .ARM.attributes
                0x000003fb       0x33 .\ARM_GCC_541\Debug\Mepsan.a(UART_3_INT.o)
 .ARM.attributes
                0x0000042e       0x33 .\ARM_GCC_541\Debug\Mepsan.a(UART_3_IntClock.o)
 .ARM.attributes
                0x00000461       0x33 .\ARM_GCC_541\Debug\Mepsan.a(screen.o)
 .ARM.attributes
                0x00000494       0x33 .\ARM_GCC_541\Debug\Mepsan.a(screen_INT.o)
 .ARM.attributes
                0x000004c7       0x33 .\ARM_GCC_541\Debug\Mepsan.a(screen_IntClock.o)
 .ARM.attributes
                0x000004fa       0x33 .\ARM_GCC_541\Debug\Mepsan.a(EEPROM_1.o)
 .ARM.attributes
                0x0000052d       0x21 .\ARM_GCC_541\Debug\Mepsan.a(CyBootAsmGnu.o)
 .ARM.attributes
                0x0000054e       0x33 .\ARM_GCC_541\Debug\Mepsan.a(CyFlash.o)
 .ARM.attributes
                0x00000581       0x33 .\ARM_GCC_541\Debug\Mepsan.a(CySpc.o)
 .ARM.attributes
                0x000005b4       0x2d c:/program files (x86)/cypress/psoc creator/4.2/psoc creator/import/gnu/arm/5.4.1/bin/../lib/gcc/arm-none-eabi/5.4.1/../../../../arm-none-eabi/lib/armv7-m\libg_nano.a(lib_a-atoi.o)
 .ARM.attributes
                0x000005e1       0x2d c:/program files (x86)/cypress/psoc creator/4.2/psoc creator/import/gnu/arm/5.4.1/bin/../lib/gcc/arm-none-eabi/5.4.1/../../../../arm-none-eabi/lib/armv7-m\libg_nano.a(lib_a-errno.o)
 .ARM.attributes
                0x0000060e       0x2d c:/program files (x86)/cypress/psoc creator/4.2/psoc creator/import/gnu/arm/5.4.1/bin/../lib/gcc/arm-none-eabi/5.4.1/../../../../arm-none-eabi/lib/armv7-m\libg_nano.a(lib_a-exit.o)
 .ARM.attributes
                0x0000063b       0x2d c:/program files (x86)/cypress/psoc creator/4.2/psoc creator/import/gnu/arm/5.4.1/bin/../lib/gcc/arm-none-eabi/5.4.1/../../../../arm-none-eabi/lib/armv7-m\libg_nano.a(lib_a-impure.o)
 .ARM.attributes
                0x00000668       0x2d c:/program files (x86)/cypress/psoc creator/4.2/psoc creator/import/gnu/arm/5.4.1/bin/../lib/gcc/arm-none-eabi/5.4.1/../../../../arm-none-eabi/lib/armv7-m\libg_nano.a(lib_a-init.o)
 .ARM.attributes
                0x00000695       0x2d c:/program files (x86)/cypress/psoc creator/4.2/psoc creator/import/gnu/arm/5.4.1/bin/../lib/gcc/arm-none-eabi/5.4.1/../../../../arm-none-eabi/lib/armv7-m\libg_nano.a(lib_a-itoa.o)
 .ARM.attributes
                0x000006c2       0x2d c:/program files (x86)/cypress/psoc creator/4.2/psoc creator/import/gnu/arm/5.4.1/bin/../lib/gcc/arm-none-eabi/5.4.1/../../../../arm-none-eabi/lib/armv7-m\libg_nano.a(lib_a-memcpy-stub.o)
 .ARM.attributes
                0x000006ef       0x2d c:/program files (x86)/cypress/psoc creator/4.2/psoc creator/import/gnu/arm/5.4.1/bin/../lib/gcc/arm-none-eabi/5.4.1/../../../../arm-none-eabi/lib/armv7-m\libg_nano.a(lib_a-memset.o)
 .ARM.attributes
                0x0000071c       0x2d c:/program files (x86)/cypress/psoc creator/4.2/psoc creator/import/gnu/arm/5.4.1/bin/../lib/gcc/arm-none-eabi/5.4.1/../../../../arm-none-eabi/lib/armv7-m\libg_nano.a(lib_a-strtol.o)
 .ARM.attributes
                0x00000749       0x2d c:/program files (x86)/cypress/psoc creator/4.2/psoc creator/import/gnu/arm/5.4.1/bin/../lib/gcc/arm-none-eabi/5.4.1/../../../../arm-none-eabi/lib/armv7-m\libg_nano.a(lib_a-utoa.o)
 .ARM.attributes
                0x00000776       0x2d c:/program files (x86)/cypress/psoc creator/4.2/psoc creator/import/gnu/arm/5.4.1/bin/../lib/gcc/arm-none-eabi/5.4.1/../../../../arm-none-eabi/lib/armv7-m\libg_nano.a(lib_a-ctype_.o)
 .ARM.attributes
                0x000007a3       0x2d c:/program files (x86)/cypress/psoc creator/4.2/psoc creator/import/gnu/arm/5.4.1/bin/../lib/gcc/arm-none-eabi/5.4.1/armv7-m/crtend.o
 .ARM.attributes
                0x000007d0       0x1d c:/program files (x86)/cypress/psoc creator/4.2/psoc creator/import/gnu/arm/5.4.1/bin/../lib/gcc/arm-none-eabi/5.4.1/armv7-m/crtn.o

/DISCARD/
 *(.note.GNU-stack)
OUTPUT(C:\Users\Lenovo\Documents\GitHub\Mepsan\Mepsan.cydsn\ARM_GCC_541\Debug\Mepsan.elf elf32-littlearm)
