Archive member included to satisfy reference by file (symbol)

.\ARM_GCC_541\Debug\Mepsan.a(PWM_1.o)
                              .\ARM_GCC_541\Debug\main.o (PWM_1_Start)
.\ARM_GCC_541\Debug\Mepsan.a(CyLib.o)
                              .\ARM_GCC_541\Debug\Cm3Start.o (CyResetStatus)
.\ARM_GCC_541\Debug\Mepsan.a(cyPm.o)
                              .\ARM_GCC_541\Debug\Mepsan.a(CyLib.o) (CyPmReadStatus)
.\ARM_GCC_541\Debug\Mepsan.a(EnablePin.o)
                              .\ARM_GCC_541\Debug\PumpCom.o (EnablePin_Write)
.\ARM_GCC_541\Debug\Mepsan.a(screen.o)
                              .\ARM_GCC_541\Debug\main.o (screen_Start)
.\ARM_GCC_541\Debug\Mepsan.a(screen_INT.o)
                              .\ARM_GCC_541\Debug\Mepsan.a(screen.o) (screen_RXISR)
.\ARM_GCC_541\Debug\Mepsan.a(screen_IntClock.o)
                              .\ARM_GCC_541\Debug\Mepsan.a(screen.o) (screen_IntClock_Start)
.\ARM_GCC_541\Debug\Mepsan.a(EEPROM_1.o)
                              .\ARM_GCC_541\Debug\main.o (EEPROM_1_Start)
.\ARM_GCC_541\Debug\Mepsan.a(PRINTER_A.o)
                              .\ARM_GCC_541\Debug\main.o (PRINTER_A_Start)
.\ARM_GCC_541\Debug\Mepsan.a(PRINTER_A_INT.o)
                              .\ARM_GCC_541\Debug\Mepsan.a(PRINTER_A.o) (PRINTER_A_TXISR)
.\ARM_GCC_541\Debug\Mepsan.a(PRINTER_A_IntClock.o)
                              .\ARM_GCC_541\Debug\Mepsan.a(PRINTER_A.o) (PRINTER_A_IntClock_Start)
.\ARM_GCC_541\Debug\Mepsan.a(MEPSAN.o)
                              .\ARM_GCC_541\Debug\main.o (MEPSAN_Start)
.\ARM_GCC_541\Debug\Mepsan.a(MEPSAN_INT.o)
                              .\ARM_GCC_541\Debug\Mepsan.a(MEPSAN.o) (MEPSAN_RXISR)
.\ARM_GCC_541\Debug\Mepsan.a(GBCL.o)
                              .\ARM_GCC_541\Debug\main.o (GBCL_Start)
.\ARM_GCC_541\Debug\Mepsan.a(GBCL_INT.o)
                              .\ARM_GCC_541\Debug\Mepsan.a(GBCL.o) (GBCL_RXISR)
.\ARM_GCC_541\Debug\Mepsan.a(MEPSAN_IntClock.o)
                              .\ARM_GCC_541\Debug\Mepsan.a(MEPSAN.o) (MEPSAN_IntClock_Start)
.\ARM_GCC_541\Debug\Mepsan.a(CyBootAsmGnu.o)
                              .\ARM_GCC_541\Debug\cyfitter_cfg.o (CyDelayCycles)
.\ARM_GCC_541\Debug\Mepsan.a(CyFlash.o)
                              .\ARM_GCC_541\Debug\Mepsan.a(EEPROM_1.o) (dieTemperature)
.\ARM_GCC_541\Debug\Mepsan.a(CySpc.o)
                              .\ARM_GCC_541\Debug\Mepsan.a(EEPROM_1.o) (CySpcStart)
c:/program files (x86)/cypress/psoc creator/4.2/psoc creator/import/gnu/arm/5.4.1/bin/../lib/gcc/arm-none-eabi/5.4.1/../../../../arm-none-eabi/lib/armv7-m\libg_nano.a(lib_a-atoi.o)
                              .\ARM_GCC_541\Debug\printer.o (atoi)
c:/program files (x86)/cypress/psoc creator/4.2/psoc creator/import/gnu/arm/5.4.1/bin/../lib/gcc/arm-none-eabi/5.4.1/../../../../arm-none-eabi/lib/armv7-m\libg_nano.a(lib_a-errno.o)
                              .\ARM_GCC_541\Debug\Cm3Start.o (__errno)
c:/program files (x86)/cypress/psoc creator/4.2/psoc creator/import/gnu/arm/5.4.1/bin/../lib/gcc/arm-none-eabi/5.4.1/../../../../arm-none-eabi/lib/armv7-m\libg_nano.a(lib_a-exit.o)
                              c:/program files (x86)/cypress/psoc creator/4.2/psoc creator/import/gnu/arm/5.4.1/bin/../lib/gcc/arm-none-eabi/5.4.1/../../../../arm-none-eabi/lib/armv7-m/crt0.o (exit)
c:/program files (x86)/cypress/psoc creator/4.2/psoc creator/import/gnu/arm/5.4.1/bin/../lib/gcc/arm-none-eabi/5.4.1/../../../../arm-none-eabi/lib/armv7-m\libg_nano.a(lib_a-impure.o)
                              c:/program files (x86)/cypress/psoc creator/4.2/psoc creator/import/gnu/arm/5.4.1/bin/../lib/gcc/arm-none-eabi/5.4.1/../../../../arm-none-eabi/lib/armv7-m\libg_nano.a(lib_a-exit.o) (_global_impure_ptr)
c:/program files (x86)/cypress/psoc creator/4.2/psoc creator/import/gnu/arm/5.4.1/bin/../lib/gcc/arm-none-eabi/5.4.1/../../../../arm-none-eabi/lib/armv7-m\libg_nano.a(lib_a-init.o)
                              c:/program files (x86)/cypress/psoc creator/4.2/psoc creator/import/gnu/arm/5.4.1/bin/../lib/gcc/arm-none-eabi/5.4.1/../../../../arm-none-eabi/lib/armv7-m/crt0.o (__libc_init_array)
c:/program files (x86)/cypress/psoc creator/4.2/psoc creator/import/gnu/arm/5.4.1/bin/../lib/gcc/arm-none-eabi/5.4.1/../../../../arm-none-eabi/lib/armv7-m\libg_nano.a(lib_a-itoa.o)
                              .\ARM_GCC_541\Debug\printer.o (itoa)
c:/program files (x86)/cypress/psoc creator/4.2/psoc creator/import/gnu/arm/5.4.1/bin/../lib/gcc/arm-none-eabi/5.4.1/../../../../arm-none-eabi/lib/armv7-m\libg_nano.a(lib_a-memcpy-stub.o)
                              .\ARM_GCC_541\Debug\cyfitter_cfg.o (memcpy)
c:/program files (x86)/cypress/psoc creator/4.2/psoc creator/import/gnu/arm/5.4.1/bin/../lib/gcc/arm-none-eabi/5.4.1/../../../../arm-none-eabi/lib/armv7-m\libg_nano.a(lib_a-memset.o)
                              c:/program files (x86)/cypress/psoc creator/4.2/psoc creator/import/gnu/arm/5.4.1/bin/../lib/gcc/arm-none-eabi/5.4.1/../../../../arm-none-eabi/lib/armv7-m/crt0.o (memset)
[...]
Memory Configuration

Name             Origin             Length             Attributes
rom              0x00000000         0x00040000         xr
ram              0x1fff8000         0x00010000         xrw
*default*        0x00000000         0xffffffff

Linker script and memory map

LOAD c:/program files (x86)/cypress/psoc creator/4.2/psoc creator/import/gnu/arm/5.4.1/bin/../lib/gcc/arm-none-eabi/5.4.1/armv7-m/crti.o
LOAD c:/program files (x86)/cypress/psoc creator/4.2/psoc creator/import/gnu/arm/5.4.1/bin/../lib/gcc/arm-none-eabi/5.4.1/armv7-m/crtbegin.o
LOAD c:/program files (x86)/cypress/psoc creator/4.2/psoc creator/import/gnu/arm/5.4.1/bin/../lib/gcc/arm-none-eabi/5.4.1/../../../../arm-none-eabi/lib/armv7-m/crt0.o
START GROUP
LOAD .\ARM_GCC_541\Debug\main.o
LOAD .\ARM_GCC_541\Debug\PumpCom.o
LOAD .\ARM_GCC_541\Debug\Gbr.o
LOAD .\ARM_GCC_541\Debug\printer.o
LOAD .\ARM_GCC_541\Debug\cyfitter_cfg.o
LOAD .\ARM_GCC_541\Debug\cymetadata.o
LOAD .\ARM_GCC_541\Debug\Cm3Start.o
LOAD .\ARM_GCC_541\Debug\Mepsan.a
LOAD C:\Program Files (x86)\Cypress\PSoC Creator\4.2\PSoC Creator\psoc\content\cycomponentlibrary\CyComponentLibrary.cylib\CortexM3\ARM_GCC_541\Debug\CyComponentLibrary.a
END GROUP
START GROUP
LOAD c:/program files (x86)/cypress/psoc creator/4.2/psoc creator/import/gnu/arm/5.4.1/bin/../lib/gcc/arm-none-eabi/5.4.1/armv7-m\libgcc.a
LOAD c:/program files (x86)/cypress/psoc creator/4.2/psoc creator/import/gnu/arm/5.4.1/bin/../lib/gcc/arm-none-eabi/5.4.1/../../../../arm-none-eabi/lib/armv7-m\libg_nano.a
LOAD c:/program files (x86)/cypress/psoc creator/4.2/psoc creator/import/gnu/arm/5.4.1/bin/../lib/gcc/arm-none-eabi/5.4.1/../../../../arm-none-eabi/lib/armv7-m\libc_nano.a
END GROUP
START GROUP
LOAD c:/program files (x86)/cypress/psoc creator/4.2/psoc creator/import/gnu/arm/5.4.1/bin/../lib/gcc/arm-none-eabi/5.4.1/armv7-m\libgcc.a
LOAD c:/program files (x86)/cypress/psoc creator/4.2/psoc creator/import/gnu/arm/5.4.1/bin/../lib/gcc/arm-none-eabi/5.4.1/../../../../arm-none-eabi/lib/armv7-m\libc_nano.a
END GROUP
LOAD c:/program files (x86)/cypress/psoc creator/4.2/psoc creator/import/gnu/arm/5.4.1/bin/../lib/gcc/arm-none-eabi/5.4.1/armv7-m/crtend.o
LOAD c:/program files (x86)/cypress/psoc creator/4.2/psoc creator/import/gnu/arm/5.4.1/bin/../lib/gcc/arm-none-eabi/5.4.1/armv7-m/crtn.o
START GROUP
LOAD c:/program files (x86)/cypress/psoc creator/4.2/psoc creator/import/gnu/arm/5.4.1/bin/../lib/gcc/arm-none-eabi/5.4.1/armv7-m\libgcc.a
LOAD c:/program files (x86)/cypress/psoc creator/4.2/psoc creator/import/gnu/arm/5.4.1/bin/../lib/gcc/arm-none-eabi/5.4.1/../../../../arm-none-eabi/lib/armv7-m\libc.a
LOAD c:/program files (x86)/cypress/psoc creator/4.2/psoc creator/import/gnu/arm/5.4.1/bin/../lib/gcc/arm-none-eabi/5.4.1/../../../../arm-none-eabi/lib/armv7-m\libnosys.a
END GROUP
                0x00000000                CY_APPL_ORIGIN = 0x0
                0x00000100                CY_FLASH_ROW_SIZE = 0x100
                0x00000020                CY_ECC_ROW_SIZE = 0x20
                0x00000000                CY_EE_IN_BTLDR = 0x0
                0x00000000                CY_APPL_LOADABLE = 0x0
                0x00000800                CY_EE_SIZE = 0x800
                0x00000001                CY_APPL_NUM = 0x1
                0x00000001                CY_APPL_MAX = 0x1
                0x00000040                CY_METADATA_SIZE = 0x40
                0x00000000                CY_APPL_LOADABLE = 0x0
                0x00000000                CY_CHECKSUM_EXCLUDE_SIZE = ALIGN (0x0, CY_FLASH_ROW_SIZE)
                [!provide]                PROVIDE (__cy_heap_start, _end)
                0x00000001                PROVIDE (__cy_region_num, ((__cy_regions_end - __cy_regions) / 0x10))
                0x20008000                PROVIDE (__cy_stack, (ORIGIN (ram) + LENGTH (ram)))
                [!provide]                PROVIDE (__cy_heap_end, (__cy_stack - 0x800))

.cybootloader   0x00000000        0x0
 *(.cybootloader)
                0x00000000                appl1_start = CY_APPL_ORIGIN?CY_APPL_ORIGIN:ALIGN (CY_FLASH_ROW_SIZE)
                0x0001ff00                appl2_start = (appl1_start + ALIGN ((((LENGTH (rom) - appl1_start) - (0x2 * CY_FLASH_ROW_SIZE)) / 0x2), CY_FLASH_ROW_SIZE))
                0x00000000                appl_start = (CY_APPL_NUM == 0x1)?appl1_start:appl2_start
                0x00000000                ecc_offset = ((appl_start / CY_FLASH_ROW_SIZE) * CY_ECC_ROW_SIZE)
                0x00000000                ee_offset = (CY_APPL_LOADABLE && ! (CY_EE_IN_BTLDR))?((CY_EE_SIZE / CY_APPL_MAX) * (CY_APPL_NUM - 0x1)):0x0
                0x00000800                ee_size = (CY_APPL_LOADABLE && ! (CY_EE_IN_BTLDR))?(CY_EE_SIZE / CY_APPL_MAX):CY_EE_SIZE
                [!provide]                PROVIDE (CY_ECC_OFFSET, ecc_offset)

.text           0x00000000     0x880c
 CREATE_OBJECT_SYMBOLS
                0x00000000                PROVIDE (__cy_interrupt_vector, RomVectors)
 *(.romvectors)
 .romvectors    0x00000000       0x10 .\ARM_GCC_541\Debug\Cm3Start.o
                0x00000000                RomVectors
                0x00000001                ASSERT ((. != __cy_interrupt_vector), No interrupt vector)
                0x00000001                ASSERT (CY_APPL_ORIGIN?(SIZEOF (.cybootloader) <= CY_APPL_ORIGIN):0x1, Wrong image location)
                0x00000010                PROVIDE (__cy_reset, Reset)
 *(.text.Reset)
 .text.Reset    0x00000010       0x18 .\ARM_GCC_541\Debug\Cm3Start.o
                0x00000010                Reset
                0x00000001                ASSERT ((. != __cy_reset), No reset code)
 *(.dma_init)
 .dma_init      0x00000028      0x308 .\ARM_GCC_541\Debug\cyfitter_cfg.o
                0x00000001                ASSERT ((((appl_start + .) <= 0x10000) || 0x0), DMA Init must be within the first 64k of flash)
 *(.text .text.* .gnu.linkonce.t.*)
 .text          0x00000330       0x5c c:/program files (x86)/cypress/psoc creator/4.2/psoc creator/import/gnu/arm/5.4.1/bin/../lib/gcc/arm-none-eabi/5.4.1/armv7-m/crtbegin.o
 .text.PollingPos
                0x0000038c      0x270 .\ARM_GCC_541\Debug\main.o
                0x0000038c                PollingPos
 .text.main     0x000005fc     0x14b0 .\ARM_GCC_541\Debug\main.o
                0x000005fc                main
 .text.gen_crc16
                0x00001aac       0xfc .\ARM_GCC_541\Debug\PumpCom.o
                0x00001aac                gen_crc16
 .text.GetResponse
                0x00001ba8     0x2364 .\ARM_GCC_541\Debug\PumpCom.o
                0x00001ba8                GetResponse
 .text.Authorize
                0x00003f0c       0xdc .\ARM_GCC_541\Debug\PumpCom.o
                0x00003f0c                Authorize
 .text.PumpState
                0x00003fe8      0x184 .\ARM_GCC_541\Debug\PumpCom.o
                0x00003fe8                PumpState
 .text.PriceUpdate
                0x0000416c      0x114 .\ARM_GCC_541\Debug\PumpCom.o
                0x0000416c                PriceUpdate
 .text.TotalRequest
                0x00004280      0x10c .\ARM_GCC_541\Debug\PumpCom.o
                0x00004280                TotalRequest
 .text.PrintReceipt
                0x0000438c     0x1794 .\ARM_GCC_541\Debug\printer.o
                0x0000438c                PrintReceipt
 .text.PrintShift
                0x00005b20      0xf0c .\ARM_GCC_541\Debug\printer.o
                0x00005b20                PrintShift
 .text.CYCONFIGCPY
                0x00006a2c       0x20 .\ARM_GCC_541\Debug\cyfitter_cfg.o
 .text.CyClockStartupError
                0x00006a4c        0xc .\ARM_GCC_541\Debug\cyfitter_cfg.o
 .text.cfg_dma_init
                0x00006a58      0x174 .\ARM_GCC_541\Debug\cyfitter_cfg.o
 .text.ClockSetup
                0x00006bcc      0x184 .\ARM_GCC_541\Debug\cyfitter_cfg.o
 .text.AnalogSetDefault
                0x00006d50       0x44 .\ARM_GCC_541\Debug\cyfitter_cfg.o
 .text.cyfitter_cfg
                0x00006d94      0x124 .\ARM_GCC_541\Debug\cyfitter_cfg.o
                0x00006d94                cyfitter_cfg
 .text.IntDefaultHandler
                0x00006eb8       0x14 .\ARM_GCC_541\Debug\Cm3Start.o
                0x00006eb8                IntDefaultHandler
 .text.Start_c  0x00006ecc       0x98 .\ARM_GCC_541\Debug\Cm3Start.o
                0x00006ecc                Start_c
 .text.initialize_psoc
                0x00006f64       0x90 .\ARM_GCC_541\Debug\Cm3Start.o
                0x00006f64                initialize_psoc
 .text.PWM_1_Start
                0x00006ff4       0x24 .\ARM_GCC_541\Debug\Mepsan.a(PWM_1.o)
                0x00006ff4                PWM_1_Start
 .text.PWM_1_Init
                0x00007018       0xbc .\ARM_GCC_541\Debug\Mepsan.a(PWM_1.o)
                0x00007018                PWM_1_Init
 .text.PWM_1_Enable
                0x000070d4       0x48 .\ARM_GCC_541\Debug\Mepsan.a(PWM_1.o)
                0x000070d4                PWM_1_Enable
 .text.PWM_1_WritePeriod
                0x0000711c       0x20 .\ARM_GCC_541\Debug\Mepsan.a(PWM_1.o)
                0x0000711c                PWM_1_WritePeriod
 .text.PWM_1_WriteCompare
                0x0000713c       0x20 .\ARM_GCC_541\Debug\Mepsan.a(PWM_1.o)
                0x0000713c                PWM_1_WriteCompare
 .text.PWM_1_SetInterruptMode
                0x0000715c       0x20 .\ARM_GCC_541\Debug\Mepsan.a(PWM_1.o)
                0x0000715c                PWM_1_SetInterruptMode
 .text.CyHalt   0x0000717c       0x18 .\ARM_GCC_541\Debug\Mepsan.a(CyLib.o)
                0x0000717c                CyHalt
 .text.CyDelay  0x00007194       0x44 .\ARM_GCC_541\Debug\Mepsan.a(CyLib.o)
                0x00007194                CyDelay
 .text.CyDelayUs
                0x000071d8       0x28 .\ARM_GCC_541\Debug\Mepsan.a(CyLib.o)
                0x000071d8                CyDelayUs
 .text.CyIntSetVector
                0x00007200       0x50 .\ARM_GCC_541\Debug\Mepsan.a(CyLib.o)
                0x00007200                CyIntSetVector
 .text.CyIntSetPriority
                0x00007250       0x48 .\ARM_GCC_541\Debug\Mepsan.a(CyLib.o)
                0x00007250                CyIntSetPriority
 .text.EnablePin_Write
                0x00007298       0x3c .\ARM_GCC_541\Debug\Mepsan.a(EnablePin.o)
                0x00007298                EnablePin_Write
 .text.screen_Start
                0x000072d4       0x24 .\ARM_GCC_541\Debug\Mepsan.a(screen.o)
                0x000072d4                screen_Start
 .text.screen_Init
                0x000072f8       0x6c .\ARM_GCC_541\Debug\Mepsan.a(screen.o)
                0x000072f8                screen_Init
 .text.screen_Enable
                0x00007364       0x78 .\ARM_GCC_541\Debug\Mepsan.a(screen.o)
                0x00007364                screen_Enable
 .text.screen_ReadRxData
                0x000073dc       0x90 .\ARM_GCC_541\Debug\Mepsan.a(screen.o)
                0x000073dc                screen_ReadRxData
 .text.screen_GetRxBufferSize
                0x0000746c       0x90 .\ARM_GCC_541\Debug\Mepsan.a(screen.o)
                0x0000746c                screen_GetRxBufferSize
 .text.screen_PutChar
                0x000074fc       0xb8 .\ARM_GCC_541\Debug\Mepsan.a(screen.o)
                0x000074fc                screen_PutChar
 .text.screen_RXISR
                0x000075b4       0xd8 .\ARM_GCC_541\Debug\Mepsan.a(screen_INT.o)
                0x000075b4                screen_RXISR
 .text.screen_TXISR
                0x0000768c       0x70 .\ARM_GCC_541\Debug\Mepsan.a(screen_INT.o)
                0x0000768c                screen_TXISR
 .text.screen_IntClock_Start
                0x000076fc       0x34 .\ARM_GCC_541\Debug\Mepsan.a(screen_IntClock.o)
                0x000076fc                screen_IntClock_Start
 .text.EEPROM_1_Enable
                0x00007730       0x10 .\ARM_GCC_541\Debug\Mepsan.a(EEPROM_1.o)
                0x00007730                EEPROM_1_Enable
 .text.EEPROM_1_Start
                0x00007740        0xc .\ARM_GCC_541\Debug\Mepsan.a(EEPROM_1.o)
                0x00007740                EEPROM_1_Start
 .text.EEPROM_1_WriteByte
                0x0000774c      0x114 .\ARM_GCC_541\Debug\Mepsan.a(EEPROM_1.o)
                0x0000774c                EEPROM_1_WriteByte
 .text.EEPROM_1_ReadByte
                0x00007860       0x3c .\ARM_GCC_541\Debug\Mepsan.a(EEPROM_1.o)
                0x00007860                EEPROM_1_ReadByte
 .text.PRINTER_A_Start
                0x0000789c       0x24 .\ARM_GCC_541\Debug\Mepsan.a(PRINTER_A.o)
                0x0000789c                PRINTER_A_Start
 .text.PRINTER_A_Init
                0x000078c0       0x3c .\ARM_GCC_541\Debug\Mepsan.a(PRINTER_A.o)
                0x000078c0                PRINTER_A_Init
 .text.PRINTER_A_Enable
                0x000078fc       0x4c .\ARM_GCC_541\Debug\Mepsan.a(PRINTER_A.o)
                0x000078fc                PRINTER_A_Enable
 .text.PRINTER_A_PutChar
                0x00007948       0xb8 .\ARM_GCC_541\Debug\Mepsan.a(PRINTER_A.o)
                0x00007948                PRINTER_A_PutChar
 .text.PRINTER_A_TXISR
                0x00007a00       0x70 .\ARM_GCC_541\Debug\Mepsan.a(PRINTER_A_INT.o)
                0x00007a00                PRINTER_A_TXISR
 .text.PRINTER_A_IntClock_Start
                0x00007a70       0x34 .\ARM_GCC_541\Debug\Mepsan.a(PRINTER_A_IntClock.o)
                0x00007a70                PRINTER_A_IntClock_Start
 .text.MEPSAN_Start
                0x00007aa4       0x24 .\ARM_GCC_541\Debug\Mepsan.a(MEPSAN.o)
                0x00007aa4                MEPSAN_Start
 .text.MEPSAN_Init
                0x00007ac8       0x58 .\ARM_GCC_541\Debug\Mepsan.a(MEPSAN.o)
                0x00007ac8                MEPSAN_Init
 .text.MEPSAN_Enable
                0x00007b20       0x68 .\ARM_GCC_541\Debug\Mepsan.a(MEPSAN.o)
                0x00007b20                MEPSAN_Enable
 .text.MEPSAN_ReadRxData
                0x00007b88       0x90 .\ARM_GCC_541\Debug\Mepsan.a(MEPSAN.o)
                0x00007b88                MEPSAN_ReadRxData
 .text.MEPSAN_GetRxBufferSize
                0x00007c18       0x90 .\ARM_GCC_541\Debug\Mepsan.a(MEPSAN.o)
                0x00007c18                MEPSAN_GetRxBufferSize
 .text.MEPSAN_ClearRxBuffer
                0x00007ca8       0x80 .\ARM_GCC_541\Debug\Mepsan.a(MEPSAN.o)
                0x00007ca8                MEPSAN_ClearRxBuffer
 .text.MEPSAN_PutChar
                0x00007d28       0x34 .\ARM_GCC_541\Debug\Mepsan.a(MEPSAN.o)
                0x00007d28                MEPSAN_PutChar
 .text.MEPSAN_RXISR
                0x00007d5c       0xdc .\ARM_GCC_541\Debug\Mepsan.a(MEPSAN_INT.o)
                0x00007d5c                MEPSAN_RXISR
 .text.GBCL_Start
                0x00007e38       0x24 .\ARM_GCC_541\Debug\Mepsan.a(GBCL.o)
                0x00007e38                GBCL_Start
 .text.GBCL_Init
                0x00007e5c       0x58 .\ARM_GCC_541\Debug\Mepsan.a(GBCL.o)
                0x00007e5c                GBCL_Init
 .text.GBCL_Enable
                0x00007eb4       0x64 .\ARM_GCC_541\Debug\Mepsan.a(GBCL.o)
                0x00007eb4                GBCL_Enable
 .text.GBCL_RXISR
                0x00007f18       0xdc .\ARM_GCC_541\Debug\Mepsan.a(GBCL_INT.o)
                0x00007f18                GBCL_RXISR
 .text.MEPSAN_IntClock_Start
                0x00007ff4       0x34 .\ARM_GCC_541\Debug\Mepsan.a(MEPSAN_IntClock.o)
                0x00007ff4                MEPSAN_IntClock_Start
 .text          0x00008028       0x54 .\ARM_GCC_541\Debug\Mepsan.a(CyBootAsmGnu.o)
                0x00008028                CyDelayCycles
                0x00008066                CyEnterCriticalSection
                0x0000806e                CyExitCriticalSection
 .text.CySetTempInt
                0x0000807c       0x7c .\ARM_GCC_541\Debug\Mepsan.a(CyFlash.o)
 .text.CyFlashGetSpcAlgorithm
                0x000080f8       0x70 .\ARM_GCC_541\Debug\Mepsan.a(CyFlash.o)
                0x000080f8                CyFlashGetSpcAlgorithm
 .text.CySetTemp
                0x00008168       0x24 .\ARM_GCC_541\Debug\Mepsan.a(CyFlash.o)
                0x00008168                CySetTemp
 .text.CyEEPROM_Start
                0x0000818c       0x8c .\ARM_GCC_541\Debug\Mepsan.a(CyFlash.o)
                0x0000818c                CyEEPROM_Start
 .text.CyEEPROM_ReadReserve
                0x00008218       0x30 .\ARM_GCC_541\Debug\Mepsan.a(CyFlash.o)
                0x00008218                CyEEPROM_ReadReserve
 .text.CyEEPROM_ReadRelease
                0x00008248       0x20 .\ARM_GCC_541\Debug\Mepsan.a(CyFlash.o)
                0x00008248                CyEEPROM_ReadRelease
 .text.CySpcStart
                0x00008268       0x48 .\ARM_GCC_541\Debug\Mepsan.a(CySpc.o)
                0x00008268                CySpcStart
 .text.CySpcReadData
                0x000082b0       0x54 .\ARM_GCC_541\Debug\Mepsan.a(CySpc.o)
                0x000082b0                CySpcReadData
 .text.CySpcLoadMultiByte
                0x00008304       0xd0 .\ARM_GCC_541\Debug\Mepsan.a(CySpc.o)
                0x00008304                CySpcLoadMultiByte
 .text.CySpcWriteRow
                0x000083d4       0x98 .\ARM_GCC_541\Debug\Mepsan.a(CySpc.o)
                0x000083d4                CySpcWriteRow
 .text.CySpcGetTemp
                0x0000846c       0x64 .\ARM_GCC_541\Debug\Mepsan.a(CySpc.o)
                0x0000846c                CySpcGetTemp
 .text.CySpcLock
                0x000084d0       0x68 .\ARM_GCC_541\Debug\Mepsan.a(CySpc.o)
                0x000084d0                CySpcLock
 .text.CySpcUnlock
                0x00008538       0x50 .\ARM_GCC_541\Debug\Mepsan.a(CySpc.o)
                0x00008538                CySpcUnlock
 .text.CySpcGetAlgorithm
                0x00008588       0x44 .\ARM_GCC_541\Debug\Mepsan.a(CySpc.o)
                0x00008588                CySpcGetAlgorithm
 .text.atoi     0x000085cc        0x8 c:/program files (x86)/cypress/psoc creator/4.2/psoc creator/import/gnu/arm/5.4.1/bin/../lib/gcc/arm-none-eabi/5.4.1/../../../../arm-none-eabi/lib/armv7-m\libg_nano.a(lib_a-atoi.o)
                0x000085cc                atoi
 .text.__errno  0x000085d4        0xc c:/program files (x86)/cypress/psoc creator/4.2/psoc creator/import/gnu/arm/5.4.1/bin/../lib/gcc/arm-none-eabi/5.4.1/../../../../arm-none-eabi/lib/armv7-m\libg_nano.a(lib_a-errno.o)
                0x000085d4                __errno
 .text.__libc_init_array
                0x000085e0       0x4c c:/program files (x86)/cypress/psoc creator/4.2/psoc creator/import/gnu/arm/5.4.1/bin/../lib/gcc/arm-none-eabi/5.4.1/../../../../arm-none-eabi/lib/armv7-m\libg_nano.a(lib_a-init.o)
                0x000085e0                __libc_init_array
 .text.__itoa   0x0000862c       0x2e c:/program files (x86)/cypress/psoc creator/4.2/psoc creator/import/gnu/arm/5.4.1/bin/../lib/gcc/arm-none-eabi/5.4.1/../../../../arm-none-eabi/lib/armv7-m\libg_nano.a(lib_a-itoa.o)
                0x0000862c                __itoa
 .text.itoa     0x0000865a        0x4 c:/program files (x86)/cypress/psoc creator/4.2/psoc creator/import/gnu/arm/5.4.1/bin/../lib/gcc/arm-none-eabi/5.4.1/../../../../arm-none-eabi/lib/armv7-m\libg_nano.a(lib_a-itoa.o)
                0x0000865a                itoa
 .text.memcpy   0x0000865e       0x16 c:/program files (x86)/cypress/psoc creator/4.2/psoc creator/import/gnu/arm/5.4.1/bin/../lib/gcc/arm-none-eabi/5.4.1/../../../../arm-none-eabi/lib/armv7-m\libg_nano.a(lib_a-memcpy-stub.o)
                0x0000865e                memcpy
 .text._strtol_r
                0x00008674      0x10c c:/program files (x86)/cypress/psoc creator/4.2/psoc creator/import/gnu/arm/5.4.1/bin/../lib/gcc/arm-none-eabi/5.4.1/../../../../arm-none-eabi/lib/armv7-m\libg_nano.a(lib_a-strtol.o)
                0x00008674                _strtol_r
 .text.strtol   0x00008780       0x14 c:/program files (x86)/cypress/psoc creator/4.2/psoc creator/import/gnu/arm/5.4.1/bin/../lib/gcc/arm-none-eabi/5.4.1/../../../../arm-none-eabi/lib/armv7-m\libg_nano.a(lib_a-strtol.o)
                0x00008780                strtol
 .text.__utoa   0x00008794       0x78 c:/program files (x86)/cypress/psoc creator/4.2/psoc creator/import/gnu/arm/5.4.1/bin/../lib/gcc/arm-none-eabi/5.4.1/../../../../arm-none-eabi/lib/armv7-m\libg_nano.a(lib_a-utoa.o)
                0x00008794                __utoa
 *(.plt)
 *(.gnu.warning)
 *(.glue_7t)
 .glue_7t       0x0000880c        0x0 linker stubs
 *(.glue_7)
 .glue_7        0x0000880c        0x0 linker stubs
 *(.vfp11_veneer)
 .vfp11_veneer  0x0000880c        0x0 linker stubs
 *(.bootloader)
 *(.ARM.extab* .gnu.linkonce.armextab.*)
 *(.gcc_except_table)

.v4_bx          0x0000880c        0x0
 .v4_bx         0x0000880c        0x0 linker stubs

.iplt           0x0000880c        0x0
 .iplt          0x0000880c        0x0 c:/program files (x86)/cypress/psoc creator/4.2/psoc creator/import/gnu/arm/5.4.1/bin/../lib/gcc/arm-none-eabi/5.4.1/armv7-m/crtbegin.o

.eh_frame_hdr
 *(.eh_frame_hdr)

.eh_frame       0x0000880c        0x4
 *(.eh_frame)
 .eh_frame      0x0000880c        0x0 c:/program files (x86)/cypress/psoc creator/4.2/psoc creator/import/gnu/arm/5.4.1/bin/../lib/gcc/arm-none-eabi/5.4.1/armv7-m/crtbegin.o
 .eh_frame      0x0000880c        0x4 c:/program files (x86)/cypress/psoc creator/4.2/psoc creator/import/gnu/arm/5.4.1/bin/../lib/gcc/arm-none-eabi/5.4.1/armv7-m/crtend.o
                [!provide]                PROVIDE (__exidx_start, .)

.ARM.exidx
 *(.ARM.exidx* .gnu.linkonce.armexidx.*)
                0x00008810                __exidx_end = .

.rodata         0x00008810      0x2e0
 *(.rodata .rodata.* .gnu.linkonce.r.*)
 .rodata        0x00008810       0x13 .\ARM_GCC_541\Debug\main.o
 *fill*         0x00008823        0x1 
 .rodata        0x00008824      0x170 .\ARM_GCC_541\Debug\cyfitter_cfg.o
 .rodata.str1.1
                0x00008994        0x2 c:/program files (x86)/cypress/psoc creator/4.2/psoc creator/import/gnu/arm/5.4.1/bin/../lib/gcc/arm-none-eabi/5.4.1/../../../../arm-none-eabi/lib/armv7-m\libg_nano.a(lib_a-impure.o)
 .rodata.str1.1
                0x00008996       0x25 c:/program files (x86)/cypress/psoc creator/4.2/psoc creator/import/gnu/arm/5.4.1/bin/../lib/gcc/arm-none-eabi/5.4.1/../../../../arm-none-eabi/lib/armv7-m\libg_nano.a(lib_a-utoa.o)
 .rodata._ctype_
                0x000089bb      0x101 c:/program files (x86)/cypress/psoc creator/4.2/psoc creator/import/gnu/arm/5.4.1/bin/../lib/gcc/arm-none-eabi/5.4.1/../../../../arm-none-eabi/lib/armv7-m\libg_nano.a(lib_a-ctype_.o)
                0x000089bb                _ctype_
                0x00008abc                . = ALIGN (0x4)
 *(.init)
 .init          0x00008abc        0x4 c:/program files (x86)/cypress/psoc creator/4.2/psoc creator/import/gnu/arm/5.4.1/bin/../lib/gcc/arm-none-eabi/5.4.1/armv7-m/crti.o
                0x00008abc                _init
 .init          0x00008ac0        0x8 c:/program files (x86)/cypress/psoc creator/4.2/psoc creator/import/gnu/arm/5.4.1/bin/../lib/gcc/arm-none-eabi/5.4.1/armv7-m/crtn.o
                0x00008ac8                . = ALIGN (0x4)
                0x00008ac8                __preinit_array_start = .
 *(.preinit_array)
                0x00008ac8                __preinit_array_end = .
                0x00008ac8                . = ALIGN (0x4)
                0x00008ac8                __init_array_start = .
 *(SORT(.init_array.*))
 *(.init_array)
 .init_array    0x00008ac8        0x4 c:/program files (x86)/cypress/psoc creator/4.2/psoc creator/import/gnu/arm/5.4.1/bin/../lib/gcc/arm-none-eabi/5.4.1/armv7-m/crtbegin.o
 .init_array    0x00008acc        0x4 .\ARM_GCC_541\Debug\Cm3Start.o
                0x00008ad0                __init_array_end = .
                0x00008ad0                . = ALIGN (0x4)
 *(.fini)
 .fini          0x00008ad0        0x4 c:/program files (x86)/cypress/psoc creator/4.2/psoc creator/import/gnu/arm/5.4.1/bin/../lib/gcc/arm-none-eabi/5.4.1/armv7-m/crti.o
                0x00008ad0                _fini
 .fini          0x00008ad4        0x8 c:/program files (x86)/cypress/psoc creator/4.2/psoc creator/import/gnu/arm/5.4.1/bin/../lib/gcc/arm-none-eabi/5.4.1/armv7-m/crtn.o
                0x00008adc                . = ALIGN (0x4)
                0x00008adc                __fini_array_start = .
 *(.fini_array)
 .fini_array    0x00008adc        0x4 c:/program files (x86)/cypress/psoc creator/4.2/psoc creator/import/gnu/arm/5.4.1/bin/../lib/gcc/arm-none-eabi/5.4.1/armv7-m/crtbegin.o
 *(SORT(.fini_array.*))
                0x00008ae0                __fini_array_end = .
                0x00008ae0                . = ALIGN (0x4)
 *crtbegin.o(.ctors)
 *(EXCLUDE_FILE(*crtend.o) .ctors)
 *(SORT(.ctors.*))
 *crtend.o(.ctors)
                0x00008ae0                . = ALIGN (0x4)
 *crtbegin.o(.dtors)
 *(EXCLUDE_FILE(*crtend.o) .dtors)
 *(SORT(.dtors.*))
 *crtend.o(.dtors)
                0x00008ae0                . = ALIGN (0x4)
                0x00008ae0                __cy_regions = .
                0x00008ae0        0x4 LONG 0x8af0 __cy_region_init_ram
                0x00008ae4        0x4 LONG 0x1fff80c8 __cy_region_start_data
                0x00008ae8        0x4 LONG 0x430 __cy_region_init_size_ram
                0x00008aec        0x4 LONG 0x6f8 __cy_region_zero_size_ram
                0x00008af0                __cy_regions_end = .
                0x00008af0                . = ALIGN (0x8)
                0x00008af0                _etext = .

.cy_checksum_exclude
                0x00008af0        0x0
 *(.cy_checksum_exclude)

.ramvectors     0x1fff8000       0xc0
                0x1fff8000                __cy_region_start_ram = .
 *(.ramvectors)
 .ramvectors    0x1fff8000       0xc0 .\ARM_GCC_541\Debug\Cm3Start.o
                0x1fff8000                CyRamVectors

.noinit         0x1fff80c0        0x5
 *(.noinit)
 .noinit        0x1fff80c0        0x4 .\ARM_GCC_541\Debug\Cm3Start.o
 .noinit        0x1fff80c4        0x1 .\ARM_GCC_541\Debug\Mepsan.a(CyLib.o)
                0x1fff80c4                CyResetStatus

.data           0x1fff80c8      0x430 load address 0x00008af0
                0x1fff80c8                __cy_region_start_data = .
 *(.jcr)
 .jcr           0x1fff80c8        0x0 c:/program files (x86)/cypress/psoc creator/4.2/psoc creator/import/gnu/arm/5.4.1/bin/../lib/gcc/arm-none-eabi/5.4.1/armv7-m/crtbegin.o
 .jcr           0x1fff80c8        0x4 c:/program files (x86)/cypress/psoc creator/4.2/psoc creator/import/gnu/arm/5.4.1/bin/../lib/gcc/arm-none-eabi/5.4.1/armv7-m/crtend.o
 *(.got.plt)
 *(.got)
 *(.shdata)
 *(.data .data.* .gnu.linkonce.d.*)
 .data          0x1fff80cc      0x3ae .\ARM_GCC_541\Debug\printer.o
                0x1fff80cc                LINE_FEED
                0x1fff80d0                VolSimbol
                0x1fff80d4                msn_EDS
                0x1fff80f4                msn_EDS2
                0x1fff8114                msn_EDS4
                0x1fff8134                msn_EDS5
                0x1fff8154                msn_EDS6
                0x1fff8174                msn_footer
                0x1fff8194                msn_footer2
                0x1fff81b4                msn_footer3
                0x1fff81d4                msn_footer4
                0x1fff81f4                msn_copy
                0x1fff8214                msn_diesel
                0x1fff8220                msn_gasoline
                0x1fff822c                msn_fecha
                0x1fff823c                msn_hora
                0x1fff824c                msn_placa
                0x1fff825c                PRN_MILLEAGE
                0x1fff826c                PRN_TRANSTYPE
                0x1fff827c                msn_pos
                0x1fff828c                msn_product
                0x1fff829c                msn_ppu
                0x1fff82ac                msn_vol
                0x1fff82bc                msn_voltot
                0x1fff82cc                msn_din
                0x1fff82dc                msn_cierre
                0x1fff82ec                msn_venta
                0x1fff82fc                msn_numero
                0x1fff830c                PRN_BALANCE
                0x1fff831c                PRN_COMPANY
                0x1fff832c                PRN_ACCOUNT
                0x1fff833c                PRN_SERIAL
                0x1fff834c                PRN_ACCOUNTTYPE
                0x1fff835c                PRN_VISITSDAY
                0x1fff836c                PRN_VISITSWEEK
                0x1fff837c                PRN_VISITSMONTH
                0x1fff838c                PRN_VOLUMEDAY
                0x1fff839c                PRN_VOLUMEWEEK
                0x1fff83ac                PRN_VOLUMEMONTH
                0x1fff83bc                PRN_MONEYDAY
                0x1fff83cc                PRN_MONEYWEEK
                0x1fff83dc                PRN_MONEYMONTH
                0x1fff83ec                PRN_PRESET
                0x1fff83fc                PRN_SIGNATURE
                0x1fff840c                PRN_ID
                0x1fff841c                PRN_CURRENCY
                0x1fff8420                msn_lecact
                0x1fff8430                msn_lecaan
                0x1fff8440                msn_dif
                0x1fff8454                SEPARATOR
                0x1fff8474                ASK_TIME
 *fill*         0x1fff847a        0x2 
 .data          0x1fff847c       0x10 .\ARM_GCC_541\Debug\Mepsan.a(CyLib.o)
                0x1fff847c                cydelay_freq_hz
                0x1fff8480                cydelay_freq_khz
                0x1fff8484                cydelay_freq_mhz
                0x1fff8488                cydelay_32k_ms
 .data.impure_data
                0x1fff848c       0x60 c:/program files (x86)/cypress/psoc creator/4.2/psoc creator/import/gnu/arm/5.4.1/bin/../lib/gcc/arm-none-eabi/5.4.1/../../../../arm-none-eabi/lib/armv7-m\libg_nano.a(lib_a-impure.o)
 .data._impure_ptr
                0x1fff84ec        0x4 c:/program files (x86)/cypress/psoc creator/4.2/psoc creator/import/gnu/arm/5.4.1/bin/../lib/gcc/arm-none-eabi/5.4.1/../../../../arm-none-eabi/lib/armv7-m\libg_nano.a(lib_a-impure.o)
                0x1fff84ec                _impure_ptr
 .data.__ctype_ptr__
                0x1fff84f0        0x4 c:/program files (x86)/cypress/psoc creator/4.2/psoc creator/import/gnu/arm/5.4.1/bin/../lib/gcc/arm-none-eabi/5.4.1/../../../../arm-none-eabi/lib/armv7-m\libg_nano.a(lib_a-ctype_.o)
                0x1fff84f0                __ctype_ptr__
                0x1fff84f8                . = ALIGN (0x8)
 *fill*         0x1fff84f4        0x4 
 *(.ram)
                0x1fff84f8                _edata = .

.igot.plt       0x1fff84f8        0x0 load address 0x00008f20
 .igot.plt      0x1fff84f8        0x0 c:/program files (x86)/cypress/psoc creator/4.2/psoc creator/import/gnu/arm/5.4.1/bin/../lib/gcc/arm-none-eabi/5.4.1/armv7-m/crtbegin.o

.bss            0x1fff84f8      0x6f8 load address 0x00008f20
                0x1fff84f8                PROVIDE (__bss_start__, .)
 *(.shbss)
 *(.bss .bss.* .gnu.linkonce.b.*)
 .bss           0x1fff84f8       0x1c c:/program files (x86)/cypress/psoc creator/4.2/psoc creator/import/gnu/arm/5.4.1/bin/../lib/gcc/arm-none-eabi/5.4.1/armv7-m/crtbegin.o
 *fill*         0x1fff8514        0x4 
 .bss           0x1fff8518        0x4 .\ARM_GCC_541\Debug\cyfitter_cfg.o
 .bss           0x1fff851c        0x1 .\ARM_GCC_541\Debug\Mepsan.a(PWM_1.o)
                0x1fff851c                PWM_1_initVar
 .bss           0x1fff851d        0x9 .\ARM_GCC_541\Debug\Mepsan.a(screen.o)
                0x1fff851d                screen_initVar
                0x1fff851e                screen_txBufferRead
                0x1fff851f                screen_txBufferWrite
                0x1fff8520                screen_errorStatus
                0x1fff8521                screen_rxBufferRead
                0x1fff8522                screen_rxBufferWrite
                0x1fff8523                screen_rxBufferLoopDetect
                0x1fff8524                screen_rxBufferOverflow
 .bss           0x1fff8526        0x4 .\ARM_GCC_541\Debug\Mepsan.a(PRINTER_A.o)
                0x1fff8526                PRINTER_A_initVar
                0x1fff8527                PRINTER_A_txBufferRead
                0x1fff8528                PRINTER_A_txBufferWrite
 .bss           0x1fff852a        0x7 .\ARM_GCC_541\Debug\Mepsan.a(MEPSAN.o)
                0x1fff852a                MEPSAN_initVar
                0x1fff852b                MEPSAN_errorStatus
                0x1fff852c                MEPSAN_rxBufferRead
                0x1fff852d                MEPSAN_rxBufferWrite
                0x1fff852e                MEPSAN_rxBufferLoopDetect
                0x1fff852f                MEPSAN_rxBufferOverflow
 .bss           0x1fff8531        0x7 .\ARM_GCC_541\Debug\Mepsan.a(GBCL.o)
                0x1fff8531                GBCL_initVar
                0x1fff8532                GBCL_errorStatus
                0x1fff8533                GBCL_rxBufferRead
                0x1fff8534                GBCL_rxBufferWrite
                0x1fff8535                GBCL_rxBufferLoopDetect
                0x1fff8536                GBCL_rxBufferOverflow
 .bss           0x1fff8538        0x8 .\ARM_GCC_541\Debug\Mepsan.a(CySpc.o)
                0x1fff8538                SpcLockState
 *(COMMON)
 COMMON         0x1fff8540      0x586 .\ARM_GCC_541\Debug\main.o
                0x1fff8540                sale_number
                0x1fff8548                side
                0x1fff8a1c                crc_hi
                0x1fff8a20                PumpAddress
                0x1fff8a30                MepsanResponse
                0x1fff8a62                DecVol
                0x1fff8a63                dirGbr
                0x1fff8a64                MepsanSendTo
                0x1fff8a98                sale_number_copy
                0x1fff8aa0                shift_number
                0x1fff8aa6                int_shiftnumber
                0x1fff8aa7                TotalRequestType
                0x1fff8aa8                LCDhose
                0x1fff8aa9                Receipt
                0x1fff8aaa                Positions
                0x1fff8aab                int_salenumber
                0x1fff8aac                CRC
                0x1fff8aae                crc_lo
                0x1fff8aaf                CurrentState
                0x1fff8ab0                touch1
                0x1fff8ac4                PollCounter
 *fill*         0x1fff8ac6        0x2 
 COMMON         0x1fff8ac8       0x1c .\ARM_GCC_541\Debug\Mepsan.a(screen.o)
                0x1fff8ac8                screen_txBuffer
                0x1fff8ad0                screen_rxBuffer
 COMMON         0x1fff8ae4        0x5 .\ARM_GCC_541\Debug\Mepsan.a(PRINTER_A.o)
                0x1fff8ae4                PRINTER_A_txBuffer
 *fill*         0x1fff8ae9        0x3 
 COMMON         0x1fff8aec       0x80 .\ARM_GCC_541\Debug\Mepsan.a(MEPSAN.o)
                0x1fff8aec                MEPSAN_rxBuffer
 COMMON         0x1fff8b6c       0x80 .\ARM_GCC_541\Debug\Mepsan.a(GBCL.o)
                0x1fff8b6c                GBCL_rxBuffer
 COMMON         0x1fff8bec        0x2 .\ARM_GCC_541\Debug\Mepsan.a(CyFlash.o)
                0x1fff8bec                dieTemperature
                0x1fff8bf0                . = ALIGN (0x8)
 *fill*         0x1fff8bee        0x2 
 *(.ram.b)
                0x1fff8bf0                _end = .
                0x1fff8bf0                __end = .
                0x1fff8bf0                PROVIDE (end, .)
                0x1fff8bf0                PROVIDE (__bss_end__, .)
                0x00008af0                __cy_region_init_ram = LOADADDR (.data)
                0x00000430                __cy_region_init_size_ram = (_edata - ADDR (.data))
                0x000006f8                __cy_region_zero_size_ram = (_end - _edata)

.heap           0x1fff8bf0       0x80 load address 0x00008f20
                0x1fff8bf0                . = _end
                0x1fff8c70                . = (. + 0x80)
 *fill*         0x1fff8bf0       0x80 
                0x1fff8c70                __cy_heap_limit = .

.stack          0x20007800      0x800
                0x20007800                __cy_stack_limit = .
                0x20008000                . = (. + 0x800)
 *fill*         0x20007800      0x800 
                0x00000001                ASSERT ((__cy_stack_limit >= __cy_heap_limit), region RAM overflowed with stack)
                0x00000000                cy_checksum_exclude_size = (CY_APPL_LOADABLE == 0x1)?SIZEOF (.cy_checksum_exclude):0x0
                0x00000001                ASSERT ((cy_checksum_exclude_size <= CY_CHECKSUM_EXCLUDE_SIZE), CY_BOOT: Section .cy_checksum_exclude size exceedes specified limit.)

.cyloadermeta
 *(.cyloadermeta)

.cyloadablemeta
 *(.cyloadablemeta)

.cyconfigecc    0x80000000     0x21ec
 *(.cyconfigecc)
 .cyconfigecc   0x80000000     0x21ec .\ARM_GCC_541\Debug\cymetadata.o
                0x80000000                cy_meta_configecc

.cycustnvl      0x90000000        0x4
 *(.cycustnvl)
 .cycustnvl     0x90000000        0x4 .\ARM_GCC_541\Debug\cymetadata.o
                0x90000000                cy_meta_custnvl

.cywolatch      0x90100000        0x4
 *(.cywolatch)
 .cywolatch     0x90100000        0x4 .\ARM_GCC_541\Debug\cymetadata.o
                0x90100000                cy_meta_wonvl

.cyeeprom       0x90200000        0x0
 *(.cyeeprom)
                0x00000001                ASSERT ((. <= ((0x90200000 + ee_offset) + ee_size)), .cyeeprom data will not fit in EEPROM)

.cyflashprotect
                0x90400000      0x100
 *(.cyflashprotect)
 .cyflashprotect
                0x90400000      0x100 .\ARM_GCC_541\Debug\cymetadata.o
                0x90400000                cy_meta_flashprotect

.cymeta         0x90500000        0xc
 *(.cymeta)
 .cymeta        0x90500000        0xc .\ARM_GCC_541\Debug\cymetadata.o
                0x90500000                cy_metadata

.rel.dyn        0x00008f20        0x0 load address 0x9050000c
 .rel.iplt      0x00008f20        0x0 c:/program files (x86)/cypress/psoc creator/4.2/psoc creator/import/gnu/arm/5.4.1/bin/../lib/gcc/arm-none-eabi/5.4.1/armv7-m/crtbegin.o

.stab
 *(.stab)

.stabstr
 *(.stabstr)

.debug
 *(.debug)

.line
 *(.line)

.debug_srcinfo
 *(.debug_srcinfo)

.debug_sfnames
 *(.debug_sfnames)

.debug_aranges  0x00000000      0xc70
 *(.debug_aranges)
 .debug_aranges
                0x00000000       0x28 .\ARM_GCC_541\Debug\main.o
 .debug_aranges
                0x00000028       0x68 .\ARM_GCC_541\Debug\PumpCom.o
 .debug_aranges
                0x00000090       0x28 .\ARM_GCC_541\Debug\Gbr.o
 .debug_aranges
                0x000000b8       0x28 .\ARM_GCC_541\Debug\printer.o
 .debug_aranges
                0x000000e0       0x60 .\ARM_GCC_541\Debug\cyfitter_cfg.o
 .debug_aranges
                0x00000140       0x18 .\ARM_GCC_541\Debug\cymetadata.o
 .debug_aranges
                0x00000158       0x48 .\ARM_GCC_541\Debug\Cm3Start.o
 .debug_aranges
                0x000001a0       0x78 .\ARM_GCC_541\Debug\Mepsan.a(PWM_1.o)
 .debug_aranges
                0x00000218      0x2a0 .\ARM_GCC_541\Debug\Mepsan.a(CyLib.o)
 .debug_aranges
                0x000004b8       0x98 .\ARM_GCC_541\Debug\Mepsan.a(cyPm.o)
 .debug_aranges
                0x00000550       0x38 .\ARM_GCC_541\Debug\Mepsan.a(EnablePin.o)
 .debug_aranges
                0x00000588       0xf0 .\ARM_GCC_541\Debug\Mepsan.a(screen.o)
 .debug_aranges
                0x00000678       0x28 .\ARM_GCC_541\Debug\Mepsan.a(screen_INT.o)
 .debug_aranges
                0x000006a0       0x70 .\ARM_GCC_541\Debug\Mepsan.a(screen_IntClock.o)
 .debug_aranges
                0x00000710       0x78 .\ARM_GCC_541\Debug\Mepsan.a(EEPROM_1.o)
 .debug_aranges
                0x00000788       0xa0 .\ARM_GCC_541\Debug\Mepsan.a(PRINTER_A.o)
 .debug_aranges
                0x00000828       0x20 .\ARM_GCC_541\Debug\Mepsan.a(PRINTER_A_INT.o)
 .debug_aranges
                0x00000848       0x70 .\ARM_GCC_541\Debug\Mepsan.a(PRINTER_A_IntClock.o)
 .debug_aranges
                0x000008b8       0xf0 .\ARM_GCC_541\Debug\Mepsan.a(MEPSAN.o)
 .debug_aranges
                0x000009a8       0x20 .\ARM_GCC_541\Debug\Mepsan.a(MEPSAN_INT.o)
 .debug_aranges
                0x000009c8       0xf0 .\ARM_GCC_541\Debug\Mepsan.a(GBCL.o)
 .debug_aranges
                0x00000ab8       0x20 .\ARM_GCC_541\Debug\Mepsan.a(GBCL_INT.o)
 .debug_aranges
                0x00000ad8       0x70 .\ARM_GCC_541\Debug\Mepsan.a(MEPSAN_IntClock.o)
 .debug_aranges
                0x00000b48       0x20 .\ARM_GCC_541\Debug\Mepsan.a(CyBootAsmGnu.o)
 .debug_aranges
                0x00000b68       0x88 .\ARM_GCC_541\Debug\Mepsan.a(CyFlash.o)
 .debug_aranges
                0x00000bf0       0x80 .\ARM_GCC_541\Debug\Mepsan.a(CySpc.o)

.debug_pubnames
 *(.debug_pubnames)

.debug_info     0x00000000     0x817e
 *(.debug_info .gnu.linkonce.wi.*)
 .debug_info    0x00000000      0xa8c .\ARM_GCC_541\Debug\main.o
 .debug_info    0x00000a8c      0xb9e .\ARM_GCC_541\Debug\PumpCom.o
 .debug_info    0x0000162a      0x4e8 .\ARM_GCC_541\Debug\Gbr.o
 .debug_info    0x00001b12     0x1852 .\ARM_GCC_541\Debug\printer.o
 .debug_info    0x00003364      0x3ce .\ARM_GCC_541\Debug\cyfitter_cfg.o
 .debug_info    0x00003732      0x139 .\ARM_GCC_541\Debug\cymetadata.o
 .debug_info    0x0000386b      0x32b .\ARM_GCC_541\Debug\Cm3Start.o
 .debug_info    0x00003b96      0x235 .\ARM_GCC_541\Debug\Mepsan.a(PWM_1.o)
 .debug_info    0x00003dcb      0xe51 .\ARM_GCC_541\Debug\Mepsan.a(CyLib.o)
 .debug_info    0x00004c1c      0x57a .\ARM_GCC_541\Debug\Mepsan.a(cyPm.o)
 .debug_info    0x00005196      0x11e .\ARM_GCC_541\Debug\Mepsan.a(EnablePin.o)
 .debug_info    0x000052b4      0x658 .\ARM_GCC_541\Debug\Mepsan.a(screen.o)
 .debug_info    0x0000590c      0x193 .\ARM_GCC_541\Debug\Mepsan.a(screen_INT.o)
 .debug_info    0x00005a9f      0x25d .\ARM_GCC_541\Debug\Mepsan.a(screen_IntClock.o)
 .debug_info    0x00005cfc      0x359 .\ARM_GCC_541\Debug\Mepsan.a(EEPROM_1.o)
 .debug_info    0x00006055      0x402 .\ARM_GCC_541\Debug\Mepsan.a(PRINTER_A.o)
 .debug_info    0x00006457       0xf6 .\ARM_GCC_541\Debug\Mepsan.a(PRINTER_A_INT.o)
 .debug_info    0x0000654d      0x25d .\ARM_GCC_541\Debug\Mepsan.a(PRINTER_A_IntClock.o)
 .debug_info    0x000067aa      0x5f2 .\ARM_GCC_541\Debug\Mepsan.a(MEPSAN.o)
 .debug_info    0x00006d9c      0x149 .\ARM_GCC_541\Debug\Mepsan.a(MEPSAN_INT.o)
 .debug_info    0x00006ee5      0x5f2 .\ARM_GCC_541\Debug\Mepsan.a(GBCL.o)
 .debug_info    0x000074d7      0x149 .\ARM_GCC_541\Debug\Mepsan.a(GBCL_INT.o)
 .debug_info    0x00007620      0x25d .\ARM_GCC_541\Debug\Mepsan.a(MEPSAN_IntClock.o)
 .debug_info    0x0000787d       0x88 .\ARM_GCC_541\Debug\Mepsan.a(CyBootAsmGnu.o)
 .debug_info    0x00007905      0x3b9 .\ARM_GCC_541\Debug\Mepsan.a(CyFlash.o)
 .debug_info    0x00007cbe      0x4c0 .\ARM_GCC_541\Debug\Mepsan.a(CySpc.o)

.debug_abbrev   0x00000000     0x1e05
 *(.debug_abbrev)
 .debug_abbrev  0x00000000      0x184 .\ARM_GCC_541\Debug\main.o
 .debug_abbrev  0x00000184      0x22b .\ARM_GCC_541\Debug\PumpCom.o
 .debug_abbrev  0x000003af      0x132 .\ARM_GCC_541\Debug\Gbr.o
 .debug_abbrev  0x000004e1      0x16e .\ARM_GCC_541\Debug\printer.o
 .debug_abbrev  0x0000064f      0x183 .\ARM_GCC_541\Debug\cyfitter_cfg.o
 .debug_abbrev  0x000007d2       0x77 .\ARM_GCC_541\Debug\cymetadata.o
 .debug_abbrev  0x00000849      0x1d6 .\ARM_GCC_541\Debug\Cm3Start.o
 .debug_abbrev  0x00000a1f      0x116 .\ARM_GCC_541\Debug\Mepsan.a(PWM_1.o)
 .debug_abbrev  0x00000b35      0x217 .\ARM_GCC_541\Debug\Mepsan.a(CyLib.o)
 .debug_abbrev  0x00000d4c      0x161 .\ARM_GCC_541\Debug\Mepsan.a(cyPm.o)
 .debug_abbrev  0x00000ead       0x90 .\ARM_GCC_541\Debug\Mepsan.a(EnablePin.o)
 .debug_abbrev  0x00000f3d      0x15f .\ARM_GCC_541\Debug\Mepsan.a(screen.o)
 .debug_abbrev  0x0000109c       0xa2 .\ARM_GCC_541\Debug\Mepsan.a(screen_INT.o)
 .debug_abbrev  0x0000113e      0x11d .\ARM_GCC_541\Debug\Mepsan.a(screen_IntClock.o)
 .debug_abbrev  0x0000125b      0x117 .\ARM_GCC_541\Debug\Mepsan.a(EEPROM_1.o)
 .debug_abbrev  0x00001372      0x143 .\ARM_GCC_541\Debug\Mepsan.a(PRINTER_A.o)
 .debug_abbrev  0x000014b5       0x79 .\ARM_GCC_541\Debug\Mepsan.a(PRINTER_A_INT.o)
 .debug_abbrev  0x0000152e      0x11d .\ARM_GCC_541\Debug\Mepsan.a(PRINTER_A_IntClock.o)
 .debug_abbrev  0x0000164b      0x15f .\ARM_GCC_541\Debug\Mepsan.a(MEPSAN.o)
 .debug_abbrev  0x000017aa       0x8a .\ARM_GCC_541\Debug\Mepsan.a(MEPSAN_INT.o)
 .debug_abbrev  0x00001834      0x15f .\ARM_GCC_541\Debug\Mepsan.a(GBCL.o)
 .debug_abbrev  0x00001993       0x8a .\ARM_GCC_541\Debug\Mepsan.a(GBCL_INT.o)
 .debug_abbrev  0x00001a1d      0x11d .\ARM_GCC_541\Debug\Mepsan.a(MEPSAN_IntClock.o)
 .debug_abbrev  0x00001b3a       0x14 .\ARM_GCC_541\Debug\Mepsan.a(CyBootAsmGnu.o)
 .debug_abbrev  0x00001b4e      0x14b .\ARM_GCC_541\Debug\Mepsan.a(CyFlash.o)
 .debug_abbrev  0x00001c99      0x16c .\ARM_GCC_541\Debug\Mepsan.a(CySpc.o)

.debug_line     0x00000000     0x4a05
 *(.debug_line)
 .debug_line    0x00000000      0x781 .\ARM_GCC_541\Debug\main.o
 .debug_line    0x00000781      0x713 .\ARM_GCC_541\Debug\PumpCom.o
 .debug_line    0x00000e94      0x18d .\ARM_GCC_541\Debug\Gbr.o
 .debug_line    0x00001021      0xcc5 .\ARM_GCC_541\Debug\printer.o
 .debug_line    0x00001ce6      0x226 .\ARM_GCC_541\Debug\cyfitter_cfg.o
 .debug_line    0x00001f0c      0x141 .\ARM_GCC_541\Debug\cymetadata.o
 .debug_line    0x0000204d      0x1dc .\ARM_GCC_541\Debug\Cm3Start.o
 .debug_line    0x00002229      0x140 .\ARM_GCC_541\Debug\Mepsan.a(PWM_1.o)
 .debug_line    0x00002369      0x883 .\ARM_GCC_541\Debug\Mepsan.a(CyLib.o)
 .debug_line    0x00002bec      0x38e .\ARM_GCC_541\Debug\Mepsan.a(cyPm.o)
 .debug_line    0x00002f7a       0x99 .\ARM_GCC_541\Debug\Mepsan.a(EnablePin.o)
 .debug_line    0x00003013      0x349 .\ARM_GCC_541\Debug\Mepsan.a(screen.o)
 .debug_line    0x0000335c       0xb1 .\ARM_GCC_541\Debug\Mepsan.a(screen_INT.o)
 .debug_line    0x0000340d      0x1ae .\ARM_GCC_541\Debug\Mepsan.a(screen_IntClock.o)
 .debug_line    0x000035bb      0x228 .\ARM_GCC_541\Debug\Mepsan.a(EEPROM_1.o)
 .debug_line    0x000037e3      0x238 .\ARM_GCC_541\Debug\Mepsan.a(PRINTER_A.o)
 .debug_line    0x00003a1b       0x8a .\ARM_GCC_541\Debug\Mepsan.a(PRINTER_A_INT.o)
 .debug_line    0x00003aa5      0x1b1 .\ARM_GCC_541\Debug\Mepsan.a(PRINTER_A_IntClock.o)
 .debug_line    0x00003c56      0x30b .\ARM_GCC_541\Debug\Mepsan.a(MEPSAN.o)
 .debug_line    0x00003f61       0x8a .\ARM_GCC_541\Debug\Mepsan.a(MEPSAN_INT.o)
 .debug_line    0x00003feb      0x309 .\ARM_GCC_541\Debug\Mepsan.a(GBCL.o)
 .debug_line    0x000042f4       0x86 .\ARM_GCC_541\Debug\Mepsan.a(GBCL_INT.o)
 .debug_line    0x0000437a      0x1ae .\ARM_GCC_541\Debug\Mepsan.a(MEPSAN_IntClock.o)
 .debug_line    0x00004528       0x7d .\ARM_GCC_541\Debug\Mepsan.a(CyBootAsmGnu.o)
 .debug_line    0x000045a5      0x22f .\ARM_GCC_541\Debug\Mepsan.a(CyFlash.o)
 .debug_line    0x000047d4      0x231 .\ARM_GCC_541\Debug\Mepsan.a(CySpc.o)

.debug_frame    0x00000000     0x32ac
 *(.debug_frame)
 .debug_frame   0x00000000       0x50 .\ARM_GCC_541\Debug\main.o
 .debug_frame   0x00000050      0x1b8 .\ARM_GCC_541\Debug\PumpCom.o
 .debug_frame   0x00000208       0x54 .\ARM_GCC_541\Debug\Gbr.o
 .debug_frame   0x0000025c       0x68 .\ARM_GCC_541\Debug\printer.o
 .debug_frame   0x000002c4      0x160 .\ARM_GCC_541\Debug\cyfitter_cfg.o
 .debug_frame   0x00000424       0xd8 .\ARM_GCC_541\Debug\Cm3Start.o
 .debug_frame   0x000004fc      0x1d0 .\ARM_GCC_541\Debug\Mepsan.a(PWM_1.o)
 .debug_frame   0x000006cc      0xc0c .\ARM_GCC_541\Debug\Mepsan.a(CyLib.o)
 .debug_frame   0x000012d8      0x234 .\ARM_GCC_541\Debug\Mepsan.a(cyPm.o)
 .debug_frame   0x0000150c       0xa8 .\ARM_GCC_541\Debug\Mepsan.a(EnablePin.o)
 .debug_frame   0x000015b4      0x428 .\ARM_GCC_541\Debug\Mepsan.a(screen.o)
 .debug_frame   0x000019dc       0x5c .\ARM_GCC_541\Debug\Mepsan.a(screen_INT.o)
 .debug_frame   0x00001a38      0x1b4 .\ARM_GCC_541\Debug\Mepsan.a(screen_IntClock.o)
 .debug_frame   0x00001bec      0x1c0 .\ARM_GCC_541\Debug\Mepsan.a(EEPROM_1.o)
 .debug_frame   0x00001dac      0x298 .\ARM_GCC_541\Debug\Mepsan.a(PRINTER_A.o)
 .debug_frame   0x00002044       0x34 .\ARM_GCC_541\Debug\Mepsan.a(PRINTER_A_INT.o)
 .debug_frame   0x00002078      0x1b4 .\ARM_GCC_541\Debug\Mepsan.a(PRINTER_A_IntClock.o)
 .debug_frame   0x0000222c      0x428 .\ARM_GCC_541\Debug\Mepsan.a(MEPSAN.o)
 .debug_frame   0x00002654       0x38 .\ARM_GCC_541\Debug\Mepsan.a(MEPSAN_INT.o)
 .debug_frame   0x0000268c      0x428 .\ARM_GCC_541\Debug\Mepsan.a(GBCL.o)
 .debug_frame   0x00002ab4       0x38 .\ARM_GCC_541\Debug\Mepsan.a(GBCL_INT.o)
 .debug_frame   0x00002aec      0x1b4 .\ARM_GCC_541\Debug\Mepsan.a(MEPSAN_IntClock.o)
 .debug_frame   0x00002ca0      0x238 .\ARM_GCC_541\Debug\Mepsan.a(CyFlash.o)
 .debug_frame   0x00002ed8      0x228 .\ARM_GCC_541\Debug\Mepsan.a(CySpc.o)
 .debug_frame   0x00003100       0x30 c:/program files (x86)/cypress/psoc creator/4.2/psoc creator/import/gnu/arm/5.4.1/bin/../lib/gcc/arm-none-eabi/5.4.1/../../../../arm-none-eabi/lib/armv7-m\libg_nano.a(lib_a-atoi.o)
 .debug_frame   0x00003130       0x20 c:/program files (x86)/cypress/psoc creator/4.2/psoc creator/import/gnu/arm/5.4.1/bin/../lib/gcc/arm-none-eabi/5.4.1/../../../../arm-none-eabi/lib/armv7-m\libg_nano.a(lib_a-errno.o)
 .debug_frame   0x00003150       0x28 c:/program files (x86)/cypress/psoc creator/4.2/psoc creator/import/gnu/arm/5.4.1/bin/../lib/gcc/arm-none-eabi/5.4.1/../../../../arm-none-eabi/lib/armv7-m\libg_nano.a(lib_a-exit.o)
 .debug_frame   0x00003178       0x2c c:/program files (x86)/cypress/psoc creator/4.2/psoc creator/import/gnu/arm/5.4.1/bin/../lib/gcc/arm-none-eabi/5.4.1/../../../../arm-none-eabi/lib/armv7-m\libg_nano.a(lib_a-init.o)
 .debug_frame   0x000031a4       0x38 c:/program files (x86)/cypress/psoc creator/4.2/psoc creator/import/gnu/arm/5.4.1/bin/../lib/gcc/arm-none-eabi/5.4.1/../../../../arm-none-eabi/lib/armv7-m\libg_nano.a(lib_a-itoa.o)
 .debug_frame   0x000031dc       0x28 c:/program files (x86)/cypress/psoc creator/4.2/psoc creator/import/gnu/arm/5.4.1/bin/../lib/gcc/arm-none-eabi/5.4.1/../../../../arm-none-eabi/lib/armv7-m\libg_nano.a(lib_a-memcpy-stub.o)
 .debug_frame   0x00003204       0x20 c:/program files (x86)/cypress/psoc creator/4.2/psoc creator/import/gnu/arm/5.4.1/bin/../lib/gcc/arm-none-eabi/5.4.1/../../../../arm-none-eabi/lib/armv7-m\libg_nano.a(lib_a-memset.o)
 .debug_frame   0x00003224       0x44 c:/program files (x86)/cypress/psoc creator/4.2/psoc creator/import/gnu/arm/5.4.1/bin/../lib/gcc/arm-none-eabi/5.4.1/../../../../arm-none-eabi/lib/armv7-m\libg_nano.a(lib_a-strtol.o)
 .debug_frame   0x00003268       0x44 c:/program files (x86)/cypress/psoc creator/4.2/psoc creator/import/gnu/arm/5.4.1/bin/../lib/gcc/arm-none-eabi/5.4.1/../../../../arm-none-eabi/lib/armv7-m\libg_nano.a(lib_a-utoa.o)

.debug_str      0x00000000     0x2c0e
 *(.debug_str)
 .debug_str     0x00000000      0x386 .\ARM_GCC_541\Debug\main.o
                                0x3f2 (size before relaxing)
 .debug_str     0x00000386       0xb8 .\ARM_GCC_541\Debug\PumpCom.o
                                0x472 (size before relaxing)
 .debug_str     0x0000043e       0xa9 .\ARM_GCC_541\Debug\Gbr.o
                                0x3f6 (size before relaxing)
 .debug_str     0x000004e7      0x299 .\ARM_GCC_541\Debug\printer.o
                                0x610 (size before relaxing)
 .debug_str     0x00000780      0x18b .\ARM_GCC_541\Debug\cyfitter_cfg.o
                                0x317 (size before relaxing)
 .debug_str     0x0000090b       0x75 .\ARM_GCC_541\Debug\cymetadata.o
                                0x1dc (size before relaxing)
 .debug_str     0x00000980      0x124 .\ARM_GCC_541\Debug\Cm3Start.o
                                0x2cf (size before relaxing)
 .debug_str     0x00000aa4      0x13a .\ARM_GCC_541\Debug\Mepsan.a(PWM_1.o)
                                0x2c5 (size before relaxing)
 .debug_str     0x00000bde      0x80b .\ARM_GCC_541\Debug\Mepsan.a(CyLib.o)
                                0x9e2 (size before relaxing)
 .debug_str     0x000013e9      0x371 .\ARM_GCC_541\Debug\Mepsan.a(cyPm.o)
                                0x53b (size before relaxing)
 .debug_str     0x0000175a       0x7a .\ARM_GCC_541\Debug\Mepsan.a(EnablePin.o)
                                0x1ee (size before relaxing)
 .debug_str     0x000017d4      0x3b4 .\ARM_GCC_541\Debug\Mepsan.a(screen.o)
                                0x568 (size before relaxing)
 .debug_str     0x00001b88       0x64 .\ARM_GCC_541\Debug\Mepsan.a(screen_INT.o)
                                0x299 (size before relaxing)
 .debug_str     0x00001bec      0x1c2 .\ARM_GCC_541\Debug\Mepsan.a(screen_IntClock.o)
                                0x346 (size before relaxing)
 .debug_str     0x00001dae      0x14a .\ARM_GCC_541\Debug\Mepsan.a(EEPROM_1.o)
                                0x2f6 (size before relaxing)
 .debug_str     0x00001ef8      0x1e9 .\ARM_GCC_541\Debug\Mepsan.a(PRINTER_A.o)
                                0x411 (size before relaxing)
 .debug_str     0x000020e1       0x37 .\ARM_GCC_541\Debug\Mepsan.a(PRINTER_A_INT.o)
                                0x1f7 (size before relaxing)
 .debug_str     0x00002118      0x19b .\ARM_GCC_541\Debug\Mepsan.a(PRINTER_A_IntClock.o)
                                0x36a (size before relaxing)
 .debug_str     0x000022b3      0x2b8 .\ARM_GCC_541\Debug\Mepsan.a(MEPSAN.o)
                                0x50e (size before relaxing)
 .debug_str     0x0000256b       0x31 .\ARM_GCC_541\Debug\Mepsan.a(MEPSAN_INT.o)
                                0x253 (size before relaxing)
 .debug_str     0x0000259c      0x272 .\ARM_GCC_541\Debug\Mepsan.a(GBCL.o)
                                0x4c8 (size before relaxing)
 .debug_str     0x0000280e       0x2d .\ARM_GCC_541\Debug\Mepsan.a(GBCL_INT.o)
                                0x243 (size before relaxing)
 .debug_str     0x0000283b      0x177 .\ARM_GCC_541\Debug\Mepsan.a(MEPSAN_IntClock.o)
                                0x346 (size before relaxing)
 .debug_str     0x000029b2      0x135 .\ARM_GCC_541\Debug\Mepsan.a(CyFlash.o)
                                0x2ff (size before relaxing)
 .debug_str     0x00002ae7      0x127 .\ARM_GCC_541\Debug\Mepsan.a(CySpc.o)
                                0x2f9 (size before relaxing)

.debug_loc
 *(.debug_loc)

.debug_macinfo
 *(.debug_macinfo)

.debug_ranges   0x00000000      0xab8
 *(.debug_ranges)
 .debug_ranges  0x00000000       0x18 .\ARM_GCC_541\Debug\main.o
 .debug_ranges  0x00000018       0x58 .\ARM_GCC_541\Debug\PumpCom.o
 .debug_ranges  0x00000070       0x18 .\ARM_GCC_541\Debug\Gbr.o
 .debug_ranges  0x00000088       0x18 .\ARM_GCC_541\Debug\printer.o
 .debug_ranges  0x000000a0       0x50 .\ARM_GCC_541\Debug\cyfitter_cfg.o
 .debug_ranges  0x000000f0       0x38 .\ARM_GCC_541\Debug\Cm3Start.o
 .debug_ranges  0x00000128       0x68 .\ARM_GCC_541\Debug\Mepsan.a(PWM_1.o)
 .debug_ranges  0x00000190      0x290 .\ARM_GCC_541\Debug\Mepsan.a(CyLib.o)
 .debug_ranges  0x00000420       0x88 .\ARM_GCC_541\Debug\Mepsan.a(cyPm.o)
 .debug_ranges  0x000004a8       0x28 .\ARM_GCC_541\Debug\Mepsan.a(EnablePin.o)
 .debug_ranges  0x000004d0       0xe0 .\ARM_GCC_541\Debug\Mepsan.a(screen.o)
 .debug_ranges  0x000005b0       0x18 .\ARM_GCC_541\Debug\Mepsan.a(screen_INT.o)
 .debug_ranges  0x000005c8       0x60 .\ARM_GCC_541\Debug\Mepsan.a(screen_IntClock.o)
 .debug_ranges  0x00000628       0x68 .\ARM_GCC_541\Debug\Mepsan.a(EEPROM_1.o)
 .debug_ranges  0x00000690       0x90 .\ARM_GCC_541\Debug\Mepsan.a(PRINTER_A.o)
 .debug_ranges  0x00000720       0x10 .\ARM_GCC_541\Debug\Mepsan.a(PRINTER_A_INT.o)
 .debug_ranges  0x00000730       0x60 .\ARM_GCC_541\Debug\Mepsan.a(PRINTER_A_IntClock.o)
 .debug_ranges  0x00000790       0xe0 .\ARM_GCC_541\Debug\Mepsan.a(MEPSAN.o)
 .debug_ranges  0x00000870       0x10 .\ARM_GCC_541\Debug\Mepsan.a(MEPSAN_INT.o)
 .debug_ranges  0x00000880       0xe0 .\ARM_GCC_541\Debug\Mepsan.a(GBCL.o)
 .debug_ranges  0x00000960       0x10 .\ARM_GCC_541\Debug\Mepsan.a(GBCL_INT.o)
 .debug_ranges  0x00000970       0x60 .\ARM_GCC_541\Debug\Mepsan.a(MEPSAN_IntClock.o)
 .debug_ranges  0x000009d0       0x78 .\ARM_GCC_541\Debug\Mepsan.a(CyFlash.o)
 .debug_ranges  0x00000a48       0x70 .\ARM_GCC_541\Debug\Mepsan.a(CySpc.o)

.comment        0x00000000       0x6e
 .comment       0x00000000       0x6e .\ARM_GCC_541\Debug\main.o
                                 0x6f (size before relaxing)
 .comment       0x0000006e       0x6f .\ARM_GCC_541\Debug\PumpCom.o
 .comment       0x0000006e       0x6f .\ARM_GCC_541\Debug\Gbr.o
 .comment       0x0000006e       0x6f .\ARM_GCC_541\Debug\printer.o
 .comment       0x0000006e       0x6f .\ARM_GCC_541\Debug\cyfitter_cfg.o
 .comment       0x0000006e       0x6f .\ARM_GCC_541\Debug\cymetadata.o
 .comment       0x0000006e       0x6f .\ARM_GCC_541\Debug\Cm3Start.o
 .comment       0x0000006e       0x6f .\ARM_GCC_541\Debug\Mepsan.a(PWM_1.o)
 .comment       0x0000006e       0x6f .\ARM_GCC_541\Debug\Mepsan.a(CyLib.o)
 .comment       0x0000006e       0x6f .\ARM_GCC_541\Debug\Mepsan.a(cyPm.o)
 .comment       0x0000006e       0x6f .\ARM_GCC_541\Debug\Mepsan.a(EnablePin.o)
 .comment       0x0000006e       0x6f .\ARM_GCC_541\Debug\Mepsan.a(screen.o)
 .comment       0x0000006e       0x6f .\ARM_GCC_541\Debug\Mepsan.a(screen_INT.o)
 .comment       0x0000006e       0x6f .\ARM_GCC_541\Debug\Mepsan.a(screen_IntClock.o)
 .comment       0x0000006e       0x6f .\ARM_GCC_541\Debug\Mepsan.a(EEPROM_1.o)
 .comment       0x0000006e       0x6f .\ARM_GCC_541\Debug\Mepsan.a(PRINTER_A.o)
 .comment       0x0000006e       0x6f .\ARM_GCC_541\Debug\Mepsan.a(PRINTER_A_INT.o)
 .comment       0x0000006e       0x6f .\ARM_GCC_541\Debug\Mepsan.a(PRINTER_A_IntClock.o)
 .comment       0x0000006e       0x6f .\ARM_GCC_541\Debug\Mepsan.a(MEPSAN.o)
 .comment       0x0000006e       0x6f .\ARM_GCC_541\Debug\Mepsan.a(MEPSAN_INT.o)
 .comment       0x0000006e       0x6f .\ARM_GCC_541\Debug\Mepsan.a(GBCL.o)
 .comment       0x0000006e       0x6f .\ARM_GCC_541\Debug\Mepsan.a(GBCL_INT.o)
 .comment       0x0000006e       0x6f .\ARM_GCC_541\Debug\Mepsan.a(MEPSAN_IntClock.o)
 .comment       0x0000006e       0x6f .\ARM_GCC_541\Debug\Mepsan.a(CyFlash.o)
 .comment       0x0000006e       0x6f .\ARM_GCC_541\Debug\Mepsan.a(CySpc.o)

.debug_weaknames
 *(.debug_weaknames)

.debug_funcnames
 *(.debug_funcnames)

.debug_typenames
 *(.debug_typenames)

.debug_varnames
 *(.debug_varnames)

.note.gnu.arm.ident
 *(.note.gnu.arm.ident)

.ARM.attributes
                0x00000000       0x29
 *(.ARM.attributes)
 .ARM.attributes
                0x00000000       0x1d c:/program files (x86)/cypress/psoc creator/4.2/psoc creator/import/gnu/arm/5.4.1/bin/../lib/gcc/arm-none-eabi/5.4.1/armv7-m/crti.o
 .ARM.attributes
                0x0000001d       0x2d c:/program files (x86)/cypress/psoc creator/4.2/psoc creator/import/gnu/arm/5.4.1/bin/../lib/gcc/arm-none-eabi/5.4.1/armv7-m/crtbegin.o
 .ARM.attributes
                0x0000004a       0x1b c:/program files (x86)/cypress/psoc creator/4.2/psoc creator/import/gnu/arm/5.4.1/bin/../lib/gcc/arm-none-eabi/5.4.1/../../../../arm-none-eabi/lib/armv7-m/crt0.o
 .ARM.attributes
                0x00000065       0x33 .\ARM_GCC_541\Debug\main.o
 .ARM.attributes
                0x00000098       0x33 .\ARM_GCC_541\Debug\PumpCom.o
 .ARM.attributes
                0x000000cb       0x33 .\ARM_GCC_541\Debug\Gbr.o
 .ARM.attributes
                0x000000fe       0x33 .\ARM_GCC_541\Debug\printer.o
 .ARM.attributes
                0x00000131       0x33 .\ARM_GCC_541\Debug\cyfitter_cfg.o
 .ARM.attributes
                0x00000164       0x33 .\ARM_GCC_541\Debug\cymetadata.o
 .ARM.attributes
                0x00000197       0x33 .\ARM_GCC_541\Debug\Cm3Start.o
 .ARM.attributes
                0x000001ca       0x33 .\ARM_GCC_541\Debug\Mepsan.a(PWM_1.o)
 .ARM.attributes
                0x000001fd       0x33 .\ARM_GCC_541\Debug\Mepsan.a(CyLib.o)
 .ARM.attributes
                0x00000230       0x33 .\ARM_GCC_541\Debug\Mepsan.a(cyPm.o)
 .ARM.attributes
                0x00000263       0x33 .\ARM_GCC_541\Debug\Mepsan.a(EnablePin.o)
 .ARM.attributes
                0x00000296       0x33 .\ARM_GCC_541\Debug\Mepsan.a(screen.o)
 .ARM.attributes
                0x000002c9       0x33 .\ARM_GCC_541\Debug\Mepsan.a(screen_INT.o)
 .ARM.attributes
                0x000002fc       0x33 .\ARM_GCC_541\Debug\Mepsan.a(screen_IntClock.o)
 .ARM.attributes
                0x0000032f       0x33 .\ARM_GCC_541\Debug\Mepsan.a(EEPROM_1.o)
 .ARM.attributes
                0x00000362       0x33 .\ARM_GCC_541\Debug\Mepsan.a(PRINTER_A.o)
 .ARM.attributes
                0x00000395       0x33 .\ARM_GCC_541\Debug\Mepsan.a(PRINTER_A_INT.o)
 .ARM.attributes
                0x000003c8       0x33 .\ARM_GCC_541\Debug\Mepsan.a(PRINTER_A_IntClock.o)
 .ARM.attributes
                0x000003fb       0x33 .\ARM_GCC_541\Debug\Mepsan.a(MEPSAN.o)
 .ARM.attributes
                0x0000042e       0x33 .\ARM_GCC_541\Debug\Mepsan.a(MEPSAN_INT.o)
 .ARM.attributes
                0x00000461       0x33 .\ARM_GCC_541\Debug\Mepsan.a(GBCL.o)
 .ARM.attributes
                0x00000494       0x33 .\ARM_GCC_541\Debug\Mepsan.a(GBCL_INT.o)
 .ARM.attributes
                0x000004c7       0x33 .\ARM_GCC_541\Debug\Mepsan.a(MEPSAN_IntClock.o)
 .ARM.attributes
                0x000004fa       0x21 .\ARM_GCC_541\Debug\Mepsan.a(CyBootAsmGnu.o)
 .ARM.attributes
                0x0000051b       0x33 .\ARM_GCC_541\Debug\Mepsan.a(CyFlash.o)
 .ARM.attributes
                0x0000054e       0x33 .\ARM_GCC_541\Debug\Mepsan.a(CySpc.o)
 .ARM.attributes
                0x00000581       0x2d c:/program files (x86)/cypress/psoc creator/4.2/psoc creator/import/gnu/arm/5.4.1/bin/../lib/gcc/arm-none-eabi/5.4.1/../../../../arm-none-eabi/lib/armv7-m\libg_nano.a(lib_a-atoi.o)
 .ARM.attributes
                0x000005ae       0x2d c:/program files (x86)/cypress/psoc creator/4.2/psoc creator/import/gnu/arm/5.4.1/bin/../lib/gcc/arm-none-eabi/5.4.1/../../../../arm-none-eabi/lib/armv7-m\libg_nano.a(lib_a-errno.o)
 .ARM.attributes
                0x000005db       0x2d c:/program files (x86)/cypress/psoc creator/4.2/psoc creator/import/gnu/arm/5.4.1/bin/../lib/gcc/arm-none-eabi/5.4.1/../../../../arm-none-eabi/lib/armv7-m\libg_nano.a(lib_a-exit.o)
 .ARM.attributes
                0x00000608       0x2d c:/program files (x86)/cypress/psoc creator/4.2/psoc creator/import/gnu/arm/5.4.1/bin/../lib/gcc/arm-none-eabi/5.4.1/../../../../arm-none-eabi/lib/armv7-m\libg_nano.a(lib_a-impure.o)
 .ARM.attributes
                0x00000635       0x2d c:/program files (x86)/cypress/psoc creator/4.2/psoc creator/import/gnu/arm/5.4.1/bin/../lib/gcc/arm-none-eabi/5.4.1/../../../../arm-none-eabi/lib/armv7-m\libg_nano.a(lib_a-init.o)
 .ARM.attributes
                0x00000662       0x2d c:/program files (x86)/cypress/psoc creator/4.2/psoc creator/import/gnu/arm/5.4.1/bin/../lib/gcc/arm-none-eabi/5.4.1/../../../../arm-none-eabi/lib/armv7-m\libg_nano.a(lib_a-itoa.o)
 .ARM.attributes
                0x0000068f       0x2d c:/program files (x86)/cypress/psoc creator/4.2/psoc creator/import/gnu/arm/5.4.1/bin/../lib/gcc/arm-none-eabi/5.4.1/../../../../arm-none-eabi/lib/armv7-m\libg_nano.a(lib_a-memcpy-stub.o)
 .ARM.attributes
                0x000006bc       0x2d c:/program files (x86)/cypress/psoc creator/4.2/psoc creator/import/gnu/arm/5.4.1/bin/../lib/gcc/arm-none-eabi/5.4.1/../../../../arm-none-eabi/lib/armv7-m\libg_nano.a(lib_a-memset.o)
 .ARM.attributes
                0x000006e9       0x2d c:/program files (x86)/cypress/psoc creator/4.2/psoc creator/import/gnu/arm/5.4.1/bin/../lib/gcc/arm-none-eabi/5.4.1/../../../../arm-none-eabi/lib/armv7-m\libg_nano.a(lib_a-strtol.o)
 .ARM.attributes
                0x00000716       0x2d c:/program files (x86)/cypress/psoc creator/4.2/psoc creator/import/gnu/arm/5.4.1/bin/../lib/gcc/arm-none-eabi/5.4.1/../../../../arm-none-eabi/lib/armv7-m\libg_nano.a(lib_a-utoa.o)
 .ARM.attributes
                0x00000743       0x2d c:/program files (x86)/cypress/psoc creator/4.2/psoc creator/import/gnu/arm/5.4.1/bin/../lib/gcc/arm-none-eabi/5.4.1/../../../../arm-none-eabi/lib/armv7-m\libg_nano.a(lib_a-ctype_.o)
 .ARM.attributes
                0x00000770       0x2d c:/program files (x86)/cypress/psoc creator/4.2/psoc creator/import/gnu/arm/5.4.1/bin/../lib/gcc/arm-none-eabi/5.4.1/armv7-m/crtend.o
 .ARM.attributes
                0x0000079d       0x1d c:/program files (x86)/cypress/psoc creator/4.2/psoc creator/import/gnu/arm/5.4.1/bin/../lib/gcc/arm-none-eabi/5.4.1/armv7-m/crtn.o

/DISCARD/
 *(.note.GNU-stack)
OUTPUT(C:\Users\Thermaltake\Documents\GitHub\Mepsan\Mepsan.cydsn\ARM_GCC_541\Debug\Mepsan.elf elf32-littlearm)
