Archive member included to satisfy reference by file (symbol)

.\ARM_GCC_541\Debug\Mepsan.a(PWM_1.o)
                              .\ARM_GCC_541\Debug\main.o (PWM_1_Start)
.\ARM_GCC_541\Debug\Mepsan.a(CyLib.o)
                              .\ARM_GCC_541\Debug\Cm3Start.o (CyResetStatus)
.\ARM_GCC_541\Debug\Mepsan.a(cyPm.o)
                              .\ARM_GCC_541\Debug\Mepsan.a(CyLib.o) (CyPmReadStatus)
.\ARM_GCC_541\Debug\Mepsan.a(UART_1.o)
                              .\ARM_GCC_541\Debug\main.o (UART_1_Start)
.\ARM_GCC_541\Debug\Mepsan.a(UART_1_INT.o)
                              .\ARM_GCC_541\Debug\Mepsan.a(UART_1.o) (UART_1_RXISR)
.\ARM_GCC_541\Debug\Mepsan.a(UART_1_IntClock.o)
                              .\ARM_GCC_541\Debug\Mepsan.a(UART_1.o) (UART_1_IntClock_Start)
.\ARM_GCC_541\Debug\Mepsan.a(Timer_1.o)
                              .\ARM_GCC_541\Debug\main.o (Timer_1_Start)
.\ARM_GCC_541\Debug\Mepsan.a(UART_2.o)
                              .\ARM_GCC_541\Debug\main.o (UART_2_Start)
.\ARM_GCC_541\Debug\Mepsan.a(UART_2_INT.o)
                              .\ARM_GCC_541\Debug\Mepsan.a(UART_2.o) (UART_2_RXISR)
.\ARM_GCC_541\Debug\Mepsan.a(EnablePin.o)
                              .\ARM_GCC_541\Debug\PumpCom.o (EnablePin_Write)
.\ARM_GCC_541\Debug\Mepsan.a(UART_3.o)
                              .\ARM_GCC_541\Debug\main.o (UART_3_Start)
.\ARM_GCC_541\Debug\Mepsan.a(UART_3_INT.o)
                              .\ARM_GCC_541\Debug\Mepsan.a(UART_3.o) (UART_3_TXISR)
.\ARM_GCC_541\Debug\Mepsan.a(UART_3_IntClock.o)
                              .\ARM_GCC_541\Debug\Mepsan.a(UART_3.o) (UART_3_IntClock_Start)
.\ARM_GCC_541\Debug\Mepsan.a(screen.o)
                              .\ARM_GCC_541\Debug\main.o (screen_Start)
.\ARM_GCC_541\Debug\Mepsan.a(screen_INT.o)
                              .\ARM_GCC_541\Debug\Mepsan.a(screen.o) (screen_RXISR)
.\ARM_GCC_541\Debug\Mepsan.a(screen_IntClock.o)
                              .\ARM_GCC_541\Debug\Mepsan.a(screen.o) (screen_IntClock_Start)
.\ARM_GCC_541\Debug\Mepsan.a(EEPROM_1.o)
                              .\ARM_GCC_541\Debug\main.o (EEPROM_1_Start)
.\ARM_GCC_541\Debug\Mepsan.a(CyBootAsmGnu.o)
                              .\ARM_GCC_541\Debug\cyfitter_cfg.o (CyDelayCycles)
.\ARM_GCC_541\Debug\Mepsan.a(CyFlash.o)
                              .\ARM_GCC_541\Debug\Mepsan.a(EEPROM_1.o) (dieTemperature)
.\ARM_GCC_541\Debug\Mepsan.a(CySpc.o)
                              .\ARM_GCC_541\Debug\Mepsan.a(EEPROM_1.o) (CySpcStart)
c:/program files (x86)/cypress/psoc creator/4.2/psoc creator/import/gnu/arm/5.4.1/bin/../lib/gcc/arm-none-eabi/5.4.1/../../../../arm-none-eabi/lib/armv7-m\libg_nano.a(lib_a-errno.o)
                              .\ARM_GCC_541\Debug\Cm3Start.o (__errno)
c:/program files (x86)/cypress/psoc creator/4.2/psoc creator/import/gnu/arm/5.4.1/bin/../lib/gcc/arm-none-eabi/5.4.1/../../../../arm-none-eabi/lib/armv7-m\libg_nano.a(lib_a-exit.o)
                              c:/program files (x86)/cypress/psoc creator/4.2/psoc creator/import/gnu/arm/5.4.1/bin/../lib/gcc/arm-none-eabi/5.4.1/../../../../arm-none-eabi/lib/armv7-m/crt0.o (exit)
c:/program files (x86)/cypress/psoc creator/4.2/psoc creator/import/gnu/arm/5.4.1/bin/../lib/gcc/arm-none-eabi/5.4.1/../../../../arm-none-eabi/lib/armv7-m\libg_nano.a(lib_a-impure.o)
                              c:/program files (x86)/cypress/psoc creator/4.2/psoc creator/import/gnu/arm/5.4.1/bin/../lib/gcc/arm-none-eabi/5.4.1/../../../../arm-none-eabi/lib/armv7-m\libg_nano.a(lib_a-exit.o) (_global_impure_ptr)
c:/program files (x86)/cypress/psoc creator/4.2/psoc creator/import/gnu/arm/5.4.1/bin/../lib/gcc/arm-none-eabi/5.4.1/../../../../arm-none-eabi/lib/armv7-m\libg_nano.a(lib_a-init.o)
                              c:/program files (x86)/cypress/psoc creator/4.2/psoc creator/import/gnu/arm/5.4.1/bin/../lib/gcc/arm-none-eabi/5.4.1/../../../../arm-none-eabi/lib/armv7-m/crt0.o (__libc_init_array)
c:/program files (x86)/cypress/psoc creator/4.2/psoc creator/import/gnu/arm/5.4.1/bin/../lib/gcc/arm-none-eabi/5.4.1/../../../../arm-none-eabi/lib/armv7-m\libg_nano.a(lib_a-memcpy-stub.o)
                              .\ARM_GCC_541\Debug\cyfitter_cfg.o (memcpy)
c:/program files (x86)/cypress/psoc creator/4.2/psoc creator/import/gnu/arm/5.4.1/bin/../lib/gcc/arm-none-eabi/5.4.1/../../../../arm-none-eabi/lib/armv7-m\libg_nano.a(lib_a-memset.o)
                              c:/program files (x86)/cypress/psoc creator/4.2/psoc creator/import/gnu/arm/5.4.1/bin/../lib/gcc/arm-none-eabi/5.4.1/../../../../arm-none-eabi/lib/armv7-m/crt0.o (memset)

Allocating common symbols
Common symbol       size              file

UART_2_rxBuffer     0x80              .\ARM_GCC_541\Debug\Mepsan.a(UART_2.o)
sale_number         0x6               .\ARM_GCC_541\Debug\main.o
side                0x48c             .\ARM_GCC_541\Debug\main.o
crc_hi              0x1               .\ARM_GCC_541\Debug\main.o
[...]
Memory Configuration

Name             Origin             Length             Attributes
rom              0x00000000         0x00040000         xr
ram              0x1fff8000         0x00010000         xrw
*default*        0x00000000         0xffffffff

Linker script and memory map

LOAD c:/program files (x86)/cypress/psoc creator/4.2/psoc creator/import/gnu/arm/5.4.1/bin/../lib/gcc/arm-none-eabi/5.4.1/armv7-m/crti.o
LOAD c:/program files (x86)/cypress/psoc creator/4.2/psoc creator/import/gnu/arm/5.4.1/bin/../lib/gcc/arm-none-eabi/5.4.1/armv7-m/crtbegin.o
LOAD c:/program files (x86)/cypress/psoc creator/4.2/psoc creator/import/gnu/arm/5.4.1/bin/../lib/gcc/arm-none-eabi/5.4.1/../../../../arm-none-eabi/lib/armv7-m/crt0.o
START GROUP
LOAD .\ARM_GCC_541\Debug\main.o
LOAD .\ARM_GCC_541\Debug\PumpCom.o
LOAD .\ARM_GCC_541\Debug\Gbr.o
LOAD .\ARM_GCC_541\Debug\printer.o
LOAD .\ARM_GCC_541\Debug\cyfitter_cfg.o
LOAD .\ARM_GCC_541\Debug\cymetadata.o
LOAD .\ARM_GCC_541\Debug\Cm3Start.o
LOAD .\ARM_GCC_541\Debug\Mepsan.a
LOAD C:\Program Files (x86)\Cypress\PSoC Creator\4.2\PSoC Creator\psoc\content\cycomponentlibrary\CyComponentLibrary.cylib\CortexM3\ARM_GCC_541\Debug\CyComponentLibrary.a
END GROUP
START GROUP
LOAD c:/program files (x86)/cypress/psoc creator/4.2/psoc creator/import/gnu/arm/5.4.1/bin/../lib/gcc/arm-none-eabi/5.4.1/armv7-m\libgcc.a
LOAD c:/program files (x86)/cypress/psoc creator/4.2/psoc creator/import/gnu/arm/5.4.1/bin/../lib/gcc/arm-none-eabi/5.4.1/../../../../arm-none-eabi/lib/armv7-m\libg_nano.a
LOAD c:/program files (x86)/cypress/psoc creator/4.2/psoc creator/import/gnu/arm/5.4.1/bin/../lib/gcc/arm-none-eabi/5.4.1/../../../../arm-none-eabi/lib/armv7-m\libc_nano.a
END GROUP
START GROUP
LOAD c:/program files (x86)/cypress/psoc creator/4.2/psoc creator/import/gnu/arm/5.4.1/bin/../lib/gcc/arm-none-eabi/5.4.1/armv7-m\libgcc.a
LOAD c:/program files (x86)/cypress/psoc creator/4.2/psoc creator/import/gnu/arm/5.4.1/bin/../lib/gcc/arm-none-eabi/5.4.1/../../../../arm-none-eabi/lib/armv7-m\libc_nano.a
END GROUP
LOAD c:/program files (x86)/cypress/psoc creator/4.2/psoc creator/import/gnu/arm/5.4.1/bin/../lib/gcc/arm-none-eabi/5.4.1/armv7-m/crtend.o
LOAD c:/program files (x86)/cypress/psoc creator/4.2/psoc creator/import/gnu/arm/5.4.1/bin/../lib/gcc/arm-none-eabi/5.4.1/armv7-m/crtn.o
START GROUP
LOAD c:/program files (x86)/cypress/psoc creator/4.2/psoc creator/import/gnu/arm/5.4.1/bin/../lib/gcc/arm-none-eabi/5.4.1/armv7-m\libgcc.a
LOAD c:/program files (x86)/cypress/psoc creator/4.2/psoc creator/import/gnu/arm/5.4.1/bin/../lib/gcc/arm-none-eabi/5.4.1/../../../../arm-none-eabi/lib/armv7-m\libc.a
LOAD c:/program files (x86)/cypress/psoc creator/4.2/psoc creator/import/gnu/arm/5.4.1/bin/../lib/gcc/arm-none-eabi/5.4.1/../../../../arm-none-eabi/lib/armv7-m\libnosys.a
END GROUP
                0x00000000                CY_APPL_ORIGIN = 0x0
                0x00000100                CY_FLASH_ROW_SIZE = 0x100
                0x00000020                CY_ECC_ROW_SIZE = 0x20
                0x00000000                CY_EE_IN_BTLDR = 0x0
                0x00000000                CY_APPL_LOADABLE = 0x0
                0x00000800                CY_EE_SIZE = 0x800
                0x00000001                CY_APPL_NUM = 0x1
                0x00000001                CY_APPL_MAX = 0x1
                0x00000040                CY_METADATA_SIZE = 0x40
                0x00000000                CY_APPL_LOADABLE = 0x0
                0x00000000                CY_CHECKSUM_EXCLUDE_SIZE = ALIGN (0x0, CY_FLASH_ROW_SIZE)
                [!provide]                PROVIDE (__cy_heap_start, _end)
                0x00000001                PROVIDE (__cy_region_num, ((__cy_regions_end - __cy_regions) / 0x10))
                0x20008000                PROVIDE (__cy_stack, (ORIGIN (ram) + LENGTH (ram)))
                [!provide]                PROVIDE (__cy_heap_end, (__cy_stack - 0x800))

.cybootloader   0x00000000        0x0
 *(.cybootloader)
                0x00000000                appl1_start = CY_APPL_ORIGIN?CY_APPL_ORIGIN:ALIGN (CY_FLASH_ROW_SIZE)
                0x0001ff00                appl2_start = (appl1_start + ALIGN ((((LENGTH (rom) - appl1_start) - (0x2 * CY_FLASH_ROW_SIZE)) / 0x2), CY_FLASH_ROW_SIZE))
                0x00000000                appl_start = (CY_APPL_NUM == 0x1)?appl1_start:appl2_start
                0x00000000                ecc_offset = ((appl_start / CY_FLASH_ROW_SIZE) * CY_ECC_ROW_SIZE)
                0x00000000                ee_offset = (CY_APPL_LOADABLE && ! (CY_EE_IN_BTLDR))?((CY_EE_SIZE / CY_APPL_MAX) * (CY_APPL_NUM - 0x1)):0x0
                0x00000800                ee_size = (CY_APPL_LOADABLE && ! (CY_EE_IN_BTLDR))?(CY_EE_SIZE / CY_APPL_MAX):CY_EE_SIZE
                [!provide]                PROVIDE (CY_ECC_OFFSET, ecc_offset)

.text           0x00000000     0x5f1a
 CREATE_OBJECT_SYMBOLS
                0x00000000                PROVIDE (__cy_interrupt_vector, RomVectors)
 *(.romvectors)
 .romvectors    0x00000000       0x10 .\ARM_GCC_541\Debug\Cm3Start.o
                0x00000000                RomVectors
                0x00000001                ASSERT ((. != __cy_interrupt_vector), No interrupt vector)
                0x00000001                ASSERT (CY_APPL_ORIGIN?(SIZEOF (.cybootloader) <= CY_APPL_ORIGIN):0x1, Wrong image location)
                0x00000010                PROVIDE (__cy_reset, Reset)
 *(.text.Reset)
 .text.Reset    0x00000010       0x18 .\ARM_GCC_541\Debug\Cm3Start.o
                0x00000010                Reset
                0x00000001                ASSERT ((. != __cy_reset), No reset code)
 *(.dma_init)
 .dma_init      0x00000028      0x2d8 .\ARM_GCC_541\Debug\cyfitter_cfg.o
                0x00000001                ASSERT ((((appl_start + .) <= 0x10000) || 0x0), DMA Init must be within the first 64k of flash)
 *(.text .text.* .gnu.linkonce.t.*)
 .text          0x00000300       0x5c c:/program files (x86)/cypress/psoc creator/4.2/psoc creator/import/gnu/arm/5.4.1/bin/../lib/gcc/arm-none-eabi/5.4.1/armv7-m/crtbegin.o
 .text.PollingPos
                0x0000035c      0x1b0 .\ARM_GCC_541\Debug\main.o
                0x0000035c                PollingPos
 .text.main     0x0000050c      0x53c .\ARM_GCC_541\Debug\main.o
                0x0000050c                main
 .text.gen_crc16
                0x00000a48       0xfc .\ARM_GCC_541\Debug\PumpCom.o
                0x00000a48                gen_crc16
 .text.GetResponse
                0x00000b44     0x1b48 .\ARM_GCC_541\Debug\PumpCom.o
                0x00000b44                GetResponse
 .text.GetAddress
                0x0000268c       0xb0 .\ARM_GCC_541\Debug\PumpCom.o
                0x0000268c                GetAddress
 .text.Authorize
                0x0000273c       0xdc .\ARM_GCC_541\Debug\PumpCom.o
                0x0000273c                Authorize
 .text.PumpState
                0x00002818      0x184 .\ARM_GCC_541\Debug\PumpCom.o
                0x00002818                PumpState
 .text.PriceUpdate
                0x0000299c      0x118 .\ARM_GCC_541\Debug\PumpCom.o
                0x0000299c                PriceUpdate
 .text.TotalRequest
                0x00002ab4      0x10c .\ARM_GCC_541\Debug\PumpCom.o
                0x00002ab4                TotalRequest
 .text.PrintReceipt
                0x00002bc0      0xe3c .\ARM_GCC_541\Debug\printer.o
                0x00002bc0                PrintReceipt
 .text.PrintShift
                0x000039fc      0x7f0 .\ARM_GCC_541\Debug\printer.o
                0x000039fc                PrintShift
 .text.CYCONFIGCPY
                0x000041ec       0x20 .\ARM_GCC_541\Debug\cyfitter_cfg.o
 .text.CyClockStartupError
                0x0000420c        0xc .\ARM_GCC_541\Debug\cyfitter_cfg.o
 .text.cfg_dma_init
                0x00004218      0x174 .\ARM_GCC_541\Debug\cyfitter_cfg.o
 .text.ClockSetup
                0x0000438c      0x158 .\ARM_GCC_541\Debug\cyfitter_cfg.o
 .text.AnalogSetDefault
                0x000044e4       0x44 .\ARM_GCC_541\Debug\cyfitter_cfg.o
 .text.cyfitter_cfg
                0x00004528      0x100 .\ARM_GCC_541\Debug\cyfitter_cfg.o
                0x00004528                cyfitter_cfg
 .text.IntDefaultHandler
                0x00004628       0x14 .\ARM_GCC_541\Debug\Cm3Start.o
                0x00004628                IntDefaultHandler
 .text.Start_c  0x0000463c       0x98 .\ARM_GCC_541\Debug\Cm3Start.o
                0x0000463c                Start_c
 .text.initialize_psoc
                0x000046d4       0x90 .\ARM_GCC_541\Debug\Cm3Start.o
                0x000046d4                initialize_psoc
 .text.PWM_1_Start
                0x00004764       0x24 .\ARM_GCC_541\Debug\Mepsan.a(PWM_1.o)
                0x00004764                PWM_1_Start
 .text.PWM_1_Init
                0x00004788       0xbc .\ARM_GCC_541\Debug\Mepsan.a(PWM_1.o)
                0x00004788                PWM_1_Init
 .text.PWM_1_Enable
                0x00004844       0x48 .\ARM_GCC_541\Debug\Mepsan.a(PWM_1.o)
                0x00004844                PWM_1_Enable
 .text.PWM_1_WritePeriod
                0x0000488c       0x20 .\ARM_GCC_541\Debug\Mepsan.a(PWM_1.o)
                0x0000488c                PWM_1_WritePeriod
 .text.PWM_1_WriteCompare
                0x000048ac       0x20 .\ARM_GCC_541\Debug\Mepsan.a(PWM_1.o)
                0x000048ac                PWM_1_WriteCompare
 .text.PWM_1_SetInterruptMode
                0x000048cc       0x20 .\ARM_GCC_541\Debug\Mepsan.a(PWM_1.o)
                0x000048cc                PWM_1_SetInterruptMode
 .text.CyHalt   0x000048ec       0x18 .\ARM_GCC_541\Debug\Mepsan.a(CyLib.o)
                0x000048ec                CyHalt
 .text.CyDelay  0x00004904       0x44 .\ARM_GCC_541\Debug\Mepsan.a(CyLib.o)
                0x00004904                CyDelay
 .text.CyDelayUs
                0x00004948       0x28 .\ARM_GCC_541\Debug\Mepsan.a(CyLib.o)
                0x00004948                CyDelayUs
 .text.CyIntSetVector
                0x00004970       0x50 .\ARM_GCC_541\Debug\Mepsan.a(CyLib.o)
                0x00004970                CyIntSetVector
 .text.CyIntSetPriority
                0x000049c0       0x48 .\ARM_GCC_541\Debug\Mepsan.a(CyLib.o)
                0x000049c0                CyIntSetPriority
 .text.UART_1_Start
                0x00004a08       0x24 .\ARM_GCC_541\Debug\Mepsan.a(UART_1.o)
                0x00004a08                UART_1_Start
 .text.UART_1_Init
                0x00004a2c       0x58 .\ARM_GCC_541\Debug\Mepsan.a(UART_1.o)
                0x00004a2c                UART_1_Init
 .text.UART_1_Enable
                0x00004a84       0x68 .\ARM_GCC_541\Debug\Mepsan.a(UART_1.o)
                0x00004a84                UART_1_Enable
 .text.UART_1_ReadRxData
                0x00004aec       0x90 .\ARM_GCC_541\Debug\Mepsan.a(UART_1.o)
                0x00004aec                UART_1_ReadRxData
 .text.UART_1_GetRxBufferSize
                0x00004b7c       0x90 .\ARM_GCC_541\Debug\Mepsan.a(UART_1.o)
                0x00004b7c                UART_1_GetRxBufferSize
 .text.UART_1_ClearRxBuffer
                0x00004c0c       0x80 .\ARM_GCC_541\Debug\Mepsan.a(UART_1.o)
                0x00004c0c                UART_1_ClearRxBuffer
 .text.UART_1_PutChar
                0x00004c8c       0x34 .\ARM_GCC_541\Debug\Mepsan.a(UART_1.o)
                0x00004c8c                UART_1_PutChar
 .text.UART_1_RXISR
                0x00004cc0       0xdc .\ARM_GCC_541\Debug\Mepsan.a(UART_1_INT.o)
                0x00004cc0                UART_1_RXISR
 .text.UART_1_IntClock_Start
                0x00004d9c       0x34 .\ARM_GCC_541\Debug\Mepsan.a(UART_1_IntClock.o)
                0x00004d9c                UART_1_IntClock_Start
 .text.Timer_1_Init
                0x00004dd0       0xa0 .\ARM_GCC_541\Debug\Mepsan.a(Timer_1.o)
                0x00004dd0                Timer_1_Init
 .text.Timer_1_Enable
                0x00004e70       0x48 .\ARM_GCC_541\Debug\Mepsan.a(Timer_1.o)
                0x00004e70                Timer_1_Enable
 .text.Timer_1_Start
                0x00004eb8       0x24 .\ARM_GCC_541\Debug\Mepsan.a(Timer_1.o)
                0x00004eb8                Timer_1_Start
 .text.Timer_1_SetInterruptMode
                0x00004edc       0x20 .\ARM_GCC_541\Debug\Mepsan.a(Timer_1.o)
                0x00004edc                Timer_1_SetInterruptMode
 .text.Timer_1_WritePeriod
                0x00004efc       0x24 .\ARM_GCC_541\Debug\Mepsan.a(Timer_1.o)
                0x00004efc                Timer_1_WritePeriod
 .text.Timer_1_WriteCounter
                0x00004f20       0x20 .\ARM_GCC_541\Debug\Mepsan.a(Timer_1.o)
                0x00004f20                Timer_1_WriteCounter
 .text.UART_2_Start
                0x00004f40       0x24 .\ARM_GCC_541\Debug\Mepsan.a(UART_2.o)
                0x00004f40                UART_2_Start
 .text.UART_2_Init
                0x00004f64       0x58 .\ARM_GCC_541\Debug\Mepsan.a(UART_2.o)
                0x00004f64                UART_2_Init
 .text.UART_2_Enable
                0x00004fbc       0x64 .\ARM_GCC_541\Debug\Mepsan.a(UART_2.o)
                0x00004fbc                UART_2_Enable
 .text.UART_2_RXISR
                0x00005020       0xdc .\ARM_GCC_541\Debug\Mepsan.a(UART_2_INT.o)
                0x00005020                UART_2_RXISR
 .text.EnablePin_Write
                0x000050fc       0x38 .\ARM_GCC_541\Debug\Mepsan.a(EnablePin.o)
                0x000050fc                EnablePin_Write
 .text.UART_3_Start
                0x00005134       0x24 .\ARM_GCC_541\Debug\Mepsan.a(UART_3.o)
                0x00005134                UART_3_Start
 .text.UART_3_Init
                0x00005158       0x3c .\ARM_GCC_541\Debug\Mepsan.a(UART_3.o)
                0x00005158                UART_3_Init
 .text.UART_3_Enable
                0x00005194       0x4c .\ARM_GCC_541\Debug\Mepsan.a(UART_3.o)
                0x00005194                UART_3_Enable
 .text.UART_3_PutChar
                0x000051e0       0xb8 .\ARM_GCC_541\Debug\Mepsan.a(UART_3.o)
                0x000051e0                UART_3_PutChar
 .text.UART_3_TXISR
                0x00005298       0x70 .\ARM_GCC_541\Debug\Mepsan.a(UART_3_INT.o)
                0x00005298                UART_3_TXISR
 .text.UART_3_IntClock_Start
                0x00005308       0x34 .\ARM_GCC_541\Debug\Mepsan.a(UART_3_IntClock.o)
                0x00005308                UART_3_IntClock_Start
 .text.screen_Start
                0x0000533c       0x24 .\ARM_GCC_541\Debug\Mepsan.a(screen.o)
                0x0000533c                screen_Start
 .text.screen_Init
                0x00005360       0x6c .\ARM_GCC_541\Debug\Mepsan.a(screen.o)
                0x00005360                screen_Init
 .text.screen_Enable
                0x000053cc       0x78 .\ARM_GCC_541\Debug\Mepsan.a(screen.o)
                0x000053cc                screen_Enable
 .text.screen_ReadRxData
                0x00005444       0x90 .\ARM_GCC_541\Debug\Mepsan.a(screen.o)
                0x00005444                screen_ReadRxData
 .text.screen_GetRxBufferSize
                0x000054d4       0x90 .\ARM_GCC_541\Debug\Mepsan.a(screen.o)
                0x000054d4                screen_GetRxBufferSize
 .text.screen_PutChar
                0x00005564       0xb8 .\ARM_GCC_541\Debug\Mepsan.a(screen.o)
                0x00005564                screen_PutChar
 .text.screen_RXISR
                0x0000561c       0xd8 .\ARM_GCC_541\Debug\Mepsan.a(screen_INT.o)
                0x0000561c                screen_RXISR
 .text.screen_TXISR
                0x000056f4       0x70 .\ARM_GCC_541\Debug\Mepsan.a(screen_INT.o)
                0x000056f4                screen_TXISR
 .text.screen_IntClock_Start
                0x00005764       0x34 .\ARM_GCC_541\Debug\Mepsan.a(screen_IntClock.o)
                0x00005764                screen_IntClock_Start
 .text.EEPROM_1_Enable
                0x00005798       0x10 .\ARM_GCC_541\Debug\Mepsan.a(EEPROM_1.o)
                0x00005798                EEPROM_1_Enable
 .text.EEPROM_1_Start
                0x000057a8        0xc .\ARM_GCC_541\Debug\Mepsan.a(EEPROM_1.o)
                0x000057a8                EEPROM_1_Start
 .text.EEPROM_1_WriteByte
                0x000057b4      0x114 .\ARM_GCC_541\Debug\Mepsan.a(EEPROM_1.o)
                0x000057b4                EEPROM_1_WriteByte
 .text.EEPROM_1_ReadByte
                0x000058c8       0x3c .\ARM_GCC_541\Debug\Mepsan.a(EEPROM_1.o)
                0x000058c8                EEPROM_1_ReadByte
 *fill*         0x00005904        0x4 
 .text          0x00005908       0x54 .\ARM_GCC_541\Debug\Mepsan.a(CyBootAsmGnu.o)
                0x00005908                CyDelayCycles
                0x00005946                CyEnterCriticalSection
                0x0000594e                CyExitCriticalSection
 .text.CySetTempInt
                0x0000595c       0x7c .\ARM_GCC_541\Debug\Mepsan.a(CyFlash.o)
 .text.CyFlashGetSpcAlgorithm
                0x000059d8       0x70 .\ARM_GCC_541\Debug\Mepsan.a(CyFlash.o)
                0x000059d8                CyFlashGetSpcAlgorithm
 .text.CySetTemp
                0x00005a48       0x24 .\ARM_GCC_541\Debug\Mepsan.a(CyFlash.o)
                0x00005a48                CySetTemp
 .text.CyEEPROM_Start
                0x00005a6c       0x8c .\ARM_GCC_541\Debug\Mepsan.a(CyFlash.o)
                0x00005a6c                CyEEPROM_Start
 .text.CyEEPROM_ReadReserve
                0x00005af8       0x30 .\ARM_GCC_541\Debug\Mepsan.a(CyFlash.o)
                0x00005af8                CyEEPROM_ReadReserve
 .text.CyEEPROM_ReadRelease
                0x00005b28       0x20 .\ARM_GCC_541\Debug\Mepsan.a(CyFlash.o)
                0x00005b28                CyEEPROM_ReadRelease
 .text.CySpcStart
                0x00005b48       0x48 .\ARM_GCC_541\Debug\Mepsan.a(CySpc.o)
                0x00005b48                CySpcStart
 .text.CySpcReadData
                0x00005b90       0x54 .\ARM_GCC_541\Debug\Mepsan.a(CySpc.o)
                0x00005b90                CySpcReadData
 .text.CySpcLoadMultiByte
                0x00005be4       0xd0 .\ARM_GCC_541\Debug\Mepsan.a(CySpc.o)
                0x00005be4                CySpcLoadMultiByte
 .text.CySpcWriteRow
                0x00005cb4       0x98 .\ARM_GCC_541\Debug\Mepsan.a(CySpc.o)
                0x00005cb4                CySpcWriteRow
 .text.CySpcGetTemp
                0x00005d4c       0x64 .\ARM_GCC_541\Debug\Mepsan.a(CySpc.o)
                0x00005d4c                CySpcGetTemp
 .text.CySpcLock
                0x00005db0       0x68 .\ARM_GCC_541\Debug\Mepsan.a(CySpc.o)
                0x00005db0                CySpcLock
 .text.CySpcUnlock
                0x00005e18       0x50 .\ARM_GCC_541\Debug\Mepsan.a(CySpc.o)
                0x00005e18                CySpcUnlock
 .text.CySpcGetAlgorithm
                0x00005e68       0x44 .\ARM_GCC_541\Debug\Mepsan.a(CySpc.o)
                0x00005e68                CySpcGetAlgorithm
 .text.__errno  0x00005eac        0xc c:/program files (x86)/cypress/psoc creator/4.2/psoc creator/import/gnu/arm/5.4.1/bin/../lib/gcc/arm-none-eabi/5.4.1/../../../../arm-none-eabi/lib/armv7-m\libg_nano.a(lib_a-errno.o)
                0x00005eac                __errno
 .text.__libc_init_array
                0x00005eb8       0x4c c:/program files (x86)/cypress/psoc creator/4.2/psoc creator/import/gnu/arm/5.4.1/bin/../lib/gcc/arm-none-eabi/5.4.1/../../../../arm-none-eabi/lib/armv7-m\libg_nano.a(lib_a-init.o)
                0x00005eb8                __libc_init_array
 .text.memcpy   0x00005f04       0x16 c:/program files (x86)/cypress/psoc creator/4.2/psoc creator/import/gnu/arm/5.4.1/bin/../lib/gcc/arm-none-eabi/5.4.1/../../../../arm-none-eabi/lib/armv7-m\libg_nano.a(lib_a-memcpy-stub.o)
                0x00005f04                memcpy
 *(.plt)
 *(.gnu.warning)
 *(.glue_7t)
 .glue_7t       0x00005f1a        0x0 linker stubs
 *(.glue_7)
 .glue_7        0x00005f1a        0x0 linker stubs
 *(.vfp11_veneer)
 .vfp11_veneer  0x00005f1a        0x0 linker stubs
 *(.bootloader)
 *(.ARM.extab* .gnu.linkonce.armextab.*)
 *(.gcc_except_table)

.v4_bx          0x00005f1c        0x0
 .v4_bx         0x00005f1c        0x0 linker stubs

.iplt           0x00005f1c        0x0
 .iplt          0x00005f1c        0x0 c:/program files (x86)/cypress/psoc creator/4.2/psoc creator/import/gnu/arm/5.4.1/bin/../lib/gcc/arm-none-eabi/5.4.1/armv7-m/crtbegin.o

.eh_frame_hdr
 *(.eh_frame_hdr)

.eh_frame       0x00005f1c        0x4
 *(.eh_frame)
 .eh_frame      0x00005f1c        0x0 c:/program files (x86)/cypress/psoc creator/4.2/psoc creator/import/gnu/arm/5.4.1/bin/../lib/gcc/arm-none-eabi/5.4.1/armv7-m/crtbegin.o
 .eh_frame      0x00005f1c        0x4 c:/program files (x86)/cypress/psoc creator/4.2/psoc creator/import/gnu/arm/5.4.1/bin/../lib/gcc/arm-none-eabi/5.4.1/armv7-m/crtend.o
                [!provide]                PROVIDE (__exidx_start, .)

.ARM.exidx
 *(.ARM.exidx* .gnu.linkonce.armexidx.*)
                0x00005f20                __exidx_end = .

.rodata         0x00005f20      0x190
 *(.rodata .rodata.* .gnu.linkonce.r.*)
 .rodata        0x00005f20      0x158 .\ARM_GCC_541\Debug\cyfitter_cfg.o
 .rodata.str1.1
                0x00006078        0x2 c:/program files (x86)/cypress/psoc creator/4.2/psoc creator/import/gnu/arm/5.4.1/bin/../lib/gcc/arm-none-eabi/5.4.1/../../../../arm-none-eabi/lib/armv7-m\libg_nano.a(lib_a-impure.o)
                0x0000607c                . = ALIGN (0x4)
 *fill*         0x0000607a        0x2 
 *(.init)
 .init          0x0000607c        0x4 c:/program files (x86)/cypress/psoc creator/4.2/psoc creator/import/gnu/arm/5.4.1/bin/../lib/gcc/arm-none-eabi/5.4.1/armv7-m/crti.o
                0x0000607c                _init
 .init          0x00006080        0x8 c:/program files (x86)/cypress/psoc creator/4.2/psoc creator/import/gnu/arm/5.4.1/bin/../lib/gcc/arm-none-eabi/5.4.1/armv7-m/crtn.o
                0x00006088                . = ALIGN (0x4)
                0x00006088                __preinit_array_start = .
 *(.preinit_array)
                0x00006088                __preinit_array_end = .
                0x00006088                . = ALIGN (0x4)
                0x00006088                __init_array_start = .
 *(SORT(.init_array.*))
 *(.init_array)
 .init_array    0x00006088        0x4 c:/program files (x86)/cypress/psoc creator/4.2/psoc creator/import/gnu/arm/5.4.1/bin/../lib/gcc/arm-none-eabi/5.4.1/armv7-m/crtbegin.o
 .init_array    0x0000608c        0x4 .\ARM_GCC_541\Debug\Cm3Start.o
                0x00006090                __init_array_end = .
                0x00006090                . = ALIGN (0x4)
 *(.fini)
 .fini          0x00006090        0x4 c:/program files (x86)/cypress/psoc creator/4.2/psoc creator/import/gnu/arm/5.4.1/bin/../lib/gcc/arm-none-eabi/5.4.1/armv7-m/crti.o
                0x00006090                _fini
 .fini          0x00006094        0x8 c:/program files (x86)/cypress/psoc creator/4.2/psoc creator/import/gnu/arm/5.4.1/bin/../lib/gcc/arm-none-eabi/5.4.1/armv7-m/crtn.o
                0x0000609c                . = ALIGN (0x4)
                0x0000609c                __fini_array_start = .
 *(.fini_array)
 .fini_array    0x0000609c        0x4 c:/program files (x86)/cypress/psoc creator/4.2/psoc creator/import/gnu/arm/5.4.1/bin/../lib/gcc/arm-none-eabi/5.4.1/armv7-m/crtbegin.o
 *(SORT(.fini_array.*))
                0x000060a0                __fini_array_end = .
                0x000060a0                . = ALIGN (0x4)
 *crtbegin.o(.ctors)
 *(EXCLUDE_FILE(*crtend.o) .ctors)
 *(SORT(.ctors.*))
 *crtend.o(.ctors)
                0x000060a0                . = ALIGN (0x4)
 *crtbegin.o(.dtors)
 *(EXCLUDE_FILE(*crtend.o) .dtors)
 *(SORT(.dtors.*))
 *crtend.o(.dtors)
                0x000060a0                . = ALIGN (0x4)
                0x000060a0                __cy_regions = .
                0x000060a0        0x4 LONG 0x60b0 __cy_region_init_ram
                0x000060a4        0x4 LONG 0x1fff80c8 __cy_region_start_data
                0x000060a8        0x4 LONG 0x350 __cy_region_init_size_ram
                0x000060ac        0x4 LONG 0x6b0 __cy_region_zero_size_ram
                0x000060b0                __cy_regions_end = .
                0x000060b0                . = ALIGN (0x8)
                0x000060b0                _etext = .

.cy_checksum_exclude
                0x000060b0        0x0
 *(.cy_checksum_exclude)

.ramvectors     0x1fff8000       0xc0
                0x1fff8000                __cy_region_start_ram = .
 *(.ramvectors)
 .ramvectors    0x1fff8000       0xc0 .\ARM_GCC_541\Debug\Cm3Start.o
                0x1fff8000                CyRamVectors

.noinit         0x1fff80c0        0x5
 *(.noinit)
 .noinit        0x1fff80c0        0x4 .\ARM_GCC_541\Debug\Cm3Start.o
 .noinit        0x1fff80c4        0x1 .\ARM_GCC_541\Debug\Mepsan.a(CyLib.o)
                0x1fff80c4                CyResetStatus

.data           0x1fff80c8      0x350 load address 0x000060b0
                0x1fff80c8                __cy_region_start_data = .
 *(.jcr)
 .jcr           0x1fff80c8        0x0 c:/program files (x86)/cypress/psoc creator/4.2/psoc creator/import/gnu/arm/5.4.1/bin/../lib/gcc/arm-none-eabi/5.4.1/armv7-m/crtbegin.o
 .jcr           0x1fff80c8        0x4 c:/program files (x86)/cypress/psoc creator/4.2/psoc creator/import/gnu/arm/5.4.1/bin/../lib/gcc/arm-none-eabi/5.4.1/armv7-m/crtend.o
 *(.got.plt)
 *(.got)
 *(.shdata)
 *(.data .data.* .gnu.linkonce.d.*)
 .data          0x1fff80cc      0x2d6 .\ARM_GCC_541\Debug\printer.o
                0x1fff80cc                LINE_FEED
                0x1fff80d0                VolSimbol
                0x1fff80d4                msn_EDS
                0x1fff80ec                msn_EDS2
                0x1fff8104                msn_EDS3
                0x1fff811c                msn_EDS4
                0x1fff8134                msn_plate
                0x1fff813c                msn_footer
                0x1fff8154                msn_footer2
                0x1fff816c                msn_diesel
                0x1fff8174                msn_gasoline
                0x1fff8180                msn_fecha
                0x1fff8190                msn_hora
                0x1fff81a0                msn_placa
                0x1fff81b0                PRN_MILLEAGE
                0x1fff81c0                PRN_TRANSTYPE
                0x1fff81d0                msn_pos
                0x1fff81e0                msn_product
                0x1fff81f0                msn_ppu
                0x1fff8200                msn_vol
                0x1fff8210                msn_voltot
                0x1fff8220                msn_din
                0x1fff8230                msn_cierre
                0x1fff8240                msn_numero
                0x1fff8250                PRN_BALANCE
                0x1fff8260                PRN_COMPANY
                0x1fff8270                PRN_ACCOUNT
                0x1fff8280                PRN_SERIAL
                0x1fff8290                PRN_ACCOUNTTYPE
                0x1fff82a0                PRN_VISITSDAY
                0x1fff82b0                PRN_VISITSWEEK
                0x1fff82c0                PRN_VISITSMONTH
                0x1fff82d0                PRN_VOLUMEDAY
                0x1fff82e0                PRN_VOLUMEWEEK
                0x1fff82f0                PRN_VOLUMEMONTH
                0x1fff8300                PRN_MONEYDAY
                0x1fff8310                PRN_MONEYWEEK
                0x1fff8320                PRN_MONEYMONTH
                0x1fff8330                PRN_PRESET
                0x1fff8340                PRN_SIGNATURE
                0x1fff8350                PRN_ID
                0x1fff8360                PRN_CURRENCY
                0x1fff8364                msn_lecact
                0x1fff8374                msn_lecaan
                0x1fff8384                SEPARATOR
                0x1fff839c                ASK_TIME
 *fill*         0x1fff83a2        0x2 
 .data          0x1fff83a4       0x10 .\ARM_GCC_541\Debug\Mepsan.a(CyLib.o)
                0x1fff83a4                cydelay_freq_hz
                0x1fff83a8                cydelay_freq_khz
                0x1fff83ac                cydelay_freq_mhz
                0x1fff83b0                cydelay_32k_ms
 .data.impure_data
                0x1fff83b4       0x60 c:/program files (x86)/cypress/psoc creator/4.2/psoc creator/import/gnu/arm/5.4.1/bin/../lib/gcc/arm-none-eabi/5.4.1/../../../../arm-none-eabi/lib/armv7-m\libg_nano.a(lib_a-impure.o)
 .data._impure_ptr
                0x1fff8414        0x4 c:/program files (x86)/cypress/psoc creator/4.2/psoc creator/import/gnu/arm/5.4.1/bin/../lib/gcc/arm-none-eabi/5.4.1/../../../../arm-none-eabi/lib/armv7-m\libg_nano.a(lib_a-impure.o)
                0x1fff8414                _impure_ptr
                0x1fff8418                . = ALIGN (0x8)
 *(.ram)
                0x1fff8418                _edata = .

.igot.plt       0x1fff8418        0x0 load address 0x00006400
 .igot.plt      0x1fff8418        0x0 c:/program files (x86)/cypress/psoc creator/4.2/psoc creator/import/gnu/arm/5.4.1/bin/../lib/gcc/arm-none-eabi/5.4.1/armv7-m/crtbegin.o

.bss            0x1fff8418      0x6b0 load address 0x00006400
                0x1fff8418                PROVIDE (__bss_start__, .)
 *(.shbss)
 *(.bss .bss.* .gnu.linkonce.b.*)
 .bss           0x1fff8418       0x1c c:/program files (x86)/cypress/psoc creator/4.2/psoc creator/import/gnu/arm/5.4.1/bin/../lib/gcc/arm-none-eabi/5.4.1/armv7-m/crtbegin.o
 *fill*         0x1fff8434        0x4 
 .bss           0x1fff8438        0x4 .\ARM_GCC_541\Debug\cyfitter_cfg.o
 .bss           0x1fff843c        0x1 .\ARM_GCC_541\Debug\Mepsan.a(PWM_1.o)
                0x1fff843c                PWM_1_initVar
 .bss           0x1fff843d        0x7 .\ARM_GCC_541\Debug\Mepsan.a(UART_1.o)
                0x1fff843d                UART_1_initVar
                0x1fff843e                UART_1_errorStatus
                0x1fff843f                UART_1_rxBufferRead
                0x1fff8440                UART_1_rxBufferWrite
                0x1fff8441                UART_1_rxBufferLoopDetect
                0x1fff8442                UART_1_rxBufferOverflow
 .bss           0x1fff8444        0x1 .\ARM_GCC_541\Debug\Mepsan.a(Timer_1.o)
                0x1fff8444                Timer_1_initVar
 .bss           0x1fff8445        0x7 .\ARM_GCC_541\Debug\Mepsan.a(UART_2.o)
                0x1fff8445                UART_2_initVar
                0x1fff8446                UART_2_errorStatus
                0x1fff8447                UART_2_rxBufferRead
                0x1fff8448                UART_2_rxBufferWrite
                0x1fff8449                UART_2_rxBufferLoopDetect
                0x1fff844a                UART_2_rxBufferOverflow
 .bss           0x1fff844c        0x4 .\ARM_GCC_541\Debug\Mepsan.a(UART_3.o)
                0x1fff844c                UART_3_initVar
                0x1fff844d                UART_3_txBufferRead
                0x1fff844e                UART_3_txBufferWrite
 .bss           0x1fff8450        0x9 .\ARM_GCC_541\Debug\Mepsan.a(screen.o)
                0x1fff8450                screen_initVar
                0x1fff8451                screen_txBufferRead
                0x1fff8452                screen_txBufferWrite
                0x1fff8453                screen_errorStatus
                0x1fff8454                screen_rxBufferRead
                0x1fff8455                screen_rxBufferWrite
                0x1fff8456                screen_rxBufferLoopDetect
                0x1fff8457                screen_rxBufferOverflow
 *fill*         0x1fff8459        0x3 
 .bss           0x1fff845c        0x8 .\ARM_GCC_541\Debug\Mepsan.a(CySpc.o)
                0x1fff845c                SpcLockState
 *(COMMON)
 COMMON         0x1fff8464      0x536 .\ARM_GCC_541\Debug\main.o
                0x1fff8464                sale_number
                0x1fff846c                side
                0x1fff88f8                crc_hi
                0x1fff88fc                PumpAddress
                0x1fff890c                MepsanResponse
                0x1fff893e                DecVol
                0x1fff893f                dirGbr
                0x1fff8940                MepsanSendTo
                0x1fff8974                shift_number
                0x1fff897a                int_shiftnumber
                0x1fff897b                TotalRequestType
                0x1fff897c                Receipt
                0x1fff897d                Positions
                0x1fff897e                int_salenumber
                0x1fff8980                CRC
                0x1fff8982                crc_lo
                0x1fff8983                CurrentState
                0x1fff8984                touch1
                0x1fff8998                PollCounter
 *fill*         0x1fff899a        0x2 
 COMMON         0x1fff899c       0x80 .\ARM_GCC_541\Debug\Mepsan.a(UART_1.o)
                0x1fff899c                UART_1_rxBuffer
 COMMON         0x1fff8a1c       0x80 .\ARM_GCC_541\Debug\Mepsan.a(UART_2.o)
                0x1fff8a1c                UART_2_rxBuffer
 COMMON         0x1fff8a9c        0x5 .\ARM_GCC_541\Debug\Mepsan.a(UART_3.o)
                0x1fff8a9c                UART_3_txBuffer
 *fill*         0x1fff8aa1        0x3 
 COMMON         0x1fff8aa4       0x1c .\ARM_GCC_541\Debug\Mepsan.a(screen.o)
                0x1fff8aa4                screen_txBuffer
                0x1fff8aac                screen_rxBuffer
 COMMON         0x1fff8ac0        0x2 .\ARM_GCC_541\Debug\Mepsan.a(CyFlash.o)
                0x1fff8ac0                dieTemperature
                0x1fff8ac8                . = ALIGN (0x8)
 *fill*         0x1fff8ac2        0x6 
 *(.ram.b)
                0x1fff8ac8                _end = .
                0x1fff8ac8                __end = .
                0x1fff8ac8                PROVIDE (end, .)
                0x1fff8ac8                PROVIDE (__bss_end__, .)
                0x000060b0                __cy_region_init_ram = LOADADDR (.data)
                0x00000350                __cy_region_init_size_ram = (_edata - ADDR (.data))
                0x000006b0                __cy_region_zero_size_ram = (_end - _edata)

.heap           0x1fff8ac8       0x80 load address 0x00006400
                0x1fff8ac8                . = _end
                0x1fff8b48                . = (. + 0x80)
 *fill*         0x1fff8ac8       0x80 
                0x1fff8b48                __cy_heap_limit = .

.stack          0x20007800      0x800
                0x20007800                __cy_stack_limit = .
                0x20008000                . = (. + 0x800)
 *fill*         0x20007800      0x800 
                0x00000001                ASSERT ((__cy_stack_limit >= __cy_heap_limit), region RAM overflowed with stack)
                0x00000000                cy_checksum_exclude_size = (CY_APPL_LOADABLE == 0x1)?SIZEOF (.cy_checksum_exclude):0x0
                0x00000001                ASSERT ((cy_checksum_exclude_size <= CY_CHECKSUM_EXCLUDE_SIZE), CY_BOOT: Section .cy_checksum_exclude size exceedes specified limit.)

.cyloadermeta
 *(.cyloadermeta)

.cyloadablemeta
 *(.cyloadablemeta)

.cyconfigecc    0x80000000     0x1c5c
 *(.cyconfigecc)
 .cyconfigecc   0x80000000     0x1c5c .\ARM_GCC_541\Debug\cymetadata.o
                0x80000000                cy_meta_configecc

.cycustnvl      0x90000000        0x4
 *(.cycustnvl)
 .cycustnvl     0x90000000        0x4 .\ARM_GCC_541\Debug\cymetadata.o
                0x90000000                cy_meta_custnvl

.cywolatch      0x90100000        0x4
 *(.cywolatch)
 .cywolatch     0x90100000        0x4 .\ARM_GCC_541\Debug\cymetadata.o
                0x90100000                cy_meta_wonvl

.cyeeprom       0x90200000        0x0
 *(.cyeeprom)
                0x00000001                ASSERT ((. <= ((0x90200000 + ee_offset) + ee_size)), .cyeeprom data will not fit in EEPROM)

.cyflashprotect
                0x90400000      0x100
 *(.cyflashprotect)
 .cyflashprotect
                0x90400000      0x100 .\ARM_GCC_541\Debug\cymetadata.o
                0x90400000                cy_meta_flashprotect

.cymeta         0x90500000        0xc
 *(.cymeta)
 .cymeta        0x90500000        0xc .\ARM_GCC_541\Debug\cymetadata.o
                0x90500000                cy_metadata

.rel.dyn        0x00006400        0x0 load address 0x9050000c
 .rel.iplt      0x00006400        0x0 c:/program files (x86)/cypress/psoc creator/4.2/psoc creator/import/gnu/arm/5.4.1/bin/../lib/gcc/arm-none-eabi/5.4.1/armv7-m/crtbegin.o

.stab
 *(.stab)

.stabstr
 *(.stabstr)

.debug
 *(.debug)

.line
 *(.line)

.debug_srcinfo
 *(.debug_srcinfo)

.debug_sfnames
 *(.debug_sfnames)

.debug_aranges  0x00000000      0xd00
 *(.debug_aranges)
 .debug_aranges
                0x00000000       0x30 .\ARM_GCC_541\Debug\main.o
 .debug_aranges
                0x00000030       0x68 .\ARM_GCC_541\Debug\PumpCom.o
 .debug_aranges
                0x00000098       0x28 .\ARM_GCC_541\Debug\Gbr.o
 .debug_aranges
                0x000000c0       0x28 .\ARM_GCC_541\Debug\printer.o
 .debug_aranges
                0x000000e8       0x60 .\ARM_GCC_541\Debug\cyfitter_cfg.o
 .debug_aranges
                0x00000148       0x18 .\ARM_GCC_541\Debug\cymetadata.o
 .debug_aranges
                0x00000160       0x48 .\ARM_GCC_541\Debug\Cm3Start.o
 .debug_aranges
                0x000001a8       0x78 .\ARM_GCC_541\Debug\Mepsan.a(PWM_1.o)
 .debug_aranges
                0x00000220      0x2a0 .\ARM_GCC_541\Debug\Mepsan.a(CyLib.o)
 .debug_aranges
                0x000004c0       0x98 .\ARM_GCC_541\Debug\Mepsan.a(cyPm.o)
 .debug_aranges
                0x00000558       0xf0 .\ARM_GCC_541\Debug\Mepsan.a(UART_1.o)
 .debug_aranges
                0x00000648       0x20 .\ARM_GCC_541\Debug\Mepsan.a(UART_1_INT.o)
 .debug_aranges
                0x00000668       0x70 .\ARM_GCC_541\Debug\Mepsan.a(UART_1_IntClock.o)
 .debug_aranges
                0x000006d8       0x88 .\ARM_GCC_541\Debug\Mepsan.a(Timer_1.o)
 .debug_aranges
                0x00000760       0xf0 .\ARM_GCC_541\Debug\Mepsan.a(UART_2.o)
 .debug_aranges
                0x00000850       0x20 .\ARM_GCC_541\Debug\Mepsan.a(UART_2_INT.o)
 .debug_aranges
                0x00000870       0x38 .\ARM_GCC_541\Debug\Mepsan.a(EnablePin.o)
 .debug_aranges
                0x000008a8       0xa0 .\ARM_GCC_541\Debug\Mepsan.a(UART_3.o)
 .debug_aranges
                0x00000948       0x20 .\ARM_GCC_541\Debug\Mepsan.a(UART_3_INT.o)
 .debug_aranges
                0x00000968       0x70 .\ARM_GCC_541\Debug\Mepsan.a(UART_3_IntClock.o)
 .debug_aranges
                0x000009d8       0xf0 .\ARM_GCC_541\Debug\Mepsan.a(screen.o)
 .debug_aranges
                0x00000ac8       0x28 .\ARM_GCC_541\Debug\Mepsan.a(screen_INT.o)
 .debug_aranges
                0x00000af0       0x70 .\ARM_GCC_541\Debug\Mepsan.a(screen_IntClock.o)
 .debug_aranges
                0x00000b60       0x78 .\ARM_GCC_541\Debug\Mepsan.a(EEPROM_1.o)
 .debug_aranges
                0x00000bd8       0x20 .\ARM_GCC_541\Debug\Mepsan.a(CyBootAsmGnu.o)
 .debug_aranges
                0x00000bf8       0x88 .\ARM_GCC_541\Debug\Mepsan.a(CyFlash.o)
 .debug_aranges
                0x00000c80       0x80 .\ARM_GCC_541\Debug\Mepsan.a(CySpc.o)

.debug_pubnames
 *(.debug_pubnames)

.debug_info     0x00000000     0x7444
 *(.debug_info .gnu.linkonce.wi.*)
 .debug_info    0x00000000      0x4e3 .\ARM_GCC_541\Debug\main.o
 .debug_info    0x000004e3      0xa2f .\ARM_GCC_541\Debug\PumpCom.o
 .debug_info    0x00000f12      0x46a .\ARM_GCC_541\Debug\Gbr.o
 .debug_info    0x0000137c     0x106e .\ARM_GCC_541\Debug\printer.o
 .debug_info    0x000023ea      0x3ce .\ARM_GCC_541\Debug\cyfitter_cfg.o
 .debug_info    0x000027b8      0x139 .\ARM_GCC_541\Debug\cymetadata.o
 .debug_info    0x000028f1      0x32b .\ARM_GCC_541\Debug\Cm3Start.o
 .debug_info    0x00002c1c      0x235 .\ARM_GCC_541\Debug\Mepsan.a(PWM_1.o)
 .debug_info    0x00002e51      0xe51 .\ARM_GCC_541\Debug\Mepsan.a(CyLib.o)
 .debug_info    0x00003ca2      0x57a .\ARM_GCC_541\Debug\Mepsan.a(cyPm.o)
 .debug_info    0x0000421c      0x5f2 .\ARM_GCC_541\Debug\Mepsan.a(UART_1.o)
 .debug_info    0x0000480e      0x149 .\ARM_GCC_541\Debug\Mepsan.a(UART_1_INT.o)
 .debug_info    0x00004957      0x25d .\ARM_GCC_541\Debug\Mepsan.a(UART_1_IntClock.o)
 .debug_info    0x00004bb4      0x245 .\ARM_GCC_541\Debug\Mepsan.a(Timer_1.o)
 .debug_info    0x00004df9      0x5f2 .\ARM_GCC_541\Debug\Mepsan.a(UART_2.o)
 .debug_info    0x000053eb      0x149 .\ARM_GCC_541\Debug\Mepsan.a(UART_2_INT.o)
 .debug_info    0x00005534      0x11e .\ARM_GCC_541\Debug\Mepsan.a(EnablePin.o)
 .debug_info    0x00005652      0x402 .\ARM_GCC_541\Debug\Mepsan.a(UART_3.o)
 .debug_info    0x00005a54       0xf6 .\ARM_GCC_541\Debug\Mepsan.a(UART_3_INT.o)
 .debug_info    0x00005b4a      0x25d .\ARM_GCC_541\Debug\Mepsan.a(UART_3_IntClock.o)
 .debug_info    0x00005da7      0x658 .\ARM_GCC_541\Debug\Mepsan.a(screen.o)
 .debug_info    0x000063ff      0x193 .\ARM_GCC_541\Debug\Mepsan.a(screen_INT.o)
 .debug_info    0x00006592      0x25d .\ARM_GCC_541\Debug\Mepsan.a(screen_IntClock.o)
 .debug_info    0x000067ef      0x359 .\ARM_GCC_541\Debug\Mepsan.a(EEPROM_1.o)
 .debug_info    0x00006b48       0x83 .\ARM_GCC_541\Debug\Mepsan.a(CyBootAsmGnu.o)
 .debug_info    0x00006bcb      0x3b9 .\ARM_GCC_541\Debug\Mepsan.a(CyFlash.o)
 .debug_info    0x00006f84      0x4c0 .\ARM_GCC_541\Debug\Mepsan.a(CySpc.o)

.debug_abbrev   0x00000000     0x1ec3
 *(.debug_abbrev)
 .debug_abbrev  0x00000000      0x159 .\ARM_GCC_541\Debug\main.o
 .debug_abbrev  0x00000159      0x22b .\ARM_GCC_541\Debug\PumpCom.o
 .debug_abbrev  0x00000384      0x132 .\ARM_GCC_541\Debug\Gbr.o
 .debug_abbrev  0x000004b6      0x16e .\ARM_GCC_541\Debug\printer.o
 .debug_abbrev  0x00000624      0x183 .\ARM_GCC_541\Debug\cyfitter_cfg.o
 .debug_abbrev  0x000007a7       0x77 .\ARM_GCC_541\Debug\cymetadata.o
 .debug_abbrev  0x0000081e      0x1d6 .\ARM_GCC_541\Debug\Cm3Start.o
 .debug_abbrev  0x000009f4      0x116 .\ARM_GCC_541\Debug\Mepsan.a(PWM_1.o)
 .debug_abbrev  0x00000b0a      0x217 .\ARM_GCC_541\Debug\Mepsan.a(CyLib.o)
 .debug_abbrev  0x00000d21      0x161 .\ARM_GCC_541\Debug\Mepsan.a(cyPm.o)
 .debug_abbrev  0x00000e82      0x15f .\ARM_GCC_541\Debug\Mepsan.a(UART_1.o)
 .debug_abbrev  0x00000fe1       0x8a .\ARM_GCC_541\Debug\Mepsan.a(UART_1_INT.o)
 .debug_abbrev  0x0000106b      0x11d .\ARM_GCC_541\Debug\Mepsan.a(UART_1_IntClock.o)
 .debug_abbrev  0x00001188       0xe9 .\ARM_GCC_541\Debug\Mepsan.a(Timer_1.o)
 .debug_abbrev  0x00001271      0x15f .\ARM_GCC_541\Debug\Mepsan.a(UART_2.o)
 .debug_abbrev  0x000013d0       0x8a .\ARM_GCC_541\Debug\Mepsan.a(UART_2_INT.o)
 .debug_abbrev  0x0000145a       0x90 .\ARM_GCC_541\Debug\Mepsan.a(EnablePin.o)
 .debug_abbrev  0x000014ea      0x143 .\ARM_GCC_541\Debug\Mepsan.a(UART_3.o)
 .debug_abbrev  0x0000162d       0x79 .\ARM_GCC_541\Debug\Mepsan.a(UART_3_INT.o)
 .debug_abbrev  0x000016a6      0x11d .\ARM_GCC_541\Debug\Mepsan.a(UART_3_IntClock.o)
 .debug_abbrev  0x000017c3      0x15f .\ARM_GCC_541\Debug\Mepsan.a(screen.o)
 .debug_abbrev  0x00001922       0xa2 .\ARM_GCC_541\Debug\Mepsan.a(screen_INT.o)
 .debug_abbrev  0x000019c4      0x11d .\ARM_GCC_541\Debug\Mepsan.a(screen_IntClock.o)
 .debug_abbrev  0x00001ae1      0x117 .\ARM_GCC_541\Debug\Mepsan.a(EEPROM_1.o)
 .debug_abbrev  0x00001bf8       0x14 .\ARM_GCC_541\Debug\Mepsan.a(CyBootAsmGnu.o)
 .debug_abbrev  0x00001c0c      0x14b .\ARM_GCC_541\Debug\Mepsan.a(CyFlash.o)
 .debug_abbrev  0x00001d57      0x16c .\ARM_GCC_541\Debug\Mepsan.a(CySpc.o)

.debug_line     0x00000000     0x4102
 *(.debug_line)
 .debug_line    0x00000000      0x2fa .\ARM_GCC_541\Debug\main.o
 .debug_line    0x000002fa      0x5fe .\ARM_GCC_541\Debug\PumpCom.o
 .debug_line    0x000008f8      0x18d .\ARM_GCC_541\Debug\Gbr.o
 .debug_line    0x00000a85      0x80b .\ARM_GCC_541\Debug\printer.o
 .debug_line    0x00001290      0x220 .\ARM_GCC_541\Debug\cyfitter_cfg.o
 .debug_line    0x000014b0      0x141 .\ARM_GCC_541\Debug\cymetadata.o
 .debug_line    0x000015f1      0x1dc .\ARM_GCC_541\Debug\Cm3Start.o
 .debug_line    0x000017cd      0x140 .\ARM_GCC_541\Debug\Mepsan.a(PWM_1.o)
 .debug_line    0x0000190d      0x883 .\ARM_GCC_541\Debug\Mepsan.a(CyLib.o)
 .debug_line    0x00002190      0x38e .\ARM_GCC_541\Debug\Mepsan.a(cyPm.o)
 .debug_line    0x0000251e      0x30b .\ARM_GCC_541\Debug\Mepsan.a(UART_1.o)
 .debug_line    0x00002829       0x8a .\ARM_GCC_541\Debug\Mepsan.a(UART_1_INT.o)
 .debug_line    0x000028b3      0x1ae .\ARM_GCC_541\Debug\Mepsan.a(UART_1_IntClock.o)
 .debug_line    0x00002a61      0x15f .\ARM_GCC_541\Debug\Mepsan.a(Timer_1.o)
 .debug_line    0x00002bc0      0x30b .\ARM_GCC_541\Debug\Mepsan.a(UART_2.o)
 .debug_line    0x00002ecb       0x8a .\ARM_GCC_541\Debug\Mepsan.a(UART_2_INT.o)
 .debug_line    0x00002f55       0x99 .\ARM_GCC_541\Debug\Mepsan.a(EnablePin.o)
 .debug_line    0x00002fee      0x235 .\ARM_GCC_541\Debug\Mepsan.a(UART_3.o)
 .debug_line    0x00003223       0x84 .\ARM_GCC_541\Debug\Mepsan.a(UART_3_INT.o)
 .debug_line    0x000032a7      0x1ae .\ARM_GCC_541\Debug\Mepsan.a(UART_3_IntClock.o)
 .debug_line    0x00003455      0x349 .\ARM_GCC_541\Debug\Mepsan.a(screen.o)
 .debug_line    0x0000379e       0xb1 .\ARM_GCC_541\Debug\Mepsan.a(screen_INT.o)
 .debug_line    0x0000384f      0x1ae .\ARM_GCC_541\Debug\Mepsan.a(screen_IntClock.o)
 .debug_line    0x000039fd      0x228 .\ARM_GCC_541\Debug\Mepsan.a(EEPROM_1.o)
 .debug_line    0x00003c25       0x7d .\ARM_GCC_541\Debug\Mepsan.a(CyBootAsmGnu.o)
 .debug_line    0x00003ca2      0x22f .\ARM_GCC_541\Debug\Mepsan.a(CyFlash.o)
 .debug_line    0x00003ed1      0x231 .\ARM_GCC_541\Debug\Mepsan.a(CySpc.o)

.debug_frame    0x00000000     0x33ec
 *(.debug_frame)
 .debug_frame   0x00000000       0x7c .\ARM_GCC_541\Debug\main.o
 .debug_frame   0x0000007c      0x1b8 .\ARM_GCC_541\Debug\PumpCom.o
 .debug_frame   0x00000234       0x54 .\ARM_GCC_541\Debug\Gbr.o
 .debug_frame   0x00000288       0x64 .\ARM_GCC_541\Debug\printer.o
 .debug_frame   0x000002ec      0x160 .\ARM_GCC_541\Debug\cyfitter_cfg.o
 .debug_frame   0x0000044c       0xd8 .\ARM_GCC_541\Debug\Cm3Start.o
 .debug_frame   0x00000524      0x1d0 .\ARM_GCC_541\Debug\Mepsan.a(PWM_1.o)
 .debug_frame   0x000006f4      0xc0c .\ARM_GCC_541\Debug\Mepsan.a(CyLib.o)
 .debug_frame   0x00001300      0x234 .\ARM_GCC_541\Debug\Mepsan.a(cyPm.o)
 .debug_frame   0x00001534      0x428 .\ARM_GCC_541\Debug\Mepsan.a(UART_1.o)
 .debug_frame   0x0000195c       0x38 .\ARM_GCC_541\Debug\Mepsan.a(UART_1_INT.o)
 .debug_frame   0x00001994      0x1b4 .\ARM_GCC_541\Debug\Mepsan.a(UART_1_IntClock.o)
 .debug_frame   0x00001b48      0x208 .\ARM_GCC_541\Debug\Mepsan.a(Timer_1.o)
 .debug_frame   0x00001d50      0x428 .\ARM_GCC_541\Debug\Mepsan.a(UART_2.o)
 .debug_frame   0x00002178       0x38 .\ARM_GCC_541\Debug\Mepsan.a(UART_2_INT.o)
 .debug_frame   0x000021b0       0xa8 .\ARM_GCC_541\Debug\Mepsan.a(EnablePin.o)
 .debug_frame   0x00002258      0x298 .\ARM_GCC_541\Debug\Mepsan.a(UART_3.o)
 .debug_frame   0x000024f0       0x34 .\ARM_GCC_541\Debug\Mepsan.a(UART_3_INT.o)
 .debug_frame   0x00002524      0x1b4 .\ARM_GCC_541\Debug\Mepsan.a(UART_3_IntClock.o)
 .debug_frame   0x000026d8      0x428 .\ARM_GCC_541\Debug\Mepsan.a(screen.o)
 .debug_frame   0x00002b00       0x5c .\ARM_GCC_541\Debug\Mepsan.a(screen_INT.o)
 .debug_frame   0x00002b5c      0x1b4 .\ARM_GCC_541\Debug\Mepsan.a(screen_IntClock.o)
 .debug_frame   0x00002d10      0x1c0 .\ARM_GCC_541\Debug\Mepsan.a(EEPROM_1.o)
 .debug_frame   0x00002ed0      0x238 .\ARM_GCC_541\Debug\Mepsan.a(CyFlash.o)
 .debug_frame   0x00003108      0x228 .\ARM_GCC_541\Debug\Mepsan.a(CySpc.o)
 .debug_frame   0x00003330       0x20 c:/program files (x86)/cypress/psoc creator/4.2/psoc creator/import/gnu/arm/5.4.1/bin/../lib/gcc/arm-none-eabi/5.4.1/../../../../arm-none-eabi/lib/armv7-m\libg_nano.a(lib_a-errno.o)
 .debug_frame   0x00003350       0x28 c:/program files (x86)/cypress/psoc creator/4.2/psoc creator/import/gnu/arm/5.4.1/bin/../lib/gcc/arm-none-eabi/5.4.1/../../../../arm-none-eabi/lib/armv7-m\libg_nano.a(lib_a-exit.o)
 .debug_frame   0x00003378       0x2c c:/program files (x86)/cypress/psoc creator/4.2/psoc creator/import/gnu/arm/5.4.1/bin/../lib/gcc/arm-none-eabi/5.4.1/../../../../arm-none-eabi/lib/armv7-m\libg_nano.a(lib_a-init.o)
 .debug_frame   0x000033a4       0x28 c:/program files (x86)/cypress/psoc creator/4.2/psoc creator/import/gnu/arm/5.4.1/bin/../lib/gcc/arm-none-eabi/5.4.1/../../../../arm-none-eabi/lib/armv7-m\libg_nano.a(lib_a-memcpy-stub.o)
 .debug_frame   0x000033cc       0x20 c:/program files (x86)/cypress/psoc creator/4.2/psoc creator/import/gnu/arm/5.4.1/bin/../lib/gcc/arm-none-eabi/5.4.1/../../../../arm-none-eabi/lib/armv7-m\libg_nano.a(lib_a-memset.o)

.debug_str      0x00000000     0x2c7c
 *(.debug_str)
 .debug_str     0x00000000      0x2cf .\ARM_GCC_541\Debug\main.o
                                0x334 (size before relaxing)
 .debug_str     0x000002cf       0xf6 .\ARM_GCC_541\Debug\PumpCom.o
                                0x42d (size before relaxing)
 .debug_str     0x000003c5       0xa9 .\ARM_GCC_541\Debug\Gbr.o
                                0x3b1 (size before relaxing)
 .debug_str     0x0000046e      0x230 .\ARM_GCC_541\Debug\printer.o
                                0x552 (size before relaxing)
 .debug_str     0x0000069e      0x192 .\ARM_GCC_541\Debug\cyfitter_cfg.o
                                0x312 (size before relaxing)
 .debug_str     0x00000830       0x75 .\ARM_GCC_541\Debug\cymetadata.o
                                0x1d7 (size before relaxing)
 .debug_str     0x000008a5      0x124 .\ARM_GCC_541\Debug\Cm3Start.o
                                0x2ca (size before relaxing)
 .debug_str     0x000009c9      0x13a .\ARM_GCC_541\Debug\Mepsan.a(PWM_1.o)
                                0x2c0 (size before relaxing)
 .debug_str     0x00000b03      0x80b .\ARM_GCC_541\Debug\Mepsan.a(CyLib.o)
                                0x9dd (size before relaxing)
 .debug_str     0x0000130e      0x371 .\ARM_GCC_541\Debug\Mepsan.a(cyPm.o)
                                0x536 (size before relaxing)
 .debug_str     0x0000167f      0x360 .\ARM_GCC_541\Debug\Mepsan.a(UART_1.o)
                                0x509 (size before relaxing)
 .debug_str     0x000019df       0x57 .\ARM_GCC_541\Debug\Mepsan.a(UART_1_INT.o)
                                0x24e (size before relaxing)
 .debug_str     0x00001a36      0x1c2 .\ARM_GCC_541\Debug\Mepsan.a(UART_1_IntClock.o)
                                0x341 (size before relaxing)
 .debug_str     0x00001bf8      0x165 .\ARM_GCC_541\Debug\Mepsan.a(Timer_1.o)
                                0x308 (size before relaxing)
 .debug_str     0x00001d5d      0x2b8 .\ARM_GCC_541\Debug\Mepsan.a(UART_2.o)
                                0x509 (size before relaxing)
 .debug_str     0x00002015       0x31 .\ARM_GCC_541\Debug\Mepsan.a(UART_2_INT.o)
                                0x24e (size before relaxing)
 .debug_str     0x00002046       0x7a .\ARM_GCC_541\Debug\Mepsan.a(EnablePin.o)
                                0x1e9 (size before relaxing)
 .debug_str     0x000020c0      0x1c8 .\ARM_GCC_541\Debug\Mepsan.a(UART_3.o)
                                0x3ca (size before relaxing)
 .debug_str     0x00002288       0x31 .\ARM_GCC_541\Debug\Mepsan.a(UART_3_INT.o)
                                0x1e3 (size before relaxing)
 .debug_str     0x000022b9      0x177 .\ARM_GCC_541\Debug\Mepsan.a(UART_3_IntClock.o)
                                0x341 (size before relaxing)
 .debug_str     0x00002430      0x2f1 .\ARM_GCC_541\Debug\Mepsan.a(screen.o)
                                0x563 (size before relaxing)
 .debug_str     0x00002721       0x3e .\ARM_GCC_541\Debug\Mepsan.a(screen_INT.o)
                                0x294 (size before relaxing)
 .debug_str     0x0000275f      0x177 .\ARM_GCC_541\Debug\Mepsan.a(screen_IntClock.o)
                                0x341 (size before relaxing)
 .debug_str     0x000028d6      0x14a .\ARM_GCC_541\Debug\Mepsan.a(EEPROM_1.o)
                                0x2f1 (size before relaxing)
 .debug_str     0x00002a20      0x135 .\ARM_GCC_541\Debug\Mepsan.a(CyFlash.o)
                                0x2fa (size before relaxing)
 .debug_str     0x00002b55      0x127 .\ARM_GCC_541\Debug\Mepsan.a(CySpc.o)
                                0x2f4 (size before relaxing)

.debug_loc
 *(.debug_loc)

.debug_macinfo
 *(.debug_macinfo)

.debug_ranges   0x00000000      0xb38
 *(.debug_ranges)
 .debug_ranges  0x00000000       0x20 .\ARM_GCC_541\Debug\main.o
 .debug_ranges  0x00000020       0x58 .\ARM_GCC_541\Debug\PumpCom.o
 .debug_ranges  0x00000078       0x18 .\ARM_GCC_541\Debug\Gbr.o
 .debug_ranges  0x00000090       0x18 .\ARM_GCC_541\Debug\printer.o
 .debug_ranges  0x000000a8       0x50 .\ARM_GCC_541\Debug\cyfitter_cfg.o
 .debug_ranges  0x000000f8       0x38 .\ARM_GCC_541\Debug\Cm3Start.o
 .debug_ranges  0x00000130       0x68 .\ARM_GCC_541\Debug\Mepsan.a(PWM_1.o)
 .debug_ranges  0x00000198      0x290 .\ARM_GCC_541\Debug\Mepsan.a(CyLib.o)
 .debug_ranges  0x00000428       0x88 .\ARM_GCC_541\Debug\Mepsan.a(cyPm.o)
 .debug_ranges  0x000004b0       0xe0 .\ARM_GCC_541\Debug\Mepsan.a(UART_1.o)
 .debug_ranges  0x00000590       0x10 .\ARM_GCC_541\Debug\Mepsan.a(UART_1_INT.o)
 .debug_ranges  0x000005a0       0x60 .\ARM_GCC_541\Debug\Mepsan.a(UART_1_IntClock.o)
 .debug_ranges  0x00000600       0x78 .\ARM_GCC_541\Debug\Mepsan.a(Timer_1.o)
 .debug_ranges  0x00000678       0xe0 .\ARM_GCC_541\Debug\Mepsan.a(UART_2.o)
 .debug_ranges  0x00000758       0x10 .\ARM_GCC_541\Debug\Mepsan.a(UART_2_INT.o)
 .debug_ranges  0x00000768       0x28 .\ARM_GCC_541\Debug\Mepsan.a(EnablePin.o)
 .debug_ranges  0x00000790       0x90 .\ARM_GCC_541\Debug\Mepsan.a(UART_3.o)
 .debug_ranges  0x00000820       0x10 .\ARM_GCC_541\Debug\Mepsan.a(UART_3_INT.o)
 .debug_ranges  0x00000830       0x60 .\ARM_GCC_541\Debug\Mepsan.a(UART_3_IntClock.o)
 .debug_ranges  0x00000890       0xe0 .\ARM_GCC_541\Debug\Mepsan.a(screen.o)
 .debug_ranges  0x00000970       0x18 .\ARM_GCC_541\Debug\Mepsan.a(screen_INT.o)
 .debug_ranges  0x00000988       0x60 .\ARM_GCC_541\Debug\Mepsan.a(screen_IntClock.o)
 .debug_ranges  0x000009e8       0x68 .\ARM_GCC_541\Debug\Mepsan.a(EEPROM_1.o)
 .debug_ranges  0x00000a50       0x78 .\ARM_GCC_541\Debug\Mepsan.a(CyFlash.o)
 .debug_ranges  0x00000ac8       0x70 .\ARM_GCC_541\Debug\Mepsan.a(CySpc.o)

.comment        0x00000000       0x6e
 .comment       0x00000000       0x6e .\ARM_GCC_541\Debug\main.o
                                 0x6f (size before relaxing)
 .comment       0x0000006e       0x6f .\ARM_GCC_541\Debug\PumpCom.o
 .comment       0x0000006e       0x6f .\ARM_GCC_541\Debug\Gbr.o
 .comment       0x0000006e       0x6f .\ARM_GCC_541\Debug\printer.o
 .comment       0x0000006e       0x6f .\ARM_GCC_541\Debug\cyfitter_cfg.o
 .comment       0x0000006e       0x6f .\ARM_GCC_541\Debug\cymetadata.o
 .comment       0x0000006e       0x6f .\ARM_GCC_541\Debug\Cm3Start.o
 .comment       0x0000006e       0x6f .\ARM_GCC_541\Debug\Mepsan.a(PWM_1.o)
 .comment       0x0000006e       0x6f .\ARM_GCC_541\Debug\Mepsan.a(CyLib.o)
 .comment       0x0000006e       0x6f .\ARM_GCC_541\Debug\Mepsan.a(cyPm.o)
 .comment       0x0000006e       0x6f .\ARM_GCC_541\Debug\Mepsan.a(UART_1.o)
 .comment       0x0000006e       0x6f .\ARM_GCC_541\Debug\Mepsan.a(UART_1_INT.o)
 .comment       0x0000006e       0x6f .\ARM_GCC_541\Debug\Mepsan.a(UART_1_IntClock.o)
 .comment       0x0000006e       0x6f .\ARM_GCC_541\Debug\Mepsan.a(Timer_1.o)
 .comment       0x0000006e       0x6f .\ARM_GCC_541\Debug\Mepsan.a(UART_2.o)
 .comment       0x0000006e       0x6f .\ARM_GCC_541\Debug\Mepsan.a(UART_2_INT.o)
 .comment       0x0000006e       0x6f .\ARM_GCC_541\Debug\Mepsan.a(EnablePin.o)
 .comment       0x0000006e       0x6f .\ARM_GCC_541\Debug\Mepsan.a(UART_3.o)
 .comment       0x0000006e       0x6f .\ARM_GCC_541\Debug\Mepsan.a(UART_3_INT.o)
 .comment       0x0000006e       0x6f .\ARM_GCC_541\Debug\Mepsan.a(UART_3_IntClock.o)
 .comment       0x0000006e       0x6f .\ARM_GCC_541\Debug\Mepsan.a(screen.o)
 .comment       0x0000006e       0x6f .\ARM_GCC_541\Debug\Mepsan.a(screen_INT.o)
 .comment       0x0000006e       0x6f .\ARM_GCC_541\Debug\Mepsan.a(screen_IntClock.o)
 .comment       0x0000006e       0x6f .\ARM_GCC_541\Debug\Mepsan.a(EEPROM_1.o)
 .comment       0x0000006e       0x6f .\ARM_GCC_541\Debug\Mepsan.a(CyFlash.o)
 .comment       0x0000006e       0x6f .\ARM_GCC_541\Debug\Mepsan.a(CySpc.o)

.debug_weaknames
 *(.debug_weaknames)

.debug_funcnames
 *(.debug_funcnames)

.debug_typenames
 *(.debug_typenames)

.debug_varnames
 *(.debug_varnames)

.note.gnu.arm.ident
 *(.note.gnu.arm.ident)

.ARM.attributes
                0x00000000       0x29
 *(.ARM.attributes)
 .ARM.attributes
                0x00000000       0x1d c:/program files (x86)/cypress/psoc creator/4.2/psoc creator/import/gnu/arm/5.4.1/bin/../lib/gcc/arm-none-eabi/5.4.1/armv7-m/crti.o
 .ARM.attributes
                0x0000001d       0x2d c:/program files (x86)/cypress/psoc creator/4.2/psoc creator/import/gnu/arm/5.4.1/bin/../lib/gcc/arm-none-eabi/5.4.1/armv7-m/crtbegin.o
 .ARM.attributes
                0x0000004a       0x1b c:/program files (x86)/cypress/psoc creator/4.2/psoc creator/import/gnu/arm/5.4.1/bin/../lib/gcc/arm-none-eabi/5.4.1/../../../../arm-none-eabi/lib/armv7-m/crt0.o
 .ARM.attributes
                0x00000065       0x33 .\ARM_GCC_541\Debug\main.o
 .ARM.attributes
                0x00000098       0x33 .\ARM_GCC_541\Debug\PumpCom.o
 .ARM.attributes
                0x000000cb       0x33 .\ARM_GCC_541\Debug\Gbr.o
 .ARM.attributes
                0x000000fe       0x33 .\ARM_GCC_541\Debug\printer.o
 .ARM.attributes
                0x00000131       0x33 .\ARM_GCC_541\Debug\cyfitter_cfg.o
 .ARM.attributes
                0x00000164       0x33 .\ARM_GCC_541\Debug\cymetadata.o
 .ARM.attributes
                0x00000197       0x33 .\ARM_GCC_541\Debug\Cm3Start.o
 .ARM.attributes
                0x000001ca       0x33 .\ARM_GCC_541\Debug\Mepsan.a(PWM_1.o)
 .ARM.attributes
                0x000001fd       0x33 .\ARM_GCC_541\Debug\Mepsan.a(CyLib.o)
 .ARM.attributes
                0x00000230       0x33 .\ARM_GCC_541\Debug\Mepsan.a(cyPm.o)
 .ARM.attributes
                0x00000263       0x33 .\ARM_GCC_541\Debug\Mepsan.a(UART_1.o)
 .ARM.attributes
                0x00000296       0x33 .\ARM_GCC_541\Debug\Mepsan.a(UART_1_INT.o)
 .ARM.attributes
                0x000002c9       0x33 .\ARM_GCC_541\Debug\Mepsan.a(UART_1_IntClock.o)
 .ARM.attributes
                0x000002fc       0x33 .\ARM_GCC_541\Debug\Mepsan.a(Timer_1.o)
 .ARM.attributes
                0x0000032f       0x33 .\ARM_GCC_541\Debug\Mepsan.a(UART_2.o)
 .ARM.attributes
                0x00000362       0x33 .\ARM_GCC_541\Debug\Mepsan.a(UART_2_INT.o)
 .ARM.attributes
                0x00000395       0x33 .\ARM_GCC_541\Debug\Mepsan.a(EnablePin.o)
 .ARM.attributes
                0x000003c8       0x33 .\ARM_GCC_541\Debug\Mepsan.a(UART_3.o)
 .ARM.attributes
                0x000003fb       0x33 .\ARM_GCC_541\Debug\Mepsan.a(UART_3_INT.o)
 .ARM.attributes
                0x0000042e       0x33 .\ARM_GCC_541\Debug\Mepsan.a(UART_3_IntClock.o)
 .ARM.attributes
                0x00000461       0x33 .\ARM_GCC_541\Debug\Mepsan.a(screen.o)
 .ARM.attributes
                0x00000494       0x33 .\ARM_GCC_541\Debug\Mepsan.a(screen_INT.o)
 .ARM.attributes
                0x000004c7       0x33 .\ARM_GCC_541\Debug\Mepsan.a(screen_IntClock.o)
 .ARM.attributes
                0x000004fa       0x33 .\ARM_GCC_541\Debug\Mepsan.a(EEPROM_1.o)
 .ARM.attributes
                0x0000052d       0x21 .\ARM_GCC_541\Debug\Mepsan.a(CyBootAsmGnu.o)
 .ARM.attributes
                0x0000054e       0x33 .\ARM_GCC_541\Debug\Mepsan.a(CyFlash.o)
 .ARM.attributes
                0x00000581       0x33 .\ARM_GCC_541\Debug\Mepsan.a(CySpc.o)
 .ARM.attributes
                0x000005b4       0x2d c:/program files (x86)/cypress/psoc creator/4.2/psoc creator/import/gnu/arm/5.4.1/bin/../lib/gcc/arm-none-eabi/5.4.1/../../../../arm-none-eabi/lib/armv7-m\libg_nano.a(lib_a-errno.o)
 .ARM.attributes
                0x000005e1       0x2d c:/program files (x86)/cypress/psoc creator/4.2/psoc creator/import/gnu/arm/5.4.1/bin/../lib/gcc/arm-none-eabi/5.4.1/../../../../arm-none-eabi/lib/armv7-m\libg_nano.a(lib_a-exit.o)
 .ARM.attributes
                0x0000060e       0x2d c:/program files (x86)/cypress/psoc creator/4.2/psoc creator/import/gnu/arm/5.4.1/bin/../lib/gcc/arm-none-eabi/5.4.1/../../../../arm-none-eabi/lib/armv7-m\libg_nano.a(lib_a-impure.o)
 .ARM.attributes
                0x0000063b       0x2d c:/program files (x86)/cypress/psoc creator/4.2/psoc creator/import/gnu/arm/5.4.1/bin/../lib/gcc/arm-none-eabi/5.4.1/../../../../arm-none-eabi/lib/armv7-m\libg_nano.a(lib_a-init.o)
 .ARM.attributes
                0x00000668       0x2d c:/program files (x86)/cypress/psoc creator/4.2/psoc creator/import/gnu/arm/5.4.1/bin/../lib/gcc/arm-none-eabi/5.4.1/../../../../arm-none-eabi/lib/armv7-m\libg_nano.a(lib_a-memcpy-stub.o)
 .ARM.attributes
                0x00000695       0x2d c:/program files (x86)/cypress/psoc creator/4.2/psoc creator/import/gnu/arm/5.4.1/bin/../lib/gcc/arm-none-eabi/5.4.1/../../../../arm-none-eabi/lib/armv7-m\libg_nano.a(lib_a-memset.o)
 .ARM.attributes
                0x000006c2       0x2d c:/program files (x86)/cypress/psoc creator/4.2/psoc creator/import/gnu/arm/5.4.1/bin/../lib/gcc/arm-none-eabi/5.4.1/armv7-m/crtend.o
 .ARM.attributes
                0x000006ef       0x1d c:/program files (x86)/cypress/psoc creator/4.2/psoc creator/import/gnu/arm/5.4.1/bin/../lib/gcc/arm-none-eabi/5.4.1/armv7-m/crtn.o

/DISCARD/
 *(.note.GNU-stack)
OUTPUT(C:\Users\Lenovo\Documents\GitHub\Mepsan\Mepsan.cydsn\ARM_GCC_541\Debug\Mepsan.elf elf32-littlearm)
