Archive member included to satisfy reference by file (symbol)

.\ARM_GCC_541\Debug\Mepsan.a(PWM_1.o)
                              .\ARM_GCC_541\Debug\main.o (PWM_1_Start)
.\ARM_GCC_541\Debug\Mepsan.a(Kill_Switch.o)
                              .\ARM_GCC_541\Debug\main.o (Kill_Switch_Read)
.\ARM_GCC_541\Debug\Mepsan.a(CyLib.o)
                              .\ARM_GCC_541\Debug\Cm3Start.o (CyResetStatus)
.\ARM_GCC_541\Debug\Mepsan.a(cyPm.o)
                              .\ARM_GCC_541\Debug\Mepsan.a(CyLib.o) (CyPmReadStatus)
.\ARM_GCC_541\Debug\Mepsan.a(UART_1.o)
                              .\ARM_GCC_541\Debug\main.o (UART_1_Start)
.\ARM_GCC_541\Debug\Mepsan.a(UART_1_INT.o)
                              .\ARM_GCC_541\Debug\Mepsan.a(UART_1.o) (UART_1_RXISR)
.\ARM_GCC_541\Debug\Mepsan.a(UART_1_IntClock.o)
                              .\ARM_GCC_541\Debug\Mepsan.a(UART_1.o) (UART_1_IntClock_Start)
.\ARM_GCC_541\Debug\Mepsan.a(Timer_1.o)
                              .\ARM_GCC_541\Debug\main.o (Timer_1_Start)
.\ARM_GCC_541\Debug\Mepsan.a(UART_2.o)
                              .\ARM_GCC_541\Debug\main.o (UART_2_Start)
.\ARM_GCC_541\Debug\Mepsan.a(UART_2_INT.o)
                              .\ARM_GCC_541\Debug\Mepsan.a(UART_2.o) (UART_2_RXISR)
.\ARM_GCC_541\Debug\Mepsan.a(EnablePin.o)
                              .\ARM_GCC_541\Debug\PumpCom.o (EnablePin_Write)
.\ARM_GCC_541\Debug\Mepsan.a(EnablePin_1.o)
                              .\ARM_GCC_541\Debug\main.o (EnablePin_1_Read)
.\ARM_GCC_541\Debug\Mepsan.a(UART_3.o)
                              .\ARM_GCC_541\Debug\main.o (UART_3_Start)
.\ARM_GCC_541\Debug\Mepsan.a(UART_3_INT.o)
                              .\ARM_GCC_541\Debug\Mepsan.a(UART_3.o) (UART_3_TXISR)
.\ARM_GCC_541\Debug\Mepsan.a(UART_3_IntClock.o)
                              .\ARM_GCC_541\Debug\Mepsan.a(UART_3.o) (UART_3_IntClock_Start)
.\ARM_GCC_541\Debug\Mepsan.a(CyBootAsmGnu.o)
                              .\ARM_GCC_541\Debug\cyfitter_cfg.o (CyDelayCycles)
.\ARM_GCC_541\Debug\Mepsan.a(CyFlash.o)
                              .\ARM_GCC_541\Debug\Mepsan.a(cyPm.o) (CyFlash_SetWaitCycles)
.\ARM_GCC_541\Debug\Mepsan.a(CySpc.o)
                              .\ARM_GCC_541\Debug\Mepsan.a(CyFlash.o) (CySpcStart)
c:/program files (x86)/cypress/psoc creator/4.2/psoc creator/import/gnu/arm/5.4.1/bin/../lib/gcc/arm-none-eabi/5.4.1/../../../../arm-none-eabi/lib/armv7-m\libg_nano.a(lib_a-errno.o)
                              .\ARM_GCC_541\Debug\Cm3Start.o (__errno)
c:/program files (x86)/cypress/psoc creator/4.2/psoc creator/import/gnu/arm/5.4.1/bin/../lib/gcc/arm-none-eabi/5.4.1/../../../../arm-none-eabi/lib/armv7-m\libg_nano.a(lib_a-exit.o)
                              c:/program files (x86)/cypress/psoc creator/4.2/psoc creator/import/gnu/arm/5.4.1/bin/../lib/gcc/arm-none-eabi/5.4.1/../../../../arm-none-eabi/lib/armv7-m/crt0.o (exit)
c:/program files (x86)/cypress/psoc creator/4.2/psoc creator/import/gnu/arm/5.4.1/bin/../lib/gcc/arm-none-eabi/5.4.1/../../../../arm-none-eabi/lib/armv7-m\libg_nano.a(lib_a-impure.o)
                              c:/program files (x86)/cypress/psoc creator/4.2/psoc creator/import/gnu/arm/5.4.1/bin/../lib/gcc/arm-none-eabi/5.4.1/../../../../arm-none-eabi/lib/armv7-m\libg_nano.a(lib_a-exit.o) (_global_impure_ptr)
c:/program files (x86)/cypress/psoc creator/4.2/psoc creator/import/gnu/arm/5.4.1/bin/../lib/gcc/arm-none-eabi/5.4.1/../../../../arm-none-eabi/lib/armv7-m\libg_nano.a(lib_a-init.o)
                              c:/program files (x86)/cypress/psoc creator/4.2/psoc creator/import/gnu/arm/5.4.1/bin/../lib/gcc/arm-none-eabi/5.4.1/../../../../arm-none-eabi/lib/armv7-m/crt0.o (__libc_init_array)
c:/program files (x86)/cypress/psoc creator/4.2/psoc creator/import/gnu/arm/5.4.1/bin/../lib/gcc/arm-none-eabi/5.4.1/../../../../arm-none-eabi/lib/armv7-m\libg_nano.a(lib_a-memcpy-stub.o)
                              .\ARM_GCC_541\Debug\cyfitter_cfg.o (memcpy)
c:/program files (x86)/cypress/psoc creator/4.2/psoc creator/import/gnu/arm/5.4.1/bin/../lib/gcc/arm-none-eabi/5.4.1/../../../../arm-none-eabi/lib/armv7-m\libg_nano.a(lib_a-memset.o)
                              c:/program files (x86)/cypress/psoc creator/4.2/psoc creator/import/gnu/arm/5.4.1/bin/../lib/gcc/arm-none-eabi/5.4.1/../../../../arm-none-eabi/lib/armv7-m/crt0.o (memset)

Allocating common symbols
Common symbol       size              file

UART_2_rxBuffer     0x80              .\ARM_GCC_541\Debug\Mepsan.a(UART_2.o)
side                0x48c             .\ARM_GCC_541\Debug\main.o
crc_hi              0x1               .\ARM_GCC_541\Debug\main.o
PumpAddress         0xf               .\ARM_GCC_541\Debug\main.o
MepsanResponse      0x32              .\ARM_GCC_541\Debug\main.o
DecVol              0x1               .\ARM_GCC_541\Debug\main.o
dirGbr              0x1               .\ARM_GCC_541\Debug\main.o
UART_3_txBuffer     0x5               .\ARM_GCC_541\Debug\Mepsan.a(UART_3.o)
MepsanSendTo        0x32              .\ARM_GCC_541\Debug\main.o
TotalRequestType    0x1               .\ARM_GCC_541\Debug\main.o
UART_1_rxBuffer     0x80              .\ARM_GCC_541\Debug\Mepsan.a(UART_1.o)
Receipt             0x1               .\ARM_GCC_541\Debug\main.o
Positions           0x1               .\ARM_GCC_541\Debug\main.o
CRC                 0x2               .\ARM_GCC_541\Debug\main.o
crc_lo              0x1               .\ARM_GCC_541\Debug\main.o
CurrentState        0x1               .\ARM_GCC_541\Debug\main.o
dieTemperature      0x2               .\ARM_GCC_541\Debug\Mepsan.a(CyFlash.o)
PollCounter         0x2               .\ARM_GCC_541\Debug\main.o

Discarded input sections

 .text          0x00000000        0x0 c:/program files (x86)/cypress/psoc creator/4.2/psoc creator/import/gnu/arm/5.4.1/bin/../lib/gcc/arm-none-eabi/5.4.1/armv7-m/crti.o
 .data          0x00000000        0x0 c:/program files (x86)/cypress/psoc creator/4.2/psoc creator/import/gnu/arm/5.4.1/bin/../lib/gcc/arm-none-eabi/5.4.1/armv7-m/crti.o
 .bss           0x00000000        0x0 c:/program files (x86)/cypress/psoc creator/4.2/psoc creator/import/gnu/arm/5.4.1/bin/../lib/gcc/arm-none-eabi/5.4.1/armv7-m/crti.o
 .data          0x00000000        0x4 c:/program files (x86)/cypress/psoc creator/4.2/psoc creator/import/gnu/arm/5.4.1/bin/../lib/gcc/arm-none-eabi/5.4.1/armv7-m/crtbegin.o
 .text          0x00000000       0x74 c:/program files (x86)/cypress/psoc creator/4.2/psoc creator/import/gnu/arm/5.4.1/bin/../lib/gcc/arm-none-eabi/5.4.1/../../../../arm-none-eabi/lib/armv7-m/crt0.o
 .data          0x00000000        0x0 c:/program files (x86)/cypress/psoc creator/4.2/psoc creator/import/gnu/arm/5.4.1/bin/../lib/gcc/arm-none-eabi/5.4.1/../../../../arm-none-eabi/lib/armv7-m/crt0.o
 .bss           0x00000000        0x0 c:/program files (x86)/cypress/psoc creator/4.2/psoc creator/import/gnu/arm/5.4.1/bin/../lib/gcc/arm-none-eabi/5.4.1/../../../../arm-none-eabi/lib/armv7-m/crt0.o
 .ARM.extab     0x00000000        0x0 c:/program files (x86)/cypress/psoc creator/4.2/psoc creator/import/gnu/arm/5.4.1/bin/../lib/gcc/arm-none-eabi/5.4.1/../../../../arm-none-eabi/lib/armv7-m/crt0.o
 .ARM.exidx     0x00000000        0x8 c:/program files (x86)/cypress/psoc creator/4.2/psoc creator/import/gnu/arm/5.4.1/bin/../lib/gcc/arm-none-eabi/5.4.1/../../../../arm-none-eabi/lib/armv7-m/crt0.o
 .text          0x00000000        0x0 .\ARM_GCC_541\Debug\main.o
 .data          0x00000000        0x0 .\ARM_GCC_541\Debug\main.o
 .bss           0x00000000        0x0 .\ARM_GCC_541\Debug\main.o
 .text.polling  0x00000000       0x1c .\ARM_GCC_541\Debug\main.o
 .text          0x00000000        0x0 .\ARM_GCC_541\Debug\PumpCom.o
 .data          0x00000000        0x0 .\ARM_GCC_541\Debug\PumpCom.o
 .bss           0x00000000        0x0 .\ARM_GCC_541\Debug\PumpCom.o
 .text.ReturnStatus
                0x00000000      0x114 .\ARM_GCC_541\Debug\PumpCom.o
 .text.GetTotal
                0x00000000        0xc .\ARM_GCC_541\Debug\PumpCom.o
 .text.GetACK   0x00000000       0x40 .\ARM_GCC_541\Debug\PumpCom.o
 .text          0x00000000        0x0 .\ARM_GCC_541\Debug\Gbr.o
 .data          0x00000000        0x0 .\ARM_GCC_541\Debug\Gbr.o
 .bss           0x00000000        0x0 .\ARM_GCC_541\Debug\Gbr.o
 .text.StateTransform
                0x00000000       0x10 .\ARM_GCC_541\Debug\Gbr.o
 .text.SystemQ  0x00000000       0x68 .\ARM_GCC_541\Debug\Gbr.o
 .text          0x00000000        0x0 .\ARM_GCC_541\Debug\printer.o
 .bss           0x00000000        0x0 .\ARM_GCC_541\Debug\printer.o
 .text          0x00000000        0x0 .\ARM_GCC_541\Debug\cyfitter_cfg.o
 .data          0x00000000        0x0 .\ARM_GCC_541\Debug\cyfitter_cfg.o
 .text.CYMEMZERO
                0x00000000       0x1c .\ARM_GCC_541\Debug\cyfitter_cfg.o
 .text.CYCONFIGCPYCODE
                0x00000000       0x20 .\ARM_GCC_541\Debug\cyfitter_cfg.o
 .text.SetAnalogRoutingPumps
                0x00000000       0x28 .\ARM_GCC_541\Debug\cyfitter_cfg.o
 .text          0x00000000        0x0 .\ARM_GCC_541\Debug\cymetadata.o
 .data          0x00000000        0x0 .\ARM_GCC_541\Debug\cymetadata.o
 .bss           0x00000000        0x0 .\ARM_GCC_541\Debug\cymetadata.o
 .text          0x00000000        0x0 .\ARM_GCC_541\Debug\Cm3Start.o
 .data          0x00000000        0x4 .\ARM_GCC_541\Debug\Cm3Start.o
 .bss           0x00000000        0x0 .\ARM_GCC_541\Debug\Cm3Start.o
 .text._exit    0x00000000       0x14 .\ARM_GCC_541\Debug\Cm3Start.o
 .text._sbrk    0x00000000       0x50 .\ARM_GCC_541\Debug\Cm3Start.o
 .text          0x00000000        0x0 .\ARM_GCC_541\Debug\Mepsan.a(PWM_1.o)
 .data          0x00000000        0x0 .\ARM_GCC_541\Debug\Mepsan.a(PWM_1.o)
 .text.PWM_1_Stop
                0x00000000       0x48 .\ARM_GCC_541\Debug\Mepsan.a(PWM_1.o)
 .text.PWM_1_ReadStatusRegister
                0x00000000       0x18 .\ARM_GCC_541\Debug\Mepsan.a(PWM_1.o)
 .text.PWM_1_ReadControlRegister
                0x00000000       0x1c .\ARM_GCC_541\Debug\Mepsan.a(PWM_1.o)
 .text.PWM_1_WriteControlRegister
                0x00000000       0x20 .\ARM_GCC_541\Debug\Mepsan.a(PWM_1.o)
 .text.PWM_1_ReadCompare
                0x00000000       0x18 .\ARM_GCC_541\Debug\Mepsan.a(PWM_1.o)
 .text.PWM_1_ReadPeriod
                0x00000000       0x18 .\ARM_GCC_541\Debug\Mepsan.a(PWM_1.o)
 .text          0x00000000        0x0 .\ARM_GCC_541\Debug\Mepsan.a(Kill_Switch.o)
 .data          0x00000000        0x0 .\ARM_GCC_541\Debug\Mepsan.a(Kill_Switch.o)
 .bss           0x00000000        0x0 .\ARM_GCC_541\Debug\Mepsan.a(Kill_Switch.o)
 .text.Kill_Switch_Write
                0x00000000       0x3c .\ARM_GCC_541\Debug\Mepsan.a(Kill_Switch.o)
 .text.Kill_Switch_SetDriveMode
                0x00000000       0x3c .\ARM_GCC_541\Debug\Mepsan.a(Kill_Switch.o)
 .text.Kill_Switch_ReadDataReg
                0x00000000       0x20 .\ARM_GCC_541\Debug\Mepsan.a(Kill_Switch.o)
 .text          0x00000000        0x0 .\ARM_GCC_541\Debug\Mepsan.a(CyLib.o)
 .bss           0x00000000       0x19 .\ARM_GCC_541\Debug\Mepsan.a(CyLib.o)
 .text.CyPLL_OUT_Start
                0x00000000       0xb0 .\ARM_GCC_541\Debug\Mepsan.a(CyLib.o)
 .text.CyPLL_OUT_Stop
                0x00000000       0x20 .\ARM_GCC_541\Debug\Mepsan.a(CyLib.o)
 .text.CyPLL_OUT_SetPQ
                0x00000000       0x94 .\ARM_GCC_541\Debug\Mepsan.a(CyLib.o)
 .text.CyPLL_OUT_SetSource
                0x00000000       0x58 .\ARM_GCC_541\Debug\Mepsan.a(CyLib.o)
 .text.CyIMO_Start
                0x00000000       0x94 .\ARM_GCC_541\Debug\Mepsan.a(CyLib.o)
 .text.CyIMO_Stop
                0x00000000       0x34 .\ARM_GCC_541\Debug\Mepsan.a(CyLib.o)
 .text.CyUSB_PowerOnCheck
                0x00000000       0x60 .\ARM_GCC_541\Debug\Mepsan.a(CyLib.o)
 .text.CyIMO_SetTrimValue
                0x00000000      0x108 .\ARM_GCC_541\Debug\Mepsan.a(CyLib.o)
 .text.CyIMO_SetFreq
                0x00000000      0x1b0 .\ARM_GCC_541\Debug\Mepsan.a(CyLib.o)
 .text.CyIMO_SetSource
                0x00000000       0x8c .\ARM_GCC_541\Debug\Mepsan.a(CyLib.o)
 .text.CyIMO_EnableDoubler
                0x00000000       0x20 .\ARM_GCC_541\Debug\Mepsan.a(CyLib.o)
 .text.CyIMO_DisableDoubler
                0x00000000       0x20 .\ARM_GCC_541\Debug\Mepsan.a(CyLib.o)
 .text.CyMasterClk_SetSource
                0x00000000       0x34 .\ARM_GCC_541\Debug\Mepsan.a(CyLib.o)
 .text.CyMasterClk_SetDivider
                0x00000000       0x20 .\ARM_GCC_541\Debug\Mepsan.a(CyLib.o)
 .text.CyBusClk_Internal_SetDivider
                0x00000000       0x78 .\ARM_GCC_541\Debug\Mepsan.a(CyLib.o)
 .text.CyBusClk_SetDivider
                0x00000000       0xb4 .\ARM_GCC_541\Debug\Mepsan.a(CyLib.o)
 .text.CyUsbClk_SetSource
                0x00000000       0x34 .\ARM_GCC_541\Debug\Mepsan.a(CyLib.o)
 .text.CyILO_Start1K
                0x00000000       0x20 .\ARM_GCC_541\Debug\Mepsan.a(CyLib.o)
 .text.CyILO_Stop1K
                0x00000000       0x20 .\ARM_GCC_541\Debug\Mepsan.a(CyLib.o)
 .text.CyILO_Start100K
                0x00000000       0x20 .\ARM_GCC_541\Debug\Mepsan.a(CyLib.o)
 .text.CyILO_Stop100K
                0x00000000       0x20 .\ARM_GCC_541\Debug\Mepsan.a(CyLib.o)
 .text.CyILO_Enable33K
                0x00000000       0x20 .\ARM_GCC_541\Debug\Mepsan.a(CyLib.o)
 .text.CyILO_Disable33K
                0x00000000       0x20 .\ARM_GCC_541\Debug\Mepsan.a(CyLib.o)
 .text.CyILO_SetSource
                0x00000000       0x38 .\ARM_GCC_541\Debug\Mepsan.a(CyLib.o)
 .text.CyILO_SetPowerMode
                0x00000000       0x4c .\ARM_GCC_541\Debug\Mepsan.a(CyLib.o)
 .text.CyXTAL_32KHZ_Start
                0x00000000       0x88 .\ARM_GCC_541\Debug\Mepsan.a(CyLib.o)
 .text.CyXTAL_32KHZ_Stop
                0x00000000       0x50 .\ARM_GCC_541\Debug\Mepsan.a(CyLib.o)
 .text.CyXTAL_32KHZ_ReadStatus
                0x00000000       0x1c .\ARM_GCC_541\Debug\Mepsan.a(CyLib.o)
 .text.CyXTAL_32KHZ_SetPowerMode
                0x00000000       0xb4 .\ARM_GCC_541\Debug\Mepsan.a(CyLib.o)
 .text.CyXTAL_Start
                0x00000000       0xd0 .\ARM_GCC_541\Debug\Mepsan.a(CyLib.o)
 .text.CyXTAL_Stop
                0x00000000       0x20 .\ARM_GCC_541\Debug\Mepsan.a(CyLib.o)
 .text.CyXTAL_EnableErrStatus
                0x00000000       0x20 .\ARM_GCC_541\Debug\Mepsan.a(CyLib.o)
 .text.CyXTAL_DisableErrStatus
                0x00000000       0x20 .\ARM_GCC_541\Debug\Mepsan.a(CyLib.o)
 .text.CyXTAL_ReadStatus
                0x00000000       0x24 .\ARM_GCC_541\Debug\Mepsan.a(CyLib.o)
 .text.CyXTAL_EnableFaultRecovery
                0x00000000       0x20 .\ARM_GCC_541\Debug\Mepsan.a(CyLib.o)
 .text.CyXTAL_DisableFaultRecovery
                0x00000000       0x20 .\ARM_GCC_541\Debug\Mepsan.a(CyLib.o)
 .text.CyXTAL_SetStartup
                0x00000000       0x34 .\ARM_GCC_541\Debug\Mepsan.a(CyLib.o)
 .text.CyXTAL_SetFbVoltage
                0x00000000       0x34 .\ARM_GCC_541\Debug\Mepsan.a(CyLib.o)
 .text.CyXTAL_SetWdVoltage
                0x00000000       0x38 .\ARM_GCC_541\Debug\Mepsan.a(CyLib.o)
 .text.CySoftwareReset
                0x00000000       0x20 .\ARM_GCC_541\Debug\Mepsan.a(CyLib.o)
 .text.CyDelayUs
                0x00000000       0x28 .\ARM_GCC_541\Debug\Mepsan.a(CyLib.o)
 .text.CyDelayFreq
                0x00000000       0x7c .\ARM_GCC_541\Debug\Mepsan.a(CyLib.o)
 .text.CyWdtStart
                0x00000000       0x8c .\ARM_GCC_541\Debug\Mepsan.a(CyLib.o)
 .text.CyWdtClear
                0x00000000       0x18 .\ARM_GCC_541\Debug\Mepsan.a(CyLib.o)
 .text.CyVdLvDigitEnable
                0x00000000       0xcc .\ARM_GCC_541\Debug\Mepsan.a(CyLib.o)
 .text.CyVdLvAnalogEnable
                0x00000000       0xcc .\ARM_GCC_541\Debug\Mepsan.a(CyLib.o)
 .text.CyVdLvDigitDisable
                0x00000000       0x48 .\ARM_GCC_541\Debug\Mepsan.a(CyLib.o)
 .text.CyVdLvAnalogDisable
                0x00000000       0x44 .\ARM_GCC_541\Debug\Mepsan.a(CyLib.o)
 .text.CyVdHvAnalogEnable
                0x00000000       0x7c .\ARM_GCC_541\Debug\Mepsan.a(CyLib.o)
 .text.CyVdHvAnalogDisable
                0x00000000       0x30 .\ARM_GCC_541\Debug\Mepsan.a(CyLib.o)
 .text.CyVdStickyStatus
                0x00000000       0x5c .\ARM_GCC_541\Debug\Mepsan.a(CyLib.o)
 .text.CyVdRealTimeStatus
                0x00000000       0x30 .\ARM_GCC_541\Debug\Mepsan.a(CyLib.o)
 .text.CyDisableInts
                0x00000000       0x34 .\ARM_GCC_541\Debug\Mepsan.a(CyLib.o)
 .text.CyEnableInts
                0x00000000       0x2c .\ARM_GCC_541\Debug\Mepsan.a(CyLib.o)
 .text.CyFlushCache
                0x00000000       0x5c .\ARM_GCC_541\Debug\Mepsan.a(CyLib.o)
 .text.CyIntSetSysVector
                0x00000000       0x4c .\ARM_GCC_541\Debug\Mepsan.a(CyLib.o)
 .text.CyIntGetSysVector
                0x00000000       0x38 .\ARM_GCC_541\Debug\Mepsan.a(CyLib.o)
 .text.CyIntGetVector
                0x00000000       0x38 .\ARM_GCC_541\Debug\Mepsan.a(CyLib.o)
 .text.CyIntGetPriority
                0x00000000       0x38 .\ARM_GCC_541\Debug\Mepsan.a(CyLib.o)
 .text.CyIntGetState
                0x00000000       0x44 .\ARM_GCC_541\Debug\Mepsan.a(CyLib.o)
 .text.CySysTickStart
                0x00000000       0x24 .\ARM_GCC_541\Debug\Mepsan.a(CyLib.o)
 .text.CySysTickInit
                0x00000000       0x6c .\ARM_GCC_541\Debug\Mepsan.a(CyLib.o)
 .text.CySysTickEnable
                0x00000000       0x1c .\ARM_GCC_541\Debug\Mepsan.a(CyLib.o)
 .text.CySysTickStop
                0x00000000       0x1c .\ARM_GCC_541\Debug\Mepsan.a(CyLib.o)
 .text.CySysTickEnableInterrupt
                0x00000000       0x1c .\ARM_GCC_541\Debug\Mepsan.a(CyLib.o)
 .text.CySysTickDisableInterrupt
                0x00000000       0x1c .\ARM_GCC_541\Debug\Mepsan.a(CyLib.o)
 .text.CySysTickSetReload
                0x00000000       0x20 .\ARM_GCC_541\Debug\Mepsan.a(CyLib.o)
 .text.CySysTickGetReload
                0x00000000       0x18 .\ARM_GCC_541\Debug\Mepsan.a(CyLib.o)
 .text.CySysTickGetValue
                0x00000000       0x18 .\ARM_GCC_541\Debug\Mepsan.a(CyLib.o)
 .text.CySysTickSetClockSource
                0x00000000       0x38 .\ARM_GCC_541\Debug\Mepsan.a(CyLib.o)
 .text.CySysTickGetClockSource
                0x00000000       0x1c .\ARM_GCC_541\Debug\Mepsan.a(CyLib.o)
 .text.CySysTickGetCountFlag
                0x00000000       0x1c .\ARM_GCC_541\Debug\Mepsan.a(CyLib.o)
 .text.CySysTickClear
                0x00000000       0x18 .\ARM_GCC_541\Debug\Mepsan.a(CyLib.o)
 .text.CySysTickSetCallback
                0x00000000       0x30 .\ARM_GCC_541\Debug\Mepsan.a(CyLib.o)
 .text.CySysTickGetCallback
                0x00000000       0x20 .\ARM_GCC_541\Debug\Mepsan.a(CyLib.o)
 .text.CySysTickServiceCallbacks
                0x00000000       0x44 .\ARM_GCC_541\Debug\Mepsan.a(CyLib.o)
 .text.CyGetUniqueId
                0x00000000       0xc4 .\ARM_GCC_541\Debug\Mepsan.a(CyLib.o)
 .text          0x00000000        0x0 .\ARM_GCC_541\Debug\Mepsan.a(cyPm.o)
 .data          0x00000000        0x0 .\ARM_GCC_541\Debug\Mepsan.a(cyPm.o)
 .bss           0x00000000       0x43 .\ARM_GCC_541\Debug\Mepsan.a(cyPm.o)
 .rodata        0x00000000        0xf .\ARM_GCC_541\Debug\Mepsan.a(cyPm.o)
 .text.CyPmSaveClocks
                0x00000000      0x288 .\ARM_GCC_541\Debug\Mepsan.a(cyPm.o)
 .text.CyPmRestoreClocks
                0x00000000      0x2f0 .\ARM_GCC_541\Debug\Mepsan.a(cyPm.o)
 .text.CyPmAltAct
                0x00000000       0xbc .\ARM_GCC_541\Debug\Mepsan.a(cyPm.o)
 .text.CyPmSleep
                0x00000000      0x170 .\ARM_GCC_541\Debug\Mepsan.a(cyPm.o)
 .text.CyPmHibernate
                0x00000000       0x10 .\ARM_GCC_541\Debug\Mepsan.a(cyPm.o)
 .text.CyPmHibernateEx
                0x00000000      0x158 .\ARM_GCC_541\Debug\Mepsan.a(cyPm.o)
 .text.CyPmReadStatus
                0x00000000       0x5c .\ARM_GCC_541\Debug\Mepsan.a(cyPm.o)
 .text.CyPmHibSaveSet
                0x00000000       0xe8 .\ARM_GCC_541\Debug\Mepsan.a(cyPm.o)
 .text.CyPmHibRestore
                0x00000000       0x78 .\ARM_GCC_541\Debug\Mepsan.a(cyPm.o)
 .text.CyPmCtwSetInterval
                0x00000000       0x94 .\ARM_GCC_541\Debug\Mepsan.a(cyPm.o)
 .text.CyPmOppsSet
                0x00000000       0x44 .\ARM_GCC_541\Debug\Mepsan.a(cyPm.o)
 .text.CyPmFtwSetInterval
                0x00000000       0x94 .\ARM_GCC_541\Debug\Mepsan.a(cyPm.o)
 .text.CyPmHibSlpSaveSet
                0x00000000      0x280 .\ARM_GCC_541\Debug\Mepsan.a(cyPm.o)
 .text.CyPmHibSlpRestore
                0x00000000      0x18c .\ARM_GCC_541\Debug\Mepsan.a(cyPm.o)
 .text.CyPmHviLviSaveDisable
                0x00000000       0xd8 .\ARM_GCC_541\Debug\Mepsan.a(cyPm.o)
 .text.CyPmHviLviRestore
                0x00000000       0x58 .\ARM_GCC_541\Debug\Mepsan.a(cyPm.o)
 .text          0x00000000        0x0 .\ARM_GCC_541\Debug\Mepsan.a(UART_1.o)
 .data          0x00000000        0x0 .\ARM_GCC_541\Debug\Mepsan.a(UART_1.o)
 .text.UART_1_Stop
                0x00000000       0x68 .\ARM_GCC_541\Debug\Mepsan.a(UART_1.o)
 .text.UART_1_ReadControlRegister
                0x00000000       0x10 .\ARM_GCC_541\Debug\Mepsan.a(UART_1.o)
 .text.UART_1_WriteControlRegister
                0x00000000       0x14 .\ARM_GCC_541\Debug\Mepsan.a(UART_1.o)
 .text.UART_1_SetRxInterruptMode
                0x00000000       0x20 .\ARM_GCC_541\Debug\Mepsan.a(UART_1.o)
 .text.UART_1_ReadRxStatus
                0x00000000       0x40 .\ARM_GCC_541\Debug\Mepsan.a(UART_1.o)
 .text.UART_1_GetChar
                0x00000000       0xb8 .\ARM_GCC_541\Debug\Mepsan.a(UART_1.o)
 .text.UART_1_GetByte
                0x00000000       0x44 .\ARM_GCC_541\Debug\Mepsan.a(UART_1.o)
 .text.UART_1_SetRxAddressMode
                0x00000000       0x14 .\ARM_GCC_541\Debug\Mepsan.a(UART_1.o)
 .text.UART_1_SetRxAddress1
                0x00000000       0x20 .\ARM_GCC_541\Debug\Mepsan.a(UART_1.o)
 .text.UART_1_SetRxAddress2
                0x00000000       0x20 .\ARM_GCC_541\Debug\Mepsan.a(UART_1.o)
 .text.UART_1_SetTxInterruptMode
                0x00000000       0x20 .\ARM_GCC_541\Debug\Mepsan.a(UART_1.o)
 .text.UART_1_WriteTxData
                0x00000000       0x2c .\ARM_GCC_541\Debug\Mepsan.a(UART_1.o)
 .text.UART_1_ReadTxStatus
                0x00000000       0x18 .\ARM_GCC_541\Debug\Mepsan.a(UART_1.o)
 .text.UART_1_PutString
                0x00000000       0x44 .\ARM_GCC_541\Debug\Mepsan.a(UART_1.o)
 .text.UART_1_PutArray
                0x00000000       0x44 .\ARM_GCC_541\Debug\Mepsan.a(UART_1.o)
 .text.UART_1_PutCRLF
                0x00000000       0x34 .\ARM_GCC_541\Debug\Mepsan.a(UART_1.o)
 .text.UART_1_GetTxBufferSize
                0x00000000       0x40 .\ARM_GCC_541\Debug\Mepsan.a(UART_1.o)
 .text.UART_1_ClearTxBuffer
                0x00000000       0x44 .\ARM_GCC_541\Debug\Mepsan.a(UART_1.o)
 .text.UART_1_SendBreak
                0x00000000       0xc0 .\ARM_GCC_541\Debug\Mepsan.a(UART_1.o)
 .text.UART_1_SetTxAddressMode
                0x00000000       0x14 .\ARM_GCC_541\Debug\Mepsan.a(UART_1.o)
 .text          0x00000000        0x0 .\ARM_GCC_541\Debug\Mepsan.a(UART_1_INT.o)
 .data          0x00000000        0x0 .\ARM_GCC_541\Debug\Mepsan.a(UART_1_INT.o)
 .bss           0x00000000        0x0 .\ARM_GCC_541\Debug\Mepsan.a(UART_1_INT.o)
 .text          0x00000000        0x0 .\ARM_GCC_541\Debug\Mepsan.a(UART_1_IntClock.o)
 .data          0x00000000        0x0 .\ARM_GCC_541\Debug\Mepsan.a(UART_1_IntClock.o)
 .bss           0x00000000        0x0 .\ARM_GCC_541\Debug\Mepsan.a(UART_1_IntClock.o)
 .text.UART_1_IntClock_Stop
                0x00000000       0x34 .\ARM_GCC_541\Debug\Mepsan.a(UART_1_IntClock.o)
 .text.UART_1_IntClock_StopBlock
                0x00000000       0xb0 .\ARM_GCC_541\Debug\Mepsan.a(UART_1_IntClock.o)
 .text.UART_1_IntClock_StandbyPower
                0x00000000       0x40 .\ARM_GCC_541\Debug\Mepsan.a(UART_1_IntClock.o)
 .text.UART_1_IntClock_SetDividerRegister
                0x00000000      0x164 .\ARM_GCC_541\Debug\Mepsan.a(UART_1_IntClock.o)
 .text.UART_1_IntClock_GetDividerRegister
                0x00000000       0x18 .\ARM_GCC_541\Debug\Mepsan.a(UART_1_IntClock.o)
 .text.UART_1_IntClock_SetModeRegister
                0x00000000       0x34 .\ARM_GCC_541\Debug\Mepsan.a(UART_1_IntClock.o)
 .text.UART_1_IntClock_ClearModeRegister
                0x00000000       0x34 .\ARM_GCC_541\Debug\Mepsan.a(UART_1_IntClock.o)
 .text.UART_1_IntClock_GetModeRegister
                0x00000000       0x1c .\ARM_GCC_541\Debug\Mepsan.a(UART_1_IntClock.o)
 .text.UART_1_IntClock_SetSourceRegister
                0x00000000       0xc4 .\ARM_GCC_541\Debug\Mepsan.a(UART_1_IntClock.o)
 .text.UART_1_IntClock_GetSourceRegister
                0x00000000       0x1c .\ARM_GCC_541\Debug\Mepsan.a(UART_1_IntClock.o)
 .text          0x00000000        0x0 .\ARM_GCC_541\Debug\Mepsan.a(Timer_1.o)
 .data          0x00000000        0x0 .\ARM_GCC_541\Debug\Mepsan.a(Timer_1.o)
 .text.Timer_1_Stop
                0x00000000       0x48 .\ARM_GCC_541\Debug\Mepsan.a(Timer_1.o)
 .text.Timer_1_SoftwareCapture
                0x00000000       0x14 .\ARM_GCC_541\Debug\Mepsan.a(Timer_1.o)
 .text.Timer_1_ReadStatusRegister
                0x00000000       0x18 .\ARM_GCC_541\Debug\Mepsan.a(Timer_1.o)
 .text.Timer_1_ReadControlRegister
                0x00000000       0x18 .\ARM_GCC_541\Debug\Mepsan.a(Timer_1.o)
 .text.Timer_1_WriteControlRegister
                0x00000000       0x20 .\ARM_GCC_541\Debug\Mepsan.a(Timer_1.o)
 .text.Timer_1_ReadPeriod
                0x00000000       0x18 .\ARM_GCC_541\Debug\Mepsan.a(Timer_1.o)
 .text.Timer_1_ReadCapture
                0x00000000       0x18 .\ARM_GCC_541\Debug\Mepsan.a(Timer_1.o)
 .text.Timer_1_ReadCounter
                0x00000000       0x20 .\ARM_GCC_541\Debug\Mepsan.a(Timer_1.o)
 .text          0x00000000        0x0 .\ARM_GCC_541\Debug\Mepsan.a(UART_2.o)
 .data          0x00000000        0x0 .\ARM_GCC_541\Debug\Mepsan.a(UART_2.o)
 .text.UART_2_Stop
                0x00000000       0x64 .\ARM_GCC_541\Debug\Mepsan.a(UART_2.o)
 .text.UART_2_ReadControlRegister
                0x00000000       0x10 .\ARM_GCC_541\Debug\Mepsan.a(UART_2.o)
 .text.UART_2_WriteControlRegister
                0x00000000       0x14 .\ARM_GCC_541\Debug\Mepsan.a(UART_2.o)
 .text.UART_2_SetRxInterruptMode
                0x00000000       0x20 .\ARM_GCC_541\Debug\Mepsan.a(UART_2.o)
 .text.UART_2_ReadRxData
                0x00000000       0x90 .\ARM_GCC_541\Debug\Mepsan.a(UART_2.o)
 .text.UART_2_ReadRxStatus
                0x00000000       0x40 .\ARM_GCC_541\Debug\Mepsan.a(UART_2.o)
 .text.UART_2_GetChar
                0x00000000       0xb8 .\ARM_GCC_541\Debug\Mepsan.a(UART_2.o)
 .text.UART_2_GetByte
                0x00000000       0x44 .\ARM_GCC_541\Debug\Mepsan.a(UART_2.o)
 .text.UART_2_GetRxBufferSize
                0x00000000       0x90 .\ARM_GCC_541\Debug\Mepsan.a(UART_2.o)
 .text.UART_2_ClearRxBuffer
                0x00000000       0x80 .\ARM_GCC_541\Debug\Mepsan.a(UART_2.o)
 .text.UART_2_SetRxAddressMode
                0x00000000       0x14 .\ARM_GCC_541\Debug\Mepsan.a(UART_2.o)
 .text.UART_2_SetRxAddress1
                0x00000000       0x20 .\ARM_GCC_541\Debug\Mepsan.a(UART_2.o)
 .text.UART_2_SetRxAddress2
                0x00000000       0x20 .\ARM_GCC_541\Debug\Mepsan.a(UART_2.o)
 .text.UART_2_SetTxInterruptMode
                0x00000000       0x20 .\ARM_GCC_541\Debug\Mepsan.a(UART_2.o)
 .text.UART_2_WriteTxData
                0x00000000       0x2c .\ARM_GCC_541\Debug\Mepsan.a(UART_2.o)
 .text.UART_2_ReadTxStatus
                0x00000000       0x18 .\ARM_GCC_541\Debug\Mepsan.a(UART_2.o)
 .text.UART_2_PutChar
                0x00000000       0x34 .\ARM_GCC_541\Debug\Mepsan.a(UART_2.o)
 .text.UART_2_PutString
                0x00000000       0x44 .\ARM_GCC_541\Debug\Mepsan.a(UART_2.o)
 .text.UART_2_PutArray
                0x00000000       0x44 .\ARM_GCC_541\Debug\Mepsan.a(UART_2.o)
 .text.UART_2_PutCRLF
                0x00000000       0x34 .\ARM_GCC_541\Debug\Mepsan.a(UART_2.o)
 .text.UART_2_GetTxBufferSize
                0x00000000       0x40 .\ARM_GCC_541\Debug\Mepsan.a(UART_2.o)
 .text.UART_2_ClearTxBuffer
                0x00000000       0x44 .\ARM_GCC_541\Debug\Mepsan.a(UART_2.o)
 .text.UART_2_SendBreak
                0x00000000       0xc0 .\ARM_GCC_541\Debug\Mepsan.a(UART_2.o)
 .text.UART_2_SetTxAddressMode
                0x00000000       0x14 .\ARM_GCC_541\Debug\Mepsan.a(UART_2.o)
 .text          0x00000000        0x0 .\ARM_GCC_541\Debug\Mepsan.a(UART_2_INT.o)
 .data          0x00000000        0x0 .\ARM_GCC_541\Debug\Mepsan.a(UART_2_INT.o)
 .bss           0x00000000        0x0 .\ARM_GCC_541\Debug\Mepsan.a(UART_2_INT.o)
 .text          0x00000000        0x0 .\ARM_GCC_541\Debug\Mepsan.a(EnablePin.o)
 .data          0x00000000        0x0 .\ARM_GCC_541\Debug\Mepsan.a(EnablePin.o)
 .bss           0x00000000        0x0 .\ARM_GCC_541\Debug\Mepsan.a(EnablePin.o)
 .text.EnablePin_SetDriveMode
                0x00000000       0x3c .\ARM_GCC_541\Debug\Mepsan.a(EnablePin.o)
 .text.EnablePin_Read
                0x00000000       0x1c .\ARM_GCC_541\Debug\Mepsan.a(EnablePin.o)
 .text.EnablePin_ReadDataReg
                0x00000000       0x1c .\ARM_GCC_541\Debug\Mepsan.a(EnablePin.o)
 .text          0x00000000        0x0 .\ARM_GCC_541\Debug\Mepsan.a(EnablePin_1.o)
 .data          0x00000000        0x0 .\ARM_GCC_541\Debug\Mepsan.a(EnablePin_1.o)
 .bss           0x00000000        0x0 .\ARM_GCC_541\Debug\Mepsan.a(EnablePin_1.o)
 .text.EnablePin_1_Write
                0x00000000       0x3c .\ARM_GCC_541\Debug\Mepsan.a(EnablePin_1.o)
 .text.EnablePin_1_SetDriveMode
                0x00000000       0x3c .\ARM_GCC_541\Debug\Mepsan.a(EnablePin_1.o)
 .text.EnablePin_1_ReadDataReg
                0x00000000       0x20 .\ARM_GCC_541\Debug\Mepsan.a(EnablePin_1.o)
 .text          0x00000000        0x0 .\ARM_GCC_541\Debug\Mepsan.a(UART_3.o)
 .data          0x00000000        0x0 .\ARM_GCC_541\Debug\Mepsan.a(UART_3.o)
 .text.UART_3_Stop
                0x00000000       0x40 .\ARM_GCC_541\Debug\Mepsan.a(UART_3.o)
 .text.UART_3_ReadControlRegister
                0x00000000       0x10 .\ARM_GCC_541\Debug\Mepsan.a(UART_3.o)
 .text.UART_3_WriteControlRegister
                0x00000000       0x14 .\ARM_GCC_541\Debug\Mepsan.a(UART_3.o)
 .text.UART_3_SetTxInterruptMode
                0x00000000       0x20 .\ARM_GCC_541\Debug\Mepsan.a(UART_3.o)
 .text.UART_3_WriteTxData
                0x00000000       0x94 .\ARM_GCC_541\Debug\Mepsan.a(UART_3.o)
 .text.UART_3_ReadTxStatus
                0x00000000       0x18 .\ARM_GCC_541\Debug\Mepsan.a(UART_3.o)
 .text.UART_3_PutString
                0x00000000       0x44 .\ARM_GCC_541\Debug\Mepsan.a(UART_3.o)
 .text.UART_3_PutArray
                0x00000000       0x44 .\ARM_GCC_541\Debug\Mepsan.a(UART_3.o)
 .text.UART_3_PutCRLF
                0x00000000       0x34 .\ARM_GCC_541\Debug\Mepsan.a(UART_3.o)
 .text.UART_3_GetTxBufferSize
                0x00000000       0x74 .\ARM_GCC_541\Debug\Mepsan.a(UART_3.o)
 .text.UART_3_ClearTxBuffer
                0x00000000       0x6c .\ARM_GCC_541\Debug\Mepsan.a(UART_3.o)
 .text.UART_3_SendBreak
                0x00000000       0x9c .\ARM_GCC_541\Debug\Mepsan.a(UART_3.o)
 .text.UART_3_SetTxAddressMode
                0x00000000       0x14 .\ARM_GCC_541\Debug\Mepsan.a(UART_3.o)
 .text          0x00000000        0x0 .\ARM_GCC_541\Debug\Mepsan.a(UART_3_INT.o)
 .data          0x00000000        0x0 .\ARM_GCC_541\Debug\Mepsan.a(UART_3_INT.o)
 .bss           0x00000000        0x0 .\ARM_GCC_541\Debug\Mepsan.a(UART_3_INT.o)
 .text          0x00000000        0x0 .\ARM_GCC_541\Debug\Mepsan.a(UART_3_IntClock.o)
 .data          0x00000000        0x0 .\ARM_GCC_541\Debug\Mepsan.a(UART_3_IntClock.o)
 .bss           0x00000000        0x0 .\ARM_GCC_541\Debug\Mepsan.a(UART_3_IntClock.o)
 .text.UART_3_IntClock_Stop
                0x00000000       0x34 .\ARM_GCC_541\Debug\Mepsan.a(UART_3_IntClock.o)
 .text.UART_3_IntClock_StopBlock
                0x00000000       0xb0 .\ARM_GCC_541\Debug\Mepsan.a(UART_3_IntClock.o)
 .text.UART_3_IntClock_StandbyPower
                0x00000000       0x40 .\ARM_GCC_541\Debug\Mepsan.a(UART_3_IntClock.o)
 .text.UART_3_IntClock_SetDividerRegister
                0x00000000      0x164 .\ARM_GCC_541\Debug\Mepsan.a(UART_3_IntClock.o)
 .text.UART_3_IntClock_GetDividerRegister
                0x00000000       0x18 .\ARM_GCC_541\Debug\Mepsan.a(UART_3_IntClock.o)
 .text.UART_3_IntClock_SetModeRegister
                0x00000000       0x34 .\ARM_GCC_541\Debug\Mepsan.a(UART_3_IntClock.o)
 .text.UART_3_IntClock_ClearModeRegister
                0x00000000       0x34 .\ARM_GCC_541\Debug\Mepsan.a(UART_3_IntClock.o)
 .text.UART_3_IntClock_GetModeRegister
                0x00000000       0x1c .\ARM_GCC_541\Debug\Mepsan.a(UART_3_IntClock.o)
 .text.UART_3_IntClock_SetSourceRegister
                0x00000000       0xc4 .\ARM_GCC_541\Debug\Mepsan.a(UART_3_IntClock.o)
 .text.UART_3_IntClock_GetSourceRegister
                0x00000000       0x1c .\ARM_GCC_541\Debug\Mepsan.a(UART_3_IntClock.o)
 .data          0x00000000        0x0 .\ARM_GCC_541\Debug\Mepsan.a(CyBootAsmGnu.o)
 .bss           0x00000000        0x0 .\ARM_GCC_541\Debug\Mepsan.a(CyBootAsmGnu.o)
 .text          0x00000000        0x0 .\ARM_GCC_541\Debug\Mepsan.a(CyFlash.o)
 .data          0x00000000        0x0 .\ARM_GCC_541\Debug\Mepsan.a(CyFlash.o)
 .bss           0x00000000        0x4 .\ARM_GCC_541\Debug\Mepsan.a(CyFlash.o)
 .text.CyFlash_Start
                0x00000000       0x8c .\ARM_GCC_541\Debug\Mepsan.a(CyFlash.o)
 .text.CyFlash_Stop
                0x00000000       0x48 .\ARM_GCC_541\Debug\Mepsan.a(CyFlash.o)
 .text.CyFlash_EraseRow
                0x00000000       0xb0 .\ARM_GCC_541\Debug\Mepsan.a(CyFlash.o)
 .text.CySetTempInt
                0x00000000       0x7c .\ARM_GCC_541\Debug\Mepsan.a(CyFlash.o)
 .text.CyFlashGetSpcAlgorithm
                0x00000000       0x70 .\ARM_GCC_541\Debug\Mepsan.a(CyFlash.o)
 .text.CySetTemp
                0x00000000       0x24 .\ARM_GCC_541\Debug\Mepsan.a(CyFlash.o)
 .text.CySetFlashEEBuffer
                0x00000000       0x54 .\ARM_GCC_541\Debug\Mepsan.a(CyFlash.o)
 .text.CyWriteRowData
                0x00000000       0x38 .\ARM_GCC_541\Debug\Mepsan.a(CyFlash.o)
 .text.CyWriteRowFull
                0x00000000      0x154 .\ARM_GCC_541\Debug\Mepsan.a(CyFlash.o)
 .text.CyFlash_SetWaitCycles
                0x00000000       0xbc .\ARM_GCC_541\Debug\Mepsan.a(CyFlash.o)
 .text.CyEEPROM_Start
                0x00000000       0x8c .\ARM_GCC_541\Debug\Mepsan.a(CyFlash.o)
 .text.CyEEPROM_Stop
                0x00000000       0x48 .\ARM_GCC_541\Debug\Mepsan.a(CyFlash.o)
 .text.CyEEPROM_ReadReserve
                0x00000000       0x30 .\ARM_GCC_541\Debug\Mepsan.a(CyFlash.o)
 .text.CyEEPROM_ReadRelease
                0x00000000       0x20 .\ARM_GCC_541\Debug\Mepsan.a(CyFlash.o)
 COMMON         0x00000000        0x2 .\ARM_GCC_541\Debug\Mepsan.a(CyFlash.o)
 .text          0x00000000        0x0 .\ARM_GCC_541\Debug\Mepsan.a(CySpc.o)
 .data          0x00000000        0x0 .\ARM_GCC_541\Debug\Mepsan.a(CySpc.o)
 .bss           0x00000000        0x8 .\ARM_GCC_541\Debug\Mepsan.a(CySpc.o)
 .text.CySpcStart
                0x00000000       0x48 .\ARM_GCC_541\Debug\Mepsan.a(CySpc.o)
 .text.CySpcStop
                0x00000000       0x48 .\ARM_GCC_541\Debug\Mepsan.a(CySpc.o)
 .text.CySpcReadData
                0x00000000       0x54 .\ARM_GCC_541\Debug\Mepsan.a(CySpc.o)
 .text.CySpcLoadMultiByte
                0x00000000       0xd0 .\ARM_GCC_541\Debug\Mepsan.a(CySpc.o)
 .text.CySpcLoadRow
                0x00000000       0x88 .\ARM_GCC_541\Debug\Mepsan.a(CySpc.o)
 .text.CySpcLoadRowFull
                0x00000000       0xcc .\ARM_GCC_541\Debug\Mepsan.a(CySpc.o)
 .text.CySpcWriteRow
                0x00000000       0x98 .\ARM_GCC_541\Debug\Mepsan.a(CySpc.o)
 .text.CySpcEraseSector
                0x00000000       0x70 .\ARM_GCC_541\Debug\Mepsan.a(CySpc.o)
 .text.CySpcEraseRow
                0x00000000       0x98 .\ARM_GCC_541\Debug\Mepsan.a(CySpc.o)
 .text.CySpcGetTemp
                0x00000000       0x64 .\ARM_GCC_541\Debug\Mepsan.a(CySpc.o)
 .text.CySpcLock
                0x00000000       0x68 .\ARM_GCC_541\Debug\Mepsan.a(CySpc.o)
 .text.CySpcUnlock
                0x00000000       0x50 .\ARM_GCC_541\Debug\Mepsan.a(CySpc.o)
 .text.CySpcGetAlgorithm
                0x00000000       0x44 .\ARM_GCC_541\Debug\Mepsan.a(CySpc.o)
 .text          0x00000000        0x0 c:/program files (x86)/cypress/psoc creator/4.2/psoc creator/import/gnu/arm/5.4.1/bin/../lib/gcc/arm-none-eabi/5.4.1/../../../../arm-none-eabi/lib/armv7-m\libg_nano.a(lib_a-errno.o)
 .data          0x00000000        0x0 c:/program files (x86)/cypress/psoc creator/4.2/psoc creator/import/gnu/arm/5.4.1/bin/../lib/gcc/arm-none-eabi/5.4.1/../../../../arm-none-eabi/lib/armv7-m\libg_nano.a(lib_a-errno.o)
 .bss           0x00000000        0x0 c:/program files (x86)/cypress/psoc creator/4.2/psoc creator/import/gnu/arm/5.4.1/bin/../lib/gcc/arm-none-eabi/5.4.1/../../../../arm-none-eabi/lib/armv7-m\libg_nano.a(lib_a-errno.o)
 .text          0x00000000        0x0 c:/program files (x86)/cypress/psoc creator/4.2/psoc creator/import/gnu/arm/5.4.1/bin/../lib/gcc/arm-none-eabi/5.4.1/../../../../arm-none-eabi/lib/armv7-m\libg_nano.a(lib_a-exit.o)
 .data          0x00000000        0x0 c:/program files (x86)/cypress/psoc creator/4.2/psoc creator/import/gnu/arm/5.4.1/bin/../lib/gcc/arm-none-eabi/5.4.1/../../../../arm-none-eabi/lib/armv7-m\libg_nano.a(lib_a-exit.o)
 .bss           0x00000000        0x0 c:/program files (x86)/cypress/psoc creator/4.2/psoc creator/import/gnu/arm/5.4.1/bin/../lib/gcc/arm-none-eabi/5.4.1/../../../../arm-none-eabi/lib/armv7-m\libg_nano.a(lib_a-exit.o)
 .text.exit     0x00000000       0x28 c:/program files (x86)/cypress/psoc creator/4.2/psoc creator/import/gnu/arm/5.4.1/bin/../lib/gcc/arm-none-eabi/5.4.1/../../../../arm-none-eabi/lib/armv7-m\libg_nano.a(lib_a-exit.o)
 .text          0x00000000        0x0 c:/program files (x86)/cypress/psoc creator/4.2/psoc creator/import/gnu/arm/5.4.1/bin/../lib/gcc/arm-none-eabi/5.4.1/../../../../arm-none-eabi/lib/armv7-m\libg_nano.a(lib_a-impure.o)
 .data          0x00000000        0x0 c:/program files (x86)/cypress/psoc creator/4.2/psoc creator/import/gnu/arm/5.4.1/bin/../lib/gcc/arm-none-eabi/5.4.1/../../../../arm-none-eabi/lib/armv7-m\libg_nano.a(lib_a-impure.o)
 .bss           0x00000000        0x0 c:/program files (x86)/cypress/psoc creator/4.2/psoc creator/import/gnu/arm/5.4.1/bin/../lib/gcc/arm-none-eabi/5.4.1/../../../../arm-none-eabi/lib/armv7-m\libg_nano.a(lib_a-impure.o)
 .rodata._global_impure_ptr
                0x00000000        0x4 c:/program files (x86)/cypress/psoc creator/4.2/psoc creator/import/gnu/arm/5.4.1/bin/../lib/gcc/arm-none-eabi/5.4.1/../../../../arm-none-eabi/lib/armv7-m\libg_nano.a(lib_a-impure.o)
 .text          0x00000000        0x0 c:/program files (x86)/cypress/psoc creator/4.2/psoc creator/import/gnu/arm/5.4.1/bin/../lib/gcc/arm-none-eabi/5.4.1/../../../../arm-none-eabi/lib/armv7-m\libg_nano.a(lib_a-init.o)
 .data          0x00000000        0x0 c:/program files (x86)/cypress/psoc creator/4.2/psoc creator/import/gnu/arm/5.4.1/bin/../lib/gcc/arm-none-eabi/5.4.1/../../../../arm-none-eabi/lib/armv7-m\libg_nano.a(lib_a-init.o)
 .bss           0x00000000        0x0 c:/program files (x86)/cypress/psoc creator/4.2/psoc creator/import/gnu/arm/5.4.1/bin/../lib/gcc/arm-none-eabi/5.4.1/../../../../arm-none-eabi/lib/armv7-m\libg_nano.a(lib_a-init.o)
 .text          0x00000000        0x0 c:/program files (x86)/cypress/psoc creator/4.2/psoc creator/import/gnu/arm/5.4.1/bin/../lib/gcc/arm-none-eabi/5.4.1/../../../../arm-none-eabi/lib/armv7-m\libg_nano.a(lib_a-memcpy-stub.o)
 .data          0x00000000        0x0 c:/program files (x86)/cypress/psoc creator/4.2/psoc creator/import/gnu/arm/5.4.1/bin/../lib/gcc/arm-none-eabi/5.4.1/../../../../arm-none-eabi/lib/armv7-m\libg_nano.a(lib_a-memcpy-stub.o)
 .bss           0x00000000        0x0 c:/program files (x86)/cypress/psoc creator/4.2/psoc creator/import/gnu/arm/5.4.1/bin/../lib/gcc/arm-none-eabi/5.4.1/../../../../arm-none-eabi/lib/armv7-m\libg_nano.a(lib_a-memcpy-stub.o)
 .text          0x00000000        0x0 c:/program files (x86)/cypress/psoc creator/4.2/psoc creator/import/gnu/arm/5.4.1/bin/../lib/gcc/arm-none-eabi/5.4.1/../../../../arm-none-eabi/lib/armv7-m\libg_nano.a(lib_a-memset.o)
 .data          0x00000000        0x0 c:/program files (x86)/cypress/psoc creator/4.2/psoc creator/import/gnu/arm/5.4.1/bin/../lib/gcc/arm-none-eabi/5.4.1/../../../../arm-none-eabi/lib/armv7-m\libg_nano.a(lib_a-memset.o)
 .bss           0x00000000        0x0 c:/program files (x86)/cypress/psoc creator/4.2/psoc creator/import/gnu/arm/5.4.1/bin/../lib/gcc/arm-none-eabi/5.4.1/../../../../arm-none-eabi/lib/armv7-m\libg_nano.a(lib_a-memset.o)
 .text.memset   0x00000000       0x10 c:/program files (x86)/cypress/psoc creator/4.2/psoc creator/import/gnu/arm/5.4.1/bin/../lib/gcc/arm-none-eabi/5.4.1/../../../../arm-none-eabi/lib/armv7-m\libg_nano.a(lib_a-memset.o)
 .text          0x00000000        0x0 c:/program files (x86)/cypress/psoc creator/4.2/psoc creator/import/gnu/arm/5.4.1/bin/../lib/gcc/arm-none-eabi/5.4.1/armv7-m/crtend.o
 .data          0x00000000        0x0 c:/program files (x86)/cypress/psoc creator/4.2/psoc creator/import/gnu/arm/5.4.1/bin/../lib/gcc/arm-none-eabi/5.4.1/armv7-m/crtend.o
 .bss           0x00000000        0x0 c:/program files (x86)/cypress/psoc creator/4.2/psoc creator/import/gnu/arm/5.4.1/bin/../lib/gcc/arm-none-eabi/5.4.1/armv7-m/crtend.o
 .text          0x00000000        0x0 c:/program files (x86)/cypress/psoc creator/4.2/psoc creator/import/gnu/arm/5.4.1/bin/../lib/gcc/arm-none-eabi/5.4.1/armv7-m/crtn.o
 .data          0x00000000        0x0 c:/program files (x86)/cypress/psoc creator/4.2/psoc creator/import/gnu/arm/5.4.1/bin/../lib/gcc/arm-none-eabi/5.4.1/armv7-m/crtn.o
 .bss           0x00000000        0x0 c:/program files (x86)/cypress/psoc creator/4.2/psoc creator/import/gnu/arm/5.4.1/bin/../lib/gcc/arm-none-eabi/5.4.1/armv7-m/crtn.o

Memory Configuration

Name             Origin             Length             Attributes
rom              0x00000000         0x00040000         xr
ram              0x1fff8000         0x00010000         xrw
*default*        0x00000000         0xffffffff

Linker script and memory map

LOAD c:/program files (x86)/cypress/psoc creator/4.2/psoc creator/import/gnu/arm/5.4.1/bin/../lib/gcc/arm-none-eabi/5.4.1/armv7-m/crti.o
LOAD c:/program files (x86)/cypress/psoc creator/4.2/psoc creator/import/gnu/arm/5.4.1/bin/../lib/gcc/arm-none-eabi/5.4.1/armv7-m/crtbegin.o
LOAD c:/program files (x86)/cypress/psoc creator/4.2/psoc creator/import/gnu/arm/5.4.1/bin/../lib/gcc/arm-none-eabi/5.4.1/../../../../arm-none-eabi/lib/armv7-m/crt0.o
START GROUP
LOAD .\ARM_GCC_541\Debug\main.o
LOAD .\ARM_GCC_541\Debug\PumpCom.o
LOAD .\ARM_GCC_541\Debug\Gbr.o
LOAD .\ARM_GCC_541\Debug\printer.o
LOAD .\ARM_GCC_541\Debug\cyfitter_cfg.o
LOAD .\ARM_GCC_541\Debug\cymetadata.o
LOAD .\ARM_GCC_541\Debug\Cm3Start.o
LOAD .\ARM_GCC_541\Debug\Mepsan.a
LOAD C:\Program Files (x86)\Cypress\PSoC Creator\4.2\PSoC Creator\psoc\content\cycomponentlibrary\CyComponentLibrary.cylib\CortexM3\ARM_GCC_541\Debug\CyComponentLibrary.a
END GROUP
START GROUP
LOAD c:/program files (x86)/cypress/psoc creator/4.2/psoc creator/import/gnu/arm/5.4.1/bin/../lib/gcc/arm-none-eabi/5.4.1/armv7-m\libgcc.a
LOAD c:/program files (x86)/cypress/psoc creator/4.2/psoc creator/import/gnu/arm/5.4.1/bin/../lib/gcc/arm-none-eabi/5.4.1/../../../../arm-none-eabi/lib/armv7-m\libg_nano.a
LOAD c:/program files (x86)/cypress/psoc creator/4.2/psoc creator/import/gnu/arm/5.4.1/bin/../lib/gcc/arm-none-eabi/5.4.1/../../../../arm-none-eabi/lib/armv7-m\libc_nano.a
END GROUP
START GROUP
LOAD c:/program files (x86)/cypress/psoc creator/4.2/psoc creator/import/gnu/arm/5.4.1/bin/../lib/gcc/arm-none-eabi/5.4.1/armv7-m\libgcc.a
LOAD c:/program files (x86)/cypress/psoc creator/4.2/psoc creator/import/gnu/arm/5.4.1/bin/../lib/gcc/arm-none-eabi/5.4.1/../../../../arm-none-eabi/lib/armv7-m\libc_nano.a
END GROUP
LOAD c:/program files (x86)/cypress/psoc creator/4.2/psoc creator/import/gnu/arm/5.4.1/bin/../lib/gcc/arm-none-eabi/5.4.1/armv7-m/crtend.o
LOAD c:/program files (x86)/cypress/psoc creator/4.2/psoc creator/import/gnu/arm/5.4.1/bin/../lib/gcc/arm-none-eabi/5.4.1/armv7-m/crtn.o
START GROUP
LOAD c:/program files (x86)/cypress/psoc creator/4.2/psoc creator/import/gnu/arm/5.4.1/bin/../lib/gcc/arm-none-eabi/5.4.1/armv7-m\libgcc.a
LOAD c:/program files (x86)/cypress/psoc creator/4.2/psoc creator/import/gnu/arm/5.4.1/bin/../lib/gcc/arm-none-eabi/5.4.1/../../../../arm-none-eabi/lib/armv7-m\libc.a
LOAD c:/program files (x86)/cypress/psoc creator/4.2/psoc creator/import/gnu/arm/5.4.1/bin/../lib/gcc/arm-none-eabi/5.4.1/../../../../arm-none-eabi/lib/armv7-m\libnosys.a
END GROUP
                0x00000000                CY_APPL_ORIGIN = 0x0
                0x00000100                CY_FLASH_ROW_SIZE = 0x100
                0x00000020                CY_ECC_ROW_SIZE = 0x20
                0x00000000                CY_EE_IN_BTLDR = 0x0
                0x00000000                CY_APPL_LOADABLE = 0x0
                0x00000800                CY_EE_SIZE = 0x800
                0x00000001                CY_APPL_NUM = 0x1
                0x00000001                CY_APPL_MAX = 0x1
                0x00000040                CY_METADATA_SIZE = 0x40
                0x00000000                CY_APPL_LOADABLE = 0x0
                0x00000000                CY_CHECKSUM_EXCLUDE_SIZE = ALIGN (0x0, CY_FLASH_ROW_SIZE)
                [!provide]                PROVIDE (__cy_heap_start, _end)
                0x00000001                PROVIDE (__cy_region_num, ((__cy_regions_end - __cy_regions) / 0x10))
                0x20008000                PROVIDE (__cy_stack, (ORIGIN (ram) + LENGTH (ram)))
                [!provide]                PROVIDE (__cy_heap_end, (__cy_stack - 0x800))

.cybootloader   0x00000000        0x0
 *(.cybootloader)
                0x00000000                appl1_start = CY_APPL_ORIGIN?CY_APPL_ORIGIN:ALIGN (CY_FLASH_ROW_SIZE)
                0x0001ff00                appl2_start = (appl1_start + ALIGN ((((LENGTH (rom) - appl1_start) - (0x2 * CY_FLASH_ROW_SIZE)) / 0x2), CY_FLASH_ROW_SIZE))
                0x00000000                appl_start = (CY_APPL_NUM == 0x1)?appl1_start:appl2_start
                0x00000000                ecc_offset = ((appl_start / CY_FLASH_ROW_SIZE) * CY_ECC_ROW_SIZE)
                0x00000000                ee_offset = (CY_APPL_LOADABLE && ! (CY_EE_IN_BTLDR))?((CY_EE_SIZE / CY_APPL_MAX) * (CY_APPL_NUM - 0x1)):0x0
                0x00000800                ee_size = (CY_APPL_LOADABLE && ! (CY_EE_IN_BTLDR))?(CY_EE_SIZE / CY_APPL_MAX):CY_EE_SIZE
                [!provide]                PROVIDE (CY_ECC_OFFSET, ecc_offset)

.text           0x00000000     0x5252
 CREATE_OBJECT_SYMBOLS
                0x00000000                PROVIDE (__cy_interrupt_vector, RomVectors)
 *(.romvectors)
 .romvectors    0x00000000       0x10 .\ARM_GCC_541\Debug\Cm3Start.o
                0x00000000                RomVectors
                0x00000001                ASSERT ((. != __cy_interrupt_vector), No interrupt vector)
                0x00000001                ASSERT (CY_APPL_ORIGIN?(SIZEOF (.cybootloader) <= CY_APPL_ORIGIN):0x1, Wrong image location)
                0x00000010                PROVIDE (__cy_reset, Reset)
 *(.text.Reset)
 .text.Reset    0x00000010       0x18 .\ARM_GCC_541\Debug\Cm3Start.o
                0x00000010                Reset
                0x00000001                ASSERT ((. != __cy_reset), No reset code)
 *(.dma_init)
 .dma_init      0x00000028      0x2a8 .\ARM_GCC_541\Debug\cyfitter_cfg.o
                0x00000001                ASSERT ((((appl_start + .) <= 0x10000) || 0x0), DMA Init must be within the first 64k of flash)
 *(.text .text.* .gnu.linkonce.t.*)
 .text          0x000002d0       0x5c c:/program files (x86)/cypress/psoc creator/4.2/psoc creator/import/gnu/arm/5.4.1/bin/../lib/gcc/arm-none-eabi/5.4.1/armv7-m/crtbegin.o
 .text.PollingPos
                0x0000032c      0x1b0 .\ARM_GCC_541\Debug\main.o
                0x0000032c                PollingPos
 .text.main     0x000004dc      0x28c .\ARM_GCC_541\Debug\main.o
                0x000004dc                main
 .text.gen_crc16
                0x00000768       0xfc .\ARM_GCC_541\Debug\PumpCom.o
                0x00000768                gen_crc16
 .text.GetResponse
                0x00000864     0x1a70 .\ARM_GCC_541\Debug\PumpCom.o
                0x00000864                GetResponse
 .text.GetAddress
                0x000022d4       0xb0 .\ARM_GCC_541\Debug\PumpCom.o
                0x000022d4                GetAddress
 .text.Authorize
                0x00002384       0xdc .\ARM_GCC_541\Debug\PumpCom.o
                0x00002384                Authorize
 .text.PumpState
                0x00002460      0x184 .\ARM_GCC_541\Debug\PumpCom.o
                0x00002460                PumpState
 .text.PriceUpdate
                0x000025e4      0x118 .\ARM_GCC_541\Debug\PumpCom.o
                0x000025e4                PriceUpdate
 .text.TotalRequest
                0x000026fc      0x10c .\ARM_GCC_541\Debug\PumpCom.o
                0x000026fc                TotalRequest
 .text.PrintReceipt
                0x00002808     0x1250 .\ARM_GCC_541\Debug\printer.o
                0x00002808                PrintReceipt
 .text.PrintShift
                0x00003a58      0x5e0 .\ARM_GCC_541\Debug\printer.o
                0x00003a58                PrintShift
 .text.CYCONFIGCPY
                0x00004038       0x20 .\ARM_GCC_541\Debug\cyfitter_cfg.o
 .text.CyClockStartupError
                0x00004058        0xc .\ARM_GCC_541\Debug\cyfitter_cfg.o
 .text.cfg_dma_init
                0x00004064      0x174 .\ARM_GCC_541\Debug\cyfitter_cfg.o
 .text.ClockSetup
                0x000041d8      0x144 .\ARM_GCC_541\Debug\cyfitter_cfg.o
 .text.AnalogSetDefault
                0x0000431c       0x44 .\ARM_GCC_541\Debug\cyfitter_cfg.o
 .text.cyfitter_cfg
                0x00004360      0x100 .\ARM_GCC_541\Debug\cyfitter_cfg.o
                0x00004360                cyfitter_cfg
 .text.IntDefaultHandler
                0x00004460       0x14 .\ARM_GCC_541\Debug\Cm3Start.o
                0x00004460                IntDefaultHandler
 .text.Start_c  0x00004474       0x98 .\ARM_GCC_541\Debug\Cm3Start.o
                0x00004474                Start_c
 .text.initialize_psoc
                0x0000450c       0x90 .\ARM_GCC_541\Debug\Cm3Start.o
                0x0000450c                initialize_psoc
 .text.PWM_1_Start
                0x0000459c       0x24 .\ARM_GCC_541\Debug\Mepsan.a(PWM_1.o)
                0x0000459c                PWM_1_Start
 .text.PWM_1_Init
                0x000045c0       0xbc .\ARM_GCC_541\Debug\Mepsan.a(PWM_1.o)
                0x000045c0                PWM_1_Init
 .text.PWM_1_Enable
                0x0000467c       0x48 .\ARM_GCC_541\Debug\Mepsan.a(PWM_1.o)
                0x0000467c                PWM_1_Enable
 .text.PWM_1_WritePeriod
                0x000046c4       0x20 .\ARM_GCC_541\Debug\Mepsan.a(PWM_1.o)
                0x000046c4                PWM_1_WritePeriod
 .text.PWM_1_WriteCompare
                0x000046e4       0x20 .\ARM_GCC_541\Debug\Mepsan.a(PWM_1.o)
                0x000046e4                PWM_1_WriteCompare
 .text.PWM_1_SetInterruptMode
                0x00004704       0x20 .\ARM_GCC_541\Debug\Mepsan.a(PWM_1.o)
                0x00004704                PWM_1_SetInterruptMode
 .text.Kill_Switch_Read
                0x00004724       0x20 .\ARM_GCC_541\Debug\Mepsan.a(Kill_Switch.o)
                0x00004724                Kill_Switch_Read
 .text.CyHalt   0x00004744       0x18 .\ARM_GCC_541\Debug\Mepsan.a(CyLib.o)
                0x00004744                CyHalt
 .text.CyDelay  0x0000475c       0x44 .\ARM_GCC_541\Debug\Mepsan.a(CyLib.o)
                0x0000475c                CyDelay
 .text.CyIntSetVector
                0x000047a0       0x50 .\ARM_GCC_541\Debug\Mepsan.a(CyLib.o)
                0x000047a0                CyIntSetVector
 .text.CyIntSetPriority
                0x000047f0       0x48 .\ARM_GCC_541\Debug\Mepsan.a(CyLib.o)
                0x000047f0                CyIntSetPriority
 .text.UART_1_Start
                0x00004838       0x24 .\ARM_GCC_541\Debug\Mepsan.a(UART_1.o)
                0x00004838                UART_1_Start
 .text.UART_1_Init
                0x0000485c       0x58 .\ARM_GCC_541\Debug\Mepsan.a(UART_1.o)
                0x0000485c                UART_1_Init
 .text.UART_1_Enable
                0x000048b4       0x68 .\ARM_GCC_541\Debug\Mepsan.a(UART_1.o)
                0x000048b4                UART_1_Enable
 .text.UART_1_ReadRxData
                0x0000491c       0x90 .\ARM_GCC_541\Debug\Mepsan.a(UART_1.o)
                0x0000491c                UART_1_ReadRxData
 .text.UART_1_GetRxBufferSize
                0x000049ac       0x90 .\ARM_GCC_541\Debug\Mepsan.a(UART_1.o)
                0x000049ac                UART_1_GetRxBufferSize
 .text.UART_1_ClearRxBuffer
                0x00004a3c       0x80 .\ARM_GCC_541\Debug\Mepsan.a(UART_1.o)
                0x00004a3c                UART_1_ClearRxBuffer
 .text.UART_1_PutChar
                0x00004abc       0x34 .\ARM_GCC_541\Debug\Mepsan.a(UART_1.o)
                0x00004abc                UART_1_PutChar
 .text.UART_1_RXISR
                0x00004af0       0xdc .\ARM_GCC_541\Debug\Mepsan.a(UART_1_INT.o)
                0x00004af0                UART_1_RXISR
 .text.UART_1_IntClock_Start
                0x00004bcc       0x34 .\ARM_GCC_541\Debug\Mepsan.a(UART_1_IntClock.o)
                0x00004bcc                UART_1_IntClock_Start
 .text.Timer_1_Init
                0x00004c00       0xa0 .\ARM_GCC_541\Debug\Mepsan.a(Timer_1.o)
                0x00004c00                Timer_1_Init
 .text.Timer_1_Enable
                0x00004ca0       0x48 .\ARM_GCC_541\Debug\Mepsan.a(Timer_1.o)
                0x00004ca0                Timer_1_Enable
 .text.Timer_1_Start
                0x00004ce8       0x24 .\ARM_GCC_541\Debug\Mepsan.a(Timer_1.o)
                0x00004ce8                Timer_1_Start
 .text.Timer_1_SetInterruptMode
                0x00004d0c       0x20 .\ARM_GCC_541\Debug\Mepsan.a(Timer_1.o)
                0x00004d0c                Timer_1_SetInterruptMode
 .text.Timer_1_WritePeriod
                0x00004d2c       0x24 .\ARM_GCC_541\Debug\Mepsan.a(Timer_1.o)
                0x00004d2c                Timer_1_WritePeriod
 .text.Timer_1_WriteCounter
                0x00004d50       0x20 .\ARM_GCC_541\Debug\Mepsan.a(Timer_1.o)
                0x00004d50                Timer_1_WriteCounter
 .text.UART_2_Start
                0x00004d70       0x24 .\ARM_GCC_541\Debug\Mepsan.a(UART_2.o)
                0x00004d70                UART_2_Start
 .text.UART_2_Init
                0x00004d94       0x58 .\ARM_GCC_541\Debug\Mepsan.a(UART_2.o)
                0x00004d94                UART_2_Init
 .text.UART_2_Enable
                0x00004dec       0x64 .\ARM_GCC_541\Debug\Mepsan.a(UART_2.o)
                0x00004dec                UART_2_Enable
 .text.UART_2_RXISR
                0x00004e50       0xdc .\ARM_GCC_541\Debug\Mepsan.a(UART_2_INT.o)
                0x00004e50                UART_2_RXISR
 .text.EnablePin_Write
                0x00004f2c       0x38 .\ARM_GCC_541\Debug\Mepsan.a(EnablePin.o)
                0x00004f2c                EnablePin_Write
 .text.EnablePin_1_Read
                0x00004f64       0x20 .\ARM_GCC_541\Debug\Mepsan.a(EnablePin_1.o)
                0x00004f64                EnablePin_1_Read
 .text.UART_3_Start
                0x00004f84       0x24 .\ARM_GCC_541\Debug\Mepsan.a(UART_3.o)
                0x00004f84                UART_3_Start
 .text.UART_3_Init
                0x00004fa8       0x3c .\ARM_GCC_541\Debug\Mepsan.a(UART_3.o)
                0x00004fa8                UART_3_Init
 .text.UART_3_Enable
                0x00004fe4       0x4c .\ARM_GCC_541\Debug\Mepsan.a(UART_3.o)
                0x00004fe4                UART_3_Enable
 .text.UART_3_PutChar
                0x00005030       0xb8 .\ARM_GCC_541\Debug\Mepsan.a(UART_3.o)
                0x00005030                UART_3_PutChar
 .text.UART_3_TXISR
                0x000050e8       0x70 .\ARM_GCC_541\Debug\Mepsan.a(UART_3_INT.o)
                0x000050e8                UART_3_TXISR
 .text.UART_3_IntClock_Start
                0x00005158       0x34 .\ARM_GCC_541\Debug\Mepsan.a(UART_3_IntClock.o)
                0x00005158                UART_3_IntClock_Start
 *fill*         0x0000518c        0x4 
 .text          0x00005190       0x54 .\ARM_GCC_541\Debug\Mepsan.a(CyBootAsmGnu.o)
                0x00005190                CyDelayCycles
                0x000051ce                CyEnterCriticalSection
                0x000051d6                CyExitCriticalSection
 .text.__errno  0x000051e4        0xc c:/program files (x86)/cypress/psoc creator/4.2/psoc creator/import/gnu/arm/5.4.1/bin/../lib/gcc/arm-none-eabi/5.4.1/../../../../arm-none-eabi/lib/armv7-m\libg_nano.a(lib_a-errno.o)
                0x000051e4                __errno
 .text.__libc_init_array
                0x000051f0       0x4c c:/program files (x86)/cypress/psoc creator/4.2/psoc creator/import/gnu/arm/5.4.1/bin/../lib/gcc/arm-none-eabi/5.4.1/../../../../arm-none-eabi/lib/armv7-m\libg_nano.a(lib_a-init.o)
                0x000051f0                __libc_init_array
 .text.memcpy   0x0000523c       0x16 c:/program files (x86)/cypress/psoc creator/4.2/psoc creator/import/gnu/arm/5.4.1/bin/../lib/gcc/arm-none-eabi/5.4.1/../../../../arm-none-eabi/lib/armv7-m\libg_nano.a(lib_a-memcpy-stub.o)
                0x0000523c                memcpy
 *(.plt)
 *(.gnu.warning)
 *(.glue_7t)
 .glue_7t       0x00005252        0x0 linker stubs
 *(.glue_7)
 .glue_7        0x00005252        0x0 linker stubs
 *(.vfp11_veneer)
 .vfp11_veneer  0x00005252        0x0 linker stubs
 *(.bootloader)
 *(.ARM.extab* .gnu.linkonce.armextab.*)
 *(.gcc_except_table)

.v4_bx          0x00005254        0x0
 .v4_bx         0x00005254        0x0 linker stubs

.iplt           0x00005254        0x0
 .iplt          0x00005254        0x0 c:/program files (x86)/cypress/psoc creator/4.2/psoc creator/import/gnu/arm/5.4.1/bin/../lib/gcc/arm-none-eabi/5.4.1/armv7-m/crtbegin.o

.eh_frame_hdr
 *(.eh_frame_hdr)

.eh_frame       0x00005254        0x4
 *(.eh_frame)
 .eh_frame      0x00005254        0x0 c:/program files (x86)/cypress/psoc creator/4.2/psoc creator/import/gnu/arm/5.4.1/bin/../lib/gcc/arm-none-eabi/5.4.1/armv7-m/crtbegin.o
 .eh_frame      0x00005254        0x4 c:/program files (x86)/cypress/psoc creator/4.2/psoc creator/import/gnu/arm/5.4.1/bin/../lib/gcc/arm-none-eabi/5.4.1/armv7-m/crtend.o
                [!provide]                PROVIDE (__exidx_start, .)

.ARM.exidx
 *(.ARM.exidx* .gnu.linkonce.armexidx.*)
                0x00005258                __exidx_end = .

.rodata         0x00005258      0x178
 *(.rodata .rodata.* .gnu.linkonce.r.*)
 .rodata        0x00005258      0x140 .\ARM_GCC_541\Debug\cyfitter_cfg.o
 .rodata.str1.1
                0x00005398        0x2 c:/program files (x86)/cypress/psoc creator/4.2/psoc creator/import/gnu/arm/5.4.1/bin/../lib/gcc/arm-none-eabi/5.4.1/../../../../arm-none-eabi/lib/armv7-m\libg_nano.a(lib_a-impure.o)
                0x0000539c                . = ALIGN (0x4)
 *fill*         0x0000539a        0x2 
 *(.init)
 .init          0x0000539c        0x4 c:/program files (x86)/cypress/psoc creator/4.2/psoc creator/import/gnu/arm/5.4.1/bin/../lib/gcc/arm-none-eabi/5.4.1/armv7-m/crti.o
                0x0000539c                _init
 .init          0x000053a0        0x8 c:/program files (x86)/cypress/psoc creator/4.2/psoc creator/import/gnu/arm/5.4.1/bin/../lib/gcc/arm-none-eabi/5.4.1/armv7-m/crtn.o
                0x000053a8                . = ALIGN (0x4)
                0x000053a8                __preinit_array_start = .
 *(.preinit_array)
                0x000053a8                __preinit_array_end = .
                0x000053a8                . = ALIGN (0x4)
                0x000053a8                __init_array_start = .
 *(SORT(.init_array.*))
 *(.init_array)
 .init_array    0x000053a8        0x4 c:/program files (x86)/cypress/psoc creator/4.2/psoc creator/import/gnu/arm/5.4.1/bin/../lib/gcc/arm-none-eabi/5.4.1/armv7-m/crtbegin.o
 .init_array    0x000053ac        0x4 .\ARM_GCC_541\Debug\Cm3Start.o
                0x000053b0                __init_array_end = .
                0x000053b0                . = ALIGN (0x4)
 *(.fini)
 .fini          0x000053b0        0x4 c:/program files (x86)/cypress/psoc creator/4.2/psoc creator/import/gnu/arm/5.4.1/bin/../lib/gcc/arm-none-eabi/5.4.1/armv7-m/crti.o
                0x000053b0                _fini
 .fini          0x000053b4        0x8 c:/program files (x86)/cypress/psoc creator/4.2/psoc creator/import/gnu/arm/5.4.1/bin/../lib/gcc/arm-none-eabi/5.4.1/armv7-m/crtn.o
                0x000053bc                . = ALIGN (0x4)
                0x000053bc                __fini_array_start = .
 *(.fini_array)
 .fini_array    0x000053bc        0x4 c:/program files (x86)/cypress/psoc creator/4.2/psoc creator/import/gnu/arm/5.4.1/bin/../lib/gcc/arm-none-eabi/5.4.1/armv7-m/crtbegin.o
 *(SORT(.fini_array.*))
                0x000053c0                __fini_array_end = .
                0x000053c0                . = ALIGN (0x4)
 *crtbegin.o(.ctors)
 *(EXCLUDE_FILE(*crtend.o) .ctors)
 *(SORT(.ctors.*))
 *crtend.o(.ctors)
                0x000053c0                . = ALIGN (0x4)
 *crtbegin.o(.dtors)
 *(EXCLUDE_FILE(*crtend.o) .dtors)
 *(SORT(.dtors.*))
 *crtend.o(.dtors)
                0x000053c0                . = ALIGN (0x4)
                0x000053c0                __cy_regions = .
                0x000053c0        0x4 LONG 0x53d0 __cy_region_init_ram
                0x000053c4        0x4 LONG 0x1fff80c8 __cy_region_start_data
                0x000053c8        0x4 LONG 0x328 __cy_region_init_size_ram
                0x000053cc        0x4 LONG 0x650 __cy_region_zero_size_ram
                0x000053d0                __cy_regions_end = .
                0x000053d0                . = ALIGN (0x8)
                0x000053d0                _etext = .

.cy_checksum_exclude
                0x000053d0        0x0
 *(.cy_checksum_exclude)

.ramvectors     0x1fff8000       0xc0
                0x1fff8000                __cy_region_start_ram = .
 *(.ramvectors)
 .ramvectors    0x1fff8000       0xc0 .\ARM_GCC_541\Debug\Cm3Start.o
                0x1fff8000                CyRamVectors

.noinit         0x1fff80c0        0x5
 *(.noinit)
 .noinit        0x1fff80c0        0x4 .\ARM_GCC_541\Debug\Cm3Start.o
 .noinit        0x1fff80c4        0x1 .\ARM_GCC_541\Debug\Mepsan.a(CyLib.o)
                0x1fff80c4                CyResetStatus

.data           0x1fff80c8      0x328 load address 0x000053d0
                0x1fff80c8                __cy_region_start_data = .
 *(.jcr)
 .jcr           0x1fff80c8        0x0 c:/program files (x86)/cypress/psoc creator/4.2/psoc creator/import/gnu/arm/5.4.1/bin/../lib/gcc/arm-none-eabi/5.4.1/armv7-m/crtbegin.o
 .jcr           0x1fff80c8        0x4 c:/program files (x86)/cypress/psoc creator/4.2/psoc creator/import/gnu/arm/5.4.1/bin/../lib/gcc/arm-none-eabi/5.4.1/armv7-m/crtend.o
 *(.got.plt)
 *(.got)
 *(.shdata)
 *(.data .data.* .gnu.linkonce.d.*)
 .data          0x1fff80cc      0x2b0 .\ARM_GCC_541\Debug\printer.o
                0x1fff80cc                LINE_FEED
                0x1fff80d0                VolSimbol
                0x1fff80d4                msn_EDS
                0x1fff80ec                msn_EDS2
                0x1fff8104                msn_EDS3
                0x1fff811c                msn_EDS4
                0x1fff8134                msn_plate
                0x1fff813c                msn_footer
                0x1fff8154                msn_footer2
                0x1fff816c                msn_diesel
                0x1fff8174                msn_gasoline
                0x1fff8180                msn_fecha
                0x1fff8190                msn_hora
                0x1fff81a0                msn_placa
                0x1fff81b0                PRN_MILLEAGE
                0x1fff81c0                PRN_TRANSTYPE
                0x1fff81d0                msn_pos
                0x1fff81e0                msn_product
                0x1fff81f0                msn_ppu
                0x1fff8200                msn_vol
                0x1fff8210                msn_voltot
                0x1fff8220                msn_din
                0x1fff8230                msn_cierre
                0x1fff8240                msn_numero
                0x1fff8250                PRN_BALANCE
                0x1fff8260                PRN_COMPANY
                0x1fff8270                PRN_ACCOUNT
                0x1fff8280                PRN_SERIAL
                0x1fff8290                PRN_ACCOUNTTYPE
                0x1fff82a0                PRN_VISITSDAY
                0x1fff82b0                PRN_VISITSWEEK
                0x1fff82c0                PRN_VISITSMONTH
                0x1fff82d0                PRN_VOLUMEDAY
                0x1fff82e0                PRN_VOLUMEWEEK
                0x1fff82f0                PRN_VOLUMEMONTH
                0x1fff8300                PRN_MONEYDAY
                0x1fff8310                PRN_MONEYWEEK
                0x1fff8320                PRN_MONEYMONTH
                0x1fff8330                PRN_PRESET
                0x1fff8340                PRN_SIGNATURE
                0x1fff8350                PRN_ID
                0x1fff8360                PRN_CURRENCY
                0x1fff8364                SEPARATOR
 .data          0x1fff837c       0x10 .\ARM_GCC_541\Debug\Mepsan.a(CyLib.o)
                0x1fff837c                cydelay_freq_hz
                0x1fff8380                cydelay_freq_khz
                0x1fff8384                cydelay_freq_mhz
                0x1fff8388                cydelay_32k_ms
 .data.impure_data
                0x1fff838c       0x60 c:/program files (x86)/cypress/psoc creator/4.2/psoc creator/import/gnu/arm/5.4.1/bin/../lib/gcc/arm-none-eabi/5.4.1/../../../../arm-none-eabi/lib/armv7-m\libg_nano.a(lib_a-impure.o)
 .data._impure_ptr
                0x1fff83ec        0x4 c:/program files (x86)/cypress/psoc creator/4.2/psoc creator/import/gnu/arm/5.4.1/bin/../lib/gcc/arm-none-eabi/5.4.1/../../../../arm-none-eabi/lib/armv7-m\libg_nano.a(lib_a-impure.o)
                0x1fff83ec                _impure_ptr
                0x1fff83f0                . = ALIGN (0x8)
 *(.ram)
                0x1fff83f0                _edata = .

.igot.plt       0x1fff83f0        0x0 load address 0x000056f8
 .igot.plt      0x1fff83f0        0x0 c:/program files (x86)/cypress/psoc creator/4.2/psoc creator/import/gnu/arm/5.4.1/bin/../lib/gcc/arm-none-eabi/5.4.1/armv7-m/crtbegin.o

.bss            0x1fff83f0      0x650 load address 0x000056f8
                0x1fff83f0                PROVIDE (__bss_start__, .)
 *(.shbss)
 *(.bss .bss.* .gnu.linkonce.b.*)
 .bss           0x1fff83f0       0x1c c:/program files (x86)/cypress/psoc creator/4.2/psoc creator/import/gnu/arm/5.4.1/bin/../lib/gcc/arm-none-eabi/5.4.1/armv7-m/crtbegin.o
 *fill*         0x1fff840c        0x4 
 .bss           0x1fff8410        0x4 .\ARM_GCC_541\Debug\cyfitter_cfg.o
 .bss           0x1fff8414        0x1 .\ARM_GCC_541\Debug\Mepsan.a(PWM_1.o)
                0x1fff8414                PWM_1_initVar
 .bss           0x1fff8415        0x7 .\ARM_GCC_541\Debug\Mepsan.a(UART_1.o)
                0x1fff8415                UART_1_initVar
                0x1fff8416                UART_1_errorStatus
                0x1fff8417                UART_1_rxBufferRead
                0x1fff8418                UART_1_rxBufferWrite
                0x1fff8419                UART_1_rxBufferLoopDetect
                0x1fff841a                UART_1_rxBufferOverflow
 .bss           0x1fff841c        0x1 .\ARM_GCC_541\Debug\Mepsan.a(Timer_1.o)
                0x1fff841c                Timer_1_initVar
 .bss           0x1fff841d        0x7 .\ARM_GCC_541\Debug\Mepsan.a(UART_2.o)
                0x1fff841d                UART_2_initVar
                0x1fff841e                UART_2_errorStatus
                0x1fff841f                UART_2_rxBufferRead
                0x1fff8420                UART_2_rxBufferWrite
                0x1fff8421                UART_2_rxBufferLoopDetect
                0x1fff8422                UART_2_rxBufferOverflow
 .bss           0x1fff8424        0x4 .\ARM_GCC_541\Debug\Mepsan.a(UART_3.o)
                0x1fff8424                UART_3_initVar
                0x1fff8425                UART_3_txBufferRead
                0x1fff8426                UART_3_txBufferWrite
 *(COMMON)
 COMMON         0x1fff8428      0x510 .\ARM_GCC_541\Debug\main.o
                0x1fff8428                side
                0x1fff88b4                crc_hi
                0x1fff88b8                PumpAddress
                0x1fff88c8                MepsanResponse
                0x1fff88fa                DecVol
                0x1fff88fb                dirGbr
                0x1fff88fc                MepsanSendTo
                0x1fff892e                TotalRequestType
                0x1fff892f                Receipt
                0x1fff8930                Positions
                0x1fff8932                CRC
                0x1fff8934                crc_lo
                0x1fff8935                CurrentState
                0x1fff8936                PollCounter
 COMMON         0x1fff8938       0x80 .\ARM_GCC_541\Debug\Mepsan.a(UART_1.o)
                0x1fff8938                UART_1_rxBuffer
 COMMON         0x1fff89b8       0x80 .\ARM_GCC_541\Debug\Mepsan.a(UART_2.o)
                0x1fff89b8                UART_2_rxBuffer
 COMMON         0x1fff8a38        0x5 .\ARM_GCC_541\Debug\Mepsan.a(UART_3.o)
                0x1fff8a38                UART_3_txBuffer
                0x1fff8a40                . = ALIGN (0x8)
 *fill*         0x1fff8a3d        0x3 
 *(.ram.b)
                0x1fff8a40                _end = .
                0x1fff8a40                __end = .
                0x1fff8a40                PROVIDE (end, .)
                0x1fff8a40                PROVIDE (__bss_end__, .)
                0x000053d0                __cy_region_init_ram = LOADADDR (.data)
                0x00000328                __cy_region_init_size_ram = (_edata - ADDR (.data))
                0x00000650                __cy_region_zero_size_ram = (_end - _edata)

.heap           0x1fff8a40       0x80 load address 0x000056f8
                0x1fff8a40                . = _end
                0x1fff8ac0                . = (. + 0x80)
 *fill*         0x1fff8a40       0x80 
                0x1fff8ac0                __cy_heap_limit = .

.stack          0x20007800      0x800
                0x20007800                __cy_stack_limit = .
                0x20008000                . = (. + 0x800)
 *fill*         0x20007800      0x800 
                0x00000001                ASSERT ((__cy_stack_limit >= __cy_heap_limit), region RAM overflowed with stack)
                0x00000000                cy_checksum_exclude_size = (CY_APPL_LOADABLE == 0x1)?SIZEOF (.cy_checksum_exclude):0x0
                0x00000001                ASSERT ((cy_checksum_exclude_size <= CY_CHECKSUM_EXCLUDE_SIZE), CY_BOOT: Section .cy_checksum_exclude size exceedes specified limit.)

.cyloadermeta
 *(.cyloadermeta)

.cyloadablemeta
 *(.cyloadablemeta)

.cyconfigecc    0x80000000     0x175c
 *(.cyconfigecc)
 .cyconfigecc   0x80000000     0x175c .\ARM_GCC_541\Debug\cymetadata.o
                0x80000000                cy_meta_configecc

.cycustnvl      0x90000000        0x4
 *(.cycustnvl)
 .cycustnvl     0x90000000        0x4 .\ARM_GCC_541\Debug\cymetadata.o
                0x90000000                cy_meta_custnvl

.cywolatch      0x90100000        0x4
 *(.cywolatch)
 .cywolatch     0x90100000        0x4 .\ARM_GCC_541\Debug\cymetadata.o
                0x90100000                cy_meta_wonvl

.cyeeprom       0x90200000        0x0
 *(.cyeeprom)
                0x00000001                ASSERT ((. <= ((0x90200000 + ee_offset) + ee_size)), .cyeeprom data will not fit in EEPROM)

.cyflashprotect
                0x90400000      0x100
 *(.cyflashprotect)
 .cyflashprotect
                0x90400000      0x100 .\ARM_GCC_541\Debug\cymetadata.o
                0x90400000                cy_meta_flashprotect

.cymeta         0x90500000        0xc
 *(.cymeta)
 .cymeta        0x90500000        0xc .\ARM_GCC_541\Debug\cymetadata.o
                0x90500000                cy_metadata

.rel.dyn        0x000056f8        0x0 load address 0x9050000c
 .rel.iplt      0x000056f8        0x0 c:/program files (x86)/cypress/psoc creator/4.2/psoc creator/import/gnu/arm/5.4.1/bin/../lib/gcc/arm-none-eabi/5.4.1/armv7-m/crtbegin.o

.stab
 *(.stab)

.stabstr
 *(.stabstr)

.debug
 *(.debug)

.line
 *(.line)

.debug_srcinfo
 *(.debug_srcinfo)

.debug_sfnames
 *(.debug_sfnames)

.debug_aranges  0x00000000      0xb70
 *(.debug_aranges)
 .debug_aranges
                0x00000000       0x30 .\ARM_GCC_541\Debug\main.o
 .debug_aranges
                0x00000030       0x68 .\ARM_GCC_541\Debug\PumpCom.o
 .debug_aranges
                0x00000098       0x28 .\ARM_GCC_541\Debug\Gbr.o
 .debug_aranges
                0x000000c0       0x28 .\ARM_GCC_541\Debug\printer.o
 .debug_aranges
                0x000000e8       0x60 .\ARM_GCC_541\Debug\cyfitter_cfg.o
 .debug_aranges
                0x00000148       0x18 .\ARM_GCC_541\Debug\cymetadata.o
 .debug_aranges
                0x00000160       0x48 .\ARM_GCC_541\Debug\Cm3Start.o
 .debug_aranges
                0x000001a8       0x78 .\ARM_GCC_541\Debug\Mepsan.a(PWM_1.o)
 .debug_aranges
                0x00000220       0x38 .\ARM_GCC_541\Debug\Mepsan.a(Kill_Switch.o)
 .debug_aranges
                0x00000258      0x2a0 .\ARM_GCC_541\Debug\Mepsan.a(CyLib.o)
 .debug_aranges
                0x000004f8       0x98 .\ARM_GCC_541\Debug\Mepsan.a(cyPm.o)
 .debug_aranges
                0x00000590       0xf0 .\ARM_GCC_541\Debug\Mepsan.a(UART_1.o)
 .debug_aranges
                0x00000680       0x20 .\ARM_GCC_541\Debug\Mepsan.a(UART_1_INT.o)
 .debug_aranges
                0x000006a0       0x70 .\ARM_GCC_541\Debug\Mepsan.a(UART_1_IntClock.o)
 .debug_aranges
                0x00000710       0x88 .\ARM_GCC_541\Debug\Mepsan.a(Timer_1.o)
 .debug_aranges
                0x00000798       0xf0 .\ARM_GCC_541\Debug\Mepsan.a(UART_2.o)
 .debug_aranges
                0x00000888       0x20 .\ARM_GCC_541\Debug\Mepsan.a(UART_2_INT.o)
 .debug_aranges
                0x000008a8       0x38 .\ARM_GCC_541\Debug\Mepsan.a(EnablePin.o)
 .debug_aranges
                0x000008e0       0x38 .\ARM_GCC_541\Debug\Mepsan.a(EnablePin_1.o)
 .debug_aranges
                0x00000918       0xa0 .\ARM_GCC_541\Debug\Mepsan.a(UART_3.o)
 .debug_aranges
                0x000009b8       0x20 .\ARM_GCC_541\Debug\Mepsan.a(UART_3_INT.o)
 .debug_aranges
                0x000009d8       0x70 .\ARM_GCC_541\Debug\Mepsan.a(UART_3_IntClock.o)
 .debug_aranges
                0x00000a48       0x20 .\ARM_GCC_541\Debug\Mepsan.a(CyBootAsmGnu.o)
 .debug_aranges
                0x00000a68       0x88 .\ARM_GCC_541\Debug\Mepsan.a(CyFlash.o)
 .debug_aranges
                0x00000af0       0x80 .\ARM_GCC_541\Debug\Mepsan.a(CySpc.o)

.debug_pubnames
 *(.debug_pubnames)

.debug_info     0x00000000     0x6972
 *(.debug_info .gnu.linkonce.wi.*)
 .debug_info    0x00000000      0x3d1 .\ARM_GCC_541\Debug\main.o
 .debug_info    0x000003d1      0x960 .\ARM_GCC_541\Debug\PumpCom.o
 .debug_info    0x00000d31      0x3f5 .\ARM_GCC_541\Debug\Gbr.o
 .debug_info    0x00001126     0x1357 .\ARM_GCC_541\Debug\printer.o
 .debug_info    0x0000247d      0x3ce .\ARM_GCC_541\Debug\cyfitter_cfg.o
 .debug_info    0x0000284b      0x139 .\ARM_GCC_541\Debug\cymetadata.o
 .debug_info    0x00002984      0x32b .\ARM_GCC_541\Debug\Cm3Start.o
 .debug_info    0x00002caf      0x235 .\ARM_GCC_541\Debug\Mepsan.a(PWM_1.o)
 .debug_info    0x00002ee4      0x11e .\ARM_GCC_541\Debug\Mepsan.a(Kill_Switch.o)
 .debug_info    0x00003002      0xe51 .\ARM_GCC_541\Debug\Mepsan.a(CyLib.o)
 .debug_info    0x00003e53      0x57a .\ARM_GCC_541\Debug\Mepsan.a(cyPm.o)
 .debug_info    0x000043cd      0x5f2 .\ARM_GCC_541\Debug\Mepsan.a(UART_1.o)
 .debug_info    0x000049bf      0x149 .\ARM_GCC_541\Debug\Mepsan.a(UART_1_INT.o)
 .debug_info    0x00004b08      0x25d .\ARM_GCC_541\Debug\Mepsan.a(UART_1_IntClock.o)
 .debug_info    0x00004d65      0x245 .\ARM_GCC_541\Debug\Mepsan.a(Timer_1.o)
 .debug_info    0x00004faa      0x5f2 .\ARM_GCC_541\Debug\Mepsan.a(UART_2.o)
 .debug_info    0x0000559c      0x149 .\ARM_GCC_541\Debug\Mepsan.a(UART_2_INT.o)
 .debug_info    0x000056e5      0x11e .\ARM_GCC_541\Debug\Mepsan.a(EnablePin.o)
 .debug_info    0x00005803      0x11e .\ARM_GCC_541\Debug\Mepsan.a(EnablePin_1.o)
 .debug_info    0x00005921      0x402 .\ARM_GCC_541\Debug\Mepsan.a(UART_3.o)
 .debug_info    0x00005d23       0xf6 .\ARM_GCC_541\Debug\Mepsan.a(UART_3_INT.o)
 .debug_info    0x00005e19      0x25d .\ARM_GCC_541\Debug\Mepsan.a(UART_3_IntClock.o)
 .debug_info    0x00006076       0x83 .\ARM_GCC_541\Debug\Mepsan.a(CyBootAsmGnu.o)
 .debug_info    0x000060f9      0x3b9 .\ARM_GCC_541\Debug\Mepsan.a(CyFlash.o)
 .debug_info    0x000064b2      0x4c0 .\ARM_GCC_541\Debug\Mepsan.a(CySpc.o)

.debug_abbrev   0x00000000     0x1b92
 *(.debug_abbrev)
 .debug_abbrev  0x00000000      0x14c .\ARM_GCC_541\Debug\main.o
 .debug_abbrev  0x0000014c      0x22b .\ARM_GCC_541\Debug\PumpCom.o
 .debug_abbrev  0x00000377      0x132 .\ARM_GCC_541\Debug\Gbr.o
 .debug_abbrev  0x000004a9      0x15f .\ARM_GCC_541\Debug\printer.o
 .debug_abbrev  0x00000608      0x183 .\ARM_GCC_541\Debug\cyfitter_cfg.o
 .debug_abbrev  0x0000078b       0x77 .\ARM_GCC_541\Debug\cymetadata.o
 .debug_abbrev  0x00000802      0x1d6 .\ARM_GCC_541\Debug\Cm3Start.o
 .debug_abbrev  0x000009d8      0x116 .\ARM_GCC_541\Debug\Mepsan.a(PWM_1.o)
 .debug_abbrev  0x00000aee       0x90 .\ARM_GCC_541\Debug\Mepsan.a(Kill_Switch.o)
 .debug_abbrev  0x00000b7e      0x217 .\ARM_GCC_541\Debug\Mepsan.a(CyLib.o)
 .debug_abbrev  0x00000d95      0x161 .\ARM_GCC_541\Debug\Mepsan.a(cyPm.o)
 .debug_abbrev  0x00000ef6      0x15f .\ARM_GCC_541\Debug\Mepsan.a(UART_1.o)
 .debug_abbrev  0x00001055       0x8a .\ARM_GCC_541\Debug\Mepsan.a(UART_1_INT.o)
 .debug_abbrev  0x000010df      0x11d .\ARM_GCC_541\Debug\Mepsan.a(UART_1_IntClock.o)
 .debug_abbrev  0x000011fc       0xe9 .\ARM_GCC_541\Debug\Mepsan.a(Timer_1.o)
 .debug_abbrev  0x000012e5      0x15f .\ARM_GCC_541\Debug\Mepsan.a(UART_2.o)
 .debug_abbrev  0x00001444       0x8a .\ARM_GCC_541\Debug\Mepsan.a(UART_2_INT.o)
 .debug_abbrev  0x000014ce       0x90 .\ARM_GCC_541\Debug\Mepsan.a(EnablePin.o)
 .debug_abbrev  0x0000155e       0x90 .\ARM_GCC_541\Debug\Mepsan.a(EnablePin_1.o)
 .debug_abbrev  0x000015ee      0x143 .\ARM_GCC_541\Debug\Mepsan.a(UART_3.o)
 .debug_abbrev  0x00001731       0x79 .\ARM_GCC_541\Debug\Mepsan.a(UART_3_INT.o)
 .debug_abbrev  0x000017aa      0x11d .\ARM_GCC_541\Debug\Mepsan.a(UART_3_IntClock.o)
 .debug_abbrev  0x000018c7       0x14 .\ARM_GCC_541\Debug\Mepsan.a(CyBootAsmGnu.o)
 .debug_abbrev  0x000018db      0x14b .\ARM_GCC_541\Debug\Mepsan.a(CyFlash.o)
 .debug_abbrev  0x00001a26      0x16c .\ARM_GCC_541\Debug\Mepsan.a(CySpc.o)

.debug_line     0x00000000     0x3bca
 *(.debug_line)
 .debug_line    0x00000000      0x244 .\ARM_GCC_541\Debug\main.o
 .debug_line    0x00000244      0x5c5 .\ARM_GCC_541\Debug\PumpCom.o
 .debug_line    0x00000809      0x18d .\ARM_GCC_541\Debug\Gbr.o
 .debug_line    0x00000996      0xa5e .\ARM_GCC_541\Debug\printer.o
 .debug_line    0x000013f4      0x21e .\ARM_GCC_541\Debug\cyfitter_cfg.o
 .debug_line    0x00001612      0x141 .\ARM_GCC_541\Debug\cymetadata.o
 .debug_line    0x00001753      0x1dc .\ARM_GCC_541\Debug\Cm3Start.o
 .debug_line    0x0000192f      0x140 .\ARM_GCC_541\Debug\Mepsan.a(PWM_1.o)
 .debug_line    0x00001a6f       0x9b .\ARM_GCC_541\Debug\Mepsan.a(Kill_Switch.o)
 .debug_line    0x00001b0a      0x883 .\ARM_GCC_541\Debug\Mepsan.a(CyLib.o)
 .debug_line    0x0000238d      0x38e .\ARM_GCC_541\Debug\Mepsan.a(cyPm.o)
 .debug_line    0x0000271b      0x30b .\ARM_GCC_541\Debug\Mepsan.a(UART_1.o)
 .debug_line    0x00002a26       0x8a .\ARM_GCC_541\Debug\Mepsan.a(UART_1_INT.o)
 .debug_line    0x00002ab0      0x1ae .\ARM_GCC_541\Debug\Mepsan.a(UART_1_IntClock.o)
 .debug_line    0x00002c5e      0x15f .\ARM_GCC_541\Debug\Mepsan.a(Timer_1.o)
 .debug_line    0x00002dbd      0x30b .\ARM_GCC_541\Debug\Mepsan.a(UART_2.o)
 .debug_line    0x000030c8       0x8a .\ARM_GCC_541\Debug\Mepsan.a(UART_2_INT.o)
 .debug_line    0x00003152       0x99 .\ARM_GCC_541\Debug\Mepsan.a(EnablePin.o)
 .debug_line    0x000031eb       0x9b .\ARM_GCC_541\Debug\Mepsan.a(EnablePin_1.o)
 .debug_line    0x00003286      0x235 .\ARM_GCC_541\Debug\Mepsan.a(UART_3.o)
 .debug_line    0x000034bb       0x84 .\ARM_GCC_541\Debug\Mepsan.a(UART_3_INT.o)
 .debug_line    0x0000353f      0x1ae .\ARM_GCC_541\Debug\Mepsan.a(UART_3_IntClock.o)
 .debug_line    0x000036ed       0x7d .\ARM_GCC_541\Debug\Mepsan.a(CyBootAsmGnu.o)
 .debug_line    0x0000376a      0x22f .\ARM_GCC_541\Debug\Mepsan.a(CyFlash.o)
 .debug_line    0x00003999      0x231 .\ARM_GCC_541\Debug\Mepsan.a(CySpc.o)

.debug_frame    0x00000000     0x2d40
 *(.debug_frame)
 .debug_frame   0x00000000       0x7c .\ARM_GCC_541\Debug\main.o
 .debug_frame   0x0000007c      0x1b8 .\ARM_GCC_541\Debug\PumpCom.o
 .debug_frame   0x00000234       0x54 .\ARM_GCC_541\Debug\Gbr.o
 .debug_frame   0x00000288       0x60 .\ARM_GCC_541\Debug\printer.o
 .debug_frame   0x000002e8      0x160 .\ARM_GCC_541\Debug\cyfitter_cfg.o
 .debug_frame   0x00000448       0xd8 .\ARM_GCC_541\Debug\Cm3Start.o
 .debug_frame   0x00000520      0x1d0 .\ARM_GCC_541\Debug\Mepsan.a(PWM_1.o)
 .debug_frame   0x000006f0       0xa8 .\ARM_GCC_541\Debug\Mepsan.a(Kill_Switch.o)
 .debug_frame   0x00000798      0xc0c .\ARM_GCC_541\Debug\Mepsan.a(CyLib.o)
 .debug_frame   0x000013a4      0x234 .\ARM_GCC_541\Debug\Mepsan.a(cyPm.o)
 .debug_frame   0x000015d8      0x428 .\ARM_GCC_541\Debug\Mepsan.a(UART_1.o)
 .debug_frame   0x00001a00       0x38 .\ARM_GCC_541\Debug\Mepsan.a(UART_1_INT.o)
 .debug_frame   0x00001a38      0x1b4 .\ARM_GCC_541\Debug\Mepsan.a(UART_1_IntClock.o)
 .debug_frame   0x00001bec      0x208 .\ARM_GCC_541\Debug\Mepsan.a(Timer_1.o)
 .debug_frame   0x00001df4      0x428 .\ARM_GCC_541\Debug\Mepsan.a(UART_2.o)
 .debug_frame   0x0000221c       0x38 .\ARM_GCC_541\Debug\Mepsan.a(UART_2_INT.o)
 .debug_frame   0x00002254       0xa8 .\ARM_GCC_541\Debug\Mepsan.a(EnablePin.o)
 .debug_frame   0x000022fc       0xa8 .\ARM_GCC_541\Debug\Mepsan.a(EnablePin_1.o)
 .debug_frame   0x000023a4      0x298 .\ARM_GCC_541\Debug\Mepsan.a(UART_3.o)
 .debug_frame   0x0000263c       0x34 .\ARM_GCC_541\Debug\Mepsan.a(UART_3_INT.o)
 .debug_frame   0x00002670      0x1b4 .\ARM_GCC_541\Debug\Mepsan.a(UART_3_IntClock.o)
 .debug_frame   0x00002824      0x238 .\ARM_GCC_541\Debug\Mepsan.a(CyFlash.o)
 .debug_frame   0x00002a5c      0x228 .\ARM_GCC_541\Debug\Mepsan.a(CySpc.o)
 .debug_frame   0x00002c84       0x20 c:/program files (x86)/cypress/psoc creator/4.2/psoc creator/import/gnu/arm/5.4.1/bin/../lib/gcc/arm-none-eabi/5.4.1/../../../../arm-none-eabi/lib/armv7-m\libg_nano.a(lib_a-errno.o)
 .debug_frame   0x00002ca4       0x28 c:/program files (x86)/cypress/psoc creator/4.2/psoc creator/import/gnu/arm/5.4.1/bin/../lib/gcc/arm-none-eabi/5.4.1/../../../../arm-none-eabi/lib/armv7-m\libg_nano.a(lib_a-exit.o)
 .debug_frame   0x00002ccc       0x2c c:/program files (x86)/cypress/psoc creator/4.2/psoc creator/import/gnu/arm/5.4.1/bin/../lib/gcc/arm-none-eabi/5.4.1/../../../../arm-none-eabi/lib/armv7-m\libg_nano.a(lib_a-init.o)
 .debug_frame   0x00002cf8       0x28 c:/program files (x86)/cypress/psoc creator/4.2/psoc creator/import/gnu/arm/5.4.1/bin/../lib/gcc/arm-none-eabi/5.4.1/../../../../arm-none-eabi/lib/armv7-m\libg_nano.a(lib_a-memcpy-stub.o)
 .debug_frame   0x00002d20       0x20 c:/program files (x86)/cypress/psoc creator/4.2/psoc creator/import/gnu/arm/5.4.1/bin/../lib/gcc/arm-none-eabi/5.4.1/../../../../arm-none-eabi/lib/armv7-m\libg_nano.a(lib_a-memset.o)

.debug_str      0x00000000     0x2743
 *(.debug_str)
 .debug_str     0x00000000      0x27e .\ARM_GCC_541\Debug\main.o
                                0x2e3 (size before relaxing)
 .debug_str     0x0000027e       0xf6 .\ARM_GCC_541\Debug\PumpCom.o
                                0x3e9 (size before relaxing)
 .debug_str     0x00000374       0xa9 .\ARM_GCC_541\Debug\Gbr.o
                                0x372 (size before relaxing)
 .debug_str     0x0000041d      0x211 .\ARM_GCC_541\Debug\printer.o
                                0x4dd (size before relaxing)
 .debug_str     0x0000062e      0x192 .\ARM_GCC_541\Debug\cyfitter_cfg.o
                                0x312 (size before relaxing)
 .debug_str     0x000007c0       0x75 .\ARM_GCC_541\Debug\cymetadata.o
                                0x1d7 (size before relaxing)
 .debug_str     0x00000835      0x124 .\ARM_GCC_541\Debug\Cm3Start.o
                                0x2ca (size before relaxing)
 .debug_str     0x00000959      0x13a .\ARM_GCC_541\Debug\Mepsan.a(PWM_1.o)
                                0x2c0 (size before relaxing)
 .debug_str     0x00000a93       0x8f .\ARM_GCC_541\Debug\Mepsan.a(Kill_Switch.o)
                                0x1f3 (size before relaxing)
 .debug_str     0x00000b22      0x807 .\ARM_GCC_541\Debug\Mepsan.a(CyLib.o)
                                0x9dd (size before relaxing)
 .debug_str     0x00001329      0x371 .\ARM_GCC_541\Debug\Mepsan.a(cyPm.o)
                                0x536 (size before relaxing)
 .debug_str     0x0000169a      0x360 .\ARM_GCC_541\Debug\Mepsan.a(UART_1.o)
                                0x509 (size before relaxing)
 .debug_str     0x000019fa       0x57 .\ARM_GCC_541\Debug\Mepsan.a(UART_1_INT.o)
                                0x24e (size before relaxing)
 .debug_str     0x00001a51      0x1c2 .\ARM_GCC_541\Debug\Mepsan.a(UART_1_IntClock.o)
                                0x341 (size before relaxing)
 .debug_str     0x00001c13      0x165 .\ARM_GCC_541\Debug\Mepsan.a(Timer_1.o)
                                0x308 (size before relaxing)
 .debug_str     0x00001d78      0x2b8 .\ARM_GCC_541\Debug\Mepsan.a(UART_2.o)
                                0x509 (size before relaxing)
 .debug_str     0x00002030       0x31 .\ARM_GCC_541\Debug\Mepsan.a(UART_2_INT.o)
                                0x24e (size before relaxing)
 .debug_str     0x00002061       0x6f .\ARM_GCC_541\Debug\Mepsan.a(EnablePin.o)
                                0x1e9 (size before relaxing)
 .debug_str     0x000020d0       0x79 .\ARM_GCC_541\Debug\Mepsan.a(EnablePin_1.o)
                                0x1f3 (size before relaxing)
 .debug_str     0x00002149      0x1c8 .\ARM_GCC_541\Debug\Mepsan.a(UART_3.o)
                                0x3ca (size before relaxing)
 .debug_str     0x00002311       0x31 .\ARM_GCC_541\Debug\Mepsan.a(UART_3_INT.o)
                                0x1e3 (size before relaxing)
 .debug_str     0x00002342      0x177 .\ARM_GCC_541\Debug\Mepsan.a(UART_3_IntClock.o)
                                0x341 (size before relaxing)
 .debug_str     0x000024b9      0x156 .\ARM_GCC_541\Debug\Mepsan.a(CyFlash.o)
                                0x2fa (size before relaxing)
 .debug_str     0x0000260f      0x134 .\ARM_GCC_541\Debug\Mepsan.a(CySpc.o)
                                0x2f4 (size before relaxing)

.debug_loc
 *(.debug_loc)

.debug_macinfo
 *(.debug_macinfo)

.debug_ranges   0x00000000      0x9c8
 *(.debug_ranges)
 .debug_ranges  0x00000000       0x20 .\ARM_GCC_541\Debug\main.o
 .debug_ranges  0x00000020       0x58 .\ARM_GCC_541\Debug\PumpCom.o
 .debug_ranges  0x00000078       0x18 .\ARM_GCC_541\Debug\Gbr.o
 .debug_ranges  0x00000090       0x18 .\ARM_GCC_541\Debug\printer.o
 .debug_ranges  0x000000a8       0x50 .\ARM_GCC_541\Debug\cyfitter_cfg.o
 .debug_ranges  0x000000f8       0x38 .\ARM_GCC_541\Debug\Cm3Start.o
 .debug_ranges  0x00000130       0x68 .\ARM_GCC_541\Debug\Mepsan.a(PWM_1.o)
 .debug_ranges  0x00000198       0x28 .\ARM_GCC_541\Debug\Mepsan.a(Kill_Switch.o)
 .debug_ranges  0x000001c0      0x290 .\ARM_GCC_541\Debug\Mepsan.a(CyLib.o)
 .debug_ranges  0x00000450       0x88 .\ARM_GCC_541\Debug\Mepsan.a(cyPm.o)
 .debug_ranges  0x000004d8       0xe0 .\ARM_GCC_541\Debug\Mepsan.a(UART_1.o)
 .debug_ranges  0x000005b8       0x10 .\ARM_GCC_541\Debug\Mepsan.a(UART_1_INT.o)
 .debug_ranges  0x000005c8       0x60 .\ARM_GCC_541\Debug\Mepsan.a(UART_1_IntClock.o)
 .debug_ranges  0x00000628       0x78 .\ARM_GCC_541\Debug\Mepsan.a(Timer_1.o)
 .debug_ranges  0x000006a0       0xe0 .\ARM_GCC_541\Debug\Mepsan.a(UART_2.o)
 .debug_ranges  0x00000780       0x10 .\ARM_GCC_541\Debug\Mepsan.a(UART_2_INT.o)
 .debug_ranges  0x00000790       0x28 .\ARM_GCC_541\Debug\Mepsan.a(EnablePin.o)
 .debug_ranges  0x000007b8       0x28 .\ARM_GCC_541\Debug\Mepsan.a(EnablePin_1.o)
 .debug_ranges  0x000007e0       0x90 .\ARM_GCC_541\Debug\Mepsan.a(UART_3.o)
 .debug_ranges  0x00000870       0x10 .\ARM_GCC_541\Debug\Mepsan.a(UART_3_INT.o)
 .debug_ranges  0x00000880       0x60 .\ARM_GCC_541\Debug\Mepsan.a(UART_3_IntClock.o)
 .debug_ranges  0x000008e0       0x78 .\ARM_GCC_541\Debug\Mepsan.a(CyFlash.o)
 .debug_ranges  0x00000958       0x70 .\ARM_GCC_541\Debug\Mepsan.a(CySpc.o)

.comment        0x00000000       0x6e
 .comment       0x00000000       0x6e .\ARM_GCC_541\Debug\main.o
                                 0x6f (size before relaxing)
 .comment       0x0000006e       0x6f .\ARM_GCC_541\Debug\PumpCom.o
 .comment       0x0000006e       0x6f .\ARM_GCC_541\Debug\Gbr.o
 .comment       0x0000006e       0x6f .\ARM_GCC_541\Debug\printer.o
 .comment       0x0000006e       0x6f .\ARM_GCC_541\Debug\cyfitter_cfg.o
 .comment       0x0000006e       0x6f .\ARM_GCC_541\Debug\cymetadata.o
 .comment       0x0000006e       0x6f .\ARM_GCC_541\Debug\Cm3Start.o
 .comment       0x0000006e       0x6f .\ARM_GCC_541\Debug\Mepsan.a(PWM_1.o)
 .comment       0x0000006e       0x6f .\ARM_GCC_541\Debug\Mepsan.a(Kill_Switch.o)
 .comment       0x0000006e       0x6f .\ARM_GCC_541\Debug\Mepsan.a(CyLib.o)
 .comment       0x0000006e       0x6f .\ARM_GCC_541\Debug\Mepsan.a(cyPm.o)
 .comment       0x0000006e       0x6f .\ARM_GCC_541\Debug\Mepsan.a(UART_1.o)
 .comment       0x0000006e       0x6f .\ARM_GCC_541\Debug\Mepsan.a(UART_1_INT.o)
 .comment       0x0000006e       0x6f .\ARM_GCC_541\Debug\Mepsan.a(UART_1_IntClock.o)
 .comment       0x0000006e       0x6f .\ARM_GCC_541\Debug\Mepsan.a(Timer_1.o)
 .comment       0x0000006e       0x6f .\ARM_GCC_541\Debug\Mepsan.a(UART_2.o)
 .comment       0x0000006e       0x6f .\ARM_GCC_541\Debug\Mepsan.a(UART_2_INT.o)
 .comment       0x0000006e       0x6f .\ARM_GCC_541\Debug\Mepsan.a(EnablePin.o)
 .comment       0x0000006e       0x6f .\ARM_GCC_541\Debug\Mepsan.a(EnablePin_1.o)
 .comment       0x0000006e       0x6f .\ARM_GCC_541\Debug\Mepsan.a(UART_3.o)
 .comment       0x0000006e       0x6f .\ARM_GCC_541\Debug\Mepsan.a(UART_3_INT.o)
 .comment       0x0000006e       0x6f .\ARM_GCC_541\Debug\Mepsan.a(UART_3_IntClock.o)
 .comment       0x0000006e       0x6f .\ARM_GCC_541\Debug\Mepsan.a(CyFlash.o)
 .comment       0x0000006e       0x6f .\ARM_GCC_541\Debug\Mepsan.a(CySpc.o)

.debug_weaknames
 *(.debug_weaknames)

.debug_funcnames
 *(.debug_funcnames)

.debug_typenames
 *(.debug_typenames)

.debug_varnames
 *(.debug_varnames)

.note.gnu.arm.ident
 *(.note.gnu.arm.ident)

.ARM.attributes
                0x00000000       0x29
 *(.ARM.attributes)
 .ARM.attributes
                0x00000000       0x1d c:/program files (x86)/cypress/psoc creator/4.2/psoc creator/import/gnu/arm/5.4.1/bin/../lib/gcc/arm-none-eabi/5.4.1/armv7-m/crti.o
 .ARM.attributes
                0x0000001d       0x2d c:/program files (x86)/cypress/psoc creator/4.2/psoc creator/import/gnu/arm/5.4.1/bin/../lib/gcc/arm-none-eabi/5.4.1/armv7-m/crtbegin.o
 .ARM.attributes
                0x0000004a       0x1b c:/program files (x86)/cypress/psoc creator/4.2/psoc creator/import/gnu/arm/5.4.1/bin/../lib/gcc/arm-none-eabi/5.4.1/../../../../arm-none-eabi/lib/armv7-m/crt0.o
 .ARM.attributes
                0x00000065       0x33 .\ARM_GCC_541\Debug\main.o
 .ARM.attributes
                0x00000098       0x33 .\ARM_GCC_541\Debug\PumpCom.o
 .ARM.attributes
                0x000000cb       0x33 .\ARM_GCC_541\Debug\Gbr.o
 .ARM.attributes
                0x000000fe       0x33 .\ARM_GCC_541\Debug\printer.o
 .ARM.attributes
                0x00000131       0x33 .\ARM_GCC_541\Debug\cyfitter_cfg.o
 .ARM.attributes
                0x00000164       0x33 .\ARM_GCC_541\Debug\cymetadata.o
 .ARM.attributes
                0x00000197       0x33 .\ARM_GCC_541\Debug\Cm3Start.o
 .ARM.attributes
                0x000001ca       0x33 .\ARM_GCC_541\Debug\Mepsan.a(PWM_1.o)
 .ARM.attributes
                0x000001fd       0x33 .\ARM_GCC_541\Debug\Mepsan.a(Kill_Switch.o)
 .ARM.attributes
                0x00000230       0x33 .\ARM_GCC_541\Debug\Mepsan.a(CyLib.o)
 .ARM.attributes
                0x00000263       0x33 .\ARM_GCC_541\Debug\Mepsan.a(cyPm.o)
 .ARM.attributes
                0x00000296       0x33 .\ARM_GCC_541\Debug\Mepsan.a(UART_1.o)
 .ARM.attributes
                0x000002c9       0x33 .\ARM_GCC_541\Debug\Mepsan.a(UART_1_INT.o)
 .ARM.attributes
                0x000002fc       0x33 .\ARM_GCC_541\Debug\Mepsan.a(UART_1_IntClock.o)
 .ARM.attributes
                0x0000032f       0x33 .\ARM_GCC_541\Debug\Mepsan.a(Timer_1.o)
 .ARM.attributes
                0x00000362       0x33 .\ARM_GCC_541\Debug\Mepsan.a(UART_2.o)
 .ARM.attributes
                0x00000395       0x33 .\ARM_GCC_541\Debug\Mepsan.a(UART_2_INT.o)
 .ARM.attributes
                0x000003c8       0x33 .\ARM_GCC_541\Debug\Mepsan.a(EnablePin.o)
 .ARM.attributes
                0x000003fb       0x33 .\ARM_GCC_541\Debug\Mepsan.a(EnablePin_1.o)
 .ARM.attributes
                0x0000042e       0x33 .\ARM_GCC_541\Debug\Mepsan.a(UART_3.o)
 .ARM.attributes
                0x00000461       0x33 .\ARM_GCC_541\Debug\Mepsan.a(UART_3_INT.o)
 .ARM.attributes
                0x00000494       0x33 .\ARM_GCC_541\Debug\Mepsan.a(UART_3_IntClock.o)
 .ARM.attributes
                0x000004c7       0x21 .\ARM_GCC_541\Debug\Mepsan.a(CyBootAsmGnu.o)
 .ARM.attributes
                0x000004e8       0x33 .\ARM_GCC_541\Debug\Mepsan.a(CyFlash.o)
 .ARM.attributes
                0x0000051b       0x33 .\ARM_GCC_541\Debug\Mepsan.a(CySpc.o)
 .ARM.attributes
                0x0000054e       0x2d c:/program files (x86)/cypress/psoc creator/4.2/psoc creator/import/gnu/arm/5.4.1/bin/../lib/gcc/arm-none-eabi/5.4.1/../../../../arm-none-eabi/lib/armv7-m\libg_nano.a(lib_a-errno.o)
 .ARM.attributes
                0x0000057b       0x2d c:/program files (x86)/cypress/psoc creator/4.2/psoc creator/import/gnu/arm/5.4.1/bin/../lib/gcc/arm-none-eabi/5.4.1/../../../../arm-none-eabi/lib/armv7-m\libg_nano.a(lib_a-exit.o)
 .ARM.attributes
                0x000005a8       0x2d c:/program files (x86)/cypress/psoc creator/4.2/psoc creator/import/gnu/arm/5.4.1/bin/../lib/gcc/arm-none-eabi/5.4.1/../../../../arm-none-eabi/lib/armv7-m\libg_nano.a(lib_a-impure.o)
 .ARM.attributes
                0x000005d5       0x2d c:/program files (x86)/cypress/psoc creator/4.2/psoc creator/import/gnu/arm/5.4.1/bin/../lib/gcc/arm-none-eabi/5.4.1/../../../../arm-none-eabi/lib/armv7-m\libg_nano.a(lib_a-init.o)
 .ARM.attributes
                0x00000602       0x2d c:/program files (x86)/cypress/psoc creator/4.2/psoc creator/import/gnu/arm/5.4.1/bin/../lib/gcc/arm-none-eabi/5.4.1/../../../../arm-none-eabi/lib/armv7-m\libg_nano.a(lib_a-memcpy-stub.o)
 .ARM.attributes
                0x0000062f       0x2d c:/program files (x86)/cypress/psoc creator/4.2/psoc creator/import/gnu/arm/5.4.1/bin/../lib/gcc/arm-none-eabi/5.4.1/../../../../arm-none-eabi/lib/armv7-m\libg_nano.a(lib_a-memset.o)
 .ARM.attributes
                0x0000065c       0x2d c:/program files (x86)/cypress/psoc creator/4.2/psoc creator/import/gnu/arm/5.4.1/bin/../lib/gcc/arm-none-eabi/5.4.1/armv7-m/crtend.o
 .ARM.attributes
                0x00000689       0x1d c:/program files (x86)/cypress/psoc creator/4.2/psoc creator/import/gnu/arm/5.4.1/bin/../lib/gcc/arm-none-eabi/5.4.1/armv7-m/crtn.o

/DISCARD/
 *(.note.GNU-stack)
OUTPUT(C:\Users\Lenovo\Documents\GitHub\Mepsan\Mepsan.cydsn\ARM_GCC_541\Debug\Mepsan.elf elf32-littlearm)
