Archive member included to satisfy reference by file (symbol)

.\ARM_GCC_541\Debug\Mepsan.a(CyLib.o)
                              .\ARM_GCC_541\Debug\Cm3Start.o (CyResetStatus)
.\ARM_GCC_541\Debug\Mepsan.a(cyPm.o)
                              .\ARM_GCC_541\Debug\Mepsan.a(CyLib.o) (CyPmReadStatus)
.\ARM_GCC_541\Debug\Mepsan.a(EnablePin.o)
                              .\ARM_GCC_541\Debug\PumpCom.o (EnablePin_Write)
.\ARM_GCC_541\Debug\Mepsan.a(screen.o)
                              .\ARM_GCC_541\Debug\printer.o (screen_ReadRxData)
.\ARM_GCC_541\Debug\Mepsan.a(screen_INT.o)
                              .\ARM_GCC_541\Debug\Mepsan.a(screen.o) (screen_RXISR)
.\ARM_GCC_541\Debug\Mepsan.a(screen_IntClock.o)
                              .\ARM_GCC_541\Debug\Mepsan.a(screen.o) (screen_IntClock_Start)
.\ARM_GCC_541\Debug\Mepsan.a(EEPROM_1.o)
                              .\ARM_GCC_541\Debug\printer.o (EEPROM_1_WriteByte)
.\ARM_GCC_541\Debug\Mepsan.a(PRINTER_A.o)
                              .\ARM_GCC_541\Debug\printer.o (PRINTER_A_PutChar)
.\ARM_GCC_541\Debug\Mepsan.a(PRINTER_A_INT.o)
                              .\ARM_GCC_541\Debug\Mepsan.a(PRINTER_A.o) (PRINTER_A_TXISR)
.\ARM_GCC_541\Debug\Mepsan.a(PRINTER_A_IntClock.o)
                              .\ARM_GCC_541\Debug\Mepsan.a(PRINTER_A.o) (PRINTER_A_IntClock_Start)
.\ARM_GCC_541\Debug\Mepsan.a(MEPSAN.o)
                              .\ARM_GCC_541\Debug\main.o (MEPSAN_Start)
.\ARM_GCC_541\Debug\Mepsan.a(MEPSAN_INT.o)
                              .\ARM_GCC_541\Debug\Mepsan.a(MEPSAN.o) (MEPSAN_RXISR)
.\ARM_GCC_541\Debug\Mepsan.a(GBCL.o)
                              .\ARM_GCC_541\Debug\main.o (GBCL_Start)
.\ARM_GCC_541\Debug\Mepsan.a(GBCL_INT.o)
                              .\ARM_GCC_541\Debug\Mepsan.a(GBCL.o) (GBCL_RXISR)
.\ARM_GCC_541\Debug\Mepsan.a(MEPSAN_IntClock.o)
                              .\ARM_GCC_541\Debug\Mepsan.a(MEPSAN.o) (MEPSAN_IntClock_Start)
.\ARM_GCC_541\Debug\Mepsan.a(CyBootAsmGnu.o)
                              .\ARM_GCC_541\Debug\cyfitter_cfg.o (CyDelayCycles)
.\ARM_GCC_541\Debug\Mepsan.a(CyFlash.o)
                              .\ARM_GCC_541\Debug\Mepsan.a(EEPROM_1.o) (dieTemperature)
.\ARM_GCC_541\Debug\Mepsan.a(CySpc.o)
                              .\ARM_GCC_541\Debug\Mepsan.a(EEPROM_1.o) (CySpcStart)
c:/program files (x86)/cypress/psoc creator/4.2/psoc creator/import/gnu/arm/5.4.1/bin/../lib/gcc/arm-none-eabi/5.4.1/../../../../arm-none-eabi/lib/armv7-m\libg_nano.a(lib_a-atoi.o)
                              .\ARM_GCC_541\Debug\printer.o (atoi)
c:/program files (x86)/cypress/psoc creator/4.2/psoc creator/import/gnu/arm/5.4.1/bin/../lib/gcc/arm-none-eabi/5.4.1/../../../../arm-none-eabi/lib/armv7-m\libg_nano.a(lib_a-errno.o)
                              .\ARM_GCC_541\Debug\Cm3Start.o (__errno)
c:/program files (x86)/cypress/psoc creator/4.2/psoc creator/import/gnu/arm/5.4.1/bin/../lib/gcc/arm-none-eabi/5.4.1/../../../../arm-none-eabi/lib/armv7-m\libg_nano.a(lib_a-exit.o)
                              c:/program files (x86)/cypress/psoc creator/4.2/psoc creator/import/gnu/arm/5.4.1/bin/../lib/gcc/arm-none-eabi/5.4.1/../../../../arm-none-eabi/lib/armv7-m/crt0.o (exit)
c:/program files (x86)/cypress/psoc creator/4.2/psoc creator/import/gnu/arm/5.4.1/bin/../lib/gcc/arm-none-eabi/5.4.1/../../../../arm-none-eabi/lib/armv7-m\libg_nano.a(lib_a-impure.o)
                              c:/program files (x86)/cypress/psoc creator/4.2/psoc creator/import/gnu/arm/5.4.1/bin/../lib/gcc/arm-none-eabi/5.4.1/../../../../arm-none-eabi/lib/armv7-m\libg_nano.a(lib_a-exit.o) (_global_impure_ptr)
c:/program files (x86)/cypress/psoc creator/4.2/psoc creator/import/gnu/arm/5.4.1/bin/../lib/gcc/arm-none-eabi/5.4.1/../../../../arm-none-eabi/lib/armv7-m\libg_nano.a(lib_a-init.o)
                              c:/program files (x86)/cypress/psoc creator/4.2/psoc creator/import/gnu/arm/5.4.1/bin/../lib/gcc/arm-none-eabi/5.4.1/../../../../arm-none-eabi/lib/armv7-m/crt0.o (__libc_init_array)
c:/program files (x86)/cypress/psoc creator/4.2/psoc creator/import/gnu/arm/5.4.1/bin/../lib/gcc/arm-none-eabi/5.4.1/../../../../arm-none-eabi/lib/armv7-m\libg_nano.a(lib_a-itoa.o)
                              .\ARM_GCC_541\Debug\printer.o (itoa)
c:/program files (x86)/cypress/psoc creator/4.2/psoc creator/import/gnu/arm/5.4.1/bin/../lib/gcc/arm-none-eabi/5.4.1/../../../../arm-none-eabi/lib/armv7-m\libg_nano.a(lib_a-memcpy-stub.o)
                              .\ARM_GCC_541\Debug\cyfitter_cfg.o (memcpy)
c:/program files (x86)/cypress/psoc creator/4.2/psoc creator/import/gnu/arm/5.4.1/bin/../lib/gcc/arm-none-eabi/5.4.1/../../../../arm-none-eabi/lib/armv7-m\libg_nano.a(lib_a-memset.o)
                              c:/program files (x86)/cypress/psoc creator/4.2/psoc creator/import/gnu/arm/5.4.1/bin/../lib/gcc/arm-none-eabi/5.4.1/../../../../arm-none-eabi/lib/armv7-m/crt0.o (memset)
[...]
Memory Configuration

Name             Origin             Length             Attributes
rom              0x00000000         0x00040000         xr
ram              0x1fff8000         0x00010000         xrw
*default*        0x00000000         0xffffffff

Linker script and memory map

LOAD c:/program files (x86)/cypress/psoc creator/4.2/psoc creator/import/gnu/arm/5.4.1/bin/../lib/gcc/arm-none-eabi/5.4.1/armv7-m/crti.o
LOAD c:/program files (x86)/cypress/psoc creator/4.2/psoc creator/import/gnu/arm/5.4.1/bin/../lib/gcc/arm-none-eabi/5.4.1/armv7-m/crtbegin.o
LOAD c:/program files (x86)/cypress/psoc creator/4.2/psoc creator/import/gnu/arm/5.4.1/bin/../lib/gcc/arm-none-eabi/5.4.1/../../../../arm-none-eabi/lib/armv7-m/crt0.o
START GROUP
LOAD .\ARM_GCC_541\Debug\PumpCom.o
LOAD .\ARM_GCC_541\Debug\Gbr.o
LOAD .\ARM_GCC_541\Debug\printer.o
LOAD .\ARM_GCC_541\Debug\main.o
LOAD .\ARM_GCC_541\Debug\cyfitter_cfg.o
LOAD .\ARM_GCC_541\Debug\cymetadata.o
LOAD .\ARM_GCC_541\Debug\Cm3Start.o
LOAD .\ARM_GCC_541\Debug\Mepsan.a
LOAD C:\Program Files (x86)\Cypress\PSoC Creator\4.2\PSoC Creator\psoc\content\cycomponentlibrary\CyComponentLibrary.cylib\CortexM3\ARM_GCC_541\Debug\CyComponentLibrary.a
END GROUP
START GROUP
LOAD c:/program files (x86)/cypress/psoc creator/4.2/psoc creator/import/gnu/arm/5.4.1/bin/../lib/gcc/arm-none-eabi/5.4.1/armv7-m\libgcc.a
LOAD c:/program files (x86)/cypress/psoc creator/4.2/psoc creator/import/gnu/arm/5.4.1/bin/../lib/gcc/arm-none-eabi/5.4.1/../../../../arm-none-eabi/lib/armv7-m\libg_nano.a
LOAD c:/program files (x86)/cypress/psoc creator/4.2/psoc creator/import/gnu/arm/5.4.1/bin/../lib/gcc/arm-none-eabi/5.4.1/../../../../arm-none-eabi/lib/armv7-m\libc_nano.a
END GROUP
START GROUP
LOAD c:/program files (x86)/cypress/psoc creator/4.2/psoc creator/import/gnu/arm/5.4.1/bin/../lib/gcc/arm-none-eabi/5.4.1/armv7-m\libgcc.a
LOAD c:/program files (x86)/cypress/psoc creator/4.2/psoc creator/import/gnu/arm/5.4.1/bin/../lib/gcc/arm-none-eabi/5.4.1/../../../../arm-none-eabi/lib/armv7-m\libc_nano.a
END GROUP
LOAD c:/program files (x86)/cypress/psoc creator/4.2/psoc creator/import/gnu/arm/5.4.1/bin/../lib/gcc/arm-none-eabi/5.4.1/armv7-m/crtend.o
LOAD c:/program files (x86)/cypress/psoc creator/4.2/psoc creator/import/gnu/arm/5.4.1/bin/../lib/gcc/arm-none-eabi/5.4.1/armv7-m/crtn.o
START GROUP
LOAD c:/program files (x86)/cypress/psoc creator/4.2/psoc creator/import/gnu/arm/5.4.1/bin/../lib/gcc/arm-none-eabi/5.4.1/armv7-m\libgcc.a
LOAD c:/program files (x86)/cypress/psoc creator/4.2/psoc creator/import/gnu/arm/5.4.1/bin/../lib/gcc/arm-none-eabi/5.4.1/../../../../arm-none-eabi/lib/armv7-m\libc.a
LOAD c:/program files (x86)/cypress/psoc creator/4.2/psoc creator/import/gnu/arm/5.4.1/bin/../lib/gcc/arm-none-eabi/5.4.1/../../../../arm-none-eabi/lib/armv7-m\libnosys.a
END GROUP
                0x00000000                CY_APPL_ORIGIN = 0x0
                0x00000100                CY_FLASH_ROW_SIZE = 0x100
                0x00000020                CY_ECC_ROW_SIZE = 0x20
                0x00000000                CY_EE_IN_BTLDR = 0x0
                0x00000000                CY_APPL_LOADABLE = 0x0
                0x00000800                CY_EE_SIZE = 0x800
                0x00000001                CY_APPL_NUM = 0x1
                0x00000001                CY_APPL_MAX = 0x1
                0x00000040                CY_METADATA_SIZE = 0x40
                0x00000000                CY_APPL_LOADABLE = 0x0
                0x00000000                CY_CHECKSUM_EXCLUDE_SIZE = ALIGN (0x0, CY_FLASH_ROW_SIZE)
                [!provide]                PROVIDE (__cy_heap_start, _end)
                0x00000001                PROVIDE (__cy_region_num, ((__cy_regions_end - __cy_regions) / 0x10))
                0x20008000                PROVIDE (__cy_stack, (ORIGIN (ram) + LENGTH (ram)))
                [!provide]                PROVIDE (__cy_heap_end, (__cy_stack - 0x800))

.cybootloader   0x00000000        0x0
 *(.cybootloader)
                0x00000000                appl1_start = CY_APPL_ORIGIN?CY_APPL_ORIGIN:ALIGN (CY_FLASH_ROW_SIZE)
                0x0001ff00                appl2_start = (appl1_start + ALIGN ((((LENGTH (rom) - appl1_start) - (0x2 * CY_FLASH_ROW_SIZE)) / 0x2), CY_FLASH_ROW_SIZE))
                0x00000000                appl_start = (CY_APPL_NUM == 0x1)?appl1_start:appl2_start
                0x00000000                ecc_offset = ((appl_start / CY_FLASH_ROW_SIZE) * CY_ECC_ROW_SIZE)
                0x00000000                ee_offset = (CY_APPL_LOADABLE && ! (CY_EE_IN_BTLDR))?((CY_EE_SIZE / CY_APPL_MAX) * (CY_APPL_NUM - 0x1)):0x0
                0x00000800                ee_size = (CY_APPL_LOADABLE && ! (CY_EE_IN_BTLDR))?(CY_EE_SIZE / CY_APPL_MAX):CY_EE_SIZE
                [!provide]                PROVIDE (CY_ECC_OFFSET, ecc_offset)

.text           0x00000000     0x34ba
 CREATE_OBJECT_SYMBOLS
                0x00000000                PROVIDE (__cy_interrupt_vector, RomVectors)
 *(.romvectors)
 .romvectors    0x00000000       0x10 .\ARM_GCC_541\Debug\Cm3Start.o
                0x00000000                RomVectors
                0x00000001                ASSERT ((. != __cy_interrupt_vector), No interrupt vector)
                0x00000001                ASSERT (CY_APPL_ORIGIN?(SIZEOF (.cybootloader) <= CY_APPL_ORIGIN):0x1, Wrong image location)
                0x00000010                PROVIDE (__cy_reset, Reset)
 *(.text.Reset)
 .text.Reset    0x00000010       0x18 .\ARM_GCC_541\Debug\Cm3Start.o
                0x00000010                Reset
                0x00000001                ASSERT ((. != __cy_reset), No reset code)
 *(.dma_init)
 .dma_init      0x00000028      0x308 .\ARM_GCC_541\Debug\cyfitter_cfg.o
                0x00000001                ASSERT ((((appl_start + .) <= 0x10000) || 0x0), DMA Init must be within the first 64k of flash)
 *(.text .text.* .gnu.linkonce.t.*)
 .text          0x00000330       0x5c c:/program files (x86)/cypress/psoc creator/4.2/psoc creator/import/gnu/arm/5.4.1/bin/../lib/gcc/arm-none-eabi/5.4.1/armv7-m/crtbegin.o
 .text.gen_crc16
                0x0000038c       0xfc .\ARM_GCC_541\Debug\PumpCom.o
                0x0000038c                gen_crc16
 .text.GetResponse
                0x00000488     0x1ee0 .\ARM_GCC_541\Debug\PumpCom.o
                0x00000488                GetResponse
 .text.Authorize
                0x00002368       0xdc .\ARM_GCC_541\Debug\PumpCom.o
                0x00002368                Authorize
 .text.PumpState
                0x00002444      0x18c .\ARM_GCC_541\Debug\PumpCom.o
                0x00002444                PumpState
 .text.PollingGB
                0x000025d0       0x7c .\ARM_GCC_541\Debug\main.o
                0x000025d0                PollingGB
 .text.main     0x0000264c       0x40 .\ARM_GCC_541\Debug\main.o
                0x0000264c                main
 .text.CYCONFIGCPY
                0x0000268c       0x20 .\ARM_GCC_541\Debug\cyfitter_cfg.o
 .text.CyClockStartupError
                0x000026ac        0xc .\ARM_GCC_541\Debug\cyfitter_cfg.o
 .text.cfg_dma_init
                0x000026b8      0x174 .\ARM_GCC_541\Debug\cyfitter_cfg.o
 .text.ClockSetup
                0x0000282c      0x184 .\ARM_GCC_541\Debug\cyfitter_cfg.o
 .text.AnalogSetDefault
                0x000029b0       0x44 .\ARM_GCC_541\Debug\cyfitter_cfg.o
 .text.cyfitter_cfg
                0x000029f4      0x124 .\ARM_GCC_541\Debug\cyfitter_cfg.o
                0x000029f4                cyfitter_cfg
 .text.IntDefaultHandler
                0x00002b18       0x14 .\ARM_GCC_541\Debug\Cm3Start.o
                0x00002b18                IntDefaultHandler
 .text.Start_c  0x00002b2c       0x98 .\ARM_GCC_541\Debug\Cm3Start.o
                0x00002b2c                Start_c
 .text.initialize_psoc
                0x00002bc4       0x90 .\ARM_GCC_541\Debug\Cm3Start.o
                0x00002bc4                initialize_psoc
 .text.CyHalt   0x00002c54       0x18 .\ARM_GCC_541\Debug\Mepsan.a(CyLib.o)
                0x00002c54                CyHalt
 .text.CyDelay  0x00002c6c       0x44 .\ARM_GCC_541\Debug\Mepsan.a(CyLib.o)
                0x00002c6c                CyDelay
 .text.CyIntSetVector
                0x00002cb0       0x50 .\ARM_GCC_541\Debug\Mepsan.a(CyLib.o)
                0x00002cb0                CyIntSetVector
 .text.CyIntSetPriority
                0x00002d00       0x48 .\ARM_GCC_541\Debug\Mepsan.a(CyLib.o)
                0x00002d00                CyIntSetPriority
 .text.EnablePin_Write
                0x00002d48       0x3c .\ARM_GCC_541\Debug\Mepsan.a(EnablePin.o)
                0x00002d48                EnablePin_Write
 .text.MEPSAN_Start
                0x00002d84       0x24 .\ARM_GCC_541\Debug\Mepsan.a(MEPSAN.o)
                0x00002d84                MEPSAN_Start
 .text.MEPSAN_Init
                0x00002da8       0x58 .\ARM_GCC_541\Debug\Mepsan.a(MEPSAN.o)
                0x00002da8                MEPSAN_Init
 .text.MEPSAN_Enable
                0x00002e00       0x68 .\ARM_GCC_541\Debug\Mepsan.a(MEPSAN.o)
                0x00002e00                MEPSAN_Enable
 .text.MEPSAN_ReadRxData
                0x00002e68       0x90 .\ARM_GCC_541\Debug\Mepsan.a(MEPSAN.o)
                0x00002e68                MEPSAN_ReadRxData
 .text.MEPSAN_GetRxBufferSize
                0x00002ef8       0x90 .\ARM_GCC_541\Debug\Mepsan.a(MEPSAN.o)
                0x00002ef8                MEPSAN_GetRxBufferSize
 .text.MEPSAN_ClearRxBuffer
                0x00002f88       0x80 .\ARM_GCC_541\Debug\Mepsan.a(MEPSAN.o)
                0x00002f88                MEPSAN_ClearRxBuffer
 .text.MEPSAN_PutChar
                0x00003008       0x34 .\ARM_GCC_541\Debug\Mepsan.a(MEPSAN.o)
                0x00003008                MEPSAN_PutChar
 .text.MEPSAN_RXISR
                0x0000303c       0xdc .\ARM_GCC_541\Debug\Mepsan.a(MEPSAN_INT.o)
                0x0000303c                MEPSAN_RXISR
 .text.GBCL_Start
                0x00003118       0x24 .\ARM_GCC_541\Debug\Mepsan.a(GBCL.o)
                0x00003118                GBCL_Start
 .text.GBCL_Init
                0x0000313c       0x58 .\ARM_GCC_541\Debug\Mepsan.a(GBCL.o)
                0x0000313c                GBCL_Init
 .text.GBCL_Enable
                0x00003194       0x64 .\ARM_GCC_541\Debug\Mepsan.a(GBCL.o)
                0x00003194                GBCL_Enable
 .text.GBCL_GetChar
                0x000031f8       0xb8 .\ARM_GCC_541\Debug\Mepsan.a(GBCL.o)
                0x000031f8                GBCL_GetChar
 .text.GBCL_PutChar
                0x000032b0       0x34 .\ARM_GCC_541\Debug\Mepsan.a(GBCL.o)
                0x000032b0                GBCL_PutChar
 .text.GBCL_RXISR
                0x000032e4       0xdc .\ARM_GCC_541\Debug\Mepsan.a(GBCL_INT.o)
                0x000032e4                GBCL_RXISR
 .text.MEPSAN_IntClock_Start
                0x000033c0       0x34 .\ARM_GCC_541\Debug\Mepsan.a(MEPSAN_IntClock.o)
                0x000033c0                MEPSAN_IntClock_Start
 *fill*         0x000033f4        0x4 
 .text          0x000033f8       0x54 .\ARM_GCC_541\Debug\Mepsan.a(CyBootAsmGnu.o)
                0x000033f8                CyDelayCycles
                0x00003436                CyEnterCriticalSection
                0x0000343e                CyExitCriticalSection
 .text.__errno  0x0000344c        0xc c:/program files (x86)/cypress/psoc creator/4.2/psoc creator/import/gnu/arm/5.4.1/bin/../lib/gcc/arm-none-eabi/5.4.1/../../../../arm-none-eabi/lib/armv7-m\libg_nano.a(lib_a-errno.o)
                0x0000344c                __errno
 .text.__libc_init_array
                0x00003458       0x4c c:/program files (x86)/cypress/psoc creator/4.2/psoc creator/import/gnu/arm/5.4.1/bin/../lib/gcc/arm-none-eabi/5.4.1/../../../../arm-none-eabi/lib/armv7-m\libg_nano.a(lib_a-init.o)
                0x00003458                __libc_init_array
 .text.memcpy   0x000034a4       0x16 c:/program files (x86)/cypress/psoc creator/4.2/psoc creator/import/gnu/arm/5.4.1/bin/../lib/gcc/arm-none-eabi/5.4.1/../../../../arm-none-eabi/lib/armv7-m\libg_nano.a(lib_a-memcpy-stub.o)
                0x000034a4                memcpy
 *(.plt)
 *(.gnu.warning)
 *(.glue_7t)
 .glue_7t       0x000034ba        0x0 linker stubs
 *(.glue_7)
 .glue_7        0x000034ba        0x0 linker stubs
 *(.vfp11_veneer)
 .vfp11_veneer  0x000034ba        0x0 linker stubs
 *(.bootloader)
 *(.ARM.extab* .gnu.linkonce.armextab.*)
 *(.gcc_except_table)

.v4_bx          0x000034bc        0x0
 .v4_bx         0x000034bc        0x0 linker stubs

.iplt           0x000034bc        0x0
 .iplt          0x000034bc        0x0 c:/program files (x86)/cypress/psoc creator/4.2/psoc creator/import/gnu/arm/5.4.1/bin/../lib/gcc/arm-none-eabi/5.4.1/armv7-m/crtbegin.o

.eh_frame_hdr
 *(.eh_frame_hdr)

.eh_frame       0x000034bc        0x4
 *(.eh_frame)
 .eh_frame      0x000034bc        0x0 c:/program files (x86)/cypress/psoc creator/4.2/psoc creator/import/gnu/arm/5.4.1/bin/../lib/gcc/arm-none-eabi/5.4.1/armv7-m/crtbegin.o
 .eh_frame      0x000034bc        0x4 c:/program files (x86)/cypress/psoc creator/4.2/psoc creator/import/gnu/arm/5.4.1/bin/../lib/gcc/arm-none-eabi/5.4.1/armv7-m/crtend.o
                [!provide]                PROVIDE (__exidx_start, .)

.ARM.exidx
 *(.ARM.exidx* .gnu.linkonce.armexidx.*)
                0x000034c0                __exidx_end = .

.rodata         0x000034c0      0x1a8
 *(.rodata .rodata.* .gnu.linkonce.r.*)
 .rodata        0x000034c0      0x170 .\ARM_GCC_541\Debug\cyfitter_cfg.o
 .rodata.str1.1
                0x00003630        0x2 c:/program files (x86)/cypress/psoc creator/4.2/psoc creator/import/gnu/arm/5.4.1/bin/../lib/gcc/arm-none-eabi/5.4.1/../../../../arm-none-eabi/lib/armv7-m\libg_nano.a(lib_a-impure.o)
                0x00003634                . = ALIGN (0x4)
 *fill*         0x00003632        0x2 
 *(.init)
 .init          0x00003634        0x4 c:/program files (x86)/cypress/psoc creator/4.2/psoc creator/import/gnu/arm/5.4.1/bin/../lib/gcc/arm-none-eabi/5.4.1/armv7-m/crti.o
                0x00003634                _init
 .init          0x00003638        0x8 c:/program files (x86)/cypress/psoc creator/4.2/psoc creator/import/gnu/arm/5.4.1/bin/../lib/gcc/arm-none-eabi/5.4.1/armv7-m/crtn.o
                0x00003640                . = ALIGN (0x4)
                0x00003640                __preinit_array_start = .
 *(.preinit_array)
                0x00003640                __preinit_array_end = .
                0x00003640                . = ALIGN (0x4)
                0x00003640                __init_array_start = .
 *(SORT(.init_array.*))
 *(.init_array)
 .init_array    0x00003640        0x4 c:/program files (x86)/cypress/psoc creator/4.2/psoc creator/import/gnu/arm/5.4.1/bin/../lib/gcc/arm-none-eabi/5.4.1/armv7-m/crtbegin.o
 .init_array    0x00003644        0x4 .\ARM_GCC_541\Debug\Cm3Start.o
                0x00003648                __init_array_end = .
                0x00003648                . = ALIGN (0x4)
 *(.fini)
 .fini          0x00003648        0x4 c:/program files (x86)/cypress/psoc creator/4.2/psoc creator/import/gnu/arm/5.4.1/bin/../lib/gcc/arm-none-eabi/5.4.1/armv7-m/crti.o
                0x00003648                _fini
 .fini          0x0000364c        0x8 c:/program files (x86)/cypress/psoc creator/4.2/psoc creator/import/gnu/arm/5.4.1/bin/../lib/gcc/arm-none-eabi/5.4.1/armv7-m/crtn.o
                0x00003654                . = ALIGN (0x4)
                0x00003654                __fini_array_start = .
 *(.fini_array)
 .fini_array    0x00003654        0x4 c:/program files (x86)/cypress/psoc creator/4.2/psoc creator/import/gnu/arm/5.4.1/bin/../lib/gcc/arm-none-eabi/5.4.1/armv7-m/crtbegin.o
 *(SORT(.fini_array.*))
                0x00003658                __fini_array_end = .
                0x00003658                . = ALIGN (0x4)
 *crtbegin.o(.ctors)
 *(EXCLUDE_FILE(*crtend.o) .ctors)
 *(SORT(.ctors.*))
 *crtend.o(.ctors)
                0x00003658                . = ALIGN (0x4)
 *crtbegin.o(.dtors)
 *(EXCLUDE_FILE(*crtend.o) .dtors)
 *(SORT(.dtors.*))
 *crtend.o(.dtors)
                0x00003658                . = ALIGN (0x4)
                0x00003658                __cy_regions = .
                0x00003658        0x4 LONG 0x3668 __cy_region_init_ram
                0x0000365c        0x4 LONG 0x1fff80c8 __cy_region_start_data
                0x00003660        0x4 LONG 0x78 __cy_region_init_size_ram
                0x00003664        0x4 LONG 0x6f8 __cy_region_zero_size_ram
                0x00003668                __cy_regions_end = .
                0x00003668                . = ALIGN (0x8)
                0x00003668                _etext = .

.cy_checksum_exclude
                0x00003668        0x0
 *(.cy_checksum_exclude)

.ramvectors     0x1fff8000       0xc0
                0x1fff8000                __cy_region_start_ram = .
 *(.ramvectors)
 .ramvectors    0x1fff8000       0xc0 .\ARM_GCC_541\Debug\Cm3Start.o
                0x1fff8000                CyRamVectors

.noinit         0x1fff80c0        0x5
 *(.noinit)
 .noinit        0x1fff80c0        0x4 .\ARM_GCC_541\Debug\Cm3Start.o
 .noinit        0x1fff80c4        0x1 .\ARM_GCC_541\Debug\Mepsan.a(CyLib.o)
                0x1fff80c4                CyResetStatus

.data           0x1fff80c8       0x78 load address 0x00003668
                0x1fff80c8                __cy_region_start_data = .
 *(.jcr)
 .jcr           0x1fff80c8        0x0 c:/program files (x86)/cypress/psoc creator/4.2/psoc creator/import/gnu/arm/5.4.1/bin/../lib/gcc/arm-none-eabi/5.4.1/armv7-m/crtbegin.o
 .jcr           0x1fff80c8        0x4 c:/program files (x86)/cypress/psoc creator/4.2/psoc creator/import/gnu/arm/5.4.1/bin/../lib/gcc/arm-none-eabi/5.4.1/armv7-m/crtend.o
 *(.got.plt)
 *(.got)
 *(.shdata)
 *(.data .data.* .gnu.linkonce.d.*)
 .data          0x1fff80cc       0x10 .\ARM_GCC_541\Debug\Mepsan.a(CyLib.o)
                0x1fff80cc                cydelay_freq_hz
                0x1fff80d0                cydelay_freq_khz
                0x1fff80d4                cydelay_freq_mhz
                0x1fff80d8                cydelay_32k_ms
 .data.impure_data
                0x1fff80dc       0x60 c:/program files (x86)/cypress/psoc creator/4.2/psoc creator/import/gnu/arm/5.4.1/bin/../lib/gcc/arm-none-eabi/5.4.1/../../../../arm-none-eabi/lib/armv7-m\libg_nano.a(lib_a-impure.o)
 .data._impure_ptr
                0x1fff813c        0x4 c:/program files (x86)/cypress/psoc creator/4.2/psoc creator/import/gnu/arm/5.4.1/bin/../lib/gcc/arm-none-eabi/5.4.1/../../../../arm-none-eabi/lib/armv7-m\libg_nano.a(lib_a-impure.o)
                0x1fff813c                _impure_ptr
                0x1fff8140                . = ALIGN (0x8)
 *(.ram)
                0x1fff8140                _edata = .

.igot.plt       0x1fff8140        0x0 load address 0x000036e0
 .igot.plt      0x1fff8140        0x0 c:/program files (x86)/cypress/psoc creator/4.2/psoc creator/import/gnu/arm/5.4.1/bin/../lib/gcc/arm-none-eabi/5.4.1/armv7-m/crtbegin.o

.bss            0x1fff8140      0x6f8 load address 0x000036e0
                0x1fff8140                PROVIDE (__bss_start__, .)
 *(.shbss)
 *(.bss .bss.* .gnu.linkonce.b.*)
 .bss           0x1fff8140       0x1c c:/program files (x86)/cypress/psoc creator/4.2/psoc creator/import/gnu/arm/5.4.1/bin/../lib/gcc/arm-none-eabi/5.4.1/armv7-m/crtbegin.o
 *fill*         0x1fff815c        0x4 
 .bss           0x1fff8160        0x4 .\ARM_GCC_541\Debug\cyfitter_cfg.o
 .bss           0x1fff8164        0x7 .\ARM_GCC_541\Debug\Mepsan.a(MEPSAN.o)
                0x1fff8164                MEPSAN_initVar
                0x1fff8165                MEPSAN_errorStatus
                0x1fff8166                MEPSAN_rxBufferRead
                0x1fff8167                MEPSAN_rxBufferWrite
                0x1fff8168                MEPSAN_rxBufferLoopDetect
                0x1fff8169                MEPSAN_rxBufferOverflow
 .bss           0x1fff816b        0x7 .\ARM_GCC_541\Debug\Mepsan.a(GBCL.o)
                0x1fff816b                GBCL_initVar
                0x1fff816c                GBCL_errorStatus
                0x1fff816d                GBCL_rxBufferRead
                0x1fff816e                GBCL_rxBufferWrite
                0x1fff816f                GBCL_rxBufferLoopDetect
                0x1fff8170                GBCL_rxBufferOverflow
 *(COMMON)
 *fill*         0x1fff8172        0x2 
 COMMON         0x1fff8174      0x5be .\ARM_GCC_541\Debug\PumpCom.o
                0x1fff8174                sale_number
                0x1fff817c                side
                0x1fff8650                crc_hi
                0x1fff8654                PumpAddress
                0x1fff8664                GBResponse
                0x1fff8698                MepsanResponse
                0x1fff86ca                DecVol
                0x1fff86cb                dirGbr
                0x1fff86cc                MepsanSendTo
                0x1fff8700                sale_number_copy
                0x1fff8708                shift_number
                0x1fff870e                int_shiftnumber
                0x1fff870f                TotalRequestType
                0x1fff8710                LCDhose
                0x1fff8711                Receipt
                0x1fff8712                Positions
                0x1fff8713                int_salenumber
                0x1fff8714                CRC
                0x1fff8716                crc_lo
                0x1fff8717                GILB_Send
                0x1fff8718                CurrentState
                0x1fff871c                touch1
                0x1fff8730                PollCounter
 COMMON         0x1fff8732        0x1 .\ARM_GCC_541\Debug\main.o
                0x1fff8732                GBRx
 *fill*         0x1fff8733        0x1 
 COMMON         0x1fff8734       0x80 .\ARM_GCC_541\Debug\Mepsan.a(MEPSAN.o)
                0x1fff8734                MEPSAN_rxBuffer
 COMMON         0x1fff87b4       0x80 .\ARM_GCC_541\Debug\Mepsan.a(GBCL.o)
                0x1fff87b4                GBCL_rxBuffer
                0x1fff8838                . = ALIGN (0x8)
 *fill*         0x1fff8834        0x4 
 *(.ram.b)
                0x1fff8838                _end = .
                0x1fff8838                __end = .
                0x1fff8838                PROVIDE (end, .)
                0x1fff8838                PROVIDE (__bss_end__, .)
                0x00003668                __cy_region_init_ram = LOADADDR (.data)
                0x00000078                __cy_region_init_size_ram = (_edata - ADDR (.data))
                0x000006f8                __cy_region_zero_size_ram = (_end - _edata)

.heap           0x1fff8838       0x80 load address 0x000036e0
                0x1fff8838                . = _end
                0x1fff88b8                . = (. + 0x80)
 *fill*         0x1fff8838       0x80 
                0x1fff88b8                __cy_heap_limit = .

.stack          0x20007800      0x800
                0x20007800                __cy_stack_limit = .
                0x20008000                . = (. + 0x800)
 *fill*         0x20007800      0x800 
                0x00000001                ASSERT ((__cy_stack_limit >= __cy_heap_limit), region RAM overflowed with stack)
                0x00000000                cy_checksum_exclude_size = (CY_APPL_LOADABLE == 0x1)?SIZEOF (.cy_checksum_exclude):0x0
                0x00000001                ASSERT ((cy_checksum_exclude_size <= CY_CHECKSUM_EXCLUDE_SIZE), CY_BOOT: Section .cy_checksum_exclude size exceedes specified limit.)

.cyloadermeta
 *(.cyloadermeta)

.cyloadablemeta
 *(.cyloadablemeta)

.cyconfigecc    0x80000000     0x21ec
 *(.cyconfigecc)
 .cyconfigecc   0x80000000     0x21ec .\ARM_GCC_541\Debug\cymetadata.o
                0x80000000                cy_meta_configecc

.cycustnvl      0x90000000        0x4
 *(.cycustnvl)
 .cycustnvl     0x90000000        0x4 .\ARM_GCC_541\Debug\cymetadata.o
                0x90000000                cy_meta_custnvl

.cywolatch      0x90100000        0x4
 *(.cywolatch)
 .cywolatch     0x90100000        0x4 .\ARM_GCC_541\Debug\cymetadata.o
                0x90100000                cy_meta_wonvl

.cyeeprom       0x90200000        0x0
 *(.cyeeprom)
                0x00000001                ASSERT ((. <= ((0x90200000 + ee_offset) + ee_size)), .cyeeprom data will not fit in EEPROM)

.cyflashprotect
                0x90400000      0x100
 *(.cyflashprotect)
 .cyflashprotect
                0x90400000      0x100 .\ARM_GCC_541\Debug\cymetadata.o
                0x90400000                cy_meta_flashprotect

.cymeta         0x90500000        0xc
 *(.cymeta)
 .cymeta        0x90500000        0xc .\ARM_GCC_541\Debug\cymetadata.o
                0x90500000                cy_metadata

.rel.dyn        0x000036e0        0x0 load address 0x9050000c
 .rel.iplt      0x000036e0        0x0 c:/program files (x86)/cypress/psoc creator/4.2/psoc creator/import/gnu/arm/5.4.1/bin/../lib/gcc/arm-none-eabi/5.4.1/armv7-m/crtbegin.o

.stab
 *(.stab)

.stabstr
 *(.stabstr)

.debug
 *(.debug)

.line
 *(.line)

.debug_srcinfo
 *(.debug_srcinfo)

.debug_sfnames
 *(.debug_sfnames)

.debug_aranges  0x00000000      0xbf8
 *(.debug_aranges)
 .debug_aranges
                0x00000000       0x68 .\ARM_GCC_541\Debug\PumpCom.o
 .debug_aranges
                0x00000068       0x28 .\ARM_GCC_541\Debug\Gbr.o
 .debug_aranges
                0x00000090       0x28 .\ARM_GCC_541\Debug\printer.o
 .debug_aranges
                0x000000b8       0x28 .\ARM_GCC_541\Debug\main.o
 .debug_aranges
                0x000000e0       0x60 .\ARM_GCC_541\Debug\cyfitter_cfg.o
 .debug_aranges
                0x00000140       0x18 .\ARM_GCC_541\Debug\cymetadata.o
 .debug_aranges
                0x00000158       0x48 .\ARM_GCC_541\Debug\Cm3Start.o
 .debug_aranges
                0x000001a0      0x2a0 .\ARM_GCC_541\Debug\Mepsan.a(CyLib.o)
 .debug_aranges
                0x00000440       0x98 .\ARM_GCC_541\Debug\Mepsan.a(cyPm.o)
 .debug_aranges
                0x000004d8       0x38 .\ARM_GCC_541\Debug\Mepsan.a(EnablePin.o)
 .debug_aranges
                0x00000510       0xf0 .\ARM_GCC_541\Debug\Mepsan.a(screen.o)
 .debug_aranges
                0x00000600       0x28 .\ARM_GCC_541\Debug\Mepsan.a(screen_INT.o)
 .debug_aranges
                0x00000628       0x70 .\ARM_GCC_541\Debug\Mepsan.a(screen_IntClock.o)
 .debug_aranges
                0x00000698       0x78 .\ARM_GCC_541\Debug\Mepsan.a(EEPROM_1.o)
 .debug_aranges
                0x00000710       0xa0 .\ARM_GCC_541\Debug\Mepsan.a(PRINTER_A.o)
 .debug_aranges
                0x000007b0       0x20 .\ARM_GCC_541\Debug\Mepsan.a(PRINTER_A_INT.o)
 .debug_aranges
                0x000007d0       0x70 .\ARM_GCC_541\Debug\Mepsan.a(PRINTER_A_IntClock.o)
 .debug_aranges
                0x00000840       0xf0 .\ARM_GCC_541\Debug\Mepsan.a(MEPSAN.o)
 .debug_aranges
                0x00000930       0x20 .\ARM_GCC_541\Debug\Mepsan.a(MEPSAN_INT.o)
 .debug_aranges
                0x00000950       0xf0 .\ARM_GCC_541\Debug\Mepsan.a(GBCL.o)
 .debug_aranges
                0x00000a40       0x20 .\ARM_GCC_541\Debug\Mepsan.a(GBCL_INT.o)
 .debug_aranges
                0x00000a60       0x70 .\ARM_GCC_541\Debug\Mepsan.a(MEPSAN_IntClock.o)
 .debug_aranges
                0x00000ad0       0x20 .\ARM_GCC_541\Debug\Mepsan.a(CyBootAsmGnu.o)
 .debug_aranges
                0x00000af0       0x88 .\ARM_GCC_541\Debug\Mepsan.a(CyFlash.o)
 .debug_aranges
                0x00000b78       0x80 .\ARM_GCC_541\Debug\Mepsan.a(CySpc.o)

.debug_pubnames
 *(.debug_pubnames)

.debug_info     0x00000000     0x75c9
 *(.debug_info .gnu.linkonce.wi.*)
 .debug_info    0x00000000      0xb6b .\ARM_GCC_541\Debug\PumpCom.o
 .debug_info    0x00000b6b      0x50a .\ARM_GCC_541\Debug\Gbr.o
 .debug_info    0x00001075     0x145c .\ARM_GCC_541\Debug\printer.o
 .debug_info    0x000024d1      0x513 .\ARM_GCC_541\Debug\main.o
 .debug_info    0x000029e4      0x3ce .\ARM_GCC_541\Debug\cyfitter_cfg.o
 .debug_info    0x00002db2      0x139 .\ARM_GCC_541\Debug\cymetadata.o
 .debug_info    0x00002eeb      0x32b .\ARM_GCC_541\Debug\Cm3Start.o
 .debug_info    0x00003216      0xe51 .\ARM_GCC_541\Debug\Mepsan.a(CyLib.o)
 .debug_info    0x00004067      0x57a .\ARM_GCC_541\Debug\Mepsan.a(cyPm.o)
 .debug_info    0x000045e1      0x11e .\ARM_GCC_541\Debug\Mepsan.a(EnablePin.o)
 .debug_info    0x000046ff      0x658 .\ARM_GCC_541\Debug\Mepsan.a(screen.o)
 .debug_info    0x00004d57      0x193 .\ARM_GCC_541\Debug\Mepsan.a(screen_INT.o)
 .debug_info    0x00004eea      0x25d .\ARM_GCC_541\Debug\Mepsan.a(screen_IntClock.o)
 .debug_info    0x00005147      0x359 .\ARM_GCC_541\Debug\Mepsan.a(EEPROM_1.o)
 .debug_info    0x000054a0      0x402 .\ARM_GCC_541\Debug\Mepsan.a(PRINTER_A.o)
 .debug_info    0x000058a2       0xf6 .\ARM_GCC_541\Debug\Mepsan.a(PRINTER_A_INT.o)
 .debug_info    0x00005998      0x25d .\ARM_GCC_541\Debug\Mepsan.a(PRINTER_A_IntClock.o)
 .debug_info    0x00005bf5      0x5f2 .\ARM_GCC_541\Debug\Mepsan.a(MEPSAN.o)
 .debug_info    0x000061e7      0x149 .\ARM_GCC_541\Debug\Mepsan.a(MEPSAN_INT.o)
 .debug_info    0x00006330      0x5f2 .\ARM_GCC_541\Debug\Mepsan.a(GBCL.o)
 .debug_info    0x00006922      0x149 .\ARM_GCC_541\Debug\Mepsan.a(GBCL_INT.o)
 .debug_info    0x00006a6b      0x25d .\ARM_GCC_541\Debug\Mepsan.a(MEPSAN_IntClock.o)
 .debug_info    0x00006cc8       0x88 .\ARM_GCC_541\Debug\Mepsan.a(CyBootAsmGnu.o)
 .debug_info    0x00006d50      0x3b9 .\ARM_GCC_541\Debug\Mepsan.a(CyFlash.o)
 .debug_info    0x00007109      0x4c0 .\ARM_GCC_541\Debug\Mepsan.a(CySpc.o)

.debug_abbrev   0x00000000     0x1cb0
 *(.debug_abbrev)
 .debug_abbrev  0x00000000      0x22b .\ARM_GCC_541\Debug\PumpCom.o
 .debug_abbrev  0x0000022b      0x132 .\ARM_GCC_541\Debug\Gbr.o
 .debug_abbrev  0x0000035d      0x16e .\ARM_GCC_541\Debug\printer.o
 .debug_abbrev  0x000004cb      0x145 .\ARM_GCC_541\Debug\main.o
 .debug_abbrev  0x00000610      0x183 .\ARM_GCC_541\Debug\cyfitter_cfg.o
 .debug_abbrev  0x00000793       0x77 .\ARM_GCC_541\Debug\cymetadata.o
 .debug_abbrev  0x0000080a      0x1d6 .\ARM_GCC_541\Debug\Cm3Start.o
 .debug_abbrev  0x000009e0      0x217 .\ARM_GCC_541\Debug\Mepsan.a(CyLib.o)
 .debug_abbrev  0x00000bf7      0x161 .\ARM_GCC_541\Debug\Mepsan.a(cyPm.o)
 .debug_abbrev  0x00000d58       0x90 .\ARM_GCC_541\Debug\Mepsan.a(EnablePin.o)
 .debug_abbrev  0x00000de8      0x15f .\ARM_GCC_541\Debug\Mepsan.a(screen.o)
 .debug_abbrev  0x00000f47       0xa2 .\ARM_GCC_541\Debug\Mepsan.a(screen_INT.o)
 .debug_abbrev  0x00000fe9      0x11d .\ARM_GCC_541\Debug\Mepsan.a(screen_IntClock.o)
 .debug_abbrev  0x00001106      0x117 .\ARM_GCC_541\Debug\Mepsan.a(EEPROM_1.o)
 .debug_abbrev  0x0000121d      0x143 .\ARM_GCC_541\Debug\Mepsan.a(PRINTER_A.o)
 .debug_abbrev  0x00001360       0x79 .\ARM_GCC_541\Debug\Mepsan.a(PRINTER_A_INT.o)
 .debug_abbrev  0x000013d9      0x11d .\ARM_GCC_541\Debug\Mepsan.a(PRINTER_A_IntClock.o)
 .debug_abbrev  0x000014f6      0x15f .\ARM_GCC_541\Debug\Mepsan.a(MEPSAN.o)
 .debug_abbrev  0x00001655       0x8a .\ARM_GCC_541\Debug\Mepsan.a(MEPSAN_INT.o)
 .debug_abbrev  0x000016df      0x15f .\ARM_GCC_541\Debug\Mepsan.a(GBCL.o)
 .debug_abbrev  0x0000183e       0x8a .\ARM_GCC_541\Debug\Mepsan.a(GBCL_INT.o)
 .debug_abbrev  0x000018c8      0x11d .\ARM_GCC_541\Debug\Mepsan.a(MEPSAN_IntClock.o)
 .debug_abbrev  0x000019e5       0x14 .\ARM_GCC_541\Debug\Mepsan.a(CyBootAsmGnu.o)
 .debug_abbrev  0x000019f9      0x14b .\ARM_GCC_541\Debug\Mepsan.a(CyFlash.o)
 .debug_abbrev  0x00001b44      0x16c .\ARM_GCC_541\Debug\Mepsan.a(CySpc.o)

.debug_line     0x00000000     0x3f5d
 *(.debug_line)
 .debug_line    0x00000000      0x66c .\ARM_GCC_541\Debug\PumpCom.o
 .debug_line    0x0000066c      0x18d .\ARM_GCC_541\Debug\Gbr.o
 .debug_line    0x000007f9      0x9e0 .\ARM_GCC_541\Debug\printer.o
 .debug_line    0x000011d9      0x1a5 .\ARM_GCC_541\Debug\main.o
 .debug_line    0x0000137e      0x226 .\ARM_GCC_541\Debug\cyfitter_cfg.o
 .debug_line    0x000015a4      0x141 .\ARM_GCC_541\Debug\cymetadata.o
 .debug_line    0x000016e5      0x1dc .\ARM_GCC_541\Debug\Cm3Start.o
 .debug_line    0x000018c1      0x883 .\ARM_GCC_541\Debug\Mepsan.a(CyLib.o)
 .debug_line    0x00002144      0x38e .\ARM_GCC_541\Debug\Mepsan.a(cyPm.o)
 .debug_line    0x000024d2       0x99 .\ARM_GCC_541\Debug\Mepsan.a(EnablePin.o)
 .debug_line    0x0000256b      0x349 .\ARM_GCC_541\Debug\Mepsan.a(screen.o)
 .debug_line    0x000028b4       0xb1 .\ARM_GCC_541\Debug\Mepsan.a(screen_INT.o)
 .debug_line    0x00002965      0x1ae .\ARM_GCC_541\Debug\Mepsan.a(screen_IntClock.o)
 .debug_line    0x00002b13      0x228 .\ARM_GCC_541\Debug\Mepsan.a(EEPROM_1.o)
 .debug_line    0x00002d3b      0x238 .\ARM_GCC_541\Debug\Mepsan.a(PRINTER_A.o)
 .debug_line    0x00002f73       0x8a .\ARM_GCC_541\Debug\Mepsan.a(PRINTER_A_INT.o)
 .debug_line    0x00002ffd      0x1b1 .\ARM_GCC_541\Debug\Mepsan.a(PRINTER_A_IntClock.o)
 .debug_line    0x000031ae      0x30b .\ARM_GCC_541\Debug\Mepsan.a(MEPSAN.o)
 .debug_line    0x000034b9       0x8a .\ARM_GCC_541\Debug\Mepsan.a(MEPSAN_INT.o)
 .debug_line    0x00003543      0x309 .\ARM_GCC_541\Debug\Mepsan.a(GBCL.o)
 .debug_line    0x0000384c       0x86 .\ARM_GCC_541\Debug\Mepsan.a(GBCL_INT.o)
 .debug_line    0x000038d2      0x1ae .\ARM_GCC_541\Debug\Mepsan.a(MEPSAN_IntClock.o)
 .debug_line    0x00003a80       0x7d .\ARM_GCC_541\Debug\Mepsan.a(CyBootAsmGnu.o)
 .debug_line    0x00003afd      0x22f .\ARM_GCC_541\Debug\Mepsan.a(CyFlash.o)
 .debug_line    0x00003d2c      0x231 .\ARM_GCC_541\Debug\Mepsan.a(CySpc.o)

.debug_frame    0x00000000     0x30e4
 *(.debug_frame)
 .debug_frame   0x00000000      0x1b8 .\ARM_GCC_541\Debug\PumpCom.o
 .debug_frame   0x000001b8       0x54 .\ARM_GCC_541\Debug\Gbr.o
 .debug_frame   0x0000020c       0x68 .\ARM_GCC_541\Debug\printer.o
 .debug_frame   0x00000274       0x58 .\ARM_GCC_541\Debug\main.o
 .debug_frame   0x000002cc      0x160 .\ARM_GCC_541\Debug\cyfitter_cfg.o
 .debug_frame   0x0000042c       0xd8 .\ARM_GCC_541\Debug\Cm3Start.o
 .debug_frame   0x00000504      0xc0c .\ARM_GCC_541\Debug\Mepsan.a(CyLib.o)
 .debug_frame   0x00001110      0x234 .\ARM_GCC_541\Debug\Mepsan.a(cyPm.o)
 .debug_frame   0x00001344       0xa8 .\ARM_GCC_541\Debug\Mepsan.a(EnablePin.o)
 .debug_frame   0x000013ec      0x428 .\ARM_GCC_541\Debug\Mepsan.a(screen.o)
 .debug_frame   0x00001814       0x5c .\ARM_GCC_541\Debug\Mepsan.a(screen_INT.o)
 .debug_frame   0x00001870      0x1b4 .\ARM_GCC_541\Debug\Mepsan.a(screen_IntClock.o)
 .debug_frame   0x00001a24      0x1c0 .\ARM_GCC_541\Debug\Mepsan.a(EEPROM_1.o)
 .debug_frame   0x00001be4      0x298 .\ARM_GCC_541\Debug\Mepsan.a(PRINTER_A.o)
 .debug_frame   0x00001e7c       0x34 .\ARM_GCC_541\Debug\Mepsan.a(PRINTER_A_INT.o)
 .debug_frame   0x00001eb0      0x1b4 .\ARM_GCC_541\Debug\Mepsan.a(PRINTER_A_IntClock.o)
 .debug_frame   0x00002064      0x428 .\ARM_GCC_541\Debug\Mepsan.a(MEPSAN.o)
 .debug_frame   0x0000248c       0x38 .\ARM_GCC_541\Debug\Mepsan.a(MEPSAN_INT.o)
 .debug_frame   0x000024c4      0x428 .\ARM_GCC_541\Debug\Mepsan.a(GBCL.o)
 .debug_frame   0x000028ec       0x38 .\ARM_GCC_541\Debug\Mepsan.a(GBCL_INT.o)
 .debug_frame   0x00002924      0x1b4 .\ARM_GCC_541\Debug\Mepsan.a(MEPSAN_IntClock.o)
 .debug_frame   0x00002ad8      0x238 .\ARM_GCC_541\Debug\Mepsan.a(CyFlash.o)
 .debug_frame   0x00002d10      0x228 .\ARM_GCC_541\Debug\Mepsan.a(CySpc.o)
 .debug_frame   0x00002f38       0x30 c:/program files (x86)/cypress/psoc creator/4.2/psoc creator/import/gnu/arm/5.4.1/bin/../lib/gcc/arm-none-eabi/5.4.1/../../../../arm-none-eabi/lib/armv7-m\libg_nano.a(lib_a-atoi.o)
 .debug_frame   0x00002f68       0x20 c:/program files (x86)/cypress/psoc creator/4.2/psoc creator/import/gnu/arm/5.4.1/bin/../lib/gcc/arm-none-eabi/5.4.1/../../../../arm-none-eabi/lib/armv7-m\libg_nano.a(lib_a-errno.o)
 .debug_frame   0x00002f88       0x28 c:/program files (x86)/cypress/psoc creator/4.2/psoc creator/import/gnu/arm/5.4.1/bin/../lib/gcc/arm-none-eabi/5.4.1/../../../../arm-none-eabi/lib/armv7-m\libg_nano.a(lib_a-exit.o)
 .debug_frame   0x00002fb0       0x2c c:/program files (x86)/cypress/psoc creator/4.2/psoc creator/import/gnu/arm/5.4.1/bin/../lib/gcc/arm-none-eabi/5.4.1/../../../../arm-none-eabi/lib/armv7-m\libg_nano.a(lib_a-init.o)
 .debug_frame   0x00002fdc       0x38 c:/program files (x86)/cypress/psoc creator/4.2/psoc creator/import/gnu/arm/5.4.1/bin/../lib/gcc/arm-none-eabi/5.4.1/../../../../arm-none-eabi/lib/armv7-m\libg_nano.a(lib_a-itoa.o)
 .debug_frame   0x00003014       0x28 c:/program files (x86)/cypress/psoc creator/4.2/psoc creator/import/gnu/arm/5.4.1/bin/../lib/gcc/arm-none-eabi/5.4.1/../../../../arm-none-eabi/lib/armv7-m\libg_nano.a(lib_a-memcpy-stub.o)
 .debug_frame   0x0000303c       0x20 c:/program files (x86)/cypress/psoc creator/4.2/psoc creator/import/gnu/arm/5.4.1/bin/../lib/gcc/arm-none-eabi/5.4.1/../../../../arm-none-eabi/lib/armv7-m\libg_nano.a(lib_a-memset.o)
 .debug_frame   0x0000305c       0x44 c:/program files (x86)/cypress/psoc creator/4.2/psoc creator/import/gnu/arm/5.4.1/bin/../lib/gcc/arm-none-eabi/5.4.1/../../../../arm-none-eabi/lib/armv7-m\libg_nano.a(lib_a-strtol.o)
 .debug_frame   0x000030a0       0x44 c:/program files (x86)/cypress/psoc creator/4.2/psoc creator/import/gnu/arm/5.4.1/bin/../lib/gcc/arm-none-eabi/5.4.1/../../../../arm-none-eabi/lib/armv7-m\libg_nano.a(lib_a-utoa.o)

.debug_str      0x00000000     0x2b07
 *(.debug_str)
 .debug_str     0x00000000      0x465 .\ARM_GCC_541\Debug\PumpCom.o
                                0x505 (size before relaxing)
 .debug_str     0x00000465       0x25 .\ARM_GCC_541\Debug\Gbr.o
                                0x405 (size before relaxing)
 .debug_str     0x0000048a      0x2b4 .\ARM_GCC_541\Debug\printer.o
                                0x628 (size before relaxing)
 .debug_str     0x0000073e       0x33 .\ARM_GCC_541\Debug\main.o
                                0x3cd (size before relaxing)
 .debug_str     0x00000771      0x1c5 .\ARM_GCC_541\Debug\cyfitter_cfg.o
                                0x317 (size before relaxing)
 .debug_str     0x00000936       0x75 .\ARM_GCC_541\Debug\cymetadata.o
                                0x1dc (size before relaxing)
 .debug_str     0x000009ab      0x124 .\ARM_GCC_541\Debug\Cm3Start.o
                                0x2cf (size before relaxing)
 .debug_str     0x00000acf      0x80b .\ARM_GCC_541\Debug\Mepsan.a(CyLib.o)
                                0x9e2 (size before relaxing)
 .debug_str     0x000012da      0x371 .\ARM_GCC_541\Debug\Mepsan.a(cyPm.o)
                                0x53b (size before relaxing)
 .debug_str     0x0000164b       0x7a .\ARM_GCC_541\Debug\Mepsan.a(EnablePin.o)
                                0x1ee (size before relaxing)
 .debug_str     0x000016c5      0x3bc .\ARM_GCC_541\Debug\Mepsan.a(screen.o)
                                0x568 (size before relaxing)
 .debug_str     0x00001a81       0x64 .\ARM_GCC_541\Debug\Mepsan.a(screen_INT.o)
                                0x299 (size before relaxing)
 .debug_str     0x00001ae5      0x1c2 .\ARM_GCC_541\Debug\Mepsan.a(screen_IntClock.o)
                                0x346 (size before relaxing)
 .debug_str     0x00001ca7      0x14a .\ARM_GCC_541\Debug\Mepsan.a(EEPROM_1.o)
                                0x2f6 (size before relaxing)
 .debug_str     0x00001df1      0x1e9 .\ARM_GCC_541\Debug\Mepsan.a(PRINTER_A.o)
                                0x411 (size before relaxing)
 .debug_str     0x00001fda       0x37 .\ARM_GCC_541\Debug\Mepsan.a(PRINTER_A_INT.o)
                                0x1f7 (size before relaxing)
 .debug_str     0x00002011      0x19b .\ARM_GCC_541\Debug\Mepsan.a(PRINTER_A_IntClock.o)
                                0x36a (size before relaxing)
 .debug_str     0x000021ac      0x2b8 .\ARM_GCC_541\Debug\Mepsan.a(MEPSAN.o)
                                0x50e (size before relaxing)
 .debug_str     0x00002464       0x31 .\ARM_GCC_541\Debug\Mepsan.a(MEPSAN_INT.o)
                                0x253 (size before relaxing)
 .debug_str     0x00002495      0x272 .\ARM_GCC_541\Debug\Mepsan.a(GBCL.o)
                                0x4c8 (size before relaxing)
 .debug_str     0x00002707       0x2d .\ARM_GCC_541\Debug\Mepsan.a(GBCL_INT.o)
                                0x243 (size before relaxing)
 .debug_str     0x00002734      0x177 .\ARM_GCC_541\Debug\Mepsan.a(MEPSAN_IntClock.o)
                                0x346 (size before relaxing)
 .debug_str     0x000028ab      0x135 .\ARM_GCC_541\Debug\Mepsan.a(CyFlash.o)
                                0x2ff (size before relaxing)
 .debug_str     0x000029e0      0x127 .\ARM_GCC_541\Debug\Mepsan.a(CySpc.o)
                                0x2f9 (size before relaxing)

.debug_loc
 *(.debug_loc)

.debug_macinfo
 *(.debug_macinfo)

.debug_ranges   0x00000000      0xa50
 *(.debug_ranges)
 .debug_ranges  0x00000000       0x58 .\ARM_GCC_541\Debug\PumpCom.o
 .debug_ranges  0x00000058       0x18 .\ARM_GCC_541\Debug\Gbr.o
 .debug_ranges  0x00000070       0x18 .\ARM_GCC_541\Debug\printer.o
 .debug_ranges  0x00000088       0x18 .\ARM_GCC_541\Debug\main.o
 .debug_ranges  0x000000a0       0x50 .\ARM_GCC_541\Debug\cyfitter_cfg.o
 .debug_ranges  0x000000f0       0x38 .\ARM_GCC_541\Debug\Cm3Start.o
 .debug_ranges  0x00000128      0x290 .\ARM_GCC_541\Debug\Mepsan.a(CyLib.o)
 .debug_ranges  0x000003b8       0x88 .\ARM_GCC_541\Debug\Mepsan.a(cyPm.o)
 .debug_ranges  0x00000440       0x28 .\ARM_GCC_541\Debug\Mepsan.a(EnablePin.o)
 .debug_ranges  0x00000468       0xe0 .\ARM_GCC_541\Debug\Mepsan.a(screen.o)
 .debug_ranges  0x00000548       0x18 .\ARM_GCC_541\Debug\Mepsan.a(screen_INT.o)
 .debug_ranges  0x00000560       0x60 .\ARM_GCC_541\Debug\Mepsan.a(screen_IntClock.o)
 .debug_ranges  0x000005c0       0x68 .\ARM_GCC_541\Debug\Mepsan.a(EEPROM_1.o)
 .debug_ranges  0x00000628       0x90 .\ARM_GCC_541\Debug\Mepsan.a(PRINTER_A.o)
 .debug_ranges  0x000006b8       0x10 .\ARM_GCC_541\Debug\Mepsan.a(PRINTER_A_INT.o)
 .debug_ranges  0x000006c8       0x60 .\ARM_GCC_541\Debug\Mepsan.a(PRINTER_A_IntClock.o)
 .debug_ranges  0x00000728       0xe0 .\ARM_GCC_541\Debug\Mepsan.a(MEPSAN.o)
 .debug_ranges  0x00000808       0x10 .\ARM_GCC_541\Debug\Mepsan.a(MEPSAN_INT.o)
 .debug_ranges  0x00000818       0xe0 .\ARM_GCC_541\Debug\Mepsan.a(GBCL.o)
 .debug_ranges  0x000008f8       0x10 .\ARM_GCC_541\Debug\Mepsan.a(GBCL_INT.o)
 .debug_ranges  0x00000908       0x60 .\ARM_GCC_541\Debug\Mepsan.a(MEPSAN_IntClock.o)
 .debug_ranges  0x00000968       0x78 .\ARM_GCC_541\Debug\Mepsan.a(CyFlash.o)
 .debug_ranges  0x000009e0       0x70 .\ARM_GCC_541\Debug\Mepsan.a(CySpc.o)

.comment        0x00000000       0x6e
 .comment       0x00000000       0x6e .\ARM_GCC_541\Debug\PumpCom.o
                                 0x6f (size before relaxing)
 .comment       0x0000006e       0x6f .\ARM_GCC_541\Debug\Gbr.o
 .comment       0x0000006e       0x6f .\ARM_GCC_541\Debug\printer.o
 .comment       0x0000006e       0x6f .\ARM_GCC_541\Debug\main.o
 .comment       0x0000006e       0x6f .\ARM_GCC_541\Debug\cyfitter_cfg.o
 .comment       0x0000006e       0x6f .\ARM_GCC_541\Debug\cymetadata.o
 .comment       0x0000006e       0x6f .\ARM_GCC_541\Debug\Cm3Start.o
 .comment       0x0000006e       0x6f .\ARM_GCC_541\Debug\Mepsan.a(CyLib.o)
 .comment       0x0000006e       0x6f .\ARM_GCC_541\Debug\Mepsan.a(cyPm.o)
 .comment       0x0000006e       0x6f .\ARM_GCC_541\Debug\Mepsan.a(EnablePin.o)
 .comment       0x0000006e       0x6f .\ARM_GCC_541\Debug\Mepsan.a(screen.o)
 .comment       0x0000006e       0x6f .\ARM_GCC_541\Debug\Mepsan.a(screen_INT.o)
 .comment       0x0000006e       0x6f .\ARM_GCC_541\Debug\Mepsan.a(screen_IntClock.o)
 .comment       0x0000006e       0x6f .\ARM_GCC_541\Debug\Mepsan.a(EEPROM_1.o)
 .comment       0x0000006e       0x6f .\ARM_GCC_541\Debug\Mepsan.a(PRINTER_A.o)
 .comment       0x0000006e       0x6f .\ARM_GCC_541\Debug\Mepsan.a(PRINTER_A_INT.o)
 .comment       0x0000006e       0x6f .\ARM_GCC_541\Debug\Mepsan.a(PRINTER_A_IntClock.o)
 .comment       0x0000006e       0x6f .\ARM_GCC_541\Debug\Mepsan.a(MEPSAN.o)
 .comment       0x0000006e       0x6f .\ARM_GCC_541\Debug\Mepsan.a(MEPSAN_INT.o)
 .comment       0x0000006e       0x6f .\ARM_GCC_541\Debug\Mepsan.a(GBCL.o)
 .comment       0x0000006e       0x6f .\ARM_GCC_541\Debug\Mepsan.a(GBCL_INT.o)
 .comment       0x0000006e       0x6f .\ARM_GCC_541\Debug\Mepsan.a(MEPSAN_IntClock.o)
 .comment       0x0000006e       0x6f .\ARM_GCC_541\Debug\Mepsan.a(CyFlash.o)
 .comment       0x0000006e       0x6f .\ARM_GCC_541\Debug\Mepsan.a(CySpc.o)

.debug_weaknames
 *(.debug_weaknames)

.debug_funcnames
 *(.debug_funcnames)

.debug_typenames
 *(.debug_typenames)

.debug_varnames
 *(.debug_varnames)

.note.gnu.arm.ident
 *(.note.gnu.arm.ident)

.ARM.attributes
                0x00000000       0x29
 *(.ARM.attributes)
 .ARM.attributes
                0x00000000       0x1d c:/program files (x86)/cypress/psoc creator/4.2/psoc creator/import/gnu/arm/5.4.1/bin/../lib/gcc/arm-none-eabi/5.4.1/armv7-m/crti.o
 .ARM.attributes
                0x0000001d       0x2d c:/program files (x86)/cypress/psoc creator/4.2/psoc creator/import/gnu/arm/5.4.1/bin/../lib/gcc/arm-none-eabi/5.4.1/armv7-m/crtbegin.o
 .ARM.attributes
                0x0000004a       0x1b c:/program files (x86)/cypress/psoc creator/4.2/psoc creator/import/gnu/arm/5.4.1/bin/../lib/gcc/arm-none-eabi/5.4.1/../../../../arm-none-eabi/lib/armv7-m/crt0.o
 .ARM.attributes
                0x00000065       0x33 .\ARM_GCC_541\Debug\PumpCom.o
 .ARM.attributes
                0x00000098       0x33 .\ARM_GCC_541\Debug\Gbr.o
 .ARM.attributes
                0x000000cb       0x33 .\ARM_GCC_541\Debug\printer.o
 .ARM.attributes
                0x000000fe       0x33 .\ARM_GCC_541\Debug\main.o
 .ARM.attributes
                0x00000131       0x33 .\ARM_GCC_541\Debug\cyfitter_cfg.o
 .ARM.attributes
                0x00000164       0x33 .\ARM_GCC_541\Debug\cymetadata.o
 .ARM.attributes
                0x00000197       0x33 .\ARM_GCC_541\Debug\Cm3Start.o
 .ARM.attributes
                0x000001ca       0x33 .\ARM_GCC_541\Debug\Mepsan.a(CyLib.o)
 .ARM.attributes
                0x000001fd       0x33 .\ARM_GCC_541\Debug\Mepsan.a(cyPm.o)
 .ARM.attributes
                0x00000230       0x33 .\ARM_GCC_541\Debug\Mepsan.a(EnablePin.o)
 .ARM.attributes
                0x00000263       0x33 .\ARM_GCC_541\Debug\Mepsan.a(screen.o)
 .ARM.attributes
                0x00000296       0x33 .\ARM_GCC_541\Debug\Mepsan.a(screen_INT.o)
 .ARM.attributes
                0x000002c9       0x33 .\ARM_GCC_541\Debug\Mepsan.a(screen_IntClock.o)
 .ARM.attributes
                0x000002fc       0x33 .\ARM_GCC_541\Debug\Mepsan.a(EEPROM_1.o)
 .ARM.attributes
                0x0000032f       0x33 .\ARM_GCC_541\Debug\Mepsan.a(PRINTER_A.o)
 .ARM.attributes
                0x00000362       0x33 .\ARM_GCC_541\Debug\Mepsan.a(PRINTER_A_INT.o)
 .ARM.attributes
                0x00000395       0x33 .\ARM_GCC_541\Debug\Mepsan.a(PRINTER_A_IntClock.o)
 .ARM.attributes
                0x000003c8       0x33 .\ARM_GCC_541\Debug\Mepsan.a(MEPSAN.o)
 .ARM.attributes
                0x000003fb       0x33 .\ARM_GCC_541\Debug\Mepsan.a(MEPSAN_INT.o)
 .ARM.attributes
                0x0000042e       0x33 .\ARM_GCC_541\Debug\Mepsan.a(GBCL.o)
 .ARM.attributes
                0x00000461       0x33 .\ARM_GCC_541\Debug\Mepsan.a(GBCL_INT.o)
 .ARM.attributes
                0x00000494       0x33 .\ARM_GCC_541\Debug\Mepsan.a(MEPSAN_IntClock.o)
 .ARM.attributes
                0x000004c7       0x21 .\ARM_GCC_541\Debug\Mepsan.a(CyBootAsmGnu.o)
 .ARM.attributes
                0x000004e8       0x33 .\ARM_GCC_541\Debug\Mepsan.a(CyFlash.o)
 .ARM.attributes
                0x0000051b       0x33 .\ARM_GCC_541\Debug\Mepsan.a(CySpc.o)
 .ARM.attributes
                0x0000054e       0x2d c:/program files (x86)/cypress/psoc creator/4.2/psoc creator/import/gnu/arm/5.4.1/bin/../lib/gcc/arm-none-eabi/5.4.1/../../../../arm-none-eabi/lib/armv7-m\libg_nano.a(lib_a-atoi.o)
 .ARM.attributes
                0x0000057b       0x2d c:/program files (x86)/cypress/psoc creator/4.2/psoc creator/import/gnu/arm/5.4.1/bin/../lib/gcc/arm-none-eabi/5.4.1/../../../../arm-none-eabi/lib/armv7-m\libg_nano.a(lib_a-errno.o)
 .ARM.attributes
                0x000005a8       0x2d c:/program files (x86)/cypress/psoc creator/4.2/psoc creator/import/gnu/arm/5.4.1/bin/../lib/gcc/arm-none-eabi/5.4.1/../../../../arm-none-eabi/lib/armv7-m\libg_nano.a(lib_a-exit.o)
 .ARM.attributes
                0x000005d5       0x2d c:/program files (x86)/cypress/psoc creator/4.2/psoc creator/import/gnu/arm/5.4.1/bin/../lib/gcc/arm-none-eabi/5.4.1/../../../../arm-none-eabi/lib/armv7-m\libg_nano.a(lib_a-impure.o)
 .ARM.attributes
                0x00000602       0x2d c:/program files (x86)/cypress/psoc creator/4.2/psoc creator/import/gnu/arm/5.4.1/bin/../lib/gcc/arm-none-eabi/5.4.1/../../../../arm-none-eabi/lib/armv7-m\libg_nano.a(lib_a-init.o)
 .ARM.attributes
                0x0000062f       0x2d c:/program files (x86)/cypress/psoc creator/4.2/psoc creator/import/gnu/arm/5.4.1/bin/../lib/gcc/arm-none-eabi/5.4.1/../../../../arm-none-eabi/lib/armv7-m\libg_nano.a(lib_a-itoa.o)
 .ARM.attributes
                0x0000065c       0x2d c:/program files (x86)/cypress/psoc creator/4.2/psoc creator/import/gnu/arm/5.4.1/bin/../lib/gcc/arm-none-eabi/5.4.1/../../../../arm-none-eabi/lib/armv7-m\libg_nano.a(lib_a-memcpy-stub.o)
 .ARM.attributes
                0x00000689       0x2d c:/program files (x86)/cypress/psoc creator/4.2/psoc creator/import/gnu/arm/5.4.1/bin/../lib/gcc/arm-none-eabi/5.4.1/../../../../arm-none-eabi/lib/armv7-m\libg_nano.a(lib_a-memset.o)
 .ARM.attributes
                0x000006b6       0x2d c:/program files (x86)/cypress/psoc creator/4.2/psoc creator/import/gnu/arm/5.4.1/bin/../lib/gcc/arm-none-eabi/5.4.1/../../../../arm-none-eabi/lib/armv7-m\libg_nano.a(lib_a-strtol.o)
 .ARM.attributes
                0x000006e3       0x2d c:/program files (x86)/cypress/psoc creator/4.2/psoc creator/import/gnu/arm/5.4.1/bin/../lib/gcc/arm-none-eabi/5.4.1/../../../../arm-none-eabi/lib/armv7-m\libg_nano.a(lib_a-utoa.o)
 .ARM.attributes
                0x00000710       0x2d c:/program files (x86)/cypress/psoc creator/4.2/psoc creator/import/gnu/arm/5.4.1/bin/../lib/gcc/arm-none-eabi/5.4.1/../../../../arm-none-eabi/lib/armv7-m\libg_nano.a(lib_a-ctype_.o)
 .ARM.attributes
                0x0000073d       0x2d c:/program files (x86)/cypress/psoc creator/4.2/psoc creator/import/gnu/arm/5.4.1/bin/../lib/gcc/arm-none-eabi/5.4.1/armv7-m/crtend.o
 .ARM.attributes
                0x0000076a       0x1d c:/program files (x86)/cypress/psoc creator/4.2/psoc creator/import/gnu/arm/5.4.1/bin/../lib/gcc/arm-none-eabi/5.4.1/armv7-m/crtn.o

/DISCARD/
 *(.note.GNU-stack)
OUTPUT(C:\Users\Diego\Documents\GitHub\Mepsan\Mepsan.cydsn\ARM_GCC_541\Debug\Mepsan.elf elf32-littlearm)
