Archive member included to satisfy reference by file (symbol)

.\ARM_GCC_541\Debug\Mepsan.a(PWM_1.o)
                              .\ARM_GCC_541\Debug\main.o (PWM_1_Start)
.\ARM_GCC_541\Debug\Mepsan.a(CyLib.o)
                              .\ARM_GCC_541\Debug\Cm3Start.o (CyResetStatus)
.\ARM_GCC_541\Debug\Mepsan.a(cyPm.o)
                              .\ARM_GCC_541\Debug\Mepsan.a(CyLib.o) (CyPmReadStatus)
.\ARM_GCC_541\Debug\Mepsan.a(UART_1.o)
                              .\ARM_GCC_541\Debug\main.o (UART_1_Start)
.\ARM_GCC_541\Debug\Mepsan.a(UART_1_INT.o)
                              .\ARM_GCC_541\Debug\Mepsan.a(UART_1.o) (UART_1_RXISR)
.\ARM_GCC_541\Debug\Mepsan.a(UART_1_IntClock.o)
                              .\ARM_GCC_541\Debug\Mepsan.a(UART_1.o) (UART_1_IntClock_Start)
.\ARM_GCC_541\Debug\Mepsan.a(Timer_1.o)
                              .\ARM_GCC_541\Debug\main.o (Timer_1_Start)
.\ARM_GCC_541\Debug\Mepsan.a(UART_2.o)
                              .\ARM_GCC_541\Debug\main.o (UART_2_Start)
.\ARM_GCC_541\Debug\Mepsan.a(UART_2_INT.o)
                              .\ARM_GCC_541\Debug\Mepsan.a(UART_2.o) (UART_2_RXISR)
.\ARM_GCC_541\Debug\Mepsan.a(EnablePin.o)
                              .\ARM_GCC_541\Debug\PumpCom.o (EnablePin_Write)
.\ARM_GCC_541\Debug\Mepsan.a(UART_3.o)
                              .\ARM_GCC_541\Debug\main.o (UART_3_Start)
.\ARM_GCC_541\Debug\Mepsan.a(UART_3_INT.o)
                              .\ARM_GCC_541\Debug\Mepsan.a(UART_3.o) (UART_3_TXISR)
.\ARM_GCC_541\Debug\Mepsan.a(UART_3_IntClock.o)
                              .\ARM_GCC_541\Debug\Mepsan.a(UART_3.o) (UART_3_IntClock_Start)
.\ARM_GCC_541\Debug\Mepsan.a(screen.o)
                              .\ARM_GCC_541\Debug\main.o (screen_Start)
.\ARM_GCC_541\Debug\Mepsan.a(screen_INT.o)
                              .\ARM_GCC_541\Debug\Mepsan.a(screen.o) (screen_RXISR)
.\ARM_GCC_541\Debug\Mepsan.a(screen_IntClock.o)
                              .\ARM_GCC_541\Debug\Mepsan.a(screen.o) (screen_IntClock_Start)
.\ARM_GCC_541\Debug\Mepsan.a(EEPROM_1.o)
                              .\ARM_GCC_541\Debug\main.o (EEPROM_1_Start)
.\ARM_GCC_541\Debug\Mepsan.a(CyBootAsmGnu.o)
                              .\ARM_GCC_541\Debug\cyfitter_cfg.o (CyDelayCycles)
.\ARM_GCC_541\Debug\Mepsan.a(CyFlash.o)
                              .\ARM_GCC_541\Debug\Mepsan.a(EEPROM_1.o) (dieTemperature)
.\ARM_GCC_541\Debug\Mepsan.a(CySpc.o)
                              .\ARM_GCC_541\Debug\Mepsan.a(EEPROM_1.o) (CySpcStart)
c:/program files (x86)/cypress/psoc creator/4.2/psoc creator/import/gnu/arm/5.4.1/bin/../lib/gcc/arm-none-eabi/5.4.1/../../../../arm-none-eabi/lib/armv7-m\libg_nano.a(lib_a-errno.o)
                              .\ARM_GCC_541\Debug\Cm3Start.o (__errno)
c:/program files (x86)/cypress/psoc creator/4.2/psoc creator/import/gnu/arm/5.4.1/bin/../lib/gcc/arm-none-eabi/5.4.1/../../../../arm-none-eabi/lib/armv7-m\libg_nano.a(lib_a-exit.o)
                              c:/program files (x86)/cypress/psoc creator/4.2/psoc creator/import/gnu/arm/5.4.1/bin/../lib/gcc/arm-none-eabi/5.4.1/../../../../arm-none-eabi/lib/armv7-m/crt0.o (exit)
c:/program files (x86)/cypress/psoc creator/4.2/psoc creator/import/gnu/arm/5.4.1/bin/../lib/gcc/arm-none-eabi/5.4.1/../../../../arm-none-eabi/lib/armv7-m\libg_nano.a(lib_a-impure.o)
                              c:/program files (x86)/cypress/psoc creator/4.2/psoc creator/import/gnu/arm/5.4.1/bin/../lib/gcc/arm-none-eabi/5.4.1/../../../../arm-none-eabi/lib/armv7-m\libg_nano.a(lib_a-exit.o) (_global_impure_ptr)
c:/program files (x86)/cypress/psoc creator/4.2/psoc creator/import/gnu/arm/5.4.1/bin/../lib/gcc/arm-none-eabi/5.4.1/../../../../arm-none-eabi/lib/armv7-m\libg_nano.a(lib_a-init.o)
                              c:/program files (x86)/cypress/psoc creator/4.2/psoc creator/import/gnu/arm/5.4.1/bin/../lib/gcc/arm-none-eabi/5.4.1/../../../../arm-none-eabi/lib/armv7-m/crt0.o (__libc_init_array)
c:/program files (x86)/cypress/psoc creator/4.2/psoc creator/import/gnu/arm/5.4.1/bin/../lib/gcc/arm-none-eabi/5.4.1/../../../../arm-none-eabi/lib/armv7-m\libg_nano.a(lib_a-memcpy-stub.o)
                              .\ARM_GCC_541\Debug\cyfitter_cfg.o (memcpy)
c:/program files (x86)/cypress/psoc creator/4.2/psoc creator/import/gnu/arm/5.4.1/bin/../lib/gcc/arm-none-eabi/5.4.1/../../../../arm-none-eabi/lib/armv7-m\libg_nano.a(lib_a-memset.o)
                              c:/program files (x86)/cypress/psoc creator/4.2/psoc creator/import/gnu/arm/5.4.1/bin/../lib/gcc/arm-none-eabi/5.4.1/../../../../arm-none-eabi/lib/armv7-m/crt0.o (memset)

Allocating common symbols
Common symbol       size              file

UART_2_rxBuffer     0x80              .\ARM_GCC_541\Debug\Mepsan.a(UART_2.o)
side                0x48c             .\ARM_GCC_541\Debug\main.o
crc_hi              0x1               .\ARM_GCC_541\Debug\main.o
PumpAddress         0xf               .\ARM_GCC_541\Debug\main.o
[...]
Memory Configuration

Name             Origin             Length             Attributes
rom              0x00000000         0x00040000         xr
ram              0x1fff8000         0x00010000         xrw
*default*        0x00000000         0xffffffff

Linker script and memory map

LOAD c:/program files (x86)/cypress/psoc creator/4.2/psoc creator/import/gnu/arm/5.4.1/bin/../lib/gcc/arm-none-eabi/5.4.1/armv7-m/crti.o
LOAD c:/program files (x86)/cypress/psoc creator/4.2/psoc creator/import/gnu/arm/5.4.1/bin/../lib/gcc/arm-none-eabi/5.4.1/armv7-m/crtbegin.o
LOAD c:/program files (x86)/cypress/psoc creator/4.2/psoc creator/import/gnu/arm/5.4.1/bin/../lib/gcc/arm-none-eabi/5.4.1/../../../../arm-none-eabi/lib/armv7-m/crt0.o
START GROUP
LOAD .\ARM_GCC_541\Debug\main.o
LOAD .\ARM_GCC_541\Debug\PumpCom.o
LOAD .\ARM_GCC_541\Debug\Gbr.o
LOAD .\ARM_GCC_541\Debug\printer.o
LOAD .\ARM_GCC_541\Debug\cyfitter_cfg.o
LOAD .\ARM_GCC_541\Debug\cymetadata.o
LOAD .\ARM_GCC_541\Debug\Cm3Start.o
LOAD .\ARM_GCC_541\Debug\Mepsan.a
LOAD C:\Program Files (x86)\Cypress\PSoC Creator\4.2\PSoC Creator\psoc\content\cycomponentlibrary\CyComponentLibrary.cylib\CortexM3\ARM_GCC_541\Debug\CyComponentLibrary.a
END GROUP
START GROUP
LOAD c:/program files (x86)/cypress/psoc creator/4.2/psoc creator/import/gnu/arm/5.4.1/bin/../lib/gcc/arm-none-eabi/5.4.1/armv7-m\libgcc.a
LOAD c:/program files (x86)/cypress/psoc creator/4.2/psoc creator/import/gnu/arm/5.4.1/bin/../lib/gcc/arm-none-eabi/5.4.1/../../../../arm-none-eabi/lib/armv7-m\libg_nano.a
LOAD c:/program files (x86)/cypress/psoc creator/4.2/psoc creator/import/gnu/arm/5.4.1/bin/../lib/gcc/arm-none-eabi/5.4.1/../../../../arm-none-eabi/lib/armv7-m\libc_nano.a
END GROUP
START GROUP
LOAD c:/program files (x86)/cypress/psoc creator/4.2/psoc creator/import/gnu/arm/5.4.1/bin/../lib/gcc/arm-none-eabi/5.4.1/armv7-m\libgcc.a
LOAD c:/program files (x86)/cypress/psoc creator/4.2/psoc creator/import/gnu/arm/5.4.1/bin/../lib/gcc/arm-none-eabi/5.4.1/../../../../arm-none-eabi/lib/armv7-m\libc_nano.a
END GROUP
LOAD c:/program files (x86)/cypress/psoc creator/4.2/psoc creator/import/gnu/arm/5.4.1/bin/../lib/gcc/arm-none-eabi/5.4.1/armv7-m/crtend.o
LOAD c:/program files (x86)/cypress/psoc creator/4.2/psoc creator/import/gnu/arm/5.4.1/bin/../lib/gcc/arm-none-eabi/5.4.1/armv7-m/crtn.o
START GROUP
LOAD c:/program files (x86)/cypress/psoc creator/4.2/psoc creator/import/gnu/arm/5.4.1/bin/../lib/gcc/arm-none-eabi/5.4.1/armv7-m\libgcc.a
LOAD c:/program files (x86)/cypress/psoc creator/4.2/psoc creator/import/gnu/arm/5.4.1/bin/../lib/gcc/arm-none-eabi/5.4.1/../../../../arm-none-eabi/lib/armv7-m\libc.a
LOAD c:/program files (x86)/cypress/psoc creator/4.2/psoc creator/import/gnu/arm/5.4.1/bin/../lib/gcc/arm-none-eabi/5.4.1/../../../../arm-none-eabi/lib/armv7-m\libnosys.a
END GROUP
                0x00000000                CY_APPL_ORIGIN = 0x0
                0x00000100                CY_FLASH_ROW_SIZE = 0x100
                0x00000020                CY_ECC_ROW_SIZE = 0x20
                0x00000000                CY_EE_IN_BTLDR = 0x0
                0x00000000                CY_APPL_LOADABLE = 0x0
                0x00000800                CY_EE_SIZE = 0x800
                0x00000001                CY_APPL_NUM = 0x1
                0x00000001                CY_APPL_MAX = 0x1
                0x00000040                CY_METADATA_SIZE = 0x40
                0x00000000                CY_APPL_LOADABLE = 0x0
                0x00000000                CY_CHECKSUM_EXCLUDE_SIZE = ALIGN (0x0, CY_FLASH_ROW_SIZE)
                [!provide]                PROVIDE (__cy_heap_start, _end)
                0x00000001                PROVIDE (__cy_region_num, ((__cy_regions_end - __cy_regions) / 0x10))
                0x20008000                PROVIDE (__cy_stack, (ORIGIN (ram) + LENGTH (ram)))
                [!provide]                PROVIDE (__cy_heap_end, (__cy_stack - 0x800))

.cybootloader   0x00000000        0x0
 *(.cybootloader)
                0x00000000                appl1_start = CY_APPL_ORIGIN?CY_APPL_ORIGIN:ALIGN (CY_FLASH_ROW_SIZE)
                0x0001ff00                appl2_start = (appl1_start + ALIGN ((((LENGTH (rom) - appl1_start) - (0x2 * CY_FLASH_ROW_SIZE)) / 0x2), CY_FLASH_ROW_SIZE))
                0x00000000                appl_start = (CY_APPL_NUM == 0x1)?appl1_start:appl2_start
                0x00000000                ecc_offset = ((appl_start / CY_FLASH_ROW_SIZE) * CY_ECC_ROW_SIZE)
                0x00000000                ee_offset = (CY_APPL_LOADABLE && ! (CY_EE_IN_BTLDR))?((CY_EE_SIZE / CY_APPL_MAX) * (CY_APPL_NUM - 0x1)):0x0
                0x00000800                ee_size = (CY_APPL_LOADABLE && ! (CY_EE_IN_BTLDR))?(CY_EE_SIZE / CY_APPL_MAX):CY_EE_SIZE
                [!provide]                PROVIDE (CY_ECC_OFFSET, ecc_offset)

.text           0x00000000     0x56ca
 CREATE_OBJECT_SYMBOLS
                0x00000000                PROVIDE (__cy_interrupt_vector, RomVectors)
 *(.romvectors)
 .romvectors    0x00000000       0x10 .\ARM_GCC_541\Debug\Cm3Start.o
                0x00000000                RomVectors
                0x00000001                ASSERT ((. != __cy_interrupt_vector), No interrupt vector)
                0x00000001                ASSERT (CY_APPL_ORIGIN?(SIZEOF (.cybootloader) <= CY_APPL_ORIGIN):0x1, Wrong image location)
                0x00000010                PROVIDE (__cy_reset, Reset)
 *(.text.Reset)
 .text.Reset    0x00000010       0x18 .\ARM_GCC_541\Debug\Cm3Start.o
                0x00000010                Reset
                0x00000001                ASSERT ((. != __cy_reset), No reset code)
 *(.dma_init)
 .dma_init      0x00000028      0x2d8 .\ARM_GCC_541\Debug\cyfitter_cfg.o
                0x00000001                ASSERT ((((appl_start + .) <= 0x10000) || 0x0), DMA Init must be within the first 64k of flash)
 *(.text .text.* .gnu.linkonce.t.*)
 .text          0x00000300       0x5c c:/program files (x86)/cypress/psoc creator/4.2/psoc creator/import/gnu/arm/5.4.1/bin/../lib/gcc/arm-none-eabi/5.4.1/armv7-m/crtbegin.o
 .text.PollingPos
                0x0000035c      0x1b0 .\ARM_GCC_541\Debug\main.o
                0x0000035c                PollingPos
 .text.main     0x0000050c      0x390 .\ARM_GCC_541\Debug\main.o
                0x0000050c                main
 .text.gen_crc16
                0x0000089c       0xfc .\ARM_GCC_541\Debug\PumpCom.o
                0x0000089c                gen_crc16
 .text.GetResponse
                0x00000998     0x1b68 .\ARM_GCC_541\Debug\PumpCom.o
                0x00000998                GetResponse
 .text.GetAddress
                0x00002500       0xb0 .\ARM_GCC_541\Debug\PumpCom.o
                0x00002500                GetAddress
 .text.Authorize
                0x000025b0       0xdc .\ARM_GCC_541\Debug\PumpCom.o
                0x000025b0                Authorize
 .text.PumpState
                0x0000268c      0x184 .\ARM_GCC_541\Debug\PumpCom.o
                0x0000268c                PumpState
 .text.PriceUpdate
                0x00002810      0x118 .\ARM_GCC_541\Debug\PumpCom.o
                0x00002810                PriceUpdate
 .text.TotalRequest
                0x00002928      0x10c .\ARM_GCC_541\Debug\PumpCom.o
                0x00002928                TotalRequest
 .text.PrintReceipt
                0x00002a34      0xc90 .\ARM_GCC_541\Debug\printer.o
                0x00002a34                PrintReceipt
 .text.PrintShift
                0x000036c4      0x5e0 .\ARM_GCC_541\Debug\printer.o
                0x000036c4                PrintShift
 .text.CYCONFIGCPY
                0x00003ca4       0x20 .\ARM_GCC_541\Debug\cyfitter_cfg.o
 .text.CyClockStartupError
                0x00003cc4        0xc .\ARM_GCC_541\Debug\cyfitter_cfg.o
 .text.cfg_dma_init
                0x00003cd0      0x174 .\ARM_GCC_541\Debug\cyfitter_cfg.o
 .text.ClockSetup
                0x00003e44      0x158 .\ARM_GCC_541\Debug\cyfitter_cfg.o
 .text.AnalogSetDefault
                0x00003f9c       0x44 .\ARM_GCC_541\Debug\cyfitter_cfg.o
 .text.cyfitter_cfg
                0x00003fe0      0x100 .\ARM_GCC_541\Debug\cyfitter_cfg.o
                0x00003fe0                cyfitter_cfg
 .text.IntDefaultHandler
                0x000040e0       0x14 .\ARM_GCC_541\Debug\Cm3Start.o
                0x000040e0                IntDefaultHandler
 .text.Start_c  0x000040f4       0x98 .\ARM_GCC_541\Debug\Cm3Start.o
                0x000040f4                Start_c
 .text.initialize_psoc
                0x0000418c       0x90 .\ARM_GCC_541\Debug\Cm3Start.o
                0x0000418c                initialize_psoc
 .text.PWM_1_Start
                0x0000421c       0x24 .\ARM_GCC_541\Debug\Mepsan.a(PWM_1.o)
                0x0000421c                PWM_1_Start
 .text.PWM_1_Init
                0x00004240       0xbc .\ARM_GCC_541\Debug\Mepsan.a(PWM_1.o)
                0x00004240                PWM_1_Init
 .text.PWM_1_Enable
                0x000042fc       0x48 .\ARM_GCC_541\Debug\Mepsan.a(PWM_1.o)
                0x000042fc                PWM_1_Enable
 .text.PWM_1_WritePeriod
                0x00004344       0x20 .\ARM_GCC_541\Debug\Mepsan.a(PWM_1.o)
                0x00004344                PWM_1_WritePeriod
 .text.PWM_1_WriteCompare
                0x00004364       0x20 .\ARM_GCC_541\Debug\Mepsan.a(PWM_1.o)
                0x00004364                PWM_1_WriteCompare
 .text.PWM_1_SetInterruptMode
                0x00004384       0x20 .\ARM_GCC_541\Debug\Mepsan.a(PWM_1.o)
                0x00004384                PWM_1_SetInterruptMode
 .text.CyHalt   0x000043a4       0x18 .\ARM_GCC_541\Debug\Mepsan.a(CyLib.o)
                0x000043a4                CyHalt
 .text.CyDelay  0x000043bc       0x44 .\ARM_GCC_541\Debug\Mepsan.a(CyLib.o)
                0x000043bc                CyDelay
 .text.CyDelayUs
                0x00004400       0x28 .\ARM_GCC_541\Debug\Mepsan.a(CyLib.o)
                0x00004400                CyDelayUs
 .text.CyIntSetVector
                0x00004428       0x50 .\ARM_GCC_541\Debug\Mepsan.a(CyLib.o)
                0x00004428                CyIntSetVector
 .text.CyIntSetPriority
                0x00004478       0x48 .\ARM_GCC_541\Debug\Mepsan.a(CyLib.o)
                0x00004478                CyIntSetPriority
 .text.UART_1_Start
                0x000044c0       0x24 .\ARM_GCC_541\Debug\Mepsan.a(UART_1.o)
                0x000044c0                UART_1_Start
 .text.UART_1_Init
                0x000044e4       0x58 .\ARM_GCC_541\Debug\Mepsan.a(UART_1.o)
                0x000044e4                UART_1_Init
 .text.UART_1_Enable
                0x0000453c       0x68 .\ARM_GCC_541\Debug\Mepsan.a(UART_1.o)
                0x0000453c                UART_1_Enable
 .text.UART_1_ReadRxData
                0x000045a4       0x90 .\ARM_GCC_541\Debug\Mepsan.a(UART_1.o)
                0x000045a4                UART_1_ReadRxData
 .text.UART_1_GetRxBufferSize
                0x00004634       0x90 .\ARM_GCC_541\Debug\Mepsan.a(UART_1.o)
                0x00004634                UART_1_GetRxBufferSize
 .text.UART_1_ClearRxBuffer
                0x000046c4       0x80 .\ARM_GCC_541\Debug\Mepsan.a(UART_1.o)
                0x000046c4                UART_1_ClearRxBuffer
 .text.UART_1_PutChar
                0x00004744       0x34 .\ARM_GCC_541\Debug\Mepsan.a(UART_1.o)
                0x00004744                UART_1_PutChar
 .text.UART_1_RXISR
                0x00004778       0xdc .\ARM_GCC_541\Debug\Mepsan.a(UART_1_INT.o)
                0x00004778                UART_1_RXISR
 .text.UART_1_IntClock_Start
                0x00004854       0x34 .\ARM_GCC_541\Debug\Mepsan.a(UART_1_IntClock.o)
                0x00004854                UART_1_IntClock_Start
 .text.Timer_1_Init
                0x00004888       0xa0 .\ARM_GCC_541\Debug\Mepsan.a(Timer_1.o)
                0x00004888                Timer_1_Init
 .text.Timer_1_Enable
                0x00004928       0x48 .\ARM_GCC_541\Debug\Mepsan.a(Timer_1.o)
                0x00004928                Timer_1_Enable
 .text.Timer_1_Start
                0x00004970       0x24 .\ARM_GCC_541\Debug\Mepsan.a(Timer_1.o)
                0x00004970                Timer_1_Start
 .text.Timer_1_SetInterruptMode
                0x00004994       0x20 .\ARM_GCC_541\Debug\Mepsan.a(Timer_1.o)
                0x00004994                Timer_1_SetInterruptMode
 .text.Timer_1_WritePeriod
                0x000049b4       0x24 .\ARM_GCC_541\Debug\Mepsan.a(Timer_1.o)
                0x000049b4                Timer_1_WritePeriod
 .text.Timer_1_WriteCounter
                0x000049d8       0x20 .\ARM_GCC_541\Debug\Mepsan.a(Timer_1.o)
                0x000049d8                Timer_1_WriteCounter
 .text.UART_2_Start
                0x000049f8       0x24 .\ARM_GCC_541\Debug\Mepsan.a(UART_2.o)
                0x000049f8                UART_2_Start
 .text.UART_2_Init
                0x00004a1c       0x58 .\ARM_GCC_541\Debug\Mepsan.a(UART_2.o)
                0x00004a1c                UART_2_Init
 .text.UART_2_Enable
                0x00004a74       0x64 .\ARM_GCC_541\Debug\Mepsan.a(UART_2.o)
                0x00004a74                UART_2_Enable
 .text.UART_2_RXISR
                0x00004ad8       0xdc .\ARM_GCC_541\Debug\Mepsan.a(UART_2_INT.o)
                0x00004ad8                UART_2_RXISR
 .text.EnablePin_Write
                0x00004bb4       0x38 .\ARM_GCC_541\Debug\Mepsan.a(EnablePin.o)
                0x00004bb4                EnablePin_Write
 .text.UART_3_Start
                0x00004bec       0x24 .\ARM_GCC_541\Debug\Mepsan.a(UART_3.o)
                0x00004bec                UART_3_Start
 .text.UART_3_Init
                0x00004c10       0x3c .\ARM_GCC_541\Debug\Mepsan.a(UART_3.o)
                0x00004c10                UART_3_Init
 .text.UART_3_Enable
                0x00004c4c       0x4c .\ARM_GCC_541\Debug\Mepsan.a(UART_3.o)
                0x00004c4c                UART_3_Enable
 .text.UART_3_PutChar
                0x00004c98       0xb8 .\ARM_GCC_541\Debug\Mepsan.a(UART_3.o)
                0x00004c98                UART_3_PutChar
 .text.UART_3_TXISR
                0x00004d50       0x70 .\ARM_GCC_541\Debug\Mepsan.a(UART_3_INT.o)
                0x00004d50                UART_3_TXISR
 .text.UART_3_IntClock_Start
                0x00004dc0       0x34 .\ARM_GCC_541\Debug\Mepsan.a(UART_3_IntClock.o)
                0x00004dc0                UART_3_IntClock_Start
 .text.screen_Start
                0x00004df4       0x24 .\ARM_GCC_541\Debug\Mepsan.a(screen.o)
                0x00004df4                screen_Start
 .text.screen_Init
                0x00004e18       0x6c .\ARM_GCC_541\Debug\Mepsan.a(screen.o)
                0x00004e18                screen_Init
 .text.screen_Enable
                0x00004e84       0x78 .\ARM_GCC_541\Debug\Mepsan.a(screen.o)
                0x00004e84                screen_Enable
 .text.screen_ReadRxData
                0x00004efc       0x90 .\ARM_GCC_541\Debug\Mepsan.a(screen.o)
                0x00004efc                screen_ReadRxData
 .text.screen_GetRxBufferSize
                0x00004f8c       0x90 .\ARM_GCC_541\Debug\Mepsan.a(screen.o)
                0x00004f8c                screen_GetRxBufferSize
 .text.screen_PutChar
                0x0000501c       0xb8 .\ARM_GCC_541\Debug\Mepsan.a(screen.o)
                0x0000501c                screen_PutChar
 .text.screen_RXISR
                0x000050d4       0xd8 .\ARM_GCC_541\Debug\Mepsan.a(screen_INT.o)
                0x000050d4                screen_RXISR
 .text.screen_TXISR
                0x000051ac       0x70 .\ARM_GCC_541\Debug\Mepsan.a(screen_INT.o)
                0x000051ac                screen_TXISR
 .text.screen_IntClock_Start
                0x0000521c       0x34 .\ARM_GCC_541\Debug\Mepsan.a(screen_IntClock.o)
                0x0000521c                screen_IntClock_Start
 .text.EEPROM_1_Enable
                0x00005250       0x10 .\ARM_GCC_541\Debug\Mepsan.a(EEPROM_1.o)
                0x00005250                EEPROM_1_Enable
 .text.EEPROM_1_Start
                0x00005260        0xc .\ARM_GCC_541\Debug\Mepsan.a(EEPROM_1.o)
                0x00005260                EEPROM_1_Start
 *fill*         0x0000526c        0x4 
 .text          0x00005270       0x54 .\ARM_GCC_541\Debug\Mepsan.a(CyBootAsmGnu.o)
                0x00005270                CyDelayCycles
                0x000052ae                CyEnterCriticalSection
                0x000052b6                CyExitCriticalSection
 .text.CySetTempInt
                0x000052c4       0x7c .\ARM_GCC_541\Debug\Mepsan.a(CyFlash.o)
 .text.CyFlashGetSpcAlgorithm
                0x00005340       0x70 .\ARM_GCC_541\Debug\Mepsan.a(CyFlash.o)
                0x00005340                CyFlashGetSpcAlgorithm
 .text.CySetTemp
                0x000053b0       0x24 .\ARM_GCC_541\Debug\Mepsan.a(CyFlash.o)
                0x000053b0                CySetTemp
 .text.CyEEPROM_Start
                0x000053d4       0x8c .\ARM_GCC_541\Debug\Mepsan.a(CyFlash.o)
                0x000053d4                CyEEPROM_Start
 .text.CySpcStart
                0x00005460       0x48 .\ARM_GCC_541\Debug\Mepsan.a(CySpc.o)
                0x00005460                CySpcStart
 .text.CySpcReadData
                0x000054a8       0x54 .\ARM_GCC_541\Debug\Mepsan.a(CySpc.o)
                0x000054a8                CySpcReadData
 .text.CySpcGetTemp
                0x000054fc       0x64 .\ARM_GCC_541\Debug\Mepsan.a(CySpc.o)
                0x000054fc                CySpcGetTemp
 .text.CySpcLock
                0x00005560       0x68 .\ARM_GCC_541\Debug\Mepsan.a(CySpc.o)
                0x00005560                CySpcLock
 .text.CySpcUnlock
                0x000055c8       0x50 .\ARM_GCC_541\Debug\Mepsan.a(CySpc.o)
                0x000055c8                CySpcUnlock
 .text.CySpcGetAlgorithm
                0x00005618       0x44 .\ARM_GCC_541\Debug\Mepsan.a(CySpc.o)
                0x00005618                CySpcGetAlgorithm
 .text.__errno  0x0000565c        0xc c:/program files (x86)/cypress/psoc creator/4.2/psoc creator/import/gnu/arm/5.4.1/bin/../lib/gcc/arm-none-eabi/5.4.1/../../../../arm-none-eabi/lib/armv7-m\libg_nano.a(lib_a-errno.o)
                0x0000565c                __errno
 .text.__libc_init_array
                0x00005668       0x4c c:/program files (x86)/cypress/psoc creator/4.2/psoc creator/import/gnu/arm/5.4.1/bin/../lib/gcc/arm-none-eabi/5.4.1/../../../../arm-none-eabi/lib/armv7-m\libg_nano.a(lib_a-init.o)
                0x00005668                __libc_init_array
 .text.memcpy   0x000056b4       0x16 c:/program files (x86)/cypress/psoc creator/4.2/psoc creator/import/gnu/arm/5.4.1/bin/../lib/gcc/arm-none-eabi/5.4.1/../../../../arm-none-eabi/lib/armv7-m\libg_nano.a(lib_a-memcpy-stub.o)
                0x000056b4                memcpy
 *(.plt)
 *(.gnu.warning)
 *(.glue_7t)
 .glue_7t       0x000056ca        0x0 linker stubs
 *(.glue_7)
 .glue_7        0x000056ca        0x0 linker stubs
 *(.vfp11_veneer)
 .vfp11_veneer  0x000056ca        0x0 linker stubs
 *(.bootloader)
 *(.ARM.extab* .gnu.linkonce.armextab.*)
 *(.gcc_except_table)

.v4_bx          0x000056cc        0x0
 .v4_bx         0x000056cc        0x0 linker stubs

.iplt           0x000056cc        0x0
 .iplt          0x000056cc        0x0 c:/program files (x86)/cypress/psoc creator/4.2/psoc creator/import/gnu/arm/5.4.1/bin/../lib/gcc/arm-none-eabi/5.4.1/armv7-m/crtbegin.o

.eh_frame_hdr
 *(.eh_frame_hdr)

.eh_frame       0x000056cc        0x4
 *(.eh_frame)
 .eh_frame      0x000056cc        0x0 c:/program files (x86)/cypress/psoc creator/4.2/psoc creator/import/gnu/arm/5.4.1/bin/../lib/gcc/arm-none-eabi/5.4.1/armv7-m/crtbegin.o
 .eh_frame      0x000056cc        0x4 c:/program files (x86)/cypress/psoc creator/4.2/psoc creator/import/gnu/arm/5.4.1/bin/../lib/gcc/arm-none-eabi/5.4.1/armv7-m/crtend.o
                [!provide]                PROVIDE (__exidx_start, .)

.ARM.exidx
 *(.ARM.exidx* .gnu.linkonce.armexidx.*)
                0x000056d0                __exidx_end = .

.rodata         0x000056d0      0x190
 *(.rodata .rodata.* .gnu.linkonce.r.*)
 .rodata        0x000056d0      0x158 .\ARM_GCC_541\Debug\cyfitter_cfg.o
 .rodata.str1.1
                0x00005828        0x2 c:/program files (x86)/cypress/psoc creator/4.2/psoc creator/import/gnu/arm/5.4.1/bin/../lib/gcc/arm-none-eabi/5.4.1/../../../../arm-none-eabi/lib/armv7-m\libg_nano.a(lib_a-impure.o)
                0x0000582c                . = ALIGN (0x4)
 *fill*         0x0000582a        0x2 
 *(.init)
 .init          0x0000582c        0x4 c:/program files (x86)/cypress/psoc creator/4.2/psoc creator/import/gnu/arm/5.4.1/bin/../lib/gcc/arm-none-eabi/5.4.1/armv7-m/crti.o
                0x0000582c                _init
 .init          0x00005830        0x8 c:/program files (x86)/cypress/psoc creator/4.2/psoc creator/import/gnu/arm/5.4.1/bin/../lib/gcc/arm-none-eabi/5.4.1/armv7-m/crtn.o
                0x00005838                . = ALIGN (0x4)
                0x00005838                __preinit_array_start = .
 *(.preinit_array)
                0x00005838                __preinit_array_end = .
                0x00005838                . = ALIGN (0x4)
                0x00005838                __init_array_start = .
 *(SORT(.init_array.*))
 *(.init_array)
 .init_array    0x00005838        0x4 c:/program files (x86)/cypress/psoc creator/4.2/psoc creator/import/gnu/arm/5.4.1/bin/../lib/gcc/arm-none-eabi/5.4.1/armv7-m/crtbegin.o
 .init_array    0x0000583c        0x4 .\ARM_GCC_541\Debug\Cm3Start.o
                0x00005840                __init_array_end = .
                0x00005840                . = ALIGN (0x4)
 *(.fini)
 .fini          0x00005840        0x4 c:/program files (x86)/cypress/psoc creator/4.2/psoc creator/import/gnu/arm/5.4.1/bin/../lib/gcc/arm-none-eabi/5.4.1/armv7-m/crti.o
                0x00005840                _fini
 .fini          0x00005844        0x8 c:/program files (x86)/cypress/psoc creator/4.2/psoc creator/import/gnu/arm/5.4.1/bin/../lib/gcc/arm-none-eabi/5.4.1/armv7-m/crtn.o
                0x0000584c                . = ALIGN (0x4)
                0x0000584c                __fini_array_start = .
 *(.fini_array)
 .fini_array    0x0000584c        0x4 c:/program files (x86)/cypress/psoc creator/4.2/psoc creator/import/gnu/arm/5.4.1/bin/../lib/gcc/arm-none-eabi/5.4.1/armv7-m/crtbegin.o
 *(SORT(.fini_array.*))
                0x00005850                __fini_array_end = .
                0x00005850                . = ALIGN (0x4)
 *crtbegin.o(.ctors)
 *(EXCLUDE_FILE(*crtend.o) .ctors)
 *(SORT(.ctors.*))
 *crtend.o(.ctors)
                0x00005850                . = ALIGN (0x4)
 *crtbegin.o(.dtors)
 *(EXCLUDE_FILE(*crtend.o) .dtors)
 *(SORT(.dtors.*))
 *crtend.o(.dtors)
                0x00005850                . = ALIGN (0x4)
                0x00005850                __cy_regions = .
                0x00005850        0x4 LONG 0x5860 __cy_region_init_ram
                0x00005854        0x4 LONG 0x1fff80c8 __cy_region_start_data
                0x00005858        0x4 LONG 0x330 __cy_region_init_size_ram
                0x0000585c        0x4 LONG 0x6a0 __cy_region_zero_size_ram
                0x00005860                __cy_regions_end = .
                0x00005860                . = ALIGN (0x8)
                0x00005860                _etext = .

.cy_checksum_exclude
                0x00005860        0x0
 *(.cy_checksum_exclude)

.ramvectors     0x1fff8000       0xc0
                0x1fff8000                __cy_region_start_ram = .
 *(.ramvectors)
 .ramvectors    0x1fff8000       0xc0 .\ARM_GCC_541\Debug\Cm3Start.o
                0x1fff8000                CyRamVectors

.noinit         0x1fff80c0        0x5
 *(.noinit)
 .noinit        0x1fff80c0        0x4 .\ARM_GCC_541\Debug\Cm3Start.o
 .noinit        0x1fff80c4        0x1 .\ARM_GCC_541\Debug\Mepsan.a(CyLib.o)
                0x1fff80c4                CyResetStatus

.data           0x1fff80c8      0x330 load address 0x00005860
                0x1fff80c8                __cy_region_start_data = .
 *(.jcr)
 .jcr           0x1fff80c8        0x0 c:/program files (x86)/cypress/psoc creator/4.2/psoc creator/import/gnu/arm/5.4.1/bin/../lib/gcc/arm-none-eabi/5.4.1/armv7-m/crtbegin.o
 .jcr           0x1fff80c8        0x4 c:/program files (x86)/cypress/psoc creator/4.2/psoc creator/import/gnu/arm/5.4.1/bin/../lib/gcc/arm-none-eabi/5.4.1/armv7-m/crtend.o
 *(.got.plt)
 *(.got)
 *(.shdata)
 *(.data .data.* .gnu.linkonce.d.*)
 .data          0x1fff80cc      0x2b6 .\ARM_GCC_541\Debug\printer.o
                0x1fff80cc                LINE_FEED
                0x1fff80d0                VolSimbol
                0x1fff80d4                msn_EDS
                0x1fff80ec                msn_EDS2
                0x1fff8104                msn_EDS3
                0x1fff811c                msn_EDS4
                0x1fff8134                msn_plate
                0x1fff813c                msn_footer
                0x1fff8154                msn_footer2
                0x1fff816c                msn_diesel
                0x1fff8174                msn_gasoline
                0x1fff8180                msn_fecha
                0x1fff8190                msn_hora
                0x1fff81a0                msn_placa
                0x1fff81b0                PRN_MILLEAGE
                0x1fff81c0                PRN_TRANSTYPE
                0x1fff81d0                msn_pos
                0x1fff81e0                msn_product
                0x1fff81f0                msn_ppu
                0x1fff8200                msn_vol
                0x1fff8210                msn_voltot
                0x1fff8220                msn_din
                0x1fff8230                msn_cierre
                0x1fff8240                msn_numero
                0x1fff8250                PRN_BALANCE
                0x1fff8260                PRN_COMPANY
                0x1fff8270                PRN_ACCOUNT
                0x1fff8280                PRN_SERIAL
                0x1fff8290                PRN_ACCOUNTTYPE
                0x1fff82a0                PRN_VISITSDAY
                0x1fff82b0                PRN_VISITSWEEK
                0x1fff82c0                PRN_VISITSMONTH
                0x1fff82d0                PRN_VOLUMEDAY
                0x1fff82e0                PRN_VOLUMEWEEK
                0x1fff82f0                PRN_VOLUMEMONTH
                0x1fff8300                PRN_MONEYDAY
                0x1fff8310                PRN_MONEYWEEK
                0x1fff8320                PRN_MONEYMONTH
                0x1fff8330                PRN_PRESET
                0x1fff8340                PRN_SIGNATURE
                0x1fff8350                PRN_ID
                0x1fff8360                PRN_CURRENCY
                0x1fff8364                SEPARATOR
                0x1fff837c                ASK_TIME
 *fill*         0x1fff8382        0x2 
 .data          0x1fff8384       0x10 .\ARM_GCC_541\Debug\Mepsan.a(CyLib.o)
                0x1fff8384                cydelay_freq_hz
                0x1fff8388                cydelay_freq_khz
                0x1fff838c                cydelay_freq_mhz
                0x1fff8390                cydelay_32k_ms
 .data.impure_data
                0x1fff8394       0x60 c:/program files (x86)/cypress/psoc creator/4.2/psoc creator/import/gnu/arm/5.4.1/bin/../lib/gcc/arm-none-eabi/5.4.1/../../../../arm-none-eabi/lib/armv7-m\libg_nano.a(lib_a-impure.o)
 .data._impure_ptr
                0x1fff83f4        0x4 c:/program files (x86)/cypress/psoc creator/4.2/psoc creator/import/gnu/arm/5.4.1/bin/../lib/gcc/arm-none-eabi/5.4.1/../../../../arm-none-eabi/lib/armv7-m\libg_nano.a(lib_a-impure.o)
                0x1fff83f4                _impure_ptr
                0x1fff83f8                . = ALIGN (0x8)
 *(.ram)
                0x1fff83f8                _edata = .

.igot.plt       0x1fff83f8        0x0 load address 0x00005b90
 .igot.plt      0x1fff83f8        0x0 c:/program files (x86)/cypress/psoc creator/4.2/psoc creator/import/gnu/arm/5.4.1/bin/../lib/gcc/arm-none-eabi/5.4.1/armv7-m/crtbegin.o

.bss            0x1fff83f8      0x6a0 load address 0x00005b90
                0x1fff83f8                PROVIDE (__bss_start__, .)
 *(.shbss)
 *(.bss .bss.* .gnu.linkonce.b.*)
 .bss           0x1fff83f8       0x1c c:/program files (x86)/cypress/psoc creator/4.2/psoc creator/import/gnu/arm/5.4.1/bin/../lib/gcc/arm-none-eabi/5.4.1/armv7-m/crtbegin.o
 *fill*         0x1fff8414        0x4 
 .bss           0x1fff8418        0x4 .\ARM_GCC_541\Debug\cyfitter_cfg.o
 .bss           0x1fff841c        0x1 .\ARM_GCC_541\Debug\Mepsan.a(PWM_1.o)
                0x1fff841c                PWM_1_initVar
 .bss           0x1fff841d        0x7 .\ARM_GCC_541\Debug\Mepsan.a(UART_1.o)
                0x1fff841d                UART_1_initVar
                0x1fff841e                UART_1_errorStatus
                0x1fff841f                UART_1_rxBufferRead
                0x1fff8420                UART_1_rxBufferWrite
                0x1fff8421                UART_1_rxBufferLoopDetect
                0x1fff8422                UART_1_rxBufferOverflow
 .bss           0x1fff8424        0x1 .\ARM_GCC_541\Debug\Mepsan.a(Timer_1.o)
                0x1fff8424                Timer_1_initVar
 .bss           0x1fff8425        0x7 .\ARM_GCC_541\Debug\Mepsan.a(UART_2.o)
                0x1fff8425                UART_2_initVar
                0x1fff8426                UART_2_errorStatus
                0x1fff8427                UART_2_rxBufferRead
                0x1fff8428                UART_2_rxBufferWrite
                0x1fff8429                UART_2_rxBufferLoopDetect
                0x1fff842a                UART_2_rxBufferOverflow
 .bss           0x1fff842c        0x4 .\ARM_GCC_541\Debug\Mepsan.a(UART_3.o)
                0x1fff842c                UART_3_initVar
                0x1fff842d                UART_3_txBufferRead
                0x1fff842e                UART_3_txBufferWrite
 .bss           0x1fff8430        0x9 .\ARM_GCC_541\Debug\Mepsan.a(screen.o)
                0x1fff8430                screen_initVar
                0x1fff8431                screen_txBufferRead
                0x1fff8432                screen_txBufferWrite
                0x1fff8433                screen_errorStatus
                0x1fff8434                screen_rxBufferRead
                0x1fff8435                screen_rxBufferWrite
                0x1fff8436                screen_rxBufferLoopDetect
                0x1fff8437                screen_rxBufferOverflow
 *fill*         0x1fff8439        0x3 
 .bss           0x1fff843c        0x8 .\ARM_GCC_541\Debug\Mepsan.a(CySpc.o)
                0x1fff843c                SpcLockState
 *(COMMON)
 COMMON         0x1fff8444      0x526 .\ARM_GCC_541\Debug\main.o
                0x1fff8444                side
                0x1fff88d0                crc_hi
                0x1fff88d4                PumpAddress
                0x1fff88e4                MepsanResponse
                0x1fff8916                DecVol
                0x1fff8917                dirGbr
                0x1fff8918                MepsanSendTo
                0x1fff894a                TotalRequestType
                0x1fff894b                Receipt
                0x1fff894c                Positions
                0x1fff894e                CRC
                0x1fff8950                crc_lo
                0x1fff8951                CurrentState
                0x1fff8954                touch1
                0x1fff8968                PollCounter
 *fill*         0x1fff896a        0x2 
 COMMON         0x1fff896c       0x80 .\ARM_GCC_541\Debug\Mepsan.a(UART_1.o)
                0x1fff896c                UART_1_rxBuffer
 COMMON         0x1fff89ec       0x80 .\ARM_GCC_541\Debug\Mepsan.a(UART_2.o)
                0x1fff89ec                UART_2_rxBuffer
 COMMON         0x1fff8a6c        0x5 .\ARM_GCC_541\Debug\Mepsan.a(UART_3.o)
                0x1fff8a6c                UART_3_txBuffer
 *fill*         0x1fff8a71        0x3 
 COMMON         0x1fff8a74       0x1c .\ARM_GCC_541\Debug\Mepsan.a(screen.o)
                0x1fff8a74                screen_txBuffer
                0x1fff8a7c                screen_rxBuffer
 COMMON         0x1fff8a90        0x2 .\ARM_GCC_541\Debug\Mepsan.a(CyFlash.o)
                0x1fff8a90                dieTemperature
                0x1fff8a98                . = ALIGN (0x8)
 *fill*         0x1fff8a92        0x6 
 *(.ram.b)
                0x1fff8a98                _end = .
                0x1fff8a98                __end = .
                0x1fff8a98                PROVIDE (end, .)
                0x1fff8a98                PROVIDE (__bss_end__, .)
                0x00005860                __cy_region_init_ram = LOADADDR (.data)
                0x00000330                __cy_region_init_size_ram = (_edata - ADDR (.data))
                0x000006a0                __cy_region_zero_size_ram = (_end - _edata)

.heap           0x1fff8a98       0x80 load address 0x00005b90
                0x1fff8a98                . = _end
                0x1fff8b18                . = (. + 0x80)
 *fill*         0x1fff8a98       0x80 
                0x1fff8b18                __cy_heap_limit = .

.stack          0x20007800      0x800
                0x20007800                __cy_stack_limit = .
                0x20008000                . = (. + 0x800)
 *fill*         0x20007800      0x800 
                0x00000001                ASSERT ((__cy_stack_limit >= __cy_heap_limit), region RAM overflowed with stack)
                0x00000000                cy_checksum_exclude_size = (CY_APPL_LOADABLE == 0x1)?SIZEOF (.cy_checksum_exclude):0x0
                0x00000001                ASSERT ((cy_checksum_exclude_size <= CY_CHECKSUM_EXCLUDE_SIZE), CY_BOOT: Section .cy_checksum_exclude size exceedes specified limit.)

.cyloadermeta
 *(.cyloadermeta)

.cyloadablemeta
 *(.cyloadablemeta)

.cyconfigecc    0x80000000     0x1c5c
 *(.cyconfigecc)
 .cyconfigecc   0x80000000     0x1c5c .\ARM_GCC_541\Debug\cymetadata.o
                0x80000000                cy_meta_configecc

.cycustnvl      0x90000000        0x4
 *(.cycustnvl)
 .cycustnvl     0x90000000        0x4 .\ARM_GCC_541\Debug\cymetadata.o
                0x90000000                cy_meta_custnvl

.cywolatch      0x90100000        0x4
 *(.cywolatch)
 .cywolatch     0x90100000        0x4 .\ARM_GCC_541\Debug\cymetadata.o
                0x90100000                cy_meta_wonvl

.cyeeprom       0x90200000        0x0
 *(.cyeeprom)
                0x00000001                ASSERT ((. <= ((0x90200000 + ee_offset) + ee_size)), .cyeeprom data will not fit in EEPROM)

.cyflashprotect
                0x90400000      0x100
 *(.cyflashprotect)
 .cyflashprotect
                0x90400000      0x100 .\ARM_GCC_541\Debug\cymetadata.o
                0x90400000                cy_meta_flashprotect

.cymeta         0x90500000        0xc
 *(.cymeta)
 .cymeta        0x90500000        0xc .\ARM_GCC_541\Debug\cymetadata.o
                0x90500000                cy_metadata

.rel.dyn        0x00005b90        0x0 load address 0x9050000c
 .rel.iplt      0x00005b90        0x0 c:/program files (x86)/cypress/psoc creator/4.2/psoc creator/import/gnu/arm/5.4.1/bin/../lib/gcc/arm-none-eabi/5.4.1/armv7-m/crtbegin.o

.stab
 *(.stab)

.stabstr
 *(.stabstr)

.debug
 *(.debug)

.line
 *(.line)

.debug_srcinfo
 *(.debug_srcinfo)

.debug_sfnames
 *(.debug_sfnames)

.debug_aranges  0x00000000      0xd00
 *(.debug_aranges)
 .debug_aranges
                0x00000000       0x30 .\ARM_GCC_541\Debug\main.o
 .debug_aranges
                0x00000030       0x68 .\ARM_GCC_541\Debug\PumpCom.o
 .debug_aranges
                0x00000098       0x28 .\ARM_GCC_541\Debug\Gbr.o
 .debug_aranges
                0x000000c0       0x28 .\ARM_GCC_541\Debug\printer.o
 .debug_aranges
                0x000000e8       0x60 .\ARM_GCC_541\Debug\cyfitter_cfg.o
 .debug_aranges
                0x00000148       0x18 .\ARM_GCC_541\Debug\cymetadata.o
 .debug_aranges
                0x00000160       0x48 .\ARM_GCC_541\Debug\Cm3Start.o
 .debug_aranges
                0x000001a8       0x78 .\ARM_GCC_541\Debug\Mepsan.a(PWM_1.o)
 .debug_aranges
                0x00000220      0x2a0 .\ARM_GCC_541\Debug\Mepsan.a(CyLib.o)
 .debug_aranges
                0x000004c0       0x98 .\ARM_GCC_541\Debug\Mepsan.a(cyPm.o)
 .debug_aranges
                0x00000558       0xf0 .\ARM_GCC_541\Debug\Mepsan.a(UART_1.o)
 .debug_aranges
                0x00000648       0x20 .\ARM_GCC_541\Debug\Mepsan.a(UART_1_INT.o)
 .debug_aranges
                0x00000668       0x70 .\ARM_GCC_541\Debug\Mepsan.a(UART_1_IntClock.o)
 .debug_aranges
                0x000006d8       0x88 .\ARM_GCC_541\Debug\Mepsan.a(Timer_1.o)
 .debug_aranges
                0x00000760       0xf0 .\ARM_GCC_541\Debug\Mepsan.a(UART_2.o)
 .debug_aranges
                0x00000850       0x20 .\ARM_GCC_541\Debug\Mepsan.a(UART_2_INT.o)
 .debug_aranges
                0x00000870       0x38 .\ARM_GCC_541\Debug\Mepsan.a(EnablePin.o)
 .debug_aranges
                0x000008a8       0xa0 .\ARM_GCC_541\Debug\Mepsan.a(UART_3.o)
 .debug_aranges
                0x00000948       0x20 .\ARM_GCC_541\Debug\Mepsan.a(UART_3_INT.o)
 .debug_aranges
                0x00000968       0x70 .\ARM_GCC_541\Debug\Mepsan.a(UART_3_IntClock.o)
 .debug_aranges
                0x000009d8       0xf0 .\ARM_GCC_541\Debug\Mepsan.a(screen.o)
 .debug_aranges
                0x00000ac8       0x28 .\ARM_GCC_541\Debug\Mepsan.a(screen_INT.o)
 .debug_aranges
                0x00000af0       0x70 .\ARM_GCC_541\Debug\Mepsan.a(screen_IntClock.o)
 .debug_aranges
                0x00000b60       0x78 .\ARM_GCC_541\Debug\Mepsan.a(EEPROM_1.o)
 .debug_aranges
                0x00000bd8       0x20 .\ARM_GCC_541\Debug\Mepsan.a(CyBootAsmGnu.o)
 .debug_aranges
                0x00000bf8       0x88 .\ARM_GCC_541\Debug\Mepsan.a(CyFlash.o)
 .debug_aranges
                0x00000c80       0x80 .\ARM_GCC_541\Debug\Mepsan.a(CySpc.o)

.debug_pubnames
 *(.debug_pubnames)

.debug_info     0x00000000     0x72e8
 *(.debug_info .gnu.linkonce.wi.*)
 .debug_info    0x00000000      0x48c .\ARM_GCC_541\Debug\main.o
 .debug_info    0x0000048c      0x9db .\ARM_GCC_541\Debug\PumpCom.o
 .debug_info    0x00000e67      0x416 .\ARM_GCC_541\Debug\Gbr.o
 .debug_info    0x0000127d     0x1011 .\ARM_GCC_541\Debug\printer.o
 .debug_info    0x0000228e      0x3ce .\ARM_GCC_541\Debug\cyfitter_cfg.o
 .debug_info    0x0000265c      0x139 .\ARM_GCC_541\Debug\cymetadata.o
 .debug_info    0x00002795      0x32b .\ARM_GCC_541\Debug\Cm3Start.o
 .debug_info    0x00002ac0      0x235 .\ARM_GCC_541\Debug\Mepsan.a(PWM_1.o)
 .debug_info    0x00002cf5      0xe51 .\ARM_GCC_541\Debug\Mepsan.a(CyLib.o)
 .debug_info    0x00003b46      0x57a .\ARM_GCC_541\Debug\Mepsan.a(cyPm.o)
 .debug_info    0x000040c0      0x5f2 .\ARM_GCC_541\Debug\Mepsan.a(UART_1.o)
 .debug_info    0x000046b2      0x149 .\ARM_GCC_541\Debug\Mepsan.a(UART_1_INT.o)
 .debug_info    0x000047fb      0x25d .\ARM_GCC_541\Debug\Mepsan.a(UART_1_IntClock.o)
 .debug_info    0x00004a58      0x245 .\ARM_GCC_541\Debug\Mepsan.a(Timer_1.o)
 .debug_info    0x00004c9d      0x5f2 .\ARM_GCC_541\Debug\Mepsan.a(UART_2.o)
 .debug_info    0x0000528f      0x149 .\ARM_GCC_541\Debug\Mepsan.a(UART_2_INT.o)
 .debug_info    0x000053d8      0x11e .\ARM_GCC_541\Debug\Mepsan.a(EnablePin.o)
 .debug_info    0x000054f6      0x402 .\ARM_GCC_541\Debug\Mepsan.a(UART_3.o)
 .debug_info    0x000058f8       0xf6 .\ARM_GCC_541\Debug\Mepsan.a(UART_3_INT.o)
 .debug_info    0x000059ee      0x25d .\ARM_GCC_541\Debug\Mepsan.a(UART_3_IntClock.o)
 .debug_info    0x00005c4b      0x658 .\ARM_GCC_541\Debug\Mepsan.a(screen.o)
 .debug_info    0x000062a3      0x193 .\ARM_GCC_541\Debug\Mepsan.a(screen_INT.o)
 .debug_info    0x00006436      0x25d .\ARM_GCC_541\Debug\Mepsan.a(screen_IntClock.o)
 .debug_info    0x00006693      0x359 .\ARM_GCC_541\Debug\Mepsan.a(EEPROM_1.o)
 .debug_info    0x000069ec       0x83 .\ARM_GCC_541\Debug\Mepsan.a(CyBootAsmGnu.o)
 .debug_info    0x00006a6f      0x3b9 .\ARM_GCC_541\Debug\Mepsan.a(CyFlash.o)
 .debug_info    0x00006e28      0x4c0 .\ARM_GCC_541\Debug\Mepsan.a(CySpc.o)

.debug_abbrev   0x00000000     0x1ed0
 *(.debug_abbrev)
 .debug_abbrev  0x00000000      0x166 .\ARM_GCC_541\Debug\main.o
 .debug_abbrev  0x00000166      0x22b .\ARM_GCC_541\Debug\PumpCom.o
 .debug_abbrev  0x00000391      0x132 .\ARM_GCC_541\Debug\Gbr.o
 .debug_abbrev  0x000004c3      0x16e .\ARM_GCC_541\Debug\printer.o
 .debug_abbrev  0x00000631      0x183 .\ARM_GCC_541\Debug\cyfitter_cfg.o
 .debug_abbrev  0x000007b4       0x77 .\ARM_GCC_541\Debug\cymetadata.o
 .debug_abbrev  0x0000082b      0x1d6 .\ARM_GCC_541\Debug\Cm3Start.o
 .debug_abbrev  0x00000a01      0x116 .\ARM_GCC_541\Debug\Mepsan.a(PWM_1.o)
 .debug_abbrev  0x00000b17      0x217 .\ARM_GCC_541\Debug\Mepsan.a(CyLib.o)
 .debug_abbrev  0x00000d2e      0x161 .\ARM_GCC_541\Debug\Mepsan.a(cyPm.o)
 .debug_abbrev  0x00000e8f      0x15f .\ARM_GCC_541\Debug\Mepsan.a(UART_1.o)
 .debug_abbrev  0x00000fee       0x8a .\ARM_GCC_541\Debug\Mepsan.a(UART_1_INT.o)
 .debug_abbrev  0x00001078      0x11d .\ARM_GCC_541\Debug\Mepsan.a(UART_1_IntClock.o)
 .debug_abbrev  0x00001195       0xe9 .\ARM_GCC_541\Debug\Mepsan.a(Timer_1.o)
 .debug_abbrev  0x0000127e      0x15f .\ARM_GCC_541\Debug\Mepsan.a(UART_2.o)
 .debug_abbrev  0x000013dd       0x8a .\ARM_GCC_541\Debug\Mepsan.a(UART_2_INT.o)
 .debug_abbrev  0x00001467       0x90 .\ARM_GCC_541\Debug\Mepsan.a(EnablePin.o)
 .debug_abbrev  0x000014f7      0x143 .\ARM_GCC_541\Debug\Mepsan.a(UART_3.o)
 .debug_abbrev  0x0000163a       0x79 .\ARM_GCC_541\Debug\Mepsan.a(UART_3_INT.o)
 .debug_abbrev  0x000016b3      0x11d .\ARM_GCC_541\Debug\Mepsan.a(UART_3_IntClock.o)
 .debug_abbrev  0x000017d0      0x15f .\ARM_GCC_541\Debug\Mepsan.a(screen.o)
 .debug_abbrev  0x0000192f       0xa2 .\ARM_GCC_541\Debug\Mepsan.a(screen_INT.o)
 .debug_abbrev  0x000019d1      0x11d .\ARM_GCC_541\Debug\Mepsan.a(screen_IntClock.o)
 .debug_abbrev  0x00001aee      0x117 .\ARM_GCC_541\Debug\Mepsan.a(EEPROM_1.o)
 .debug_abbrev  0x00001c05       0x14 .\ARM_GCC_541\Debug\Mepsan.a(CyBootAsmGnu.o)
 .debug_abbrev  0x00001c19      0x14b .\ARM_GCC_541\Debug\Mepsan.a(CyFlash.o)
 .debug_abbrev  0x00001d64      0x16c .\ARM_GCC_541\Debug\Mepsan.a(CySpc.o)

.debug_line     0x00000000     0x409d
 *(.debug_line)
 .debug_line    0x00000000      0x2a8 .\ARM_GCC_541\Debug\main.o
 .debug_line    0x000002a8      0x602 .\ARM_GCC_541\Debug\PumpCom.o
 .debug_line    0x000008aa      0x18d .\ARM_GCC_541\Debug\Gbr.o
 .debug_line    0x00000a37      0x7f4 .\ARM_GCC_541\Debug\printer.o
 .debug_line    0x0000122b      0x220 .\ARM_GCC_541\Debug\cyfitter_cfg.o
 .debug_line    0x0000144b      0x141 .\ARM_GCC_541\Debug\cymetadata.o
 .debug_line    0x0000158c      0x1dc .\ARM_GCC_541\Debug\Cm3Start.o
 .debug_line    0x00001768      0x140 .\ARM_GCC_541\Debug\Mepsan.a(PWM_1.o)
 .debug_line    0x000018a8      0x883 .\ARM_GCC_541\Debug\Mepsan.a(CyLib.o)
 .debug_line    0x0000212b      0x38e .\ARM_GCC_541\Debug\Mepsan.a(cyPm.o)
 .debug_line    0x000024b9      0x30b .\ARM_GCC_541\Debug\Mepsan.a(UART_1.o)
 .debug_line    0x000027c4       0x8a .\ARM_GCC_541\Debug\Mepsan.a(UART_1_INT.o)
 .debug_line    0x0000284e      0x1ae .\ARM_GCC_541\Debug\Mepsan.a(UART_1_IntClock.o)
 .debug_line    0x000029fc      0x15f .\ARM_GCC_541\Debug\Mepsan.a(Timer_1.o)
 .debug_line    0x00002b5b      0x30b .\ARM_GCC_541\Debug\Mepsan.a(UART_2.o)
 .debug_line    0x00002e66       0x8a .\ARM_GCC_541\Debug\Mepsan.a(UART_2_INT.o)
 .debug_line    0x00002ef0       0x99 .\ARM_GCC_541\Debug\Mepsan.a(EnablePin.o)
 .debug_line    0x00002f89      0x235 .\ARM_GCC_541\Debug\Mepsan.a(UART_3.o)
 .debug_line    0x000031be       0x84 .\ARM_GCC_541\Debug\Mepsan.a(UART_3_INT.o)
 .debug_line    0x00003242      0x1ae .\ARM_GCC_541\Debug\Mepsan.a(UART_3_IntClock.o)
 .debug_line    0x000033f0      0x349 .\ARM_GCC_541\Debug\Mepsan.a(screen.o)
 .debug_line    0x00003739       0xb1 .\ARM_GCC_541\Debug\Mepsan.a(screen_INT.o)
 .debug_line    0x000037ea      0x1ae .\ARM_GCC_541\Debug\Mepsan.a(screen_IntClock.o)
 .debug_line    0x00003998      0x228 .\ARM_GCC_541\Debug\Mepsan.a(EEPROM_1.o)
 .debug_line    0x00003bc0       0x7d .\ARM_GCC_541\Debug\Mepsan.a(CyBootAsmGnu.o)
 .debug_line    0x00003c3d      0x22f .\ARM_GCC_541\Debug\Mepsan.a(CyFlash.o)
 .debug_line    0x00003e6c      0x231 .\ARM_GCC_541\Debug\Mepsan.a(CySpc.o)

.debug_frame    0x00000000     0x33ec
 *(.debug_frame)
 .debug_frame   0x00000000       0x7c .\ARM_GCC_541\Debug\main.o
 .debug_frame   0x0000007c      0x1b8 .\ARM_GCC_541\Debug\PumpCom.o
 .debug_frame   0x00000234       0x54 .\ARM_GCC_541\Debug\Gbr.o
 .debug_frame   0x00000288       0x64 .\ARM_GCC_541\Debug\printer.o
 .debug_frame   0x000002ec      0x160 .\ARM_GCC_541\Debug\cyfitter_cfg.o
 .debug_frame   0x0000044c       0xd8 .\ARM_GCC_541\Debug\Cm3Start.o
 .debug_frame   0x00000524      0x1d0 .\ARM_GCC_541\Debug\Mepsan.a(PWM_1.o)
 .debug_frame   0x000006f4      0xc0c .\ARM_GCC_541\Debug\Mepsan.a(CyLib.o)
 .debug_frame   0x00001300      0x234 .\ARM_GCC_541\Debug\Mepsan.a(cyPm.o)
 .debug_frame   0x00001534      0x428 .\ARM_GCC_541\Debug\Mepsan.a(UART_1.o)
 .debug_frame   0x0000195c       0x38 .\ARM_GCC_541\Debug\Mepsan.a(UART_1_INT.o)
 .debug_frame   0x00001994      0x1b4 .\ARM_GCC_541\Debug\Mepsan.a(UART_1_IntClock.o)
 .debug_frame   0x00001b48      0x208 .\ARM_GCC_541\Debug\Mepsan.a(Timer_1.o)
 .debug_frame   0x00001d50      0x428 .\ARM_GCC_541\Debug\Mepsan.a(UART_2.o)
 .debug_frame   0x00002178       0x38 .\ARM_GCC_541\Debug\Mepsan.a(UART_2_INT.o)
 .debug_frame   0x000021b0       0xa8 .\ARM_GCC_541\Debug\Mepsan.a(EnablePin.o)
 .debug_frame   0x00002258      0x298 .\ARM_GCC_541\Debug\Mepsan.a(UART_3.o)
 .debug_frame   0x000024f0       0x34 .\ARM_GCC_541\Debug\Mepsan.a(UART_3_INT.o)
 .debug_frame   0x00002524      0x1b4 .\ARM_GCC_541\Debug\Mepsan.a(UART_3_IntClock.o)
 .debug_frame   0x000026d8      0x428 .\ARM_GCC_541\Debug\Mepsan.a(screen.o)
 .debug_frame   0x00002b00       0x5c .\ARM_GCC_541\Debug\Mepsan.a(screen_INT.o)
 .debug_frame   0x00002b5c      0x1b4 .\ARM_GCC_541\Debug\Mepsan.a(screen_IntClock.o)
 .debug_frame   0x00002d10      0x1c0 .\ARM_GCC_541\Debug\Mepsan.a(EEPROM_1.o)
 .debug_frame   0x00002ed0      0x238 .\ARM_GCC_541\Debug\Mepsan.a(CyFlash.o)
 .debug_frame   0x00003108      0x228 .\ARM_GCC_541\Debug\Mepsan.a(CySpc.o)
 .debug_frame   0x00003330       0x20 c:/program files (x86)/cypress/psoc creator/4.2/psoc creator/import/gnu/arm/5.4.1/bin/../lib/gcc/arm-none-eabi/5.4.1/../../../../arm-none-eabi/lib/armv7-m\libg_nano.a(lib_a-errno.o)
 .debug_frame   0x00003350       0x28 c:/program files (x86)/cypress/psoc creator/4.2/psoc creator/import/gnu/arm/5.4.1/bin/../lib/gcc/arm-none-eabi/5.4.1/../../../../arm-none-eabi/lib/armv7-m\libg_nano.a(lib_a-exit.o)
 .debug_frame   0x00003378       0x2c c:/program files (x86)/cypress/psoc creator/4.2/psoc creator/import/gnu/arm/5.4.1/bin/../lib/gcc/arm-none-eabi/5.4.1/../../../../arm-none-eabi/lib/armv7-m\libg_nano.a(lib_a-init.o)
 .debug_frame   0x000033a4       0x28 c:/program files (x86)/cypress/psoc creator/4.2/psoc creator/import/gnu/arm/5.4.1/bin/../lib/gcc/arm-none-eabi/5.4.1/../../../../arm-none-eabi/lib/armv7-m\libg_nano.a(lib_a-memcpy-stub.o)
 .debug_frame   0x000033cc       0x20 c:/program files (x86)/cypress/psoc creator/4.2/psoc creator/import/gnu/arm/5.4.1/bin/../lib/gcc/arm-none-eabi/5.4.1/../../../../arm-none-eabi/lib/armv7-m\libg_nano.a(lib_a-memset.o)

.debug_str      0x00000000     0x2c35
 *(.debug_str)
 .debug_str     0x00000000      0x297 .\ARM_GCC_541\Debug\main.o
                                0x2fc (size before relaxing)
 .debug_str     0x00000297       0xf6 .\ARM_GCC_541\Debug\PumpCom.o
                                0x3f5 (size before relaxing)
 .debug_str     0x0000038d       0xa9 .\ARM_GCC_541\Debug\Gbr.o
                                0x379 (size before relaxing)
 .debug_str     0x00000436      0x21a .\ARM_GCC_541\Debug\printer.o
                                0x504 (size before relaxing)
 .debug_str     0x00000650      0x192 .\ARM_GCC_541\Debug\cyfitter_cfg.o
                                0x312 (size before relaxing)
 .debug_str     0x000007e2       0x75 .\ARM_GCC_541\Debug\cymetadata.o
                                0x1d7 (size before relaxing)
 .debug_str     0x00000857      0x124 .\ARM_GCC_541\Debug\Cm3Start.o
                                0x2ca (size before relaxing)
 .debug_str     0x0000097b      0x13a .\ARM_GCC_541\Debug\Mepsan.a(PWM_1.o)
                                0x2c0 (size before relaxing)
 .debug_str     0x00000ab5      0x812 .\ARM_GCC_541\Debug\Mepsan.a(CyLib.o)
                                0x9dd (size before relaxing)
 .debug_str     0x000012c7      0x371 .\ARM_GCC_541\Debug\Mepsan.a(cyPm.o)
                                0x536 (size before relaxing)
 .debug_str     0x00001638      0x360 .\ARM_GCC_541\Debug\Mepsan.a(UART_1.o)
                                0x509 (size before relaxing)
 .debug_str     0x00001998       0x57 .\ARM_GCC_541\Debug\Mepsan.a(UART_1_INT.o)
                                0x24e (size before relaxing)
 .debug_str     0x000019ef      0x1c2 .\ARM_GCC_541\Debug\Mepsan.a(UART_1_IntClock.o)
                                0x341 (size before relaxing)
 .debug_str     0x00001bb1      0x165 .\ARM_GCC_541\Debug\Mepsan.a(Timer_1.o)
                                0x308 (size before relaxing)
 .debug_str     0x00001d16      0x2b8 .\ARM_GCC_541\Debug\Mepsan.a(UART_2.o)
                                0x509 (size before relaxing)
 .debug_str     0x00001fce       0x31 .\ARM_GCC_541\Debug\Mepsan.a(UART_2_INT.o)
                                0x24e (size before relaxing)
 .debug_str     0x00001fff       0x7a .\ARM_GCC_541\Debug\Mepsan.a(EnablePin.o)
                                0x1e9 (size before relaxing)
 .debug_str     0x00002079      0x1c8 .\ARM_GCC_541\Debug\Mepsan.a(UART_3.o)
                                0x3ca (size before relaxing)
 .debug_str     0x00002241       0x31 .\ARM_GCC_541\Debug\Mepsan.a(UART_3_INT.o)
                                0x1e3 (size before relaxing)
 .debug_str     0x00002272      0x177 .\ARM_GCC_541\Debug\Mepsan.a(UART_3_IntClock.o)
                                0x341 (size before relaxing)
 .debug_str     0x000023e9      0x2f1 .\ARM_GCC_541\Debug\Mepsan.a(screen.o)
                                0x563 (size before relaxing)
 .debug_str     0x000026da       0x3e .\ARM_GCC_541\Debug\Mepsan.a(screen_INT.o)
                                0x294 (size before relaxing)
 .debug_str     0x00002718      0x177 .\ARM_GCC_541\Debug\Mepsan.a(screen_IntClock.o)
                                0x341 (size before relaxing)
 .debug_str     0x0000288f      0x14a .\ARM_GCC_541\Debug\Mepsan.a(EEPROM_1.o)
                                0x2f1 (size before relaxing)
 .debug_str     0x000029d9      0x135 .\ARM_GCC_541\Debug\Mepsan.a(CyFlash.o)
                                0x2fa (size before relaxing)
 .debug_str     0x00002b0e      0x127 .\ARM_GCC_541\Debug\Mepsan.a(CySpc.o)
                                0x2f4 (size before relaxing)

.debug_loc
 *(.debug_loc)

.debug_macinfo
 *(.debug_macinfo)

.debug_ranges   0x00000000      0xb38
 *(.debug_ranges)
 .debug_ranges  0x00000000       0x20 .\ARM_GCC_541\Debug\main.o
 .debug_ranges  0x00000020       0x58 .\ARM_GCC_541\Debug\PumpCom.o
 .debug_ranges  0x00000078       0x18 .\ARM_GCC_541\Debug\Gbr.o
 .debug_ranges  0x00000090       0x18 .\ARM_GCC_541\Debug\printer.o
 .debug_ranges  0x000000a8       0x50 .\ARM_GCC_541\Debug\cyfitter_cfg.o
 .debug_ranges  0x000000f8       0x38 .\ARM_GCC_541\Debug\Cm3Start.o
 .debug_ranges  0x00000130       0x68 .\ARM_GCC_541\Debug\Mepsan.a(PWM_1.o)
 .debug_ranges  0x00000198      0x290 .\ARM_GCC_541\Debug\Mepsan.a(CyLib.o)
 .debug_ranges  0x00000428       0x88 .\ARM_GCC_541\Debug\Mepsan.a(cyPm.o)
 .debug_ranges  0x000004b0       0xe0 .\ARM_GCC_541\Debug\Mepsan.a(UART_1.o)
 .debug_ranges  0x00000590       0x10 .\ARM_GCC_541\Debug\Mepsan.a(UART_1_INT.o)
 .debug_ranges  0x000005a0       0x60 .\ARM_GCC_541\Debug\Mepsan.a(UART_1_IntClock.o)
 .debug_ranges  0x00000600       0x78 .\ARM_GCC_541\Debug\Mepsan.a(Timer_1.o)
 .debug_ranges  0x00000678       0xe0 .\ARM_GCC_541\Debug\Mepsan.a(UART_2.o)
 .debug_ranges  0x00000758       0x10 .\ARM_GCC_541\Debug\Mepsan.a(UART_2_INT.o)
 .debug_ranges  0x00000768       0x28 .\ARM_GCC_541\Debug\Mepsan.a(EnablePin.o)
 .debug_ranges  0x00000790       0x90 .\ARM_GCC_541\Debug\Mepsan.a(UART_3.o)
 .debug_ranges  0x00000820       0x10 .\ARM_GCC_541\Debug\Mepsan.a(UART_3_INT.o)
 .debug_ranges  0x00000830       0x60 .\ARM_GCC_541\Debug\Mepsan.a(UART_3_IntClock.o)
 .debug_ranges  0x00000890       0xe0 .\ARM_GCC_541\Debug\Mepsan.a(screen.o)
 .debug_ranges  0x00000970       0x18 .\ARM_GCC_541\Debug\Mepsan.a(screen_INT.o)
 .debug_ranges  0x00000988       0x60 .\ARM_GCC_541\Debug\Mepsan.a(screen_IntClock.o)
 .debug_ranges  0x000009e8       0x68 .\ARM_GCC_541\Debug\Mepsan.a(EEPROM_1.o)
 .debug_ranges  0x00000a50       0x78 .\ARM_GCC_541\Debug\Mepsan.a(CyFlash.o)
 .debug_ranges  0x00000ac8       0x70 .\ARM_GCC_541\Debug\Mepsan.a(CySpc.o)

.comment        0x00000000       0x6e
 .comment       0x00000000       0x6e .\ARM_GCC_541\Debug\main.o
                                 0x6f (size before relaxing)
 .comment       0x0000006e       0x6f .\ARM_GCC_541\Debug\PumpCom.o
 .comment       0x0000006e       0x6f .\ARM_GCC_541\Debug\Gbr.o
 .comment       0x0000006e       0x6f .\ARM_GCC_541\Debug\printer.o
 .comment       0x0000006e       0x6f .\ARM_GCC_541\Debug\cyfitter_cfg.o
 .comment       0x0000006e       0x6f .\ARM_GCC_541\Debug\cymetadata.o
 .comment       0x0000006e       0x6f .\ARM_GCC_541\Debug\Cm3Start.o
 .comment       0x0000006e       0x6f .\ARM_GCC_541\Debug\Mepsan.a(PWM_1.o)
 .comment       0x0000006e       0x6f .\ARM_GCC_541\Debug\Mepsan.a(CyLib.o)
 .comment       0x0000006e       0x6f .\ARM_GCC_541\Debug\Mepsan.a(cyPm.o)
 .comment       0x0000006e       0x6f .\ARM_GCC_541\Debug\Mepsan.a(UART_1.o)
 .comment       0x0000006e       0x6f .\ARM_GCC_541\Debug\Mepsan.a(UART_1_INT.o)
 .comment       0x0000006e       0x6f .\ARM_GCC_541\Debug\Mepsan.a(UART_1_IntClock.o)
 .comment       0x0000006e       0x6f .\ARM_GCC_541\Debug\Mepsan.a(Timer_1.o)
 .comment       0x0000006e       0x6f .\ARM_GCC_541\Debug\Mepsan.a(UART_2.o)
 .comment       0x0000006e       0x6f .\ARM_GCC_541\Debug\Mepsan.a(UART_2_INT.o)
 .comment       0x0000006e       0x6f .\ARM_GCC_541\Debug\Mepsan.a(EnablePin.o)
 .comment       0x0000006e       0x6f .\ARM_GCC_541\Debug\Mepsan.a(UART_3.o)
 .comment       0x0000006e       0x6f .\ARM_GCC_541\Debug\Mepsan.a(UART_3_INT.o)
 .comment       0x0000006e       0x6f .\ARM_GCC_541\Debug\Mepsan.a(UART_3_IntClock.o)
 .comment       0x0000006e       0x6f .\ARM_GCC_541\Debug\Mepsan.a(screen.o)
 .comment       0x0000006e       0x6f .\ARM_GCC_541\Debug\Mepsan.a(screen_INT.o)
 .comment       0x0000006e       0x6f .\ARM_GCC_541\Debug\Mepsan.a(screen_IntClock.o)
 .comment       0x0000006e       0x6f .\ARM_GCC_541\Debug\Mepsan.a(EEPROM_1.o)
 .comment       0x0000006e       0x6f .\ARM_GCC_541\Debug\Mepsan.a(CyFlash.o)
 .comment       0x0000006e       0x6f .\ARM_GCC_541\Debug\Mepsan.a(CySpc.o)

.debug_weaknames
 *(.debug_weaknames)

.debug_funcnames
 *(.debug_funcnames)

.debug_typenames
 *(.debug_typenames)

.debug_varnames
 *(.debug_varnames)

.note.gnu.arm.ident
 *(.note.gnu.arm.ident)

.ARM.attributes
                0x00000000       0x29
 *(.ARM.attributes)
 .ARM.attributes
                0x00000000       0x1d c:/program files (x86)/cypress/psoc creator/4.2/psoc creator/import/gnu/arm/5.4.1/bin/../lib/gcc/arm-none-eabi/5.4.1/armv7-m/crti.o
 .ARM.attributes
                0x0000001d       0x2d c:/program files (x86)/cypress/psoc creator/4.2/psoc creator/import/gnu/arm/5.4.1/bin/../lib/gcc/arm-none-eabi/5.4.1/armv7-m/crtbegin.o
 .ARM.attributes
                0x0000004a       0x1b c:/program files (x86)/cypress/psoc creator/4.2/psoc creator/import/gnu/arm/5.4.1/bin/../lib/gcc/arm-none-eabi/5.4.1/../../../../arm-none-eabi/lib/armv7-m/crt0.o
 .ARM.attributes
                0x00000065       0x33 .\ARM_GCC_541\Debug\main.o
 .ARM.attributes
                0x00000098       0x33 .\ARM_GCC_541\Debug\PumpCom.o
 .ARM.attributes
                0x000000cb       0x33 .\ARM_GCC_541\Debug\Gbr.o
 .ARM.attributes
                0x000000fe       0x33 .\ARM_GCC_541\Debug\printer.o
 .ARM.attributes
                0x00000131       0x33 .\ARM_GCC_541\Debug\cyfitter_cfg.o
 .ARM.attributes
                0x00000164       0x33 .\ARM_GCC_541\Debug\cymetadata.o
 .ARM.attributes
                0x00000197       0x33 .\ARM_GCC_541\Debug\Cm3Start.o
 .ARM.attributes
                0x000001ca       0x33 .\ARM_GCC_541\Debug\Mepsan.a(PWM_1.o)
 .ARM.attributes
                0x000001fd       0x33 .\ARM_GCC_541\Debug\Mepsan.a(CyLib.o)
 .ARM.attributes
                0x00000230       0x33 .\ARM_GCC_541\Debug\Mepsan.a(cyPm.o)
 .ARM.attributes
                0x00000263       0x33 .\ARM_GCC_541\Debug\Mepsan.a(UART_1.o)
 .ARM.attributes
                0x00000296       0x33 .\ARM_GCC_541\Debug\Mepsan.a(UART_1_INT.o)
 .ARM.attributes
                0x000002c9       0x33 .\ARM_GCC_541\Debug\Mepsan.a(UART_1_IntClock.o)
 .ARM.attributes
                0x000002fc       0x33 .\ARM_GCC_541\Debug\Mepsan.a(Timer_1.o)
 .ARM.attributes
                0x0000032f       0x33 .\ARM_GCC_541\Debug\Mepsan.a(UART_2.o)
 .ARM.attributes
                0x00000362       0x33 .\ARM_GCC_541\Debug\Mepsan.a(UART_2_INT.o)
 .ARM.attributes
                0x00000395       0x33 .\ARM_GCC_541\Debug\Mepsan.a(EnablePin.o)
 .ARM.attributes
                0x000003c8       0x33 .\ARM_GCC_541\Debug\Mepsan.a(UART_3.o)
 .ARM.attributes
                0x000003fb       0x33 .\ARM_GCC_541\Debug\Mepsan.a(UART_3_INT.o)
 .ARM.attributes
                0x0000042e       0x33 .\ARM_GCC_541\Debug\Mepsan.a(UART_3_IntClock.o)
 .ARM.attributes
                0x00000461       0x33 .\ARM_GCC_541\Debug\Mepsan.a(screen.o)
 .ARM.attributes
                0x00000494       0x33 .\ARM_GCC_541\Debug\Mepsan.a(screen_INT.o)
 .ARM.attributes
                0x000004c7       0x33 .\ARM_GCC_541\Debug\Mepsan.a(screen_IntClock.o)
 .ARM.attributes
                0x000004fa       0x33 .\ARM_GCC_541\Debug\Mepsan.a(EEPROM_1.o)
 .ARM.attributes
                0x0000052d       0x21 .\ARM_GCC_541\Debug\Mepsan.a(CyBootAsmGnu.o)
 .ARM.attributes
                0x0000054e       0x33 .\ARM_GCC_541\Debug\Mepsan.a(CyFlash.o)
 .ARM.attributes
                0x00000581       0x33 .\ARM_GCC_541\Debug\Mepsan.a(CySpc.o)
 .ARM.attributes
                0x000005b4       0x2d c:/program files (x86)/cypress/psoc creator/4.2/psoc creator/import/gnu/arm/5.4.1/bin/../lib/gcc/arm-none-eabi/5.4.1/../../../../arm-none-eabi/lib/armv7-m\libg_nano.a(lib_a-errno.o)
 .ARM.attributes
                0x000005e1       0x2d c:/program files (x86)/cypress/psoc creator/4.2/psoc creator/import/gnu/arm/5.4.1/bin/../lib/gcc/arm-none-eabi/5.4.1/../../../../arm-none-eabi/lib/armv7-m\libg_nano.a(lib_a-exit.o)
 .ARM.attributes
                0x0000060e       0x2d c:/program files (x86)/cypress/psoc creator/4.2/psoc creator/import/gnu/arm/5.4.1/bin/../lib/gcc/arm-none-eabi/5.4.1/../../../../arm-none-eabi/lib/armv7-m\libg_nano.a(lib_a-impure.o)
 .ARM.attributes
                0x0000063b       0x2d c:/program files (x86)/cypress/psoc creator/4.2/psoc creator/import/gnu/arm/5.4.1/bin/../lib/gcc/arm-none-eabi/5.4.1/../../../../arm-none-eabi/lib/armv7-m\libg_nano.a(lib_a-init.o)
 .ARM.attributes
                0x00000668       0x2d c:/program files (x86)/cypress/psoc creator/4.2/psoc creator/import/gnu/arm/5.4.1/bin/../lib/gcc/arm-none-eabi/5.4.1/../../../../arm-none-eabi/lib/armv7-m\libg_nano.a(lib_a-memcpy-stub.o)
 .ARM.attributes
                0x00000695       0x2d c:/program files (x86)/cypress/psoc creator/4.2/psoc creator/import/gnu/arm/5.4.1/bin/../lib/gcc/arm-none-eabi/5.4.1/../../../../arm-none-eabi/lib/armv7-m\libg_nano.a(lib_a-memset.o)
 .ARM.attributes
                0x000006c2       0x2d c:/program files (x86)/cypress/psoc creator/4.2/psoc creator/import/gnu/arm/5.4.1/bin/../lib/gcc/arm-none-eabi/5.4.1/armv7-m/crtend.o
 .ARM.attributes
                0x000006ef       0x1d c:/program files (x86)/cypress/psoc creator/4.2/psoc creator/import/gnu/arm/5.4.1/bin/../lib/gcc/arm-none-eabi/5.4.1/armv7-m/crtn.o

/DISCARD/
 *(.note.GNU-stack)
OUTPUT(C:\Users\Lenovo\Documents\GitHub\Mepsan\Mepsan.cydsn\ARM_GCC_541\Debug\Mepsan.elf elf32-littlearm)
